
===== escaneo preapertura 2026-08-18 08:46:05 ET =====
RESUMEN: universo=503 drawdown>=30%=148 con_senal=6
AOS | dd=30.5% | prob=0.413 < umbral -> SIN SEÑAL
ACN | dd=56.0% | prob=0.629 < umbral -> SIN SEÑAL
ADBE | dd=63.7% | prob=0.629 < umbral -> SIN SEÑAL
AES | dd=67.5% | prob=0.000 < umbral -> SIN SEÑAL
AKAM | dd=64.4% | prob=0.649 < umbral -> SIN SEÑAL
ALB | dd=57.8% | prob=0.613 < umbral -> SIN SEÑAL
ARE | dd=74.2% | prob=0.551 < umbral -> SIN SEÑAL
ALGN | dd=76.8% | prob=0.551 < umbral -> SIN SEÑAL
AIG | dd=93.7% | prob=0.300 < umbral -> SIN SEÑAL
AMT | dd=33.7% | prob=0.413 < umbral -> SIN SEÑAL
APA | dd=60.9% | prob=0.569 < umbral -> SIN SEÑAL
APP | dd=58.2% | prob=0.805 | ENTRAR | score_fund=91.9 | sent=0.267 | obj_analista=546.5806
APTV | dd=72.3% | prob=0.569 < umbral -> SIN SEÑAL
AZO | dd=31.2% | prob=0.474 < umbral -> SIN SEÑAL
AXON | dd=31.8% | prob=0.649 < umbral -> SIN SEÑAL
BALL | dd=36.1% | prob=0.410 < umbral -> SIN SEÑAL
BAX | dd=69.4% | prob=0.553 < umbral -> SIN SEÑAL
TECH | dd=45.6% | prob=0.000 < umbral -> SIN SEÑAL
BIIB | dd=56.4% | prob=0.441 < umbral -> SIN SEÑAL
XYZ | dd=72.3% | prob=0.517 < umbral -> SIN SEÑAL
BA | dd=48.1% | prob=0.474 < umbral -> SIN SEÑAL
BSX | dd=53.0% | prob=0.545 < umbral -> SIN SEÑAL
BR | dd=37.0% | prob=0.551 < umbral -> SIN SEÑAL
BRO | dd=44.6% | prob=0.474 < umbral -> SIN SEÑAL
BF.B | dd=62.8% | prob=0.476 < umbral -> SIN SEÑAL
BLDR | dd=67.3% | prob=0.629 < umbral -> SIN SEÑAL
BXP | dd=37.7% | prob=0.410 < umbral -> SIN SEÑAL
CHRW | dd=31.2% | prob=0.613 < umbral -> SIN SEÑAL
CCL | dd=58.1% | prob=0.500 < umbral -> SIN SEÑAL
CDW | dd=46.8% | prob=0.591 < umbral -> SIN SEÑAL
CNC | dd=34.6% | prob=0.591 < umbral -> SIN SEÑAL
CRL | dd=37.7% | prob=0.441 < umbral -> SIN SEÑAL
CHTR | dd=82.5% | prob=0.649 < umbral -> SIN SEÑAL
CMG | dd=51.3% | prob=0.551 < umbral -> SIN SEÑAL
CIEN | dd=57.9% | prob=0.805 | ENTRAR | score_fund=60.0 | sent=0.157 | obj_analista=560.44354
C | dd=63.4% | prob=0.300 < umbral -> SIN SEÑAL
CLX | dd=46.8% | prob=0.441 < umbral -> SIN SEÑAL
CTSH | dd=35.9% | prob=0.591 < umbral -> SIN SEÑAL
COIN | dd=66.1% | prob=0.700 < umbral -> SIN SEÑAL
CMCSA | dd=48.0% | prob=0.476 < umbral -> SIN SEÑAL
STZ | dd=49.6% | prob=0.476 < umbral -> SIN SEÑAL
CEG | dd=32.3% | prob=0.551 < umbral -> SIN SEÑAL
COO | dd=35.2% | prob=0.292 < umbral -> SIN SEÑAL
CPRT | dd=50.8% | prob=0.519 < umbral -> SIN SEÑAL
GLW | dd=36.3% | prob=0.805 | ENTRAR | score_fund=59.0 | sent=0.405 | obj_analista=191.4
CSGP | dd=69.0% | prob=0.649 < umbral -> SIN SEÑAL
CCI | dd=55.5% | prob=0.545 < umbral -> SIN SEÑAL
DECK | dd=59.8% | prob=0.551 < umbral -> SIN SEÑAL
DVN | dd=40.1% | prob=0.512 < umbral -> SIN SEÑAL
DXCM | dd=46.2% | prob=0.517 < umbral -> SIN SEÑAL
DG | dd=50.6% | prob=0.474 < umbral -> SIN SEÑAL
DPZ | dd=36.9% | prob=0.535 < umbral -> SIN SEÑAL
DOW | dd=44.7% | prob=0.553 < umbral -> SIN SEÑAL
ECHO | dd=37.2% | prob=0.649 < umbral -> SIN SEÑAL
EW | dd=31.1% | prob=0.410 < umbral -> SIN SEÑAL
EFX | dd=42.0% | prob=0.553 < umbral -> SIN SEÑAL
ERIE | dd=53.1% | prob=0.569 < umbral -> SIN SEÑAL
EL | dd=75.8% | prob=0.474 < umbral -> SIN SEÑAL
FDS | dd=43.3% | prob=0.569 < umbral -> SIN SEÑAL
FICO | dd=55.7% | prob=0.649 < umbral -> SIN SEÑAL
FIS | dd=70.0% | prob=0.590 < umbral -> SIN SEÑAL
FSLR | dd=32.1% | prob=0.723 < umbral -> SIN SEÑAL
FISV | dd=78.1% | prob=0.613 < umbral -> SIN SEÑAL
IT | dd=69.3% | prob=0.723 < umbral -> SIN SEÑAL
GNRC | dd=57.8% | prob=0.619 < umbral -> SIN SEÑAL
GIS | dd=51.7% | prob=0.441 < umbral -> SIN SEÑAL
GPN | dd=57.0% | prob=0.546 < umbral -> SIN SEÑAL
GDDY | dd=57.2% | prob=0.689 < umbral -> SIN SEÑAL
HAL | dd=41.4% | prob=0.545 < umbral -> SIN SEÑAL
HRL | dd=49.1% | prob=0.292 < umbral -> SIN SEÑAL
HII | dd=30.5% | prob=0.545 < umbral -> SIN SEÑAL
IBM | dd=31.2% | prob=0.551 < umbral -> SIN SEÑAL
PODD | dd=60.6% | prob=0.629 < umbral -> SIN SEÑAL
IFF | dd=40.4% | prob=0.476 < umbral -> SIN SEÑAL
INTU | dd=58.3% | prob=0.629 < umbral -> SIN SEÑAL
ISRG | dd=36.6% | prob=0.517 < umbral -> SIN SEÑAL
KKR | dd=35.5% | prob=0.551 < umbral -> SIN SEÑAL
KLAC | dd=33.1% | prob=0.689 < umbral -> SIN SEÑAL
KHC | dd=60.5% | prob=0.441 < umbral -> SIN SEÑAL
LVS | dd=51.5% | prob=0.413 < umbral -> SIN SEÑAL
LDOS | dd=30.3% | prob=0.517 < umbral -> SIN SEÑAL
LEN | dd=52.2% | prob=0.476 < umbral -> SIN SEÑAL
LII | dd=39.0% | prob=0.569 < umbral -> SIN SEÑAL
LULU | dd=77.6% | prob=0.569 < umbral -> SIN SEÑAL
MKC | dd=44.2% | prob=0.413 < umbral -> SIN SEÑAL
MGM | dd=53.9% | prob=0.261 < umbral -> SIN SEÑAL
MAA | dd=32.1% | prob=0.292 < umbral -> SIN SEÑAL
MRNA | dd=87.0% | prob=0.689 < umbral -> SIN SEÑAL
TAP | dd=53.1% | prob=0.520 < umbral -> SIN SEÑAL
MNST | dd=54.6% | prob=0.951 | ENTRAR | score_fund=81.5 | sent=0.531 | obj_analista=50.13043
MOS | dd=81.9% | prob=0.613 < umbral -> SIN SEÑAL
NFLX | dd=43.3% | prob=0.535 < umbral -> SIN SEÑAL
NKE | dd=76.3% | prob=0.519 < umbral -> SIN SEÑAL
NCLH | dd=71.7% | prob=0.553 < umbral -> SIN SEÑAL
NRG | dd=35.4% | prob=0.629 < umbral -> SIN SEÑAL
NVR | dd=36.8% | prob=0.413 < umbral -> SIN SEÑAL
NXPI | dd=31.3% | prob=0.613 < umbral -> SIN SEÑAL
ON | dd=38.2% | prob=0.689 < umbral -> SIN SEÑAL
ORCL | dd=57.1% | prob=0.649 < umbral -> SIN SEÑAL
OTIS | dd=32.3% | prob=0.402 < umbral -> SIN SEÑAL
PSKY | dd=88.6% | prob=0.590 < umbral -> SIN SEÑAL
PYPL | dd=80.3% | prob=0.413 < umbral -> SIN SEÑAL
PNR | dd=43.3% | prob=0.546 < umbral -> SIN SEÑAL
PFE | dd=43.8% | prob=0.300 < umbral -> SIN SEÑAL
PCG | dd=74.9% | prob=0.410 < umbral -> SIN SEÑAL
PPG | dd=31.2% | prob=0.413 < umbral -> SIN SEÑAL
PTC | dd=33.6% | prob=0.591 < umbral -> SIN SEÑAL
QCOM | dd=37.4% | prob=0.629 < umbral -> SIN SEÑAL
REGN | dd=32.9% | prob=0.410 < umbral -> SIN SEÑAL
RVTY | dd=42.2% | prob=0.410 < umbral -> SIN SEÑAL
HOOD | dd=37.4% | prob=0.613 < umbral -> SIN SEÑAL
ROL | dd=45.2% | prob=0.546 < umbral -> SIN SEÑAL
ROP | dd=33.8% | prob=0.476 < umbral -> SIN SEÑAL
CRM | dd=47.6% | prob=0.613 < umbral -> SIN SEÑAL
SBAC | dd=49.8% | prob=0.545 < umbral -> SIN SEÑAL
SLB | dd=37.0% | prob=0.517 < umbral -> SIN SEÑAL
NOW | dd=50.9% | prob=0.689 < umbral -> SIN SEÑAL
SWKS | dd=61.5% | prob=0.613 < umbral -> SIN SEÑAL
SWK | dd=46.9% | prob=0.441 < umbral -> SIN SEÑAL
SMCI | dd=68.9% | prob=0.723 < umbral -> SIN SEÑAL
SNPS | dd=36.6% | prob=0.551 < umbral -> SIN SEÑAL
TMUS | dd=33.4% | prob=0.535 < umbral -> SIN SEÑAL
TROW | dd=38.8% | prob=0.402 < umbral -> SIN SEÑAL
TGT | dd=34.9% | prob=0.411 < umbral -> SIN SEÑAL
TSLA | dd=32.0% | prob=0.591 < umbral -> SIN SEÑAL
TPL | dd=38.2% | prob=0.619 < umbral -> SIN SEÑAL
TTD | dd=90.5% | prob=0.849 | ENTRAR | score_fund=66.0 | sent=-0.05 | obj_analista=13.38667
TSCO | dd=44.7% | prob=0.535 < umbral -> SIN SEÑAL
TRMB | dd=42.3% | prob=0.591 < umbral -> SIN SEÑAL
TYL | dd=51.5% | prob=0.591 < umbral -> SIN SEÑAL
TSN | dd=32.8% | prob=0.413 < umbral -> SIN SEÑAL
ULTA | dd=31.0% | prob=0.545 < umbral -> SIN SEÑAL
UPS | dd=45.8% | prob=0.411 < umbral -> SIN SEÑAL
UNH | dd=34.6% | prob=0.413 < umbral -> SIN SEÑAL
UHS | dd=30.6% | prob=0.545 < umbral -> SIN SEÑAL
VEEV | dd=30.7% | prob=0.551 < umbral -> SIN SEÑAL
VRSK | dd=45.0% | prob=0.569 < umbral -> SIN SEÑAL
VTRS | dd=73.7% | prob=0.476 < umbral -> SIN SEÑAL
VST | dd=33.3% | prob=0.569 < umbral -> SIN SEÑAL
DIS | dd=47.4% | prob=0.402 < umbral -> SIN SEÑAL
WBD | dd=64.3% | prob=0.261 < umbral -> SIN SEÑAL
WDC | dd=33.0% | prob=0.859 | ENTRAR | score_fund=87.3 | sent=0.206 | obj_analista=664.9167
WY | dd=35.0% | prob=0.413 < umbral -> SIN SEÑAL
WDAY | dd=38.6% | prob=0.723 < umbral -> SIN SEÑAL
WYNN | dd=50.4% | prob=0.413 < umbral -> SIN SEÑAL
ZBRA | dd=39.6% | prob=0.551 < umbral -> SIN SEÑAL
ZBH | dd=41.4% | prob=0.413 < umbral -> SIN SEÑAL
ZTS | dd=69.1% | prob=0.569 < umbral -> SIN SEÑAL
MNST | dd=54.6% | prob=0.951 | ENTRADA DESCARTADA: ya hay posición abierta en Cartera A y Cartera B.
WDC | dd=33.0% | prob=0.859 | ENTRADA DESCARTADA: ya hay posición abierta en Cartera A y Cartera B.
TTD | dd=90.5% | prob=0.849 | ENTRADA DESCARTADA: ya hay posición abierta en Cartera A y Cartera B.
APP | dd=58.2% | prob=0.805 | ENTRADA DESCARTADA: ya hay posición abierta en Cartera A y Cartera B.
CIEN | dd=57.9% | prob=0.805 | ENTRADA DESCARTADA: ya hay posición abierta en Cartera A y Cartera B.
GLW | dd=36.3% | prob=0.805 | ENTRADA DESCARTADA: ya hay posición abierta en Cartera A y Cartera B.
DECIDIDAS PARA ENTRAR HOY (0): []

===== escaneo postcierre 2026-08-18 18:00:50 ET =====
POST-CIERRE 2026-08-18
entradas ejecutadas: []
cambios de objetivo: 10
cierres: []
