
===== escaneo preapertura 2026-09-21 08:46:00 ET =====
RESUMEN: universo=503 drawdown>=30%=185 con_senal=4
AOS | dd=35.5% | prob=0.412 < umbral -> SIN SEÑAL
ACN | dd=53.1% | prob=0.505 < umbral -> SIN SEÑAL
ADBE | dd=64.4% | prob=0.532 < umbral -> SIN SEÑAL
AES | dd=67.3% | prob=0.000 < umbral -> SIN SEÑAL
AKAM | dd=69.7% | prob=0.638 < umbral -> SIN SEÑAL
ALB | dd=65.1% | prob=0.638 < umbral -> SIN SEÑAL
ARE | dd=70.7% | prob=0.558 < umbral -> SIN SEÑAL
ALGN | dd=80.0% | prob=0.532 < umbral -> SIN SEÑAL
AIG | dd=93.8% | prob=0.257 < umbral -> SIN SEÑAL
AMT | dd=33.0% | prob=0.412 < umbral -> SIN SEÑAL
APH | dd=56.6% | prob=0.798 | ENTRAR | score_fund=80.5 | sent=0.678 | obj_analista=99.26471
APA | dd=57.8% | prob=0.555 < umbral -> SIN SEÑAL
APO | dd=32.1% | prob=0.477 < umbral -> SIN SEÑAL
AMAT | dd=39.9% | prob=0.651 < umbral -> SIN SEÑAL
APP | dd=58.7% | prob=0.683 < umbral -> SIN SEÑAL
APTV | dd=75.9% | prob=0.555 < umbral -> SIN SEÑAL
ARES | dd=35.0% | prob=0.532 < umbral -> SIN SEÑAL
AJG | dd=30.9% | prob=0.419 < umbral -> SIN SEÑAL
ADSK | dd=37.0% | prob=0.555 < umbral -> SIN SEÑAL
AZO | dd=34.9% | prob=0.412 < umbral -> SIN SEÑAL
AXON | dd=49.5% | prob=0.723 < umbral -> SIN SEÑAL
BALL | dd=37.2% | prob=0.313 < umbral -> SIN SEÑAL
BAX | dd=73.1% | prob=0.532 < umbral -> SIN SEÑAL
TECH | dd=45.6% | prob=0.000 < umbral -> SIN SEÑAL
BIIB | dd=55.1% | prob=0.419 < umbral -> SIN SEÑAL
BX | dd=34.6% | prob=0.459 < umbral -> SIN SEÑAL
XYZ | dd=73.6% | prob=0.532 < umbral -> SIN SEÑAL
BA | dd=54.5% | prob=0.474 < umbral -> SIN SEÑAL
BSX | dd=60.4% | prob=0.555 < umbral -> SIN SEÑAL
BR | dd=38.8% | prob=0.419 < umbral -> SIN SEÑAL
BRO | dd=47.7% | prob=0.419 < umbral -> SIN SEÑAL
BF.B | dd=65.0% | prob=0.505 < umbral -> SIN SEÑAL
BLDR | dd=72.9% | prob=0.651 < umbral -> SIN SEÑAL
BXP | dd=41.0% | prob=0.386 < umbral -> SIN SEÑAL
CDNS | dd=32.1% | prob=0.555 < umbral -> SIN SEÑAL
CPT | dd=35.3% | prob=0.313 < umbral -> SIN SEÑAL
CCL | dd=67.0% | prob=0.555 < umbral -> SIN SEÑAL
CARR | dd=33.5% | prob=0.558 < umbral -> SIN SEÑAL
CVNA | dd=33.1% | prob=0.638 < umbral -> SIN SEÑAL
CASY | dd=35.6% | prob=0.608 < umbral -> SIN SEÑAL
CDW | dd=42.5% | prob=0.566 < umbral -> SIN SEÑAL
CNC | dd=33.9% | prob=0.558 < umbral -> SIN SEÑAL
CRL | dd=39.6% | prob=0.477 < umbral -> SIN SEÑAL
CHTR | dd=84.5% | prob=0.651 < umbral -> SIN SEÑAL
CMG | dd=51.7% | prob=0.555 < umbral -> SIN SEÑAL
CIEN | dd=67.0% | prob=0.858 | ENTRAR | score_fund=63.6 | sent=0.506 | obj_analista=507.6218
C | dd=65.2% | prob=0.477 < umbral -> SIN SEÑAL
CLX | dd=58.2% | prob=0.477 < umbral -> SIN SEÑAL
CTSH | dd=32.2% | prob=0.474 < umbral -> SIN SEÑAL
COIN | dd=56.3% | prob=0.723 < umbral -> SIN SEÑAL
CMCSA | dd=53.8% | prob=0.477 < umbral -> SIN SEÑAL
STZ | dd=54.1% | prob=0.438 < umbral -> SIN SEÑAL
CEG | dd=38.0% | prob=0.566 < umbral -> SIN SEÑAL
COO | dd=52.3% | prob=0.555 < umbral -> SIN SEÑAL
CPRT | dd=54.5% | prob=0.566 < umbral -> SIN SEÑAL
GLW | dd=44.8% | prob=0.723 < umbral -> SIN SEÑAL
CSGP | dd=71.2% | prob=0.608 < umbral -> SIN SEÑAL
CRH | dd=34.0% | prob=0.477 < umbral -> SIN SEÑAL
CCI | dd=56.4% | prob=0.459 < umbral -> SIN SEÑAL
DECK | dd=65.0% | prob=0.546 < umbral -> SIN SEÑAL
DVN | dd=38.8% | prob=0.474 < umbral -> SIN SEÑAL
DXCM | dd=45.8% | prob=0.412 < umbral -> SIN SEÑAL
DG | dd=49.7% | prob=0.505 < umbral -> SIN SEÑAL
DLTR | dd=36.8% | prob=0.555 < umbral -> SIN SEÑAL
DPZ | dd=44.6% | prob=0.505 < umbral -> SIN SEÑAL
DASH | dd=32.4% | prob=0.555 < umbral -> SIN SEÑAL
DOW | dd=49.3% | prob=0.555 < umbral -> SIN SEÑAL
ECHO | dd=36.5% | prob=0.555 < umbral -> SIN SEÑAL
EIX | dd=32.2% | prob=0.638 < umbral -> SIN SEÑAL
EW | dd=33.0% | prob=0.412 < umbral -> SIN SEÑAL
EFX | dd=47.9% | prob=0.555 < umbral -> SIN SEÑAL
ERIE | dd=54.8% | prob=0.532 < umbral -> SIN SEÑAL
EL | dd=73.2% | prob=0.505 < umbral -> SIN SEÑAL
EXE | dd=30.1% | prob=0.474 < umbral -> SIN SEÑAL
FDS | dd=41.9% | prob=0.555 < umbral -> SIN SEÑAL
FICO | dd=60.5% | prob=0.638 < umbral -> SIN SEÑAL
FIS | dd=74.1% | prob=0.555 < umbral -> SIN SEÑAL
FSLR | dd=38.9% | prob=0.667 < umbral -> SIN SEÑAL
FISV | dd=80.2% | prob=0.566 < umbral -> SIN SEÑAL
FLEX | dd=35.0% | prob=0.723 < umbral -> SIN SEÑAL
F | dd=31.5% | prob=0.555 < umbral -> SIN SEÑAL
IT | dd=68.2% | prob=0.587 < umbral -> SIN SEÑAL
GEHC | dd=32.2% | prob=0.412 < umbral -> SIN SEÑAL
GNRC | dd=60.4% | prob=0.723 < umbral -> SIN SEÑAL
GIS | dd=53.8% | prob=0.419 < umbral -> SIN SEÑAL
GPN | dd=59.5% | prob=0.419 < umbral -> SIN SEÑAL
GDDY | dd=54.9% | prob=0.566 < umbral -> SIN SEÑAL
HAL | dd=43.2% | prob=0.532 < umbral -> SIN SEÑAL
HSY | dd=32.9% | prob=0.412 < umbral -> SIN SEÑAL
HRL | dd=55.9% | prob=0.408 < umbral -> SIN SEÑAL
HII | dd=40.4% | prob=0.438 < umbral -> SIN SEÑAL
IBM | dd=31.0% | prob=0.555 < umbral -> SIN SEÑAL
IDXX | dd=33.6% | prob=0.419 < umbral -> SIN SEÑAL
IR | dd=32.2% | prob=0.438 < umbral -> SIN SEÑAL
PODD | dd=60.4% | prob=0.555 < umbral -> SIN SEÑAL
IFF | dd=39.6% | prob=0.313 < umbral -> SIN SEÑAL
IP | dd=39.0% | prob=0.555 < umbral -> SIN SEÑAL
INTU | dd=62.3% | prob=0.587 < umbral -> SIN SEÑAL
ISRG | dd=36.1% | prob=0.477 < umbral -> SIN SEÑAL
INVH | dd=31.2% | prob=0.257 < umbral -> SIN SEÑAL
JBL | dd=30.2% | prob=0.612 < umbral -> SIN SEÑAL
KMB | dd=31.1% | prob=0.386 < umbral -> SIN SEÑAL
KKR | dd=41.5% | prob=0.505 < umbral -> SIN SEÑAL
KLAC | dd=42.4% | prob=0.651 < umbral -> SIN SEÑAL
KHC | dd=61.0% | prob=0.412 < umbral -> SIN SEÑAL
LHX | dd=34.3% | prob=0.412 < umbral -> SIN SEÑAL
LRCX | dd=34.3% | prob=0.723 < umbral -> SIN SEÑAL
LVS | dd=57.3% | prob=0.459 < umbral -> SIN SEÑAL
LDOS | dd=37.4% | prob=0.419 < umbral -> SIN SEÑAL
LEN | dd=57.8% | prob=0.555 < umbral -> SIN SEÑAL
LII | dd=47.3% | prob=0.555 < umbral -> SIN SEÑAL
LOW | dd=34.0% | prob=0.412 < umbral -> SIN SEÑAL
LULU | dd=81.0% | prob=0.608 < umbral -> SIN SEÑAL
LYB | dd=32.1% | prob=0.555 < umbral -> SIN SEÑAL
MLM | dd=30.8% | prob=0.438 < umbral -> SIN SEÑAL
MKC | dd=49.6% | prob=0.419 < umbral -> SIN SEÑAL
MGM | dd=60.2% | prob=0.419 < umbral -> SIN SEÑAL
MCHP | dd=30.5% | prob=0.587 < umbral -> SIN SEÑAL
MAA | dd=38.4% | prob=0.313 < umbral -> SIN SEÑAL
MRNA | dd=69.0% | prob=0.798 | ENTRAR (EXCEPCIONAL: entra pese a deterioro) | score_fund=16.3 | sent=0.442 | obj_analista=119.55556
TAP | dd=56.8% | prob=0.477 < umbral -> SIN SEÑAL
MNST | dd=55.4% | prob=0.612 < umbral -> SIN SEÑAL
MOS | dd=79.2% | prob=0.566 < umbral -> SIN SEÑAL
NFLX | dd=46.5% | prob=0.532 < umbral -> SIN SEÑAL
NKE | dd=78.5% | prob=0.438 < umbral -> SIN SEÑAL
NOC | dd=31.6% | prob=0.315 < umbral -> SIN SEÑAL
NCLH | dd=78.0% | prob=0.587 < umbral -> SIN SEÑAL
NRG | dd=45.3% | prob=0.638 < umbral -> SIN SEÑAL
NVR | dd=38.3% | prob=0.412 < umbral -> SIN SEÑAL
NXPI | dd=32.7% | prob=0.566 < umbral -> SIN SEÑAL
ODFL | dd=31.4% | prob=0.555 < umbral -> SIN SEÑAL
ON | dd=48.1% | prob=0.723 < umbral -> SIN SEÑAL
ORCL | dd=56.8% | prob=0.651 < umbral -> SIN SEÑAL
OTIS | dd=34.3% | prob=0.315 < umbral -> SIN SEÑAL
PSKY | dd=88.7% | prob=0.608 < umbral -> SIN SEÑAL
PYPL | dd=83.0% | prob=0.419 < umbral -> SIN SEÑAL
PNR | dd=50.5% | prob=0.505 < umbral -> SIN SEÑAL
PFE | dd=42.1% | prob=0.257 < umbral -> SIN SEÑAL
PCG | dd=81.1% | prob=0.638 < umbral -> SIN SEÑAL
PPG | dd=36.6% | prob=0.419 < umbral -> SIN SEÑAL
PTC | dd=38.1% | prob=0.505 < umbral -> SIN SEÑAL
QCOM | dd=31.4% | prob=0.651 < umbral -> SIN SEÑAL
Q | dd=32.3% | prob=0.651 < umbral -> SIN SEÑAL
RDDT | dd=46.7% | prob=0.651 < umbral -> SIN SEÑAL
REGN | dd=34.7% | prob=0.313 < umbral -> SIN SEÑAL
ROL | dd=50.7% | prob=0.477 < umbral -> SIN SEÑAL
ROP | dd=36.6% | prob=0.412 < umbral -> SIN SEÑAL
RCL | dd=31.8% | prob=0.532 < umbral -> SIN SEÑAL
CRM | dd=34.7% | prob=0.532 < umbral -> SIN SEÑAL
SBAC | dd=50.8% | prob=0.438 < umbral -> SIN SEÑAL
SLB | dd=40.2% | prob=0.555 < umbral -> SIN SEÑAL
NOW | dd=43.5% | prob=0.566 < umbral -> SIN SEÑAL
SWKS | dd=49.6% | prob=0.723 < umbral -> SIN SEÑAL
LUV | dd=31.8% | prob=0.532 < umbral -> SIN SEÑAL
SWK | dd=52.2% | prob=0.438 < umbral -> SIN SEÑAL
SYK | dd=31.4% | prob=0.532 < umbral -> SIN SEÑAL
SMCI | dd=68.2% | prob=0.723 < umbral -> SIN SEÑAL
SNPS | dd=40.9% | prob=0.566 < umbral -> SIN SEÑAL
TMUS | dd=37.8% | prob=0.532 < umbral -> SIN SEÑAL
TROW | dd=42.3% | prob=0.315 < umbral -> SIN SEÑAL
TPR | dd=30.2% | prob=0.555 < umbral -> SIN SEÑAL
TGT | dd=31.8% | prob=0.419 < umbral -> SIN SEÑAL
TPL | dd=39.6% | prob=0.587 < umbral -> SIN SEÑAL
TTD | dd=90.2% | prob=0.651 < umbral -> SIN SEÑAL
TSCO | dd=48.6% | prob=0.477 < umbral -> SIN SEÑAL
TRMB | dd=40.3% | prob=0.419 < umbral -> SIN SEÑAL
TYL | dd=49.0% | prob=0.555 < umbral -> SIN SEÑAL
TSN | dd=39.5% | prob=0.419 < umbral -> SIN SEÑAL
UBER | dd=30.9% | prob=0.505 < umbral -> SIN SEÑAL
UDR | dd=33.1% | prob=0.257 < umbral -> SIN SEÑAL
UPS | dd=47.4% | prob=0.315 < umbral -> SIN SEÑAL
UNH | dd=37.7% | prob=0.419 < umbral -> SIN SEÑAL
VRSK | dd=45.1% | prob=0.555 < umbral -> SIN SEÑAL
VRT | dd=34.3% | prob=0.723 < umbral -> SIN SEÑAL
VTRS | dd=72.5% | prob=0.386 < umbral -> SIN SEÑAL
VST | dd=35.7% | prob=0.558 < umbral -> SIN SEÑAL
DIS | dd=47.8% | prob=0.391 < umbral -> SIN SEÑAL
WBD | dd=64.4% | prob=0.257 < umbral -> SIN SEÑAL
WDC | dd=44.8% | prob=0.798 | ENTRAR | score_fund=88.4 | sent=0.381 | obj_analista=664.9167
WY | dd=42.7% | prob=0.419 < umbral -> SIN SEÑAL
WDAY | dd=37.7% | prob=0.555 < umbral -> SIN SEÑAL
WYNN | dd=60.6% | prob=0.532 < umbral -> SIN SEÑAL
ZBRA | dd=43.6% | prob=0.474 < umbral -> SIN SEÑAL
ZBH | dd=43.0% | prob=0.419 < umbral -> SIN SEÑAL
ZTS | dd=69.7% | prob=0.438 < umbral -> SIN SEÑAL
CIEN | dd=67.0% | prob=0.858 | ENTRADA SOLO EN CARTERA A: ya hay posición abierta en Cartera B.
MRNA | dd=69.0% | prob=0.797 | ENTRADA DESCARTADA: ya hay posición abierta en Cartera A y Cartera B.
WDC | dd=44.8% | prob=0.797 | ENTRADA DESCARTADA: ya hay posición abierta en Cartera A y Cartera B.
DECIDIDAS PARA ENTRAR HOY (2): ['CIEN', 'APH']

===== escaneo postcierre 2026-09-21 18:01:03 ET =====
POST-CIERRE 2026-09-21
entradas ejecutadas: ['CIEN', 'APH']
cambios de objetivo: 10
cierres: [('MRNA', 'A', 'objetivo', 0.2606)]
