
===== escaneo preapertura 2026-09-08 08:45:43 ET =====
RESUMEN: universo=503 drawdown>=30%=156 con_senal=5
AOS | dd=31.6% | prob=0.419 < umbral -> SIN SEÑAL
ACN | dd=51.7% | prob=0.566 < umbral -> SIN SEÑAL
ADBE | dd=61.9% | prob=0.587 < umbral -> SIN SEÑAL
AES | dd=67.4% | prob=0.000 < umbral -> SIN SEÑAL
AKAM | dd=69.5% | prob=0.608 < umbral -> SIN SEÑAL
ALB | dd=60.3% | prob=0.638 < umbral -> SIN SEÑAL
ARE | dd=71.1% | prob=0.555 < umbral -> SIN SEÑAL
ALGN | dd=78.5% | prob=0.555 < umbral -> SIN SEÑAL
AIG | dd=93.7% | prob=0.257 < umbral -> SIN SEÑAL
AMT | dd=32.3% | prob=0.419 < umbral -> SIN SEÑAL
APH | dd=53.6% | prob=0.858 | ENTRAR | score_fund=79.1 | sent=0.514 | obj_analista=99.14706
APA | dd=59.8% | prob=0.532 < umbral -> SIN SEÑAL
AMAT | dd=38.5% | prob=0.651 < umbral -> SIN SEÑAL
APP | dd=57.0% | prob=0.653 < umbral -> SIN SEÑAL
APTV | dd=73.5% | prob=0.555 < umbral -> SIN SEÑAL
ADSK | dd=36.7% | prob=0.638 < umbral -> SIN SEÑAL
AZO | dd=32.0% | prob=0.412 < umbral -> SIN SEÑAL
AXON | dd=41.8% | prob=0.718 < umbral -> SIN SEÑAL
BALL | dd=34.5% | prob=0.257 < umbral -> SIN SEÑAL
BAX | dd=69.5% | prob=0.505 < umbral -> SIN SEÑAL
TECH | dd=45.6% | prob=0.000 < umbral -> SIN SEÑAL
BIIB | dd=54.0% | prob=0.419 < umbral -> SIN SEÑAL
XYZ | dd=71.4% | prob=0.532 < umbral -> SIN SEÑAL
BA | dd=51.3% | prob=0.315 < umbral -> SIN SEÑAL
BSX | dd=56.3% | prob=0.555 < umbral -> SIN SEÑAL
BR | dd=35.1% | prob=0.474 < umbral -> SIN SEÑAL
BRO | dd=42.6% | prob=0.412 < umbral -> SIN SEÑAL
BF.B | dd=63.9% | prob=0.505 < umbral -> SIN SEÑAL
BLDR | dd=69.4% | prob=0.612 < umbral -> SIN SEÑAL
BXP | dd=36.8% | prob=0.412 < umbral -> SIN SEÑAL
CPT | dd=31.0% | prob=0.257 < umbral -> SIN SEÑAL
CCL | dd=64.5% | prob=0.555 < umbral -> SIN SEÑAL
CDW | dd=40.1% | prob=0.587 < umbral -> SIN SEÑAL
CNC | dd=32.0% | prob=0.532 < umbral -> SIN SEÑAL
CRL | dd=37.3% | prob=0.438 < umbral -> SIN SEÑAL
CHTR | dd=81.6% | prob=0.638 < umbral -> SIN SEÑAL
CMG | dd=46.6% | prob=0.505 < umbral -> SIN SEÑAL
CIEN | dd=69.6% | prob=0.858 | ENTRAR | score_fund=63.6 | sent=0.539 | obj_analista=504.12775
C | dd=63.6% | prob=0.315 < umbral -> SIN SEÑAL
CLX | dd=53.2% | prob=0.532 < umbral -> SIN SEÑAL
COHR | dd=35.9% | prob=0.860 | ENTRAR | score_fund=53.3 | sent=0.304 | obj_analista=415.36197
COIN | dd=58.5% | prob=0.723 < umbral -> SIN SEÑAL
CMCSA | dd=46.2% | prob=0.412 < umbral -> SIN SEÑAL
STZ | dd=50.6% | prob=0.412 < umbral -> SIN SEÑAL
COO | dd=39.9% | prob=0.315 < umbral -> SIN SEÑAL
CPRT | dd=47.6% | prob=0.532 < umbral -> SIN SEÑAL
GLW | dd=43.2% | prob=0.718 < umbral -> SIN SEÑAL
CSGP | dd=69.4% | prob=0.612 < umbral -> SIN SEÑAL
CCI | dd=54.7% | prob=0.477 < umbral -> SIN SEÑAL
DECK | dd=61.7% | prob=0.532 < umbral -> SIN SEÑAL
DVN | dd=39.5% | prob=0.412 < umbral -> SIN SEÑAL
DXCM | dd=46.7% | prob=0.438 < umbral -> SIN SEÑAL
DG | dd=45.2% | prob=0.419 < umbral -> SIN SEÑAL
DPZ | dd=35.8% | prob=0.532 < umbral -> SIN SEÑAL
DOW | dd=48.0% | prob=0.555 < umbral -> SIN SEÑAL
ECHO | dd=39.0% | prob=0.555 < umbral -> SIN SEÑAL
EIX | dd=30.4% | prob=0.723 < umbral -> SIN SEÑAL
EW | dd=31.8% | prob=0.315 < umbral -> SIN SEÑAL
EFX | dd=41.9% | prob=0.555 < umbral -> SIN SEÑAL
ERIE | dd=52.2% | prob=0.555 < umbral -> SIN SEÑAL
EL | dd=70.2% | prob=0.532 < umbral -> SIN SEÑAL
FDS | dd=38.1% | prob=0.558 < umbral -> SIN SEÑAL
FICO | dd=61.2% | prob=0.723 < umbral -> SIN SEÑAL
FIS | dd=69.5% | prob=0.477 < umbral -> SIN SEÑAL
FSLR | dd=36.3% | prob=0.612 < umbral -> SIN SEÑAL
FISV | dd=77.8% | prob=0.555 < umbral -> SIN SEÑAL
FLEX | dd=34.4% | prob=0.683 < umbral -> SIN SEÑAL
IT | dd=68.1% | prob=0.638 < umbral -> SIN SEÑAL
GNRC | dd=64.3% | prob=0.608 < umbral -> SIN SEÑAL
GIS | dd=51.3% | prob=0.477 < umbral -> SIN SEÑAL
GPN | dd=56.0% | prob=0.412 < umbral -> SIN SEÑAL
GDDY | dd=53.1% | prob=0.555 < umbral -> SIN SEÑAL
HAL | dd=37.4% | prob=0.477 < umbral -> SIN SEÑAL
HSY | dd=31.5% | prob=0.412 < umbral -> SIN SEÑAL
HRL | dd=54.4% | prob=0.412 < umbral -> SIN SEÑAL
HII | dd=37.6% | prob=0.474 < umbral -> SIN SEÑAL
IDXX | dd=30.5% | prob=0.532 < umbral -> SIN SEÑAL
PODD | dd=58.4% | prob=0.558 < umbral -> SIN SEÑAL
INTC | dd=32.7% | prob=0.651 < umbral -> SIN SEÑAL
IFF | dd=37.1% | prob=0.412 < umbral -> SIN SEÑAL
IP | dd=34.2% | prob=0.532 < umbral -> SIN SEÑAL
INTU | dd=58.7% | prob=0.608 < umbral -> SIN SEÑAL
ISRG | dd=40.5% | prob=0.505 < umbral -> SIN SEÑAL
KKR | dd=36.2% | prob=0.505 < umbral -> SIN SEÑAL
KLAC | dd=39.6% | prob=0.638 < umbral -> SIN SEÑAL
KHC | dd=60.3% | prob=0.419 < umbral -> SIN SEÑAL
LHX | dd=31.9% | prob=0.419 < umbral -> SIN SEÑAL
LVS | dd=52.6% | prob=0.459 < umbral -> SIN SEÑAL
LDOS | dd=34.8% | prob=0.532 < umbral -> SIN SEÑAL
LEN | dd=53.8% | prob=0.477 < umbral -> SIN SEÑAL
LII | dd=42.8% | prob=0.532 < umbral -> SIN SEÑAL
LULU | dd=80.5% | prob=0.651 < umbral -> SIN SEÑAL
LYB | dd=30.4% | prob=0.555 < umbral -> SIN SEÑAL
MRVL | dd=32.2% | prob=0.803 | ENTRAR | score_fund=69.0 | sent=0.006 | obj_analista=284.99802
MKC | dd=46.1% | prob=0.419 < umbral -> SIN SEÑAL
MGM | dd=56.6% | prob=0.412 < umbral -> SIN SEÑAL
MAA | dd=33.5% | prob=0.257 < umbral -> SIN SEÑAL
MRNA | dd=70.7% | prob=0.723 < umbral -> SIN SEÑAL
TAP | dd=53.4% | prob=0.438 < umbral -> SIN SEÑAL
MNST | dd=56.3% | prob=0.858 | ENTRAR | score_fund=82.6 | sent=0.48 | obj_analista=50.26087
MOS | dd=78.0% | prob=0.555 < umbral -> SIN SEÑAL
NFLX | dd=41.7% | prob=0.532 < umbral -> SIN SEÑAL
NKE | dd=76.7% | prob=0.459 < umbral -> SIN SEÑAL
NOC | dd=33.2% | prob=0.419 < umbral -> SIN SEÑAL
NCLH | dd=75.8% | prob=0.566 < umbral -> SIN SEÑAL
NRG | dd=37.2% | prob=0.566 < umbral -> SIN SEÑAL
NVR | dd=36.8% | prob=0.412 < umbral -> SIN SEÑAL
NXPI | dd=32.8% | prob=0.555 < umbral -> SIN SEÑAL
ON | dd=44.9% | prob=0.638 < umbral -> SIN SEÑAL
ORCL | dd=53.5% | prob=0.651 < umbral -> SIN SEÑAL
OTIS | dd=31.7% | prob=0.257 < umbral -> SIN SEÑAL
PSKY | dd=87.9% | prob=0.575 < umbral -> SIN SEÑAL
PYPL | dd=82.1% | prob=0.438 < umbral -> SIN SEÑAL
PNR | dd=46.7% | prob=0.532 < umbral -> SIN SEÑAL
PFE | dd=40.5% | prob=0.315 < umbral -> SIN SEÑAL
PCG | dd=79.5% | prob=0.723 < umbral -> SIN SEÑAL
PPG | dd=31.8% | prob=0.419 < umbral -> SIN SEÑAL
PTC | dd=35.8% | prob=0.566 < umbral -> SIN SEÑAL
QCOM | dd=34.8% | prob=0.560 < umbral -> SIN SEÑAL
RDDT | dd=45.4% | prob=0.718 < umbral -> SIN SEÑAL
REGN | dd=31.1% | prob=0.313 < umbral -> SIN SEÑAL
RVTY | dd=35.2% | prob=0.438 < umbral -> SIN SEÑAL
ROL | dd=45.4% | prob=0.438 < umbral -> SIN SEÑAL
ROP | dd=30.8% | prob=0.419 < umbral -> SIN SEÑAL
SBAC | dd=47.8% | prob=0.477 < umbral -> SIN SEÑAL
SLB | dd=32.8% | prob=0.555 < umbral -> SIN SEÑAL
NOW | dd=41.0% | prob=0.638 < umbral -> SIN SEÑAL
SWKS | dd=58.0% | prob=0.587 < umbral -> SIN SEÑAL
LUV | dd=34.0% | prob=0.477 < umbral -> SIN SEÑAL
SWK | dd=48.0% | prob=0.419 < umbral -> SIN SEÑAL
SMCI | dd=67.8% | prob=0.718 < umbral -> SIN SEÑAL
SNPS | dd=39.6% | prob=0.638 < umbral -> SIN SEÑAL
TMUS | dd=32.9% | prob=0.419 < umbral -> SIN SEÑAL
TROW | dd=39.2% | prob=0.313 < umbral -> SIN SEÑAL
TPL | dd=37.9% | prob=0.555 < umbral -> SIN SEÑAL
TTD | dd=89.8% | prob=0.651 < umbral -> SIN SEÑAL
TSCO | dd=44.2% | prob=0.438 < umbral -> SIN SEÑAL
TRMB | dd=38.4% | prob=0.505 < umbral -> SIN SEÑAL
TYL | dd=45.0% | prob=0.560 < umbral -> SIN SEÑAL
TSN | dd=41.0% | prob=0.474 < umbral -> SIN SEÑAL
UPS | dd=45.7% | prob=0.315 < umbral -> SIN SEÑAL
UNH | dd=34.4% | prob=0.386 < umbral -> SIN SEÑAL
UHS | dd=30.9% | prob=0.419 < umbral -> SIN SEÑAL
VRSK | dd=41.9% | prob=0.555 < umbral -> SIN SEÑAL
VTRS | dd=72.6% | prob=0.419 < umbral -> SIN SEÑAL
VST | dd=31.8% | prob=0.505 < umbral -> SIN SEÑAL
DIS | dd=46.5% | prob=0.315 < umbral -> SIN SEÑAL
WBD | dd=63.8% | prob=0.250 < umbral -> SIN SEÑAL
WDC | dd=41.6% | prob=0.774 < umbral -> SIN SEÑAL
WY | dd=37.8% | prob=0.412 < umbral -> SIN SEÑAL
WDAY | dd=37.1% | prob=0.638 < umbral -> SIN SEÑAL
WYNN | dd=55.8% | prob=0.477 < umbral -> SIN SEÑAL
XYL | dd=30.8% | prob=0.412 < umbral -> SIN SEÑAL
ZBRA | dd=41.0% | prob=0.419 < umbral -> SIN SEÑAL
ZBH | dd=41.4% | prob=0.419 < umbral -> SIN SEÑAL
ZTS | dd=67.9% | prob=0.532 < umbral -> SIN SEÑAL
COHR | dd=35.9% | prob=0.861 | ENTRADA DESCARTADA: ya hay posición abierta en Cartera A y Cartera B.
APH | dd=53.6% | prob=0.858 | ENTRADA DESCARTADA: ya hay posición abierta en Cartera A y Cartera B.
CIEN | dd=69.6% | prob=0.858 | ENTRADA DESCARTADA: ya hay posición abierta en Cartera A y Cartera B.
MNST | dd=56.3% | prob=0.858 | ENTRADA DESCARTADA: ya hay posición abierta en Cartera A y Cartera B.
MRVL | dd=32.2% | prob=0.802 | ENTRADA DESCARTADA: ya hay posición abierta en Cartera A y Cartera B.
DECIDIDAS PARA ENTRAR HOY (0): []

===== escaneo postcierre 2026-09-08 18:01:14 ET =====
POST-CIERRE 2026-09-08
entradas ejecutadas: []
cambios de objetivo: 6
cierres: [('COHR', 'A', 'tiempo', 0.0513), ('MNST', 'A', 'tiempo', -0.1161), ('WDC', 'A', 'tiempo', 0.0658), ('STX', 'A', 'tiempo', 0.1104), ('GLW', 'A', 'tiempo', 0.1005), ('MNST', 'B', 'tiempo', -0.1161), ('STX', 'B', 'tiempo', 0.1104), ('GLW', 'B', 'tiempo', 0.1005)]
