
===== escaneo preapertura 2026-10-09 08:45:59 ET =====
RESUMEN: universo=503 drawdown>=30%=178 con_senal=2
AOS | dd=36.0% | prob=0.403 < umbral -> SIN SEÑAL
ACN | dd=46.1% | prob=0.589 < umbral -> SIN SEÑAL
ADBE | dd=65.5% | prob=0.528 < umbral -> SIN SEÑAL
AES | dd=67.1% | prob=0.000 < umbral -> SIN SEÑAL
AKAM | dd=70.8% | prob=0.725 < umbral -> SIN SEÑAL
ALB | dd=67.9% | prob=0.565 < umbral -> SIN SEÑAL
ARE | dd=75.0% | prob=0.552 < umbral -> SIN SEÑAL
ALGN | dd=80.9% | prob=0.496 < umbral -> SIN SEÑAL
AIG | dd=93.6% | prob=0.254 < umbral -> SIN SEÑAL
AMT | dd=35.8% | prob=0.311 < umbral -> SIN SEÑAL
APH | SERIE ROTA: el 2026-08-27 cayó de 161.34 a 80.69 (×0.5001). Parece una acción corporativa sin ajustar, no un movimiento de mercado: el drawdown y el ATR que saldrían de esta serie no son reales. Fuera del universo hasta que el salto salga de la ventana.
AON | dd=32.4% | prob=0.423 < umbral -> SIN SEÑAL
APA | dd=57.2% | prob=0.516 < umbral -> SIN SEÑAL
APO | dd=37.8% | prob=0.431 < umbral -> SIN SEÑAL
AMAT | dd=31.1% | prob=0.600 < umbral -> SIN SEÑAL
APP | dd=62.4% | prob=0.656 < umbral -> SIN SEÑAL
APTV | dd=75.5% | prob=0.552 < umbral -> SIN SEÑAL
ARES | dd=39.0% | prob=0.518 < umbral -> SIN SEÑAL
AJG | dd=32.5% | prob=0.440 < umbral -> SIN SEÑAL
ADSK | dd=32.2% | prob=0.476 < umbral -> SIN SEÑAL
AZO | dd=33.7% | prob=0.431 < umbral -> SIN SEÑAL
AXON | dd=52.9% | prob=0.638 < umbral -> SIN SEÑAL
BALL | dd=39.0% | prob=0.311 < umbral -> SIN SEÑAL
BAX | dd=71.8% | prob=0.431 < umbral -> SIN SEÑAL
TECH | dd=45.5% | prob=0.000 < umbral -> SIN SEÑAL
BIIB | dd=54.5% | prob=0.423 < umbral -> SIN SEÑAL
BX | dd=41.0% | prob=0.476 < umbral -> SIN SEÑAL
XYZ | dd=74.0% | prob=0.476 < umbral -> SIN SEÑAL
BA | dd=56.9% | prob=0.476 < umbral -> SIN SEÑAL
BKNG | dd=30.9% | prob=0.518 < umbral -> SIN SEÑAL
BSX | dd=61.6% | prob=0.440 < umbral -> SIN SEÑAL
BR | dd=38.0% | prob=0.311 < umbral -> SIN SEÑAL
BRO | dd=48.8% | prob=0.423 < umbral -> SIN SEÑAL
BF.B | dd=64.2% | prob=0.403 < umbral -> SIN SEÑAL
BXP | dd=44.6% | prob=0.403 < umbral -> SIN SEÑAL
CHRW | dd=32.8% | prob=0.638 < umbral -> SIN SEÑAL
CPT | dd=36.8% | prob=0.311 < umbral -> SIN SEÑAL
CCL | dd=60.5% | prob=0.528 < umbral -> SIN SEÑAL
CARR | dd=31.1% | prob=0.476 < umbral -> SIN SEÑAL
CVNA | dd=35.1% | prob=0.607 < umbral -> SIN SEÑAL
CASY | dd=30.8% | prob=0.552 < umbral -> SIN SEÑAL
CDW | dd=45.0% | prob=0.552 < umbral -> SIN SEÑAL
CNC | dd=34.5% | prob=0.496 < umbral -> SIN SEÑAL
CRL | dd=35.2% | prob=0.552 < umbral -> SIN SEÑAL
CHTR | dd=86.7% | prob=0.649 < umbral -> SIN SEÑAL
CMG | dd=52.8% | prob=0.565 < umbral -> SIN SEÑAL
CIEN | dd=59.7% | prob=0.700 < umbral -> SIN SEÑAL
C | dd=66.2% | prob=0.403 < umbral -> SIN SEÑAL
CLX | dd=58.1% | prob=0.423 < umbral -> SIN SEÑAL
CTSH | dd=32.0% | prob=0.552 < umbral -> SIN SEÑAL
COHR | dd=31.3% | prob=0.731 < umbral -> SIN SEÑAL
COIN | dd=61.3% | prob=0.731 < umbral -> SIN SEÑAL
CMCSA | dd=56.9% | prob=0.423 < umbral -> SIN SEÑAL
STZ | dd=52.3% | prob=0.423 < umbral -> SIN SEÑAL
CEG | dd=30.6% | prob=0.607 < umbral -> SIN SEÑAL
COO | dd=53.1% | prob=0.518 < umbral -> SIN SEÑAL
CPRT | dd=57.3% | prob=0.476 < umbral -> SIN SEÑAL
GLW | dd=43.8% | prob=0.731 < umbral -> SIN SEÑAL
CTVA | SERIE ROTA: el 2026-09-30 cayó de 77.87 a 11.65 (×0.1496). Parece una acción corporativa sin ajustar, no un movimiento de mercado: el drawdown y el ATR que saldrían de esta serie no son reales. Fuera del universo hasta que el salto salga de la ventana.
CSGP | dd=70.5% | prob=0.552 < umbral -> SIN SEÑAL
CRH | dd=37.3% | prob=0.476 < umbral -> SIN SEÑAL
CCI | dd=58.9% | prob=0.423 < umbral -> SIN SEÑAL
DECK | dd=63.1% | prob=0.476 < umbral -> SIN SEÑAL
DVN | dd=38.4% | prob=0.431 < umbral -> SIN SEÑAL
DXCM | dd=48.8% | prob=0.403 < umbral -> SIN SEÑAL
DG | dd=48.9% | prob=0.431 < umbral -> SIN SEÑAL
DLTR | dd=33.1% | prob=0.496 < umbral -> SIN SEÑAL
DPZ | dd=41.9% | prob=0.423 < umbral -> SIN SEÑAL
DASH | dd=32.9% | prob=0.528 < umbral -> SIN SEÑAL
DOW | dd=49.5% | prob=0.496 < umbral -> SIN SEÑAL
DHI | dd=30.7% | prob=0.476 < umbral -> SIN SEÑAL
ECHO | dd=36.6% | prob=0.552 < umbral -> SIN SEÑAL
EIX | dd=33.5% | prob=0.552 < umbral -> SIN SEÑAL
EW | dd=36.1% | prob=0.423 < umbral -> SIN SEÑAL
EFX | dd=52.3% | prob=0.552 < umbral -> SIN SEÑAL
ERIE | dd=57.1% | prob=0.476 < umbral -> SIN SEÑAL
EL | dd=72.9% | prob=0.423 < umbral -> SIN SEÑAL
FDS | dd=41.3% | prob=0.562 < umbral -> SIN SEÑAL
FICO | dd=70.6% | prob=0.731 < umbral -> SIN SEÑAL
FIS | dd=75.0% | prob=0.476 < umbral -> SIN SEÑAL
FSLR | dd=44.3% | prob=0.593 < umbral -> SIN SEÑAL
FISV | SERIE ROTA: el 2025-10-29 cayó de 126.17 a 70.6 (×0.5596). Parece una acción corporativa sin ajustar, no un movimiento de mercado: el drawdown y el ATR que saldrían de esta serie no son reales. Fuera del universo hasta que el salto salga de la ventana.
FLEX | dd=31.2% | prob=0.649 < umbral -> SIN SEÑAL
F | dd=36.4% | prob=0.456 < umbral -> SIN SEÑAL
IT | dd=66.5% | prob=0.552 < umbral -> SIN SEÑAL
GEHC | dd=32.1% | prob=0.311 < umbral -> SIN SEÑAL
GNRC | dd=57.2% | prob=0.600 < umbral -> SIN SEÑAL
GIS | dd=58.5% | prob=0.476 < umbral -> SIN SEÑAL
GPN | dd=60.6% | prob=0.431 < umbral -> SIN SEÑAL
GDDY | dd=52.2% | prob=0.589 < umbral -> SIN SEÑAL
HAL | dd=45.0% | prob=0.476 < umbral -> SIN SEÑAL
DOC | dd=34.8% | prob=0.403 < umbral -> SIN SEÑAL
HSY | dd=35.7% | prob=0.311 < umbral -> SIN SEÑAL
HRL | dd=58.9% | prob=0.423 < umbral -> SIN SEÑAL
HII | dd=42.1% | prob=0.461 < umbral -> SIN SEÑAL
IBM | dd=31.8% | prob=0.423 < umbral -> SIN SEÑAL
IDXX | dd=33.4% | prob=0.423 < umbral -> SIN SEÑAL
ILMN | dd=51.1% | prob=0.649 < umbral -> SIN SEÑAL
PODD | dd=62.1% | prob=0.516 < umbral -> SIN SEÑAL
IFF | dd=38.4% | prob=0.251 < umbral -> SIN SEÑAL
IP | dd=43.7% | prob=0.516 < umbral -> SIN SEÑAL
INTU | dd=62.2% | prob=0.552 < umbral -> SIN SEÑAL
ISRG | dd=32.6% | prob=0.423 < umbral -> SIN SEÑAL
INVH | dd=32.3% | prob=0.254 < umbral -> SIN SEÑAL
JBL | dd=30.3% | prob=0.589 < umbral -> SIN SEÑAL
KMB | dd=31.2% | prob=0.311 < umbral -> SIN SEÑAL
KKR | dd=46.9% | prob=0.476 < umbral -> SIN SEÑAL
KLAC | dd=36.0% | prob=0.600 < umbral -> SIN SEÑAL
KHC | dd=64.1% | prob=0.423 < umbral -> SIN SEÑAL
LHX | dd=37.1% | prob=0.403 < umbral -> SIN SEÑAL
LVS | dd=61.5% | prob=0.423 < umbral -> SIN SEÑAL
LDOS | dd=41.6% | prob=0.461 < umbral -> SIN SEÑAL
LEN | dd=57.1% | prob=0.565 < umbral -> SIN SEÑAL
LII | dd=47.0% | prob=0.552 < umbral -> SIN SEÑAL
LOW | dd=35.2% | prob=0.403 < umbral -> SIN SEÑAL
LULU | dd=82.1% | prob=0.565 < umbral -> SIN SEÑAL
LYB | dd=33.8% | prob=0.476 < umbral -> SIN SEÑAL
MLM | dd=32.1% | prob=0.423 < umbral -> SIN SEÑAL
MKC | dd=52.4% | prob=0.431 < umbral -> SIN SEÑAL
MGM | dd=68.4% | prob=0.552 < umbral -> SIN SEÑAL
MAA | dd=39.8% | prob=0.311 < umbral -> SIN SEÑAL
MRNA | SERIE ROTA: el 2026-08-19 subió de 62.96 a 174.38 (×2.7697). Parece una acción corporativa sin ajustar, no un movimiento de mercado: el drawdown y el ATR que saldrían de esta serie no son reales. Fuera del universo hasta que el salto salga de la ventana.
MNST | SERIE ROTA: el 2026-08-10 cayó de 90.36 a 45.72 (×0.5059). Parece una acción corporativa sin ajustar, no un movimiento de mercado: el drawdown y el ATR que saldrían de esta serie no son reales. Fuera del universo hasta que el salto salga de la ventana.
MOS | dd=83.2% | prob=0.649 < umbral -> SIN SEÑAL
NFLX | dd=46.6% | prob=0.403 < umbral -> SIN SEÑAL
NKE | dd=79.0% | prob=0.528 < umbral -> SIN SEÑAL
NOC | dd=37.1% | prob=0.403 < umbral -> SIN SEÑAL
NCLH | dd=75.9% | prob=0.569 < umbral -> SIN SEÑAL
NRG | dd=43.9% | prob=0.600 < umbral -> SIN SEÑAL
NVR | dd=39.8% | prob=0.423 < umbral -> SIN SEÑAL
NXPI | dd=31.8% | prob=0.552 < umbral -> SIN SEÑAL
ON | dd=41.1% | prob=0.638 < umbral -> SIN SEÑAL
ORCL | dd=60.3% | prob=0.600 < umbral -> SIN SEÑAL
OTIS | dd=36.6% | prob=0.311 < umbral -> SIN SEÑAL
PSKY | dd=89.7% | prob=0.731 < umbral -> SIN SEÑAL
PAYX | dd=32.6% | prob=0.403 < umbral -> SIN SEÑAL
PYPL | dd=82.1% | prob=0.423 < umbral -> SIN SEÑAL
PNR | dd=53.7% | prob=0.423 < umbral -> SIN SEÑAL
PFE | dd=41.8% | prob=0.251 < umbral -> SIN SEÑAL
PCG | dd=81.8% | prob=0.552 < umbral -> SIN SEÑAL
PPG | dd=36.1% | prob=0.402 < umbral -> SIN SEÑAL
QCOM | dd=32.0% | prob=0.593 < umbral -> SIN SEÑAL
RDDT | dd=44.7% | prob=0.649 < umbral -> SIN SEÑAL
REGN | dd=38.4% | prob=0.403 < umbral -> SIN SEÑAL
HOOD | dd=30.4% | prob=0.656 < umbral -> SIN SEÑAL
ROL | dd=50.9% | prob=0.518 < umbral -> SIN SEÑAL
ROP | dd=38.1% | prob=0.403 < umbral -> SIN SEÑAL
CRM | dd=37.5% | prob=0.496 < umbral -> SIN SEÑAL
SNDK | dd=31.6% | prob=0.731 < umbral -> SIN SEÑAL
SBAC | dd=53.1% | prob=0.423 < umbral -> SIN SEÑAL
SLB | dd=42.7% | prob=0.496 < umbral -> SIN SEÑAL
STX | dd=32.3% | prob=0.831 | ENTRAR | score_fund=80.0 | sent=0.0 | obj_analista=1144.3478
NOW | dd=41.7% | prob=0.552 < umbral -> SIN SEÑAL
SWKS | dd=54.1% | prob=0.649 < umbral -> SIN SEÑAL
LUV | dd=31.1% | prob=0.476 < umbral -> SIN SEÑAL
SWK | dd=52.4% | prob=0.476 < umbral -> SIN SEÑAL
SYK | dd=30.9% | prob=0.423 < umbral -> SIN SEÑAL
SMCI | dd=65.2% | prob=0.600 < umbral -> SIN SEÑAL
TMUS | dd=36.6% | prob=0.403 < umbral -> SIN SEÑAL
TROW | dd=42.2% | prob=0.402 < umbral -> SIN SEÑAL
TGT | dd=33.3% | prob=0.403 < umbral -> SIN SEÑAL
TPL | dd=38.7% | prob=0.565 < umbral -> SIN SEÑAL
TSCO | dd=46.6% | prob=0.431 < umbral -> SIN SEÑAL
TRMB | dd=38.0% | prob=0.403 < umbral -> SIN SEÑAL
TYL | dd=49.9% | prob=0.496 < umbral -> SIN SEÑAL
TSN | dd=40.0% | prob=0.311 < umbral -> SIN SEÑAL
UBER | dd=31.1% | prob=0.403 < umbral -> SIN SEÑAL
UDR | dd=33.8% | prob=0.311 < umbral -> SIN SEÑAL
UPS | dd=50.0% | prob=0.402 < umbral -> SIN SEÑAL
UNH | dd=38.7% | prob=0.423 < umbral -> SIN SEÑAL
VRSK | dd=45.1% | prob=0.476 < umbral -> SIN SEÑAL
VRT | dd=35.8% | prob=0.649 < umbral -> SIN SEÑAL
VTRS | dd=71.7% | prob=0.423 < umbral -> SIN SEÑAL
DIS | dd=45.6% | prob=0.251 < umbral -> SIN SEÑAL
WBD | dd=60.4% | prob=0.000 < umbral -> SIN SEÑAL
WDC | dd=50.8% | prob=0.831 | ENTRAR | score_fund=88.8 | sent=0.0 | obj_analista=670.7917
WY | dd=48.2% | prob=0.423 < umbral -> SIN SEÑAL
WDAY | dd=39.7% | prob=0.518 < umbral -> SIN SEÑAL
WYNN | dd=63.7% | prob=0.528 < umbral -> SIN SEÑAL
XYL | dd=33.2% | prob=0.403 < umbral -> SIN SEÑAL
ZBRA | dd=37.9% | prob=0.311 < umbral -> SIN SEÑAL
ZBH | dd=46.9% | prob=0.403 < umbral -> SIN SEÑAL
ZTS | dd=69.0% | prob=0.403 < umbral -> SIN SEÑAL
WDC | dd=50.8% | prob=0.831 | ENTRADA DESCARTADA: ya hay posición abierta en Cartera A y Cartera B.
DECIDIDAS PARA ENTRAR HOY (1): ['STX']
