
===== escaneo preapertura 2026-09-11 08:45:50 ET =====
RESUMEN: universo=503 drawdown>=30%=177 con_senal=4
AOS | dd=35.8% | prob=0.419 < umbral -> SIN SEÑAL
ACN | dd=54.0% | prob=0.566 < umbral -> SIN SEÑAL
ADBE | dd=64.4% | prob=0.566 < umbral -> SIN SEÑAL
AES | dd=67.4% | prob=0.000 < umbral -> SIN SEÑAL
AKAM | dd=69.0% | prob=0.638 < umbral -> SIN SEÑAL
ALB | dd=61.6% | prob=0.651 < umbral -> SIN SEÑAL
ARE | dd=72.8% | prob=0.558 < umbral -> SIN SEÑAL
ALGN | dd=79.6% | prob=0.555 < umbral -> SIN SEÑAL
AIG | dd=93.8% | prob=0.257 < umbral -> SIN SEÑAL
AMT | dd=33.4% | prob=0.419 < umbral -> SIN SEÑAL
APH | dd=55.0% | prob=0.808 | ENTRAR | score_fund=79.8 | sent=0.511 | obj_analista=99.26471
APA | dd=58.1% | prob=0.555 < umbral -> SIN SEÑAL
APO | dd=31.0% | prob=0.532 < umbral -> SIN SEÑAL
AMAT | dd=38.6% | prob=0.638 < umbral -> SIN SEÑAL
APP | dd=57.8% | prob=0.651 < umbral -> SIN SEÑAL
APTV | dd=74.7% | prob=0.566 < umbral -> SIN SEÑAL
ARES | dd=31.4% | prob=0.555 < umbral -> SIN SEÑAL
ADSK | dd=38.6% | prob=0.612 < umbral -> SIN SEÑAL
AZO | dd=34.3% | prob=0.412 < umbral -> SIN SEÑAL
AXON | dd=45.9% | prob=0.651 < umbral -> SIN SEÑAL
BALL | dd=37.6% | prob=0.313 < umbral -> SIN SEÑAL
BAX | dd=71.5% | prob=0.532 < umbral -> SIN SEÑAL
TECH | dd=45.8% | prob=0.000 < umbral -> SIN SEÑAL
BIIB | dd=55.1% | prob=0.474 < umbral -> SIN SEÑAL
BX | dd=34.3% | prob=0.546 < umbral -> SIN SEÑAL
XYZ | dd=72.7% | prob=0.555 < umbral -> SIN SEÑAL
BA | dd=53.0% | prob=0.412 < umbral -> SIN SEÑAL
BSX | dd=60.6% | prob=0.608 < umbral -> SIN SEÑAL
BR | dd=36.9% | prob=0.438 < umbral -> SIN SEÑAL
BRO | dd=46.7% | prob=0.459 < umbral -> SIN SEÑAL
BF.B | dd=64.1% | prob=0.477 < umbral -> SIN SEÑAL
BLDR | dd=72.5% | prob=0.651 < umbral -> SIN SEÑAL
BXP | dd=40.5% | prob=0.419 < umbral -> SIN SEÑAL
CDNS | dd=31.6% | prob=0.587 < umbral -> SIN SEÑAL
CPT | dd=33.1% | prob=0.313 < umbral -> SIN SEÑAL
CCL | dd=66.1% | prob=0.555 < umbral -> SIN SEÑAL
CARR | dd=30.1% | prob=0.477 < umbral -> SIN SEÑAL
CASY | dd=32.4% | prob=0.683 < umbral -> SIN SEÑAL
CDW | dd=43.9% | prob=0.608 < umbral -> SIN SEÑAL
CNC | dd=33.6% | prob=0.560 < umbral -> SIN SEÑAL
CRL | dd=40.7% | prob=0.477 < umbral -> SIN SEÑAL
CHTR | dd=83.0% | prob=0.723 < umbral -> SIN SEÑAL
CMG | dd=47.8% | prob=0.532 < umbral -> SIN SEÑAL
CIEN | dd=68.3% | prob=0.803 | ENTRAR | score_fund=63.6 | sent=0.436 | obj_analista=504.12775
C | dd=63.4% | prob=0.408 < umbral -> SIN SEÑAL
CLX | dd=55.4% | prob=0.474 < umbral -> SIN SEÑAL
CTSH | dd=34.0% | prob=0.558 < umbral -> SIN SEÑAL
COHR | dd=33.4% | prob=0.858 | ENTRAR | score_fund=53.3 | sent=0.418 | obj_analista=415.36197
COIN | dd=61.3% | prob=0.723 < umbral -> SIN SEÑAL
CMCSA | dd=48.9% | prob=0.474 < umbral -> SIN SEÑAL
STZ | dd=52.2% | prob=0.477 < umbral -> SIN SEÑAL
CEG | dd=30.4% | prob=0.555 < umbral -> SIN SEÑAL
COO | dd=53.2% | prob=0.587 < umbral -> SIN SEÑAL
CPRT | dd=52.2% | prob=0.555 < umbral -> SIN SEÑAL
GLW | dd=40.0% | prob=0.651 < umbral -> SIN SEÑAL
CSGP | dd=70.8% | prob=0.612 < umbral -> SIN SEÑAL
CRH | dd=32.9% | prob=0.532 < umbral -> SIN SEÑAL
CCI | dd=55.9% | prob=0.477 < umbral -> SIN SEÑAL
DHR | dd=30.6% | prob=0.438 < umbral -> SIN SEÑAL
DECK | dd=64.3% | prob=0.546 < umbral -> SIN SEÑAL
DVN | dd=37.0% | prob=0.412 < umbral -> SIN SEÑAL
DXCM | dd=48.7% | prob=0.505 < umbral -> SIN SEÑAL
DG | dd=49.4% | prob=0.532 < umbral -> SIN SEÑAL
DLTR | dd=33.0% | prob=0.560 < umbral -> SIN SEÑAL
DPZ | dd=40.3% | prob=0.555 < umbral -> SIN SEÑAL
DOW | dd=47.7% | prob=0.566 < umbral -> SIN SEÑAL
DHI | dd=30.8% | prob=0.459 < umbral -> SIN SEÑAL
ECHO | dd=37.6% | prob=0.560 < umbral -> SIN SEÑAL
EIX | dd=30.5% | prob=0.651 < umbral -> SIN SEÑAL
EW | dd=34.1% | prob=0.412 < umbral -> SIN SEÑAL
EFX | dd=44.9% | prob=0.587 < umbral -> SIN SEÑAL
ERIE | dd=54.5% | prob=0.555 < umbral -> SIN SEÑAL
EL | dd=72.3% | prob=0.555 < umbral -> SIN SEÑAL
FDS | dd=46.1% | prob=0.608 < umbral -> SIN SEÑAL
FICO | dd=60.0% | prob=0.723 < umbral -> SIN SEÑAL
FIS | dd=72.0% | prob=0.555 < umbral -> SIN SEÑAL
FSLR | dd=35.5% | prob=0.638 < umbral -> SIN SEÑAL
FISV | dd=79.5% | prob=0.558 < umbral -> SIN SEÑAL
FLEX | dd=35.3% | prob=0.651 < umbral -> SIN SEÑAL
IT | dd=70.8% | prob=0.638 < umbral -> SIN SEÑAL
GEHC | dd=32.0% | prob=0.422 < umbral -> SIN SEÑAL
GNRC | dd=65.4% | prob=0.612 < umbral -> SIN SEÑAL
GIS | dd=54.2% | prob=0.555 < umbral -> SIN SEÑAL
GPN | dd=57.9% | prob=0.438 < umbral -> SIN SEÑAL
GDDY | dd=55.4% | prob=0.587 < umbral -> SIN SEÑAL
HAL | dd=39.1% | prob=0.555 < umbral -> SIN SEÑAL
HSY | dd=31.1% | prob=0.412 < umbral -> SIN SEÑAL
HRL | dd=55.9% | prob=0.419 < umbral -> SIN SEÑAL
HII | dd=38.5% | prob=0.477 < umbral -> SIN SEÑAL
IDXX | dd=34.2% | prob=0.532 < umbral -> SIN SEÑAL
IR | dd=31.0% | prob=0.419 < umbral -> SIN SEÑAL
PODD | dd=62.0% | prob=0.608 < umbral -> SIN SEÑAL
IFF | dd=38.8% | prob=0.412 < umbral -> SIN SEÑAL
IP | dd=39.4% | prob=0.555 < umbral -> SIN SEÑAL
INTU | dd=61.1% | prob=0.608 < umbral -> SIN SEÑAL
ISRG | dd=41.5% | prob=0.555 < umbral -> SIN SEÑAL
KMB | dd=30.7% | prob=0.419 < umbral -> SIN SEÑAL
KKR | dd=40.2% | prob=0.555 < umbral -> SIN SEÑAL
KLAC | dd=42.4% | prob=0.651 < umbral -> SIN SEÑAL
KHC | dd=61.1% | prob=0.419 < umbral -> SIN SEÑAL
LHX | dd=34.0% | prob=0.438 < umbral -> SIN SEÑAL
LRCX | dd=32.0% | prob=0.651 < umbral -> SIN SEÑAL
LVS | dd=54.5% | prob=0.477 < umbral -> SIN SEÑAL
LDOS | dd=36.5% | prob=0.477 < umbral -> SIN SEÑAL
LEN | dd=57.0% | prob=0.532 < umbral -> SIN SEÑAL
LII | dd=45.4% | prob=0.532 < umbral -> SIN SEÑAL
LOW | dd=32.6% | prob=0.412 < umbral -> SIN SEÑAL
LULU | dd=81.2% | prob=0.723 < umbral -> SIN SEÑAL
MRVL | dd=31.2% | prob=0.723 < umbral -> SIN SEÑAL
MKC | dd=47.1% | prob=0.419 < umbral -> SIN SEÑAL
MGM | dd=57.1% | prob=0.412 < umbral -> SIN SEÑAL
MCHP | dd=32.1% | prob=0.587 < umbral -> SIN SEÑAL
MAA | dd=35.5% | prob=0.313 < umbral -> SIN SEÑAL
MRNA | dd=72.5% | prob=0.798 | ENTRAR (EXCEPCIONAL: entra pese a deterioro) | score_fund=16.3 | sent=-0.114 | obj_analista=119.55556
TAP | dd=55.7% | prob=0.505 < umbral -> SIN SEÑAL
MPWR | dd=30.7% | prob=0.612 < umbral -> SIN SEÑAL
MNST | dd=57.1% | prob=0.723 < umbral -> SIN SEÑAL
MOS | dd=78.4% | prob=0.587 < umbral -> SIN SEÑAL
NFLX | dd=43.3% | prob=0.532 < umbral -> SIN SEÑAL
NKE | dd=77.8% | prob=0.477 < umbral -> SIN SEÑAL
NOC | dd=32.7% | prob=0.412 < umbral -> SIN SEÑAL
NCLH | dd=77.3% | prob=0.587 < umbral -> SIN SEÑAL
NRG | dd=41.0% | prob=0.587 < umbral -> SIN SEÑAL
NVR | dd=38.9% | prob=0.419 < umbral -> SIN SEÑAL
NXPI | dd=33.2% | prob=0.555 < umbral -> SIN SEÑAL
ON | dd=48.0% | prob=0.651 < umbral -> SIN SEÑAL
ORCL | dd=55.3% | prob=0.651 < umbral -> SIN SEÑAL
OTIS | dd=34.9% | prob=0.315 < umbral -> SIN SEÑAL
PSKY | dd=88.5% | prob=0.608 < umbral -> SIN SEÑAL
PYPL | dd=82.7% | prob=0.477 < umbral -> SIN SEÑAL
PNR | dd=49.8% | prob=0.532 < umbral -> SIN SEÑAL
PFE | dd=42.1% | prob=0.386 < umbral -> SIN SEÑAL
PCG | dd=79.9% | prob=0.651 < umbral -> SIN SEÑAL
PPG | dd=36.3% | prob=0.438 < umbral -> SIN SEÑAL
PTC | dd=41.4% | prob=0.566 < umbral -> SIN SEÑAL
QCOM | dd=31.7% | prob=0.608 < umbral -> SIN SEÑAL
RDDT | dd=45.1% | prob=0.718 < umbral -> SIN SEÑAL
REGN | dd=34.0% | prob=0.412 < umbral -> SIN SEÑAL
RVTY | dd=39.8% | prob=0.505 < umbral -> SIN SEÑAL
ROL | dd=47.4% | prob=0.474 < umbral -> SIN SEÑAL
ROP | dd=33.9% | prob=0.419 < umbral -> SIN SEÑAL
CRM | dd=33.3% | prob=0.587 < umbral -> SIN SEÑAL
SBAC | dd=50.0% | prob=0.477 < umbral -> SIN SEÑAL
SLB | dd=34.5% | prob=0.555 < umbral -> SIN SEÑAL
NOW | dd=45.3% | prob=0.638 < umbral -> SIN SEÑAL
SWKS | dd=52.3% | prob=0.612 < umbral -> SIN SEÑAL
LUV | dd=35.6% | prob=0.477 < umbral -> SIN SEÑAL
SWK | dd=52.4% | prob=0.532 < umbral -> SIN SEÑAL
SYK | dd=32.6% | prob=0.566 < umbral -> SIN SEÑAL
SMCI | dd=69.6% | prob=0.723 < umbral -> SIN SEÑAL
SNPS | dd=39.1% | prob=0.587 < umbral -> SIN SEÑAL
TMUS | dd=34.5% | prob=0.438 < umbral -> SIN SEÑAL
TROW | dd=40.4% | prob=0.313 < umbral -> SIN SEÑAL
TGT | dd=32.9% | prob=0.474 < umbral -> SIN SEÑAL
TPL | dd=37.3% | prob=0.560 < umbral -> SIN SEÑAL
TTD | dd=90.1% | prob=0.651 < umbral -> SIN SEÑAL
TSCO | dd=46.5% | prob=0.532 < umbral -> SIN SEÑAL
TRMB | dd=41.1% | prob=0.477 < umbral -> SIN SEÑAL
TYL | dd=49.3% | prob=0.587 < umbral -> SIN SEÑAL
TSN | dd=39.8% | prob=0.477 < umbral -> SIN SEÑAL
UDR | dd=30.7% | prob=0.267 < umbral -> SIN SEÑAL
UPS | dd=46.9% | prob=0.315 < umbral -> SIN SEÑAL
UNH | dd=35.8% | prob=0.474 < umbral -> SIN SEÑAL
VRSK | dd=45.0% | prob=0.555 < umbral -> SIN SEÑAL
VRT | dd=34.7% | prob=0.723 < umbral -> SIN SEÑAL
VTRS | dd=73.5% | prob=0.459 < umbral -> SIN SEÑAL
VST | dd=32.8% | prob=0.555 < umbral -> SIN SEÑAL
DIS | dd=46.2% | prob=0.315 < umbral -> SIN SEÑAL
WBD | dd=63.9% | prob=0.250 < umbral -> SIN SEÑAL
WDC | dd=42.4% | prob=0.774 < umbral -> SIN SEÑAL
WY | dd=40.6% | prob=0.412 < umbral -> SIN SEÑAL
WDAY | dd=40.5% | prob=0.611 < umbral -> SIN SEÑAL
WYNN | dd=57.3% | prob=0.477 < umbral -> SIN SEÑAL
XYL | dd=30.2% | prob=0.412 < umbral -> SIN SEÑAL
ZBRA | dd=44.1% | prob=0.477 < umbral -> SIN SEÑAL
ZBH | dd=44.8% | prob=0.477 < umbral -> SIN SEÑAL
ZTS | dd=69.1% | prob=0.532 < umbral -> SIN SEÑAL
COHR | dd=33.4% | prob=0.858 | ENTRADA DESCARTADA: ya hay posición abierta en Cartera A y Cartera B.
APH | dd=55.0% | prob=0.808 | ENTRADA DESCARTADA: ya hay posición abierta en Cartera A y Cartera B.
CIEN | dd=68.3% | prob=0.802 | ENTRADA DESCARTADA: ya hay posición abierta en Cartera A y Cartera B.
MRNA | dd=72.5% | prob=0.797 | ENTRADA DESCARTADA: ya hay posición abierta en Cartera A y Cartera B.
DECIDIDAS PARA ENTRAR HOY (0): []

===== escaneo postcierre 2026-09-11 18:00:58 ET =====
POST-CIERRE 2026-09-11
entradas ejecutadas: []
cambios de objetivo: 8
cierres: [('SNDK', 'A', 'tiempo', 0.1299), ('SNDK', 'B', 'tiempo', 0.1299), ('CIEN', 'B', 'tiempo', -0.1271)]
