
===== escaneo preapertura 2026-08-07 08:46:06 ET =====
RESUMEN: universo=503 drawdown>=30%=150 con_senal=11
ACN | dd=55.7% | prob=0.629 < umbral -> SIN SEÑAL
ADBE | dd=62.8% | prob=0.613 < umbral -> SIN SEÑAL
AES | dd=67.6% | prob=0.000 < umbral -> SIN SEÑAL
ABNB | dd=31.1% | prob=0.441 < umbral -> SIN SEÑAL
AKAM | dd=65.7% | prob=0.629 < umbral -> SIN SEÑAL
ALB | dd=60.5% | prob=0.649 < umbral -> SIN SEÑAL
ARE | dd=73.4% | prob=0.591 < umbral -> SIN SEÑAL
ALGN | dd=77.1% | prob=0.590 < umbral -> SIN SEÑAL
AIG | dd=93.4% | prob=0.300 < umbral -> SIN SEÑAL
AMT | dd=34.1% | prob=0.517 < umbral -> SIN SEÑAL
APA | dd=65.6% | prob=0.569 < umbral -> SIN SEÑAL
APO | dd=30.9% | prob=0.545 < umbral -> SIN SEÑAL
APP | dd=55.0% | prob=0.859 | ENTRAR | score_fund=91.0 | sent=0.323 | obj_analista=569.5
APTV | dd=74.4% | prob=0.649 < umbral -> SIN SEÑAL
AZO | dd=30.0% | prob=0.476 < umbral -> SIN SEÑAL
AXON | dd=41.0% | prob=0.723 < umbral -> SIN SEÑAL
BALL | dd=34.1% | prob=0.413 < umbral -> SIN SEÑAL
BAX | dd=68.1% | prob=0.591 < umbral -> SIN SEÑAL
TECH | dd=46.0% | prob=0.000 < umbral -> SIN SEÑAL
BIIB | dd=57.0% | prob=0.551 < umbral -> SIN SEÑAL
BX | dd=30.1% | prob=0.520 < umbral -> SIN SEÑAL
XYZ | dd=72.7% | prob=0.551 < umbral -> SIN SEÑAL
BA | dd=46.7% | prob=0.546 < umbral -> SIN SEÑAL
BSX | dd=55.0% | prob=0.569 < umbral -> SIN SEÑAL
BR | dd=38.2% | prob=0.551 < umbral -> SIN SEÑAL
BRO | dd=42.8% | prob=0.517 < umbral -> SIN SEÑAL
BF.B | dd=61.8% | prob=0.551 < umbral -> SIN SEÑAL
BLDR | dd=66.2% | prob=0.613 < umbral -> SIN SEÑAL
BXP | dd=35.7% | prob=0.413 < umbral -> SIN SEÑAL
CHRW | dd=30.3% | prob=0.613 < umbral -> SIN SEÑAL
CCL | dd=56.5% | prob=0.535 < umbral -> SIN SEÑAL
CDW | dd=44.2% | prob=0.649 < umbral -> SIN SEÑAL
CNC | dd=34.8% | prob=0.591 < umbral -> SIN SEÑAL
CRL | dd=42.3% | prob=0.551 < umbral -> SIN SEÑAL
CHTR | dd=80.9% | prob=0.629 < umbral -> SIN SEÑAL
CMG | dd=51.3% | prob=0.649 < umbral -> SIN SEÑAL
CIEN | dd=61.8% | prob=0.859 | ENTRAR | score_fund=60.0 | sent=0.35 | obj_analista=565.7067
C | dd=64.7% | prob=0.441 < umbral -> SIN SEÑAL
CLX | dd=46.9% | prob=0.413 < umbral -> SIN SEÑAL
CTSH | dd=35.6% | prob=0.613 < umbral -> SIN SEÑAL
COIN | dd=67.3% | prob=0.795 | ENTRAR (EXCEPCIONAL: entra pese a deterioro) | score_fund=14.6 | sent=0.309 | obj_analista=195.51965
CMCSA | dd=48.9% | prob=0.535 < umbral -> SIN SEÑAL
STZ | dd=48.9% | prob=0.413 < umbral -> SIN SEÑAL
CEG | dd=36.5% | prob=0.591 < umbral -> SIN SEÑAL
COO | dd=36.7% | prob=0.300 < umbral -> SIN SEÑAL
CPRT | dd=54.9% | prob=0.551 < umbral -> SIN SEÑAL
GLW | dd=42.2% | prob=0.881 | ENTRAR | score_fund=59.0 | sent=0.101 | obj_analista=191.4
CSGP | dd=70.7% | prob=0.649 < umbral -> SIN SEÑAL
CCI | dd=55.3% | prob=0.590 < umbral -> SIN SEÑAL
DHR | dd=30.8% | prob=0.517 < umbral -> SIN SEÑAL
DECK | dd=56.3% | prob=0.551 < umbral -> SIN SEÑAL
DVN | dd=45.7% | prob=0.545 < umbral -> SIN SEÑAL
DXCM | dd=49.6% | prob=0.474 < umbral -> SIN SEÑAL
DG | dd=47.6% | prob=0.476 < umbral -> SIN SEÑAL
DPZ | dd=32.5% | prob=0.535 < umbral -> SIN SEÑAL
DOW | dd=46.5% | prob=0.591 < umbral -> SIN SEÑAL
ECHO | dd=40.9% | prob=0.723 < umbral -> SIN SEÑAL
EW | dd=32.2% | prob=0.410 < umbral -> SIN SEÑAL
EFX | dd=42.3% | prob=0.591 < umbral -> SIN SEÑAL
ERIE | dd=51.9% | prob=0.613 < umbral -> SIN SEÑAL
EL | dd=75.5% | prob=0.512 < umbral -> SIN SEÑAL
FDS | dd=43.8% | prob=0.590 < umbral -> SIN SEÑAL
FICO | dd=57.0% | prob=0.723 < umbral -> SIN SEÑAL
FIS | dd=68.9% | prob=0.613 < umbral -> SIN SEÑAL
FISV | dd=77.3% | prob=0.591 < umbral -> SIN SEÑAL
IT | dd=68.4% | prob=0.649 < umbral -> SIN SEÑAL
GNRC | dd=59.7% | prob=0.708 < umbral -> SIN SEÑAL
GIS | dd=54.1% | prob=0.476 < umbral -> SIN SEÑAL
GPN | dd=58.3% | prob=0.546 < umbral -> SIN SEÑAL
GDDY | dd=58.2% | prob=0.723 < umbral -> SIN SEÑAL
HAL | dd=45.1% | prob=0.535 < umbral -> SIN SEÑAL
HRL | dd=46.9% | prob=0.292 < umbral -> SIN SEÑAL
HUM | dd=33.0% | prob=0.551 < umbral -> SIN SEÑAL
PODD | dd=60.7% | prob=0.723 < umbral -> SIN SEÑAL
IFF | dd=38.4% | prob=0.546 < umbral -> SIN SEÑAL
INTU | dd=60.0% | prob=0.629 < umbral -> SIN SEÑAL
ISRG | dd=39.3% | prob=0.551 < umbral -> SIN SEÑAL
KKR | dd=38.8% | prob=0.551 < umbral -> SIN SEÑAL
KLAC | dd=37.1% | prob=0.723 < umbral -> SIN SEÑAL
KHC | dd=60.1% | prob=0.545 < umbral -> SIN SEÑAL
LRCX | dd=30.3% | prob=0.859 | ENTRAR | score_fund=80.0 | sent=0.329 | obj_analista=368.12903
LVS | dd=50.8% | prob=0.545 < umbral -> SIN SEÑAL
LDOS | dd=33.7% | prob=0.546 < umbral -> SIN SEÑAL
LEN | dd=53.2% | prob=0.517 < umbral -> SIN SEÑAL
LII | dd=36.1% | prob=0.591 < umbral -> SIN SEÑAL
LULU | dd=75.8% | prob=0.545 < umbral -> SIN SEÑAL
LYB | dd=32.6% | prob=0.591 < umbral -> SIN SEÑAL
MRVL | dd=36.2% | prob=0.863 | ENTRAR | score_fund=57.6 | sent=0.356 | obj_analista=256.9142
MKC | dd=45.9% | prob=0.476 < umbral -> SIN SEÑAL
MGM | dd=52.9% | prob=0.410 < umbral -> SIN SEÑAL
MAA | dd=30.8% | prob=0.292 < umbral -> SIN SEÑAL
MRNA | dd=89.2% | prob=0.849 | ENTRAR (EXCEPCIONAL: entra pese a deterioro) | score_fund=16.3 | sent=0.312 | obj_analista=50.84211
TAP | dd=51.2% | prob=0.517 < umbral -> SIN SEÑAL
MOS | dd=80.0% | prob=0.590 < umbral -> SIN SEÑAL
NFLX | dd=45.1% | prob=0.551 < umbral -> SIN SEÑAL
NKE | dd=74.6% | prob=0.476 < umbral -> SIN SEÑAL
NCLH | dd=69.9% | prob=0.591 < umbral -> SIN SEÑAL
NRG | dd=37.1% | prob=0.723 < umbral -> SIN SEÑAL
NVR | dd=36.7% | prob=0.476 < umbral -> SIN SEÑAL
NXPI | dd=31.6% | prob=0.689 < umbral -> SIN SEÑAL
ON | dd=41.9% | prob=0.805 | ENTRAR | score_fund=62.5 | sent=0.546 | obj_analista=108.88
ORCL | dd=58.0% | prob=0.649 < umbral -> SIN SEÑAL
PSKY | dd=89.9% | prob=0.591 < umbral -> SIN SEÑAL
PYPL | dd=80.6% | prob=0.411 < umbral -> SIN SEÑAL
PNR | dd=38.2% | prob=0.546 < umbral -> SIN SEÑAL
PFE | dd=45.2% | prob=0.292 < umbral -> SIN SEÑAL
PCG | dd=75.6% | prob=0.413 < umbral -> SIN SEÑAL
PTC | dd=32.8% | prob=0.591 < umbral -> SIN SEÑAL
QCOM | dd=38.1% | prob=0.700 < umbral -> SIN SEÑAL
REGN | dd=35.7% | prob=0.474 < umbral -> SIN SEÑAL
RVTY | dd=43.1% | prob=0.546 < umbral -> SIN SEÑAL
HOOD | dd=41.0% | prob=0.708 < umbral -> SIN SEÑAL
ROL | dd=44.0% | prob=0.551 < umbral -> SIN SEÑAL
ROP | dd=32.5% | prob=0.545 < umbral -> SIN SEÑAL
CRM | dd=48.7% | prob=0.591 < umbral -> SIN SEÑAL
SNDK | dd=46.5% | prob=0.951 | ENTRAR | score_fund=90.5 | sent=0.18 | obj_analista=2116.6365
SBAC | dd=49.7% | prob=0.590 < umbral -> SIN SEÑAL
SLB | dd=39.7% | prob=0.545 < umbral -> SIN SEÑAL
NOW | dd=51.0% | prob=0.649 < umbral -> SIN SEÑAL
SWKS | dd=62.0% | prob=0.613 < umbral -> SIN SEÑAL
SWK | dd=46.1% | prob=0.517 < umbral -> SIN SEÑAL
SMCI | dd=76.1% | prob=0.805 | ENTRAR | score_fund=56.0 | sent=0.591 | obj_analista=37.8125
SNPS | dd=37.7% | prob=0.551 < umbral -> SIN SEÑAL
TMUS | dd=33.4% | prob=0.551 < umbral -> SIN SEÑAL
TROW | dd=37.0% | prob=0.441 < umbral -> SIN SEÑAL
TGT | dd=36.6% | prob=0.413 < umbral -> SIN SEÑAL
TSLA | dd=35.9% | prob=0.613 < umbral -> SIN SEÑAL
TPL | dd=39.1% | prob=0.649 < umbral -> SIN SEÑAL
TTD | dd=87.5% | prob=0.723 < umbral -> SIN SEÑAL
TSCO | dd=45.6% | prob=0.441 < umbral -> SIN SEÑAL
TRMB | dd=39.3% | prob=0.551 < umbral -> SIN SEÑAL
TYL | dd=53.7% | prob=0.629 < umbral -> SIN SEÑAL
TSN | dd=32.9% | prob=0.517 < umbral -> SIN SEÑAL
UBER | dd=30.9% | prob=0.551 < umbral -> SIN SEÑAL
UPS | dd=45.2% | prob=0.413 < umbral -> SIN SEÑAL
UNH | dd=33.2% | prob=0.517 < umbral -> SIN SEÑAL
UHS | dd=30.9% | prob=0.569 < umbral -> SIN SEÑAL
VEEV | dd=36.7% | prob=0.519 < umbral -> SIN SEÑAL
VRSK | dd=40.6% | prob=0.569 < umbral -> SIN SEÑAL
VTRS | dd=73.6% | prob=0.569 < umbral -> SIN SEÑAL
VST | dd=35.4% | prob=0.649 < umbral -> SIN SEÑAL
DIS | dd=46.8% | prob=0.369 < umbral -> SIN SEÑAL
WBD | dd=66.2% | prob=0.292 < umbral -> SIN SEÑAL
WDC | dd=43.6% | prob=0.951 | ENTRAR | score_fund=91.4 | sent=0.145 | obj_analista=665.25
WY | dd=31.3% | prob=0.410 < umbral -> SIN SEÑAL
WDAY | dd=45.3% | prob=0.629 < umbral -> SIN SEÑAL
WYNN | dd=51.0% | prob=0.512 < umbral -> SIN SEÑAL
ZBRA | dd=40.8% | prob=0.551 < umbral -> SIN SEÑAL
ZBH | dd=42.0% | prob=0.476 < umbral -> SIN SEÑAL
ZTS | dd=67.2% | prob=0.551 < umbral -> SIN SEÑAL
SNDK | dd=46.5% | prob=0.951 | ENTRADA DESCARTADA: ya hay posición abierta en Cartera A y Cartera B.
WDC | dd=43.6% | prob=0.951 | ENTRADA SOLO EN CARTERA A: ya hay posición abierta en Cartera B.
GLW | dd=42.2% | prob=0.881 | ENTRADA DESCARTADA: ya hay posición abierta en Cartera A y Cartera B.
MRVL | dd=36.2% | prob=0.863 | ENTRADA DESCARTADA: ya hay posición abierta en Cartera A y Cartera B.
CIEN | dd=61.8% | prob=0.859 | ENTRADA DESCARTADA: ya hay posición abierta en Cartera A y Cartera B.
LRCX | dd=30.3% | prob=0.859 | ENTRADA DESCARTADA: ya hay posición abierta en Cartera A y Cartera B.
DECIDIDAS PARA ENTRAR HOY (3): ['WDC', 'APP', 'MRNA']

===== escaneo postcierre 2026-08-07 18:00:50 ET =====
POST-CIERRE 2026-08-07
entradas ejecutadas: ['WDC', 'APP', 'MRNA']
cambios de objetivo: 32
cierres: []
