
===== escaneo preapertura 2026-09-22 08:45:45 ET =====
RESUMEN: universo=503 drawdown>=30%=180 con_senal=1
AOS | dd=35.5% | prob=0.419 < umbral -> SIN SEÑAL
ACN | dd=51.8% | prob=0.555 < umbral -> SIN SEÑAL
ADBE | dd=64.3% | prob=0.555 < umbral -> SIN SEÑAL
AES | dd=67.3% | prob=0.000 < umbral -> SIN SEÑAL
AKAM | dd=66.0% | prob=0.608 < umbral -> SIN SEÑAL
ALB | dd=64.5% | prob=0.638 < umbral -> SIN SEÑAL
ARE | dd=70.7% | prob=0.558 < umbral -> SIN SEÑAL
ALGN | dd=80.1% | prob=0.555 < umbral -> SIN SEÑAL
AIG | dd=93.8% | prob=0.257 < umbral -> SIN SEÑAL
AMT | dd=32.8% | prob=0.386 < umbral -> SIN SEÑAL
APH | dd=54.8% | prob=0.723 < umbral -> SIN SEÑAL
APA | dd=58.8% | prob=0.555 < umbral -> SIN SEÑAL
APO | dd=31.0% | prob=0.438 < umbral -> SIN SEÑAL
AMAT | dd=37.2% | prob=0.638 < umbral -> SIN SEÑAL
APP | dd=55.7% | prob=0.667 < umbral -> SIN SEÑAL
APTV | dd=75.9% | prob=0.555 < umbral -> SIN SEÑAL
ARES | dd=33.5% | prob=0.532 < umbral -> SIN SEÑAL
AJG | dd=31.7% | prob=0.438 < umbral -> SIN SEÑAL
ADSK | dd=36.5% | prob=0.558 < umbral -> SIN SEÑAL
AZO | dd=36.1% | prob=0.419 < umbral -> SIN SEÑAL
AXON | dd=49.0% | prob=0.718 < umbral -> SIN SEÑAL
BALL | dd=37.6% | prob=0.313 < umbral -> SIN SEÑAL
BAX | dd=72.9% | prob=0.532 < umbral -> SIN SEÑAL
TECH | dd=45.5% | prob=0.000 < umbral -> SIN SEÑAL
BIIB | dd=54.4% | prob=0.419 < umbral -> SIN SEÑAL
BX | dd=33.8% | prob=0.438 < umbral -> SIN SEÑAL
XYZ | dd=73.1% | prob=0.505 < umbral -> SIN SEÑAL
BA | dd=53.8% | prob=0.438 < umbral -> SIN SEÑAL
BSX | dd=60.1% | prob=0.555 < umbral -> SIN SEÑAL
BR | dd=38.2% | prob=0.419 < umbral -> SIN SEÑAL
BRO | dd=48.3% | prob=0.438 < umbral -> SIN SEÑAL
BF.B | dd=64.7% | prob=0.477 < umbral -> SIN SEÑAL
BLDR | dd=72.7% | prob=0.651 < umbral -> SIN SEÑAL
BXP | dd=40.1% | prob=0.319 < umbral -> SIN SEÑAL
CPT | dd=35.5% | prob=0.313 < umbral -> SIN SEÑAL
CCL | dd=66.3% | prob=0.532 < umbral -> SIN SEÑAL
CARR | dd=32.6% | prob=0.555 < umbral -> SIN SEÑAL
CVNA | dd=31.0% | prob=0.612 < umbral -> SIN SEÑAL
CASY | dd=36.9% | prob=0.608 < umbral -> SIN SEÑAL
CDW | dd=42.4% | prob=0.566 < umbral -> SIN SEÑAL
CNC | dd=34.0% | prob=0.566 < umbral -> SIN SEÑAL
CRL | dd=39.4% | prob=0.477 < umbral -> SIN SEÑAL
CHTR | dd=85.1% | prob=0.683 < umbral -> SIN SEÑAL
CMG | dd=52.2% | prob=0.555 < umbral -> SIN SEÑAL
CIEN | dd=65.4% | prob=0.798 | ENTRAR | score_fund=63.6 | sent=0.378 | obj_analista=516.83234
C | dd=64.3% | prob=0.474 < umbral -> SIN SEÑAL
CLX | dd=57.4% | prob=0.505 < umbral -> SIN SEÑAL
CTSH | dd=32.8% | prob=0.505 < umbral -> SIN SEÑAL
COIN | dd=54.8% | prob=0.723 < umbral -> SIN SEÑAL
CMCSA | dd=53.4% | prob=0.477 < umbral -> SIN SEÑAL
STZ | dd=54.3% | prob=0.474 < umbral -> SIN SEÑAL
CEG | dd=36.2% | prob=0.555 < umbral -> SIN SEÑAL
COO | dd=53.3% | prob=0.558 < umbral -> SIN SEÑAL
CPRT | dd=55.1% | prob=0.566 < umbral -> SIN SEÑAL
GLW | dd=41.5% | prob=0.723 < umbral -> SIN SEÑAL
CSGP | dd=71.3% | prob=0.608 < umbral -> SIN SEÑAL
CRH | dd=33.3% | prob=0.477 < umbral -> SIN SEÑAL
CCI | dd=56.3% | prob=0.419 < umbral -> SIN SEÑAL
DECK | dd=64.2% | prob=0.532 < umbral -> SIN SEÑAL
DVN | dd=40.1% | prob=0.459 < umbral -> SIN SEÑAL
DXCM | dd=45.9% | prob=0.412 < umbral -> SIN SEÑAL
DG | dd=49.9% | prob=0.532 < umbral -> SIN SEÑAL
DLTR | dd=36.6% | prob=0.555 < umbral -> SIN SEÑAL
DPZ | dd=44.3% | prob=0.532 < umbral -> SIN SEÑAL
DASH | dd=32.1% | prob=0.555 < umbral -> SIN SEÑAL
DOW | dd=50.1% | prob=0.555 < umbral -> SIN SEÑAL
ECHO | dd=35.2% | prob=0.555 < umbral -> SIN SEÑAL
EIX | dd=32.7% | prob=0.612 < umbral -> SIN SEÑAL
EW | dd=32.9% | prob=0.412 < umbral -> SIN SEÑAL
EFX | dd=48.0% | prob=0.555 < umbral -> SIN SEÑAL
ERIE | dd=55.4% | prob=0.555 < umbral -> SIN SEÑAL
EL | dd=72.3% | prob=0.505 < umbral -> SIN SEÑAL
FDS | dd=41.8% | prob=0.555 < umbral -> SIN SEÑAL
FICO | dd=61.5% | prob=0.651 < umbral -> SIN SEÑAL
FIS | dd=74.4% | prob=0.555 < umbral -> SIN SEÑAL
FSLR | dd=37.7% | prob=0.651 < umbral -> SIN SEÑAL
FISV | dd=80.5% | prob=0.566 < umbral -> SIN SEÑAL
FLEX | dd=33.1% | prob=0.653 < umbral -> SIN SEÑAL
F | dd=31.7% | prob=0.555 < umbral -> SIN SEÑAL
IT | dd=68.6% | prob=0.608 < umbral -> SIN SEÑAL
GEHC | dd=31.4% | prob=0.412 < umbral -> SIN SEÑAL
GNRC | dd=60.9% | prob=0.723 < umbral -> SIN SEÑAL
GIS | dd=54.9% | prob=0.474 < umbral -> SIN SEÑAL
GPN | dd=59.4% | prob=0.438 < umbral -> SIN SEÑAL
GDDY | dd=51.5% | prob=0.575 < umbral -> SIN SEÑAL
HAL | dd=43.6% | prob=0.532 < umbral -> SIN SEÑAL
HSY | dd=33.6% | prob=0.412 < umbral -> SIN SEÑAL
HRL | dd=56.7% | prob=0.412 < umbral -> SIN SEÑAL
HUM | dd=30.9% | prob=0.555 < umbral -> SIN SEÑAL
HII | dd=39.7% | prob=0.419 < umbral -> SIN SEÑAL
IBM | dd=30.2% | prob=0.555 < umbral -> SIN SEÑAL
IDXX | dd=33.1% | prob=0.419 < umbral -> SIN SEÑAL
IR | dd=31.7% | prob=0.438 < umbral -> SIN SEÑAL
PODD | dd=60.4% | prob=0.555 < umbral -> SIN SEÑAL
IFF | dd=39.1% | prob=0.313 < umbral -> SIN SEÑAL
IP | dd=37.6% | prob=0.555 < umbral -> SIN SEÑAL
INTU | dd=62.2% | prob=0.587 < umbral -> SIN SEÑAL
ISRG | dd=34.8% | prob=0.505 < umbral -> SIN SEÑAL
INVH | dd=30.8% | prob=0.257 < umbral -> SIN SEÑAL
KMB | dd=31.2% | prob=0.412 < umbral -> SIN SEÑAL
KKR | dd=40.3% | prob=0.505 < umbral -> SIN SEÑAL
KLAC | dd=40.1% | prob=0.638 < umbral -> SIN SEÑAL
KHC | dd=61.1% | prob=0.412 < umbral -> SIN SEÑAL
LHX | dd=34.4% | prob=0.412 < umbral -> SIN SEÑAL
LRCX | dd=31.1% | prob=0.667 < umbral -> SIN SEÑAL
LVS | dd=57.0% | prob=0.438 < umbral -> SIN SEÑAL
LDOS | dd=37.2% | prob=0.419 < umbral -> SIN SEÑAL
LEN | dd=56.9% | prob=0.555 < umbral -> SIN SEÑAL
LII | dd=46.7% | prob=0.555 < umbral -> SIN SEÑAL
LOW | dd=34.5% | prob=0.419 < umbral -> SIN SEÑAL
LULU | dd=80.4% | prob=0.608 < umbral -> SIN SEÑAL
LYB | dd=33.9% | prob=0.555 < umbral -> SIN SEÑAL
MKC | dd=49.4% | prob=0.419 < umbral -> SIN SEÑAL
MGM | dd=59.2% | prob=0.419 < umbral -> SIN SEÑAL
MAA | dd=38.4% | prob=0.313 < umbral -> SIN SEÑAL
MRNA | dd=65.2% | prob=0.723 < umbral -> SIN SEÑAL
TAP | dd=56.8% | prob=0.477 < umbral -> SIN SEÑAL
MNST | dd=56.1% | prob=0.612 < umbral -> SIN SEÑAL
MOS | dd=79.5% | prob=0.608 < umbral -> SIN SEÑAL
NFLX | dd=45.3% | prob=0.532 < umbral -> SIN SEÑAL
NKE | dd=78.1% | prob=0.438 < umbral -> SIN SEÑAL
NOC | dd=31.7% | prob=0.315 < umbral -> SIN SEÑAL
NCLH | dd=77.8% | prob=0.587 < umbral -> SIN SEÑAL
NRG | dd=45.5% | prob=0.612 < umbral -> SIN SEÑAL
NVR | dd=37.9% | prob=0.419 < umbral -> SIN SEÑAL
NXPI | dd=31.4% | prob=0.555 < umbral -> SIN SEÑAL
ODFL | dd=30.4% | prob=0.555 < umbral -> SIN SEÑAL
ON | dd=46.8% | prob=0.718 < umbral -> SIN SEÑAL
ORCL | dd=56.5% | prob=0.638 < umbral -> SIN SEÑAL
OTIS | dd=36.1% | prob=0.412 < umbral -> SIN SEÑAL
PSKY | dd=89.0% | prob=0.683 < umbral -> SIN SEÑAL
PYPL | dd=82.9% | prob=0.419 < umbral -> SIN SEÑAL
PNR | dd=50.7% | prob=0.532 < umbral -> SIN SEÑAL
PFE | dd=41.9% | prob=0.257 < umbral -> SIN SEÑAL
PCG | dd=81.5% | prob=0.638 < umbral -> SIN SEÑAL
PPG | dd=36.4% | prob=0.419 < umbral -> SIN SEÑAL
PTC | dd=38.4% | prob=0.532 < umbral -> SIN SEÑAL
Q | dd=31.3% | prob=0.638 < umbral -> SIN SEÑAL
RDDT | dd=43.9% | prob=0.651 < umbral -> SIN SEÑAL
REGN | dd=33.6% | prob=0.313 < umbral -> SIN SEÑAL
ROL | dd=50.8% | prob=0.477 < umbral -> SIN SEÑAL
ROP | dd=37.9% | prob=0.419 < umbral -> SIN SEÑAL
RCL | dd=30.6% | prob=0.532 < umbral -> SIN SEÑAL
CRM | dd=35.1% | prob=0.532 < umbral -> SIN SEÑAL
SBAC | dd=51.4% | prob=0.438 < umbral -> SIN SEÑAL
SLB | dd=39.5% | prob=0.532 < umbral -> SIN SEÑAL
NOW | dd=42.5% | prob=0.566 < umbral -> SIN SEÑAL
SWKS | dd=49.6% | prob=0.667 < umbral -> SIN SEÑAL
LUV | dd=30.5% | prob=0.532 < umbral -> SIN SEÑAL
SWK | dd=52.7% | prob=0.477 < umbral -> SIN SEÑAL
SYK | dd=31.6% | prob=0.532 < umbral -> SIN SEÑAL
SMCI | dd=66.5% | prob=0.723 < umbral -> SIN SEÑAL
SNPS | dd=38.3% | prob=0.555 < umbral -> SIN SEÑAL
TMUS | dd=38.9% | prob=0.546 < umbral -> SIN SEÑAL
TROW | dd=42.0% | prob=0.313 < umbral -> SIN SEÑAL
TPR | dd=31.4% | prob=0.555 < umbral -> SIN SEÑAL
TGT | dd=32.0% | prob=0.419 < umbral -> SIN SEÑAL
TPL | dd=37.2% | prob=0.587 < umbral -> SIN SEÑAL
TTD | dd=90.2% | prob=0.651 < umbral -> SIN SEÑAL
TSCO | dd=48.4% | prob=0.505 < umbral -> SIN SEÑAL
TRMB | dd=40.1% | prob=0.419 < umbral -> SIN SEÑAL
TYL | dd=49.7% | prob=0.558 < umbral -> SIN SEÑAL
TSN | dd=40.3% | prob=0.419 < umbral -> SIN SEÑAL
UBER | dd=30.5% | prob=0.477 < umbral -> SIN SEÑAL
UDR | dd=33.1% | prob=0.257 < umbral -> SIN SEÑAL
UPS | dd=49.7% | prob=0.419 < umbral -> SIN SEÑAL
UNH | dd=37.6% | prob=0.419 < umbral -> SIN SEÑAL
VRSK | dd=46.2% | prob=0.555 < umbral -> SIN SEÑAL
VRT | dd=34.0% | prob=0.683 < umbral -> SIN SEÑAL
VTRS | dd=72.3% | prob=0.412 < umbral -> SIN SEÑAL
VST | dd=35.7% | prob=0.555 < umbral -> SIN SEÑAL
DIS | dd=47.0% | prob=0.386 < umbral -> SIN SEÑAL
WBD | dd=60.6% | prob=0.313 < umbral -> SIN SEÑAL
WDC | dd=44.0% | prob=0.723 < umbral -> SIN SEÑAL
WY | dd=43.3% | prob=0.419 < umbral -> SIN SEÑAL
WDAY | dd=38.3% | prob=0.555 < umbral -> SIN SEÑAL
WYNN | dd=59.8% | prob=0.505 < umbral -> SIN SEÑAL
ZBRA | dd=43.0% | prob=0.438 < umbral -> SIN SEÑAL
ZBH | dd=43.7% | prob=0.438 < umbral -> SIN SEÑAL
ZTS | dd=69.8% | prob=0.477 < umbral -> SIN SEÑAL
CIEN | dd=65.4% | prob=0.797 | ENTRADA DESCARTADA: ya hay posición abierta en Cartera A y Cartera B.
DECIDIDAS PARA ENTRAR HOY (0): []
