
===== escaneo preapertura 2026-08-04 08:46:01 ET =====
RESUMEN: universo=503 drawdown>=30%=158 con_senal=14
AOS | dd=31.3% | prob=0.546 < umbral -> SIN SEÑAL
ACN | dd=57.1% | prob=0.629 < umbral -> SIN SEÑAL
ADBE | dd=64.1% | prob=0.629 < umbral -> SIN SEÑAL
AES | dd=67.6% | prob=0.000 < umbral -> SIN SEÑAL
ABNB | dd=31.5% | prob=0.441 < umbral -> SIN SEÑAL
AKAM | dd=65.9% | prob=0.613 < umbral -> SIN SEÑAL
ALB | dd=62.7% | prob=0.619 < umbral -> SIN SEÑAL
ARE | dd=70.9% | prob=0.519 < umbral -> SIN SEÑAL
ALGN | dd=76.6% | prob=0.591 < umbral -> SIN SEÑAL
AIG | dd=93.5% | prob=0.354 < umbral -> SIN SEÑAL
AMT | dd=33.4% | prob=0.413 < umbral -> SIN SEÑAL
APA | dd=65.3% | prob=0.545 < umbral -> SIN SEÑAL
APO | dd=30.2% | prob=0.520 < umbral -> SIN SEÑAL
APP | dd=45.5% | prob=0.723 < umbral -> SIN SEÑAL
APTV | dd=68.3% | prob=0.545 < umbral -> SIN SEÑAL
ADSK | dd=31.8% | prob=0.591 < umbral -> SIN SEÑAL
AZO | dd=31.9% | prob=0.546 < umbral -> SIN SEÑAL
AXON | dd=35.0% | prob=0.629 < umbral -> SIN SEÑAL
BALL | dd=32.0% | prob=0.413 < umbral -> SIN SEÑAL
BAX | dd=66.8% | prob=0.569 < umbral -> SIN SEÑAL
TECH | dd=45.8% | prob=0.000 < umbral -> SIN SEÑAL
BIIB | dd=58.0% | prob=0.551 < umbral -> SIN SEÑAL
XYZ | dd=71.6% | prob=0.517 < umbral -> SIN SEÑAL
BA | dd=46.4% | prob=0.546 < umbral -> SIN SEÑAL
BSX | dd=55.8% | prob=0.569 < umbral -> SIN SEÑAL
BR | dd=40.9% | prob=0.535 < umbral -> SIN SEÑAL
BRO | dd=42.3% | prob=0.551 < umbral -> SIN SEÑAL
BF.B | dd=62.4% | prob=0.551 < umbral -> SIN SEÑAL
BLDR | dd=66.2% | prob=0.689 < umbral -> SIN SEÑAL
BXP | dd=34.3% | prob=0.413 < umbral -> SIN SEÑAL
CHRW | dd=30.1% | prob=0.649 < umbral -> SIN SEÑAL
CCL | dd=56.6% | prob=0.551 < umbral -> SIN SEÑAL
CVNA | dd=32.1% | prob=0.723 < umbral -> SIN SEÑAL
CDW | dd=41.9% | prob=0.512 < umbral -> SIN SEÑAL
CNC | dd=35.3% | prob=0.591 < umbral -> SIN SEÑAL
CRL | dd=49.8% | prob=0.551 < umbral -> SIN SEÑAL
CHTR | dd=82.5% | prob=0.649 < umbral -> SIN SEÑAL
CMG | dd=45.9% | prob=0.569 < umbral -> SIN SEÑAL
CIEN | dd=63.0% | prob=0.859 | ENTRAR | score_fund=60.0 | sent=0.281 | obj_analista=565.7067
C | dd=64.7% | prob=0.474 < umbral -> SIN SEÑAL
CLX | dd=50.6% | prob=0.512 < umbral -> SIN SEÑAL
CTSH | dd=37.5% | prob=0.591 < umbral -> SIN SEÑAL
COHR | dd=34.5% | prob=0.888 | ENTRAR | score_fund=54.2 | sent=0.102 | obj_analista=391.45267
COIN | dd=67.1% | prob=0.849 | ENTRAR (EXCEPCIONAL: entra pese a deterioro) | score_fund=15.4 | sent=0.345 | obj_analista=201.45068
CMCSA | dd=50.1% | prob=0.551 < umbral -> SIN SEÑAL
STZ | dd=49.3% | prob=0.441 < umbral -> SIN SEÑAL
CEG | dd=33.4% | prob=0.569 < umbral -> SIN SEÑAL
COO | dd=35.9% | prob=0.354 < umbral -> SIN SEÑAL
CPRT | dd=54.4% | prob=0.569 < umbral -> SIN SEÑAL
GLW | dd=46.0% | prob=0.888 | ENTRAR | score_fund=59.0 | sent=0.186 | obj_analista=193.4
CSGP | dd=70.3% | prob=0.689 < umbral -> SIN SEÑAL
CCI | dd=54.2% | prob=0.517 < umbral -> SIN SEÑAL
DHR | dd=31.6% | prob=0.546 < umbral -> SIN SEÑAL
DECK | dd=55.6% | prob=0.590 < umbral -> SIN SEÑAL
DVN | dd=43.9% | prob=0.441 < umbral -> SIN SEÑAL
DXCM | dd=47.0% | prob=0.476 < umbral -> SIN SEÑAL
DG | dd=47.5% | prob=0.535 < umbral -> SIN SEÑAL
DPZ | dd=31.4% | prob=0.551 < umbral -> SIN SEÑAL
DOW | dd=47.2% | prob=0.569 < umbral -> SIN SEÑAL
ECHO | dd=41.8% | prob=0.689 < umbral -> SIN SEÑAL
EW | dd=32.6% | prob=0.413 < umbral -> SIN SEÑAL
ELV | dd=30.0% | prob=0.512 < umbral -> SIN SEÑAL
EFX | dd=42.9% | prob=0.619 < umbral -> SIN SEÑAL
ERIE | dd=55.2% | prob=0.629 < umbral -> SIN SEÑAL
EL | dd=75.7% | prob=0.535 < umbral -> SIN SEÑAL
FDS | dd=44.8% | prob=0.613 < umbral -> SIN SEÑAL
FICO | dd=56.5% | prob=0.723 < umbral -> SIN SEÑAL
FIS | dd=67.4% | prob=0.551 < umbral -> SIN SEÑAL
FISV | dd=77.2% | prob=0.553 < umbral -> SIN SEÑAL
IT | dd=74.1% | prob=0.649 < umbral -> SIN SEÑAL
GNRC | dd=61.6% | prob=0.723 < umbral -> SIN SEÑAL
GIS | dd=54.2% | prob=0.546 < umbral -> SIN SEÑAL
GPN | dd=59.0% | prob=0.551 < umbral -> SIN SEÑAL
GDDY | dd=59.1% | prob=0.723 < umbral -> SIN SEÑAL
HAL | dd=46.2% | prob=0.535 < umbral -> SIN SEÑAL
HRL | dd=46.6% | prob=0.402 < umbral -> SIN SEÑAL
HUM | dd=31.7% | prob=0.546 < umbral -> SIN SEÑAL
IBM | dd=31.9% | prob=0.613 < umbral -> SIN SEÑAL
PODD | dd=52.2% | prob=0.553 < umbral -> SIN SEÑAL
INTC | dd=36.1% | prob=0.881 | ENTRAR (EXCEPCIONAL: entra pese a deterioro) | score_fund=35.2 | sent=0.459 | obj_analista=115.26829
IFF | dd=41.3% | prob=0.476 < umbral -> SIN SEÑAL
INTU | dd=60.4% | prob=0.649 < umbral -> SIN SEÑAL
ISRG | dd=39.1% | prob=0.591 < umbral -> SIN SEÑAL
KKR | dd=36.9% | prob=0.546 < umbral -> SIN SEÑAL
KLAC | dd=40.5% | prob=0.859 | ENTRAR | score_fund=78.8 | sent=0.517 | obj_analista=230.85185
KHC | dd=57.8% | prob=0.441 < umbral -> SIN SEÑAL
LRCX | dd=32.8% | prob=0.881 | ENTRAR | score_fund=80.0 | sent=0.227 | obj_analista=368.12903
LVS | dd=49.5% | prob=0.512 < umbral -> SIN SEÑAL
LDOS | dd=41.8% | prob=0.551 < umbral -> SIN SEÑAL
LEN | dd=53.0% | prob=0.546 < umbral -> SIN SEÑAL
LII | dd=36.2% | prob=0.689 < umbral -> SIN SEÑAL
LULU | dd=76.1% | prob=0.551 < umbral -> SIN SEÑAL
LYB | dd=33.5% | prob=0.551 < umbral -> SIN SEÑAL
MRVL | dd=41.2% | prob=0.881 | ENTRAR | score_fund=57.6 | sent=0.246 | obj_analista=256.9142
MKC | dd=46.7% | prob=0.517 < umbral -> SIN SEÑAL
MGM | dd=53.1% | prob=0.410 < umbral -> SIN SEÑAL
MU | dd=33.9% | prob=0.888 | ENTRAR | score_fund=91.4 | sent=0.108 | obj_analista=1507.7906
MAA | dd=30.8% | prob=0.292 < umbral -> SIN SEÑAL
MRNA | dd=88.9% | prob=0.723 < umbral -> SIN SEÑAL
TAP | dd=51.7% | prob=0.517 < umbral -> SIN SEÑAL
MOS | dd=81.4% | prob=0.569 < umbral -> SIN SEÑAL
NFLX | dd=45.3% | prob=0.551 < umbral -> SIN SEÑAL
NKE | dd=74.2% | prob=0.512 < umbral -> SIN SEÑAL
NCLH | dd=69.3% | prob=0.619 < umbral -> SIN SEÑAL
NVR | dd=37.7% | prob=0.546 < umbral -> SIN SEÑAL
NXPI | dd=33.8% | prob=0.723 < umbral -> SIN SEÑAL
ON | dd=40.4% | prob=0.805 | ENTRAR | score_fund=53.2 | sent=0.71 | obj_analista=113.625
ORCL | dd=58.5% | prob=0.649 < umbral -> SIN SEÑAL
OTIS | dd=30.8% | prob=0.413 < umbral -> SIN SEÑAL
PLTR | dd=39.5% | prob=0.649 < umbral -> SIN SEÑAL
PSKY | dd=90.9% | prob=0.613 < umbral -> SIN SEÑAL
PYPL | dd=81.2% | prob=0.441 < umbral -> SIN SEÑAL
PNR | dd=40.7% | prob=0.569 < umbral -> SIN SEÑAL
PFE | dd=47.6% | prob=0.300 < umbral -> SIN SEÑAL
PCG | dd=75.0% | prob=0.410 < umbral -> SIN SEÑAL
PPG | dd=30.9% | prob=0.551 < umbral -> SIN SEÑAL
PTC | dd=36.3% | prob=0.569 < umbral -> SIN SEÑAL
QCOM | dd=41.5% | prob=0.723 < umbral -> SIN SEÑAL
REGN | dd=36.8% | prob=0.413 < umbral -> SIN SEÑAL
RVTY | dd=42.6% | prob=0.476 < umbral -> SIN SEÑAL
HOOD | dd=41.3% | prob=0.723 < umbral -> SIN SEÑAL
ROL | dd=41.9% | prob=0.551 < umbral -> SIN SEÑAL
ROP | dd=33.3% | prob=0.569 < umbral -> SIN SEÑAL
CRM | dd=49.0% | prob=0.613 < umbral -> SIN SEÑAL
SNDK | dd=45.3% | prob=0.951 | ENTRAR | score_fund=77.1 | sent=0.103 | obj_analista=2217.7727
SBAC | dd=50.5% | prob=0.517 < umbral -> SIN SEÑAL
SLB | dd=42.3% | prob=0.551 < umbral -> SIN SEÑAL
NOW | dd=52.3% | prob=0.689 < umbral -> SIN SEÑAL
SWKS | dd=65.2% | prob=0.649 < umbral -> SIN SEÑAL
SWK | dd=47.6% | prob=0.551 < umbral -> SIN SEÑAL
SMCI | dd=76.7% | prob=0.859 | ENTRAR | score_fund=56.3 | sent=0.416 | obj_analista=37.8125
SNPS | dd=39.8% | prob=0.591 < umbral -> SIN SEÑAL
TMUS | dd=34.5% | prob=0.569 < umbral -> SIN SEÑAL
TROW | dd=37.1% | prob=0.476 < umbral -> SIN SEÑAL
TGT | dd=35.6% | prob=0.441 < umbral -> SIN SEÑAL
TSLA | dd=35.4% | prob=0.613 < umbral -> SIN SEÑAL
TPL | dd=30.4% | prob=0.569 < umbral -> SIN SEÑAL
TTD | dd=87.1% | prob=0.689 < umbral -> SIN SEÑAL
TSCO | dd=48.8% | prob=0.551 < umbral -> SIN SEÑAL
TRMB | dd=40.1% | prob=0.569 < umbral -> SIN SEÑAL
TYL | dd=53.8% | prob=0.649 < umbral -> SIN SEÑAL
TSN | dd=31.6% | prob=0.517 < umbral -> SIN SEÑAL
UPS | dd=43.3% | prob=0.441 < umbral -> SIN SEÑAL
UNH | dd=31.3% | prob=0.413 < umbral -> SIN SEÑAL
UHS | dd=31.2% | prob=0.569 < umbral -> SIN SEÑAL
VEEV | dd=40.0% | prob=0.569 < umbral -> SIN SEÑAL
VRSK | dd=39.6% | prob=0.591 < umbral -> SIN SEÑAL
VRT | dd=30.8% | prob=0.881 | ENTRAR | score_fund=78.9 | sent=0.519 | obj_analista=339.34616
VTRS | dd=71.4% | prob=0.441 < umbral -> SIN SEÑAL
DIS | dd=50.1% | prob=0.410 < umbral -> SIN SEÑAL
WBD | dd=66.6% | prob=0.292 < umbral -> SIN SEÑAL
WDC | dd=34.1% | prob=0.888 | ENTRAR | score_fund=87.9 | sent=0.319 | obj_analista=655.5
WY | dd=31.9% | prob=0.413 < umbral -> SIN SEÑAL
WDAY | dd=47.0% | prob=0.649 < umbral -> SIN SEÑAL
WYNN | dd=52.5% | prob=0.474 < umbral -> SIN SEÑAL
ZBRA | dd=52.6% | prob=0.546 < umbral -> SIN SEÑAL
ZBH | dd=42.1% | prob=0.474 < umbral -> SIN SEÑAL
ZTS | dd=67.3% | prob=0.551 < umbral -> SIN SEÑAL
DECIDIDAS PARA ENTRAR HOY (1): ['LRCX']
