
===== escaneo preapertura 2026-07-31 08:46:23 ET =====
RESUMEN: universo=503 drawdown>=30%=169 con_senal=17
AOS | dd=32.7% | prob=0.549 < umbral -> SIN SEÑAL
ACN | dd=57.7% | prob=0.612 < umbral -> SIN SEÑAL
ADBE | dd=64.6% | prob=0.595 < umbral -> SIN SEÑAL
AES | dd=67.7% | prob=0.000 < umbral -> SIN SEÑAL
ABNB | dd=30.9% | prob=0.412 < umbral -> SIN SEÑAL
AKAM | dd=67.1% | prob=0.629 < umbral -> SIN SEÑAL
ALB | dd=63.0% | prob=0.629 < umbral -> SIN SEÑAL
ARE | dd=71.2% | prob=0.475 < umbral -> SIN SEÑAL
ALGN | dd=76.5% | prob=0.595 < umbral -> SIN SEÑAL
AIG | dd=93.5% | prob=0.298 < umbral -> SIN SEÑAL
AMT | dd=32.8% | prob=0.412 < umbral -> SIN SEÑAL
APA | dd=66.1% | prob=0.550 < umbral -> SIN SEÑAL
APO | dd=35.1% | prob=0.512 < umbral -> SIN SEÑAL
AMAT | dd=32.2% | prob=0.886 | ENTRAR | score_fund=78.0 | sent=0.534 | obj_analista=627.65717
APP | dd=45.8% | prob=0.724 < umbral -> SIN SEÑAL
APTV | dd=67.9% | prob=0.515 < umbral -> SIN SEÑAL
ARES | dd=34.9% | prob=0.549 < umbral -> SIN SEÑAL
ADSK | dd=31.8% | prob=0.550 < umbral -> SIN SEÑAL
AZO | dd=31.5% | prob=0.544 < umbral -> SIN SEÑAL
AXON | dd=40.7% | prob=0.629 < umbral -> SIN SEÑAL
BALL | dd=31.8% | prob=0.412 < umbral -> SIN SEÑAL
BAX | dd=68.4% | prob=0.570 < umbral -> SIN SEÑAL
TECH | dd=45.9% | prob=0.071 < umbral -> SIN SEÑAL
BIIB | dd=56.7% | prob=0.550 < umbral -> SIN SEÑAL
BX | dd=32.9% | prob=0.549 < umbral -> SIN SEÑAL
XYZ | dd=71.4% | prob=0.512 < umbral -> SIN SEÑAL
BA | dd=49.3% | prob=0.475 < umbral -> SIN SEÑAL
BSX | dd=58.0% | prob=0.549 < umbral -> SIN SEÑAL
BR | dd=41.9% | prob=0.475 < umbral -> SIN SEÑAL
BRO | dd=43.0% | prob=0.544 < umbral -> SIN SEÑAL
BF.B | dd=61.1% | prob=0.475 < umbral -> SIN SEÑAL
BLDR | dd=69.3% | prob=0.705 < umbral -> SIN SEÑAL
BXP | dd=33.1% | prob=0.412 < umbral -> SIN SEÑAL
CHRW | dd=30.1% | prob=0.705 < umbral -> SIN SEÑAL
CCL | dd=58.1% | prob=0.549 < umbral -> SIN SEÑAL
CVNA | dd=36.9% | prob=0.724 < umbral -> SIN SEÑAL
CDW | dd=42.8% | prob=0.550 < umbral -> SIN SEÑAL
CNC | dd=38.3% | prob=0.612 < umbral -> SIN SEÑAL
CRL | dd=49.0% | prob=0.550 < umbral -> SIN SEÑAL
CHTR | dd=82.8% | prob=0.648 < umbral -> SIN SEÑAL
CMG | dd=44.4% | prob=0.550 < umbral -> SIN SEÑAL
CIEN | dd=64.8% | prob=0.886 | ENTRAR | score_fund=60.0 | sent=0.307 | obj_analista=565.7067
C | dd=65.1% | prob=0.471 < umbral -> SIN SEÑAL
CLX | dd=51.4% | prob=0.416 < umbral -> SIN SEÑAL
CTSH | dd=39.0% | prob=0.570 < umbral -> SIN SEÑAL
COHR | dd=43.4% | prob=0.949 | ENTRAR | score_fund=54.2 | sent=0.034 | obj_analista=391.45267
COIN | dd=63.2% | prob=0.724 < umbral -> SIN SEÑAL
CMCSA | dd=51.9% | prob=0.550 < umbral -> SIN SEÑAL
STZ | dd=50.1% | prob=0.475 < umbral -> SIN SEÑAL
CEG | dd=35.9% | prob=0.570 < umbral -> SIN SEÑAL
COO | dd=37.3% | prob=0.370 < umbral -> SIN SEÑAL
CPRT | dd=54.1% | prob=0.549 < umbral -> SIN SEÑAL
GLW | dd=50.2% | prob=0.934 | ENTRAR | score_fund=59.0 | sent=0.06 | obj_analista=193.4
CSGP | dd=70.8% | prob=0.686 < umbral -> SIN SEÑAL
CCI | dd=54.3% | prob=0.544 < umbral -> SIN SEÑAL
DHR | dd=32.1% | prob=0.548 < umbral -> SIN SEÑAL
DECK | dd=55.5% | prob=0.550 < umbral -> SIN SEÑAL
DVN | dd=44.4% | prob=0.512 < umbral -> SIN SEÑAL
DXCM | dd=54.8% | prob=0.412 < umbral -> SIN SEÑAL
DG | dd=47.6% | prob=0.475 < umbral -> SIN SEÑAL
DPZ | dd=33.7% | prob=0.550 < umbral -> SIN SEÑAL
DASH | dd=30.8% | prob=0.570 < umbral -> SIN SEÑAL
DOW | dd=46.9% | prob=0.612 < umbral -> SIN SEÑAL
ECHO | dd=41.5% | prob=0.724 < umbral -> SIN SEÑAL
EW | dd=34.0% | prob=0.416 < umbral -> SIN SEÑAL
ELV | dd=31.2% | prob=0.544 < umbral -> SIN SEÑAL
EFX | dd=42.2% | prob=0.612 < umbral -> SIN SEÑAL
ERIE | dd=55.8% | prob=0.589 < umbral -> SIN SEÑAL
EL | dd=75.6% | prob=0.475 < umbral -> SIN SEÑAL
FDS | dd=46.1% | prob=0.612 < umbral -> SIN SEÑAL
FICO | dd=52.6% | prob=0.648 < umbral -> SIN SEÑAL
FIS | dd=66.5% | prob=0.512 < umbral -> SIN SEÑAL
FSLR | dd=35.8% | prob=0.612 < umbral -> SIN SEÑAL
FISV | dd=77.3% | prob=0.550 < umbral -> SIN SEÑAL
FLEX | dd=32.9% | prob=0.866 | ENTRAR | score_fund=54.1 | sent=0.591 | obj_analista=160.5
IT | dd=73.8% | prob=0.629 < umbral -> SIN SEÑAL
GNRC | dd=63.4% | prob=0.724 < umbral -> SIN SEÑAL
GIS | dd=53.7% | prob=0.515 < umbral -> SIN SEÑAL
GPN | dd=58.7% | prob=0.512 < umbral -> SIN SEÑAL
GDDY | dd=54.0% | prob=0.595 < umbral -> SIN SEÑAL
HAL | dd=46.6% | prob=0.549 < umbral -> SIN SEÑAL
HRL | dd=46.3% | prob=0.393 < umbral -> SIN SEÑAL
HUM | dd=33.1% | prob=0.570 < umbral -> SIN SEÑAL
HII | dd=30.2% | prob=0.595 < umbral -> SIN SEÑAL
IBM | dd=33.3% | prob=0.612 < umbral -> SIN SEÑAL
PODD | dd=53.3% | prob=0.570 < umbral -> SIN SEÑAL
INTC | dd=36.0% | prob=0.888 | ENTRAR (EXCEPCIONAL: entra pese a deterioro) | score_fund=35.2 | sent=0.411 | obj_analista=115.26829
IFF | dd=42.1% | prob=0.412 < umbral -> SIN SEÑAL
INTU | dd=60.8% | prob=0.629 < umbral -> SIN SEÑAL
ISRG | dd=42.7% | prob=0.556 < umbral -> SIN SEÑAL
KKR | dd=40.2% | prob=0.544 < umbral -> SIN SEÑAL
KLAC | dd=41.3% | prob=0.886 | ENTRAR | score_fund=79.2 | sent=0.406 | obj_analista=228.5893
KHC | dd=57.9% | prob=0.412 < umbral -> SIN SEÑAL
LRCX | dd=32.1% | prob=0.888 | ENTRAR | score_fund=80.0 | sent=0.541 | obj_analista=368.3871
LVS | dd=46.8% | prob=0.409 < umbral -> SIN SEÑAL
LDOS | dd=44.9% | prob=0.549 < umbral -> SIN SEÑAL
LEN | dd=53.8% | prob=0.512 < umbral -> SIN SEÑAL
LII | dd=38.8% | prob=0.724 < umbral -> SIN SEÑAL
LULU | dd=76.9% | prob=0.549 < umbral -> SIN SEÑAL
LITE | dd=36.1% | prob=0.949 | ENTRAR | score_fund=56.0 | sent=0.463 | obj_analista=1104.8906
LYB | dd=33.7% | prob=0.570 < umbral -> SIN SEÑAL
MRVL | dd=44.4% | prob=0.934 | ENTRAR | score_fund=57.6 | sent=0.299 | obj_analista=256.9142
MKC | dd=47.3% | prob=0.512 < umbral -> SIN SEÑAL
META | dd=32.1% | prob=0.595 < umbral -> SIN SEÑAL
MGM | dd=51.9% | prob=0.349 < umbral -> SIN SEÑAL
MU | dd=30.3% | prob=0.888 | ENTRAR | score_fund=91.8 | sent=0.193 | obj_analista=1507.381
MAA | dd=30.9% | prob=0.271 < umbral -> SIN SEÑAL
MRNA | dd=88.4% | prob=0.724 < umbral -> SIN SEÑAL
TAP | dd=52.2% | prob=0.475 < umbral -> SIN SEÑAL
MOS | dd=80.6% | prob=0.550 < umbral -> SIN SEÑAL
NFLX | dd=45.4% | prob=0.544 < umbral -> SIN SEÑAL
NKE | dd=74.4% | prob=0.475 < umbral -> SIN SEÑAL
NOC | dd=30.6% | prob=0.475 < umbral -> SIN SEÑAL
NCLH | dd=70.9% | prob=0.612 < umbral -> SIN SEÑAL
NVR | dd=36.9% | prob=0.512 < umbral -> SIN SEÑAL
ON | dd=37.9% | prob=0.844 | ENTRAR | score_fund=53.0 | sent=0.414 | obj_analista=113.12
ORCL | dd=62.7% | prob=0.705 < umbral -> SIN SEÑAL
OTIS | dd=31.2% | prob=0.409 < umbral -> SIN SEÑAL
PLTR | dd=41.1% | prob=0.648 < umbral -> SIN SEÑAL
PSKY | dd=91.3% | prob=0.629 < umbral -> SIN SEÑAL
PYPL | dd=81.3% | prob=0.512 < umbral -> SIN SEÑAL
PNR | dd=41.5% | prob=0.556 < umbral -> SIN SEÑAL
PFE | dd=48.8% | prob=0.297 < umbral -> SIN SEÑAL
PCG | dd=74.5% | prob=0.409 < umbral -> SIN SEÑAL
PPG | dd=32.1% | prob=0.544 < umbral -> SIN SEÑAL
PTC | dd=38.0% | prob=0.549 < umbral -> SIN SEÑAL
QCOM | dd=41.5% | prob=0.724 < umbral -> SIN SEÑAL
REGN | dd=38.5% | prob=0.409 < umbral -> SIN SEÑAL
RVTY | dd=43.5% | prob=0.475 < umbral -> SIN SEÑAL
HOOD | dd=43.7% | prob=0.806 | ENTRAR | score_fund=78.1 | sent=0.06 | obj_analista=119.50769
ROL | dd=41.6% | prob=0.550 < umbral -> SIN SEÑAL
ROP | dd=33.8% | prob=0.550 < umbral -> SIN SEÑAL
CRM | dd=50.4% | prob=0.595 < umbral -> SIN SEÑAL
SNDK | dd=45.6% | prob=0.975 | ENTRAR | score_fund=76.6 | sent=0.034 | obj_analista=2217.7727
SBAC | dd=49.9% | prob=0.544 < umbral -> SIN SEÑAL
SLB | dd=42.8% | prob=0.544 < umbral -> SIN SEÑAL
NOW | dd=54.1% | prob=0.629 < umbral -> SIN SEÑAL
SWKS | dd=64.5% | prob=0.648 < umbral -> SIN SEÑAL
SWK | dd=49.0% | prob=0.512 < umbral -> SIN SEÑAL
SMCI | dd=77.4% | prob=0.886 | ENTRAR | score_fund=56.4 | sent=0.355 | obj_analista=37.8125
SNPS | dd=42.9% | prob=0.595 < umbral -> SIN SEÑAL
TMUS | dd=35.9% | prob=0.550 < umbral -> SIN SEÑAL
TROW | dd=33.9% | prob=0.298 < umbral -> SIN SEÑAL
TGT | dd=37.7% | prob=0.412 < umbral -> SIN SEÑAL
TSLA | dd=38.1% | prob=0.629 < umbral -> SIN SEÑAL
TPL | dd=32.5% | prob=0.612 < umbral -> SIN SEÑAL
TTD | dd=87.1% | prob=0.648 < umbral -> SIN SEÑAL
TSCO | dd=51.8% | prob=0.550 < umbral -> SIN SEÑAL
TRMB | dd=40.9% | prob=0.549 < umbral -> SIN SEÑAL
TYL | dd=51.1% | prob=0.595 < umbral -> SIN SEÑAL
TSN | dd=30.4% | prob=0.409 < umbral -> SIN SEÑAL
UBER | dd=31.0% | prob=0.544 < umbral -> SIN SEÑAL
UPS | dd=44.1% | prob=0.447 < umbral -> SIN SEÑAL
UNH | dd=30.3% | prob=0.471 < umbral -> SIN SEÑAL
UHS | dd=33.5% | prob=0.550 < umbral -> SIN SEÑAL
VEEV | dd=41.4% | prob=0.549 < umbral -> SIN SEÑAL
VRSK | dd=37.3% | prob=0.550 < umbral -> SIN SEÑAL
VRT | dd=40.1% | prob=0.888 | ENTRAR | score_fund=80.0 | sent=0.487 | obj_analista=344.19232
VTRS | dd=71.2% | prob=0.412 < umbral -> SIN SEÑAL
VST | dd=32.1% | prob=0.648 < umbral -> SIN SEÑAL
DIS | dd=51.1% | prob=0.349 < umbral -> SIN SEÑAL
WBD | dd=67.4% | prob=0.298 < umbral -> SIN SEÑAL
WDC | dd=33.4% | prob=0.934 | ENTRAR | score_fund=88.0 | sent=0.465 | obj_analista=655.5
WY | dd=36.6% | prob=0.412 < umbral -> SIN SEÑAL
WDAY | dd=49.2% | prob=0.629 < umbral -> SIN SEÑAL
WYNN | dd=51.4% | prob=0.412 < umbral -> SIN SEÑAL
ZBRA | dd=53.1% | prob=0.544 < umbral -> SIN SEÑAL
ZBH | dd=43.3% | prob=0.412 < umbral -> SIN SEÑAL
ZTS | dd=68.0% | prob=0.544 < umbral -> SIN SEÑAL
DECIDIDAS PARA ENTRAR HOY (5): ['LRCX', 'VRT', 'CIEN', 'KLAC', 'FLEX']
