
===== escaneo preapertura 2026-08-12 08:45:57 ET =====
RESUMEN: universo=503 drawdown>=30%=144 con_senal=11
ACN | dd=53.5% | prob=0.591 < umbral -> SIN SEÑAL
ADBE | dd=62.3% | prob=0.591 < umbral -> SIN SEÑAL
AES | dd=67.6% | prob=0.000 < umbral -> SIN SEÑAL
AKAM | dd=66.2% | prob=0.723 < umbral -> SIN SEÑAL
ALB | dd=59.3% | prob=0.613 < umbral -> SIN SEÑAL
ARE | dd=73.6% | prob=0.551 < umbral -> SIN SEÑAL
ALGN | dd=76.5% | prob=0.551 < umbral -> SIN SEÑAL
AIG | dd=93.6% | prob=0.300 < umbral -> SIN SEÑAL
AMT | dd=34.7% | prob=0.476 < umbral -> SIN SEÑAL
APA | dd=61.8% | prob=0.551 < umbral -> SIN SEÑAL
APP | dd=57.3% | prob=0.863 | ENTRAR | score_fund=91.3 | sent=-0.073 | obj_analista=559.0
APTV | dd=72.6% | prob=0.591 < umbral -> SIN SEÑAL
AZO | dd=30.7% | prob=0.476 < umbral -> SIN SEÑAL
BALL | dd=34.3% | prob=0.410 < umbral -> SIN SEÑAL
BAX | dd=67.4% | prob=0.590 < umbral -> SIN SEÑAL
TECH | dd=45.8% | prob=0.000 < umbral -> SIN SEÑAL
BIIB | dd=57.5% | prob=0.517 < umbral -> SIN SEÑAL
XYZ | dd=72.7% | prob=0.546 < umbral -> SIN SEÑAL
BA | dd=46.5% | prob=0.535 < umbral -> SIN SEÑAL
BSX | dd=53.3% | prob=0.551 < umbral -> SIN SEÑAL
BR | dd=35.9% | prob=0.551 < umbral -> SIN SEÑAL
BRO | dd=42.6% | prob=0.476 < umbral -> SIN SEÑAL
BF.B | dd=62.1% | prob=0.504 < umbral -> SIN SEÑAL
BLDR | dd=65.0% | prob=0.629 < umbral -> SIN SEÑAL
BXP | dd=37.0% | prob=0.413 < umbral -> SIN SEÑAL
CHRW | dd=31.0% | prob=0.613 < umbral -> SIN SEÑAL
CCL | dd=58.1% | prob=0.551 < umbral -> SIN SEÑAL
CDW | dd=46.8% | prob=0.629 < umbral -> SIN SEÑAL
CNC | dd=34.2% | prob=0.613 < umbral -> SIN SEÑAL
CRL | dd=38.7% | prob=0.441 < umbral -> SIN SEÑAL
CHTR | dd=80.9% | prob=0.629 < umbral -> SIN SEÑAL
CMG | dd=53.8% | prob=0.613 < umbral -> SIN SEÑAL
CIEN | dd=63.3% | prob=0.863 | ENTRAR | score_fund=60.0 | sent=0.223 | obj_analista=565.7067
C | dd=64.1% | prob=0.413 < umbral -> SIN SEÑAL
CLX | dd=45.6% | prob=0.441 < umbral -> SIN SEÑAL
CTSH | dd=33.6% | prob=0.590 < umbral -> SIN SEÑAL
COIN | dd=66.6% | prob=0.723 < umbral -> SIN SEÑAL
CMCSA | dd=47.9% | prob=0.512 < umbral -> SIN SEÑAL
STZ | dd=48.3% | prob=0.410 < umbral -> SIN SEÑAL
CEG | dd=32.3% | prob=0.551 < umbral -> SIN SEÑAL
COO | dd=33.7% | prob=0.292 < umbral -> SIN SEÑAL
CPRT | dd=54.3% | prob=0.545 < umbral -> SIN SEÑAL
GLW | dd=41.4% | prob=0.881 | ENTRAR | score_fund=59.0 | sent=0.399 | obj_analista=191.4
CSGP | dd=69.2% | prob=0.613 < umbral -> SIN SEÑAL
CCI | dd=56.0% | prob=0.569 < umbral -> SIN SEÑAL
DECK | dd=58.1% | prob=0.551 < umbral -> SIN SEÑAL
DVN | dd=42.8% | prob=0.512 < umbral -> SIN SEÑAL
DXCM | dd=45.7% | prob=0.476 < umbral -> SIN SEÑAL
DG | dd=50.6% | prob=0.512 < umbral -> SIN SEÑAL
DPZ | dd=32.7% | prob=0.545 < umbral -> SIN SEÑAL
DOW | dd=44.8% | prob=0.591 < umbral -> SIN SEÑAL
ECHO | dd=40.3% | prob=0.708 < umbral -> SIN SEÑAL
EFX | dd=40.3% | prob=0.551 < umbral -> SIN SEÑAL
ERIE | dd=51.5% | prob=0.569 < umbral -> SIN SEÑAL
EL | dd=74.8% | prob=0.476 < umbral -> SIN SEÑAL
FDS | dd=42.0% | prob=0.551 < umbral -> SIN SEÑAL
FICO | dd=56.8% | prob=0.649 < umbral -> SIN SEÑAL
FIS | dd=68.9% | prob=0.569 < umbral -> SIN SEÑAL
FISV | dd=77.9% | prob=0.613 < umbral -> SIN SEÑAL
IT | dd=67.9% | prob=0.689 < umbral -> SIN SEÑAL
GNRC | dd=58.8% | prob=0.723 < umbral -> SIN SEÑAL
GIS | dd=51.7% | prob=0.413 < umbral -> SIN SEÑAL
GPN | dd=59.1% | prob=0.535 < umbral -> SIN SEÑAL
GDDY | dd=58.0% | prob=0.649 < umbral -> SIN SEÑAL
HAL | dd=43.0% | prob=0.535 < umbral -> SIN SEÑAL
HRL | dd=48.5% | prob=0.292 < umbral -> SIN SEÑAL
HUM | dd=32.0% | prob=0.569 < umbral -> SIN SEÑAL
PODD | dd=59.2% | prob=0.689 < umbral -> SIN SEÑAL
INTC | dd=31.4% | prob=0.859 | ENTRAR (EXCEPCIONAL: entra pese a deterioro) | score_fund=34.6 | sent=0.246 | obj_analista=114.05
IFF | dd=38.1% | prob=0.476 < umbral -> SIN SEÑAL
INTU | dd=58.2% | prob=0.613 < umbral -> SIN SEÑAL
ISRG | dd=34.9% | prob=0.535 < umbral -> SIN SEÑAL
KKR | dd=34.3% | prob=0.551 < umbral -> SIN SEÑAL
KLAC | dd=34.8% | prob=0.723 < umbral -> SIN SEÑAL
KHC | dd=60.6% | prob=0.517 < umbral -> SIN SEÑAL
LVS | dd=51.2% | prob=0.441 < umbral -> SIN SEÑAL
LDOS | dd=31.0% | prob=0.551 < umbral -> SIN SEÑAL
LEN | dd=51.7% | prob=0.517 < umbral -> SIN SEÑAL
LII | dd=36.9% | prob=0.591 < umbral -> SIN SEÑAL
LULU | dd=75.7% | prob=0.545 < umbral -> SIN SEÑAL
MRVL | dd=35.6% | prob=0.881 | ENTRAR | score_fund=57.6 | sent=0.581 | obj_analista=256.9142
MKC | dd=45.3% | prob=0.413 < umbral -> SIN SEÑAL
MGM | dd=53.5% | prob=0.402 < umbral -> SIN SEÑAL
MU | dd=30.8% | prob=0.881 | ENTRAR | score_fund=91.1 | sent=0.5 | obj_analista=1501.9767
MAA | dd=31.7% | prob=0.261 < umbral -> SIN SEÑAL
MRNA | dd=87.8% | prob=0.723 < umbral -> SIN SEÑAL
TAP | dd=51.7% | prob=0.476 < umbral -> SIN SEÑAL
MNST | dd=54.6% | prob=1.000 | ENTRAR | score_fund=81.8 | sent=0.477 | obj_analista=48.69565
MOS | dd=80.4% | prob=0.591 < umbral -> SIN SEÑAL
NFLX | dd=44.2% | prob=0.546 < umbral -> SIN SEÑAL
NKE | dd=75.0% | prob=0.467 < umbral -> SIN SEÑAL
NCLH | dd=70.9% | prob=0.591 < umbral -> SIN SEÑAL
NRG | dd=36.7% | prob=0.649 < umbral -> SIN SEÑAL
NVR | dd=35.5% | prob=0.413 < umbral -> SIN SEÑAL
NXPI | dd=30.2% | prob=0.629 < umbral -> SIN SEÑAL
ON | dd=39.9% | prob=0.723 < umbral -> SIN SEÑAL
ORCL | dd=57.4% | prob=0.689 < umbral -> SIN SEÑAL
PSKY | dd=89.6% | prob=0.569 < umbral -> SIN SEÑAL
PYPL | dd=80.8% | prob=0.369 < umbral -> SIN SEÑAL
PNR | dd=40.6% | prob=0.553 < umbral -> SIN SEÑAL
PFE | dd=44.3% | prob=0.292 < umbral -> SIN SEÑAL
PCG | dd=75.2% | prob=0.413 < umbral -> SIN SEÑAL
PTC | dd=31.5% | prob=0.569 < umbral -> SIN SEÑAL
QCOM | dd=37.2% | prob=0.649 < umbral -> SIN SEÑAL
REGN | dd=33.7% | prob=0.413 < umbral -> SIN SEÑAL
RVTY | dd=42.4% | prob=0.474 < umbral -> SIN SEÑAL
HOOD | dd=38.7% | prob=0.649 < umbral -> SIN SEÑAL
ROL | dd=43.7% | prob=0.546 < umbral -> SIN SEÑAL
ROP | dd=32.1% | prob=0.441 < umbral -> SIN SEÑAL
CRM | dd=45.8% | prob=0.569 < umbral -> SIN SEÑAL
SNDK | dd=46.0% | prob=0.951 | ENTRAR | score_fund=90.4 | sent=0.279 | obj_analista=2053.5
SBAC | dd=49.8% | prob=0.551 < umbral -> SIN SEÑAL
SLB | dd=37.2% | prob=0.545 < umbral -> SIN SEÑAL
NOW | dd=46.8% | prob=0.613 < umbral -> SIN SEÑAL
SWKS | dd=61.2% | prob=0.613 < umbral -> SIN SEÑAL
SWK | dd=44.5% | prob=0.476 < umbral -> SIN SEÑAL
SMCI | dd=74.3% | prob=0.805 | ENTRAR | score_fund=55.9 | sent=0.475 | obj_analista=37.8125
SNPS | dd=37.0% | prob=0.569 < umbral -> SIN SEÑAL
TMUS | dd=34.0% | prob=0.546 < umbral -> SIN SEÑAL
TROW | dd=37.0% | prob=0.410 < umbral -> SIN SEÑAL
TGT | dd=34.3% | prob=0.413 < umbral -> SIN SEÑAL
TSLA | dd=33.3% | prob=0.591 < umbral -> SIN SEÑAL
TPL | dd=37.5% | prob=0.649 < umbral -> SIN SEÑAL
TTD | dd=90.4% | prob=0.881 | ENTRAR | score_fund=65.9 | sent=0.111 | obj_analista=13.62
TSCO | dd=43.7% | prob=0.517 < umbral -> SIN SEÑAL
TRMB | dd=39.9% | prob=0.546 < umbral -> SIN SEÑAL
TYL | dd=51.2% | prob=0.591 < umbral -> SIN SEÑAL
TSN | dd=35.3% | prob=0.476 < umbral -> SIN SEÑAL
UPS | dd=44.6% | prob=0.413 < umbral -> SIN SEÑAL
UNH | dd=33.5% | prob=0.474 < umbral -> SIN SEÑAL
UHS | dd=31.3% | prob=0.551 < umbral -> SIN SEÑAL
VEEV | dd=31.2% | prob=0.476 < umbral -> SIN SEÑAL
VRSK | dd=43.4% | prob=0.569 < umbral -> SIN SEÑAL
VTRS | dd=73.6% | prob=0.551 < umbral -> SIN SEÑAL
VST | dd=33.8% | prob=0.613 < umbral -> SIN SEÑAL
DIS | dd=47.4% | prob=0.300 < umbral -> SIN SEÑAL
WBD | dd=65.4% | prob=0.292 < umbral -> SIN SEÑAL
WDC | dd=45.2% | prob=0.951 | ENTRAR | score_fund=91.5 | sent=0.46 | obj_analista=662.125
WY | dd=32.4% | prob=0.413 < umbral -> SIN SEÑAL
WDAY | dd=41.8% | prob=0.613 < umbral -> SIN SEÑAL
WYNN | dd=49.4% | prob=0.413 < umbral -> SIN SEÑAL
ZBRA | dd=37.7% | prob=0.613 < umbral -> SIN SEÑAL
ZBH | dd=41.9% | prob=0.467 < umbral -> SIN SEÑAL
ZTS | dd=68.1% | prob=0.551 < umbral -> SIN SEÑAL
MNST | dd=54.6% | prob=1.000 | ENTRADA DESCARTADA: ya hay posición abierta en Cartera A y Cartera B.
SNDK | dd=46.0% | prob=0.951 | ENTRADA DESCARTADA: ya hay posición abierta en Cartera A y Cartera B.
WDC | dd=45.2% | prob=0.951 | ENTRADA SOLO EN CARTERA B: ya hay posición abierta en Cartera A.
GLW | dd=41.4% | prob=0.881 | ENTRADA DESCARTADA: ya hay posición abierta en Cartera A y Cartera B.
MU | dd=30.8% | prob=0.881 | ENTRADA DESCARTADA: ya hay posición abierta en Cartera A y Cartera B.
TTD | dd=90.4% | prob=0.881 | ENTRADA DESCARTADA: ya hay posición abierta en Cartera A y Cartera B.
APP | dd=57.3% | prob=0.863 | ENTRADA DESCARTADA: ya hay posición abierta en Cartera A y Cartera B.
CIEN | dd=63.3% | prob=0.863 | ENTRADA DESCARTADA: ya hay posición abierta en Cartera A y Cartera B.
DECIDIDAS PARA ENTRAR HOY (3): ['WDC', 'MRVL', 'INTC']
