
===== escaneo preapertura 2026-09-25 08:46:02 ET =====
RESUMEN: universo=503 drawdown>=30%=185 con_senal=1
AOS | dd=34.7% | prob=0.412 < umbral -> SIN SEÑAL
ACN | dd=54.1% | prob=0.555 < umbral -> SIN SEÑAL
ADBE | dd=65.8% | prob=0.555 < umbral -> SIN SEÑAL
AES | dd=67.3% | prob=0.000 < umbral -> SIN SEÑAL
ABNB | dd=31.2% | prob=0.555 < umbral -> SIN SEÑAL
AKAM | dd=68.0% | prob=0.638 < umbral -> SIN SEÑAL
ALB | dd=65.9% | prob=0.638 < umbral -> SIN SEÑAL
ARE | dd=72.3% | prob=0.587 < umbral -> SIN SEÑAL
ALGN | dd=80.3% | prob=0.555 < umbral -> SIN SEÑAL
AIG | dd=93.8% | prob=0.257 < umbral -> SIN SEÑAL
AMT | dd=35.6% | prob=0.412 < umbral -> SIN SEÑAL
APH | dd=53.5% | prob=0.723 < umbral -> SIN SEÑAL
AON | dd=32.7% | prob=0.477 < umbral -> SIN SEÑAL
APA | dd=58.9% | prob=0.532 < umbral -> SIN SEÑAL
APO | dd=34.9% | prob=0.505 < umbral -> SIN SEÑAL
AMAT | dd=35.9% | prob=0.612 < umbral -> SIN SEÑAL
APP | dd=58.1% | prob=0.718 < umbral -> SIN SEÑAL
APTV | dd=75.9% | prob=0.555 < umbral -> SIN SEÑAL
ARES | dd=37.0% | prob=0.555 < umbral -> SIN SEÑAL
AJG | dd=34.5% | prob=0.477 < umbral -> SIN SEÑAL
ADSK | dd=38.6% | prob=0.555 < umbral -> SIN SEÑAL
AZO | dd=34.8% | prob=0.477 < umbral -> SIN SEÑAL
AXON | dd=49.8% | prob=0.683 < umbral -> SIN SEÑAL
BALL | dd=40.8% | prob=0.412 < umbral -> SIN SEÑAL
BAX | dd=72.3% | prob=0.477 < umbral -> SIN SEÑAL
TECH | dd=45.5% | prob=0.000 < umbral -> SIN SEÑAL
BIIB | dd=52.9% | prob=0.419 < umbral -> SIN SEÑAL
BX | dd=38.6% | prob=0.532 < umbral -> SIN SEÑAL
XYZ | dd=73.5% | prob=0.505 < umbral -> SIN SEÑAL
BA | dd=54.8% | prob=0.419 < umbral -> SIN SEÑAL
BKNG | dd=32.0% | prob=0.566 < umbral -> SIN SEÑAL
BSX | dd=59.2% | prob=0.505 < umbral -> SIN SEÑAL
BR | dd=38.9% | prob=0.412 < umbral -> SIN SEÑAL
BRO | dd=51.5% | prob=0.532 < umbral -> SIN SEÑAL
BF.B | dd=64.9% | prob=0.477 < umbral -> SIN SEÑAL
BXP | dd=41.9% | prob=0.412 < umbral -> SIN SEÑAL
CHRW | dd=30.5% | prob=0.532 < umbral -> SIN SEÑAL
CPT | dd=36.4% | prob=0.315 < umbral -> SIN SEÑAL
CCL | dd=67.1% | prob=0.555 < umbral -> SIN SEÑAL
CARR | dd=32.3% | prob=0.505 < umbral -> SIN SEÑAL
CVNA | dd=34.1% | prob=0.612 < umbral -> SIN SEÑAL
CASY | dd=35.5% | prob=0.587 < umbral -> SIN SEÑAL
CDW | dd=45.2% | prob=0.587 < umbral -> SIN SEÑAL
CNC | dd=37.2% | prob=0.566 < umbral -> SIN SEÑAL
CRL | dd=36.0% | prob=0.555 < umbral -> SIN SEÑAL
CHTR | dd=85.8% | prob=0.723 < umbral -> SIN SEÑAL
CMG | dd=53.8% | prob=0.555 < umbral -> SIN SEÑAL
CIEN | dd=66.1% | prob=0.774 < umbral -> SIN SEÑAL
C | dd=65.1% | prob=0.419 < umbral -> SIN SEÑAL
CLX | dd=58.9% | prob=0.532 < umbral -> SIN SEÑAL
CTSH | dd=35.3% | prob=0.532 < umbral -> SIN SEÑAL
COHR | dd=34.0% | prob=0.808 | ENTRAR | score_fund=53.3 | sent=0.319 | obj_analista=415.36197
COIN | dd=55.2% | prob=0.651 < umbral -> SIN SEÑAL
CMCSA | dd=55.0% | prob=0.505 < umbral -> SIN SEÑAL
STZ | dd=55.9% | prob=0.477 < umbral -> SIN SEÑAL
CEG | dd=36.4% | prob=0.532 < umbral -> SIN SEÑAL
COO | dd=52.2% | prob=0.555 < umbral -> SIN SEÑAL
CPRT | dd=56.4% | prob=0.555 < umbral -> SIN SEÑAL
GLW | dd=43.3% | prob=0.723 < umbral -> SIN SEÑAL
CSGP | dd=72.4% | prob=0.587 < umbral -> SIN SEÑAL
CRH | dd=35.7% | prob=0.477 < umbral -> SIN SEÑAL
CCI | dd=59.6% | prob=0.500 < umbral -> SIN SEÑAL
DECK | dd=64.9% | prob=0.532 < umbral -> SIN SEÑAL
DVN | dd=38.4% | prob=0.419 < umbral -> SIN SEÑAL
DXCM | dd=46.9% | prob=0.412 < umbral -> SIN SEÑAL
DG | dd=49.6% | prob=0.477 < umbral -> SIN SEÑAL
DLTR | dd=35.9% | prob=0.555 < umbral -> SIN SEÑAL
DPZ | dd=44.8% | prob=0.477 < umbral -> SIN SEÑAL
DASH | dd=34.3% | prob=0.566 < umbral -> SIN SEÑAL
DOW | dd=49.6% | prob=0.532 < umbral -> SIN SEÑAL
ECHO | dd=38.6% | prob=0.555 < umbral -> SIN SEÑAL
EIX | dd=35.6% | prob=0.638 < umbral -> SIN SEÑAL
EW | dd=34.9% | prob=0.419 < umbral -> SIN SEÑAL
EFX | dd=51.2% | prob=0.566 < umbral -> SIN SEÑAL
ERIE | dd=58.6% | prob=0.560 < umbral -> SIN SEÑAL
EL | dd=72.6% | prob=0.477 < umbral -> SIN SEÑAL
EXR | dd=30.3% | prob=0.386 < umbral -> SIN SEÑAL
FDS | dd=44.4% | prob=0.575 < umbral -> SIN SEÑAL
FICO | dd=64.4% | prob=0.683 < umbral -> SIN SEÑAL
FIS | dd=74.5% | prob=0.546 < umbral -> SIN SEÑAL
FSLR | dd=46.4% | prob=0.723 < umbral -> SIN SEÑAL
FISV | dd=80.7% | prob=0.566 < umbral -> SIN SEÑAL
FLEX | dd=32.6% | prob=0.651 < umbral -> SIN SEÑAL
F | dd=34.6% | prob=0.555 < umbral -> SIN SEÑAL
IT | dd=69.3% | prob=0.587 < umbral -> SIN SEÑAL
GNRC | dd=62.2% | prob=0.723 < umbral -> SIN SEÑAL
GIS | dd=55.7% | prob=0.477 < umbral -> SIN SEÑAL
GPN | dd=59.4% | prob=0.419 < umbral -> SIN SEÑAL
GDDY | dd=53.3% | prob=0.651 < umbral -> SIN SEÑAL
HAL | dd=44.7% | prob=0.477 < umbral -> SIN SEÑAL
HSY | dd=34.0% | prob=0.381 < umbral -> SIN SEÑAL
HD | dd=30.5% | prob=0.419 < umbral -> SIN SEÑAL
HRL | dd=58.0% | prob=0.419 < umbral -> SIN SEÑAL
HUM | dd=30.6% | prob=0.555 < umbral -> SIN SEÑAL
HII | dd=41.9% | prob=0.438 < umbral -> SIN SEÑAL
IBM | dd=31.7% | prob=0.555 < umbral -> SIN SEÑAL
IDXX | dd=33.3% | prob=0.412 < umbral -> SIN SEÑAL
PODD | dd=61.7% | prob=0.558 < umbral -> SIN SEÑAL
IFF | dd=37.5% | prob=0.313 < umbral -> SIN SEÑAL
IP | dd=38.4% | prob=0.555 < umbral -> SIN SEÑAL
INTU | dd=65.6% | prob=0.638 < umbral -> SIN SEÑAL
ISRG | dd=35.1% | prob=0.474 < umbral -> SIN SEÑAL
INVH | dd=32.3% | prob=0.257 < umbral -> SIN SEÑAL
KMB | dd=31.6% | prob=0.412 < umbral -> SIN SEÑAL
KKR | dd=43.3% | prob=0.505 < umbral -> SIN SEÑAL
KLAC | dd=39.1% | prob=0.638 < umbral -> SIN SEÑAL
KHC | dd=61.9% | prob=0.419 < umbral -> SIN SEÑAL
LHX | dd=36.8% | prob=0.419 < umbral -> SIN SEÑAL
LVS | dd=58.7% | prob=0.474 < umbral -> SIN SEÑAL
LDOS | dd=39.6% | prob=0.438 < umbral -> SIN SEÑAL
LEN | dd=55.0% | prob=0.555 < umbral -> SIN SEÑAL
LII | dd=46.1% | prob=0.532 < umbral -> SIN SEÑAL
LOW | dd=35.4% | prob=0.419 < umbral -> SIN SEÑAL
LULU | dd=80.3% | prob=0.587 < umbral -> SIN SEÑAL
LYB | dd=34.0% | prob=0.532 < umbral -> SIN SEÑAL
MRSH | dd=30.2% | prob=0.313 < umbral -> SIN SEÑAL
MLM | dd=32.3% | prob=0.474 < umbral -> SIN SEÑAL
MKC | dd=50.5% | prob=0.419 < umbral -> SIN SEÑAL
MGM | dd=64.5% | prob=0.555 < umbral -> SIN SEÑAL
MAA | dd=39.2% | prob=0.313 < umbral -> SIN SEÑAL
MRNA | dd=60.8% | prob=0.723 < umbral -> SIN SEÑAL
MNST | dd=57.5% | prob=0.612 < umbral -> SIN SEÑAL
MOS | dd=79.8% | prob=0.608 < umbral -> SIN SEÑAL
NFLX | dd=46.5% | prob=0.477 < umbral -> SIN SEÑAL
NKE | dd=78.2% | prob=0.419 < umbral -> SIN SEÑAL
NOC | dd=34.0% | prob=0.412 < umbral -> SIN SEÑAL
NCLH | dd=77.9% | prob=0.587 < umbral -> SIN SEÑAL
NRG | dd=48.3% | prob=0.608 < umbral -> SIN SEÑAL
NVR | dd=37.4% | prob=0.412 < umbral -> SIN SEÑAL
NXPI | dd=32.1% | prob=0.555 < umbral -> SIN SEÑAL
ODFL | dd=30.6% | prob=0.532 < umbral -> SIN SEÑAL
ON | dd=45.8% | prob=0.638 < umbral -> SIN SEÑAL
ORCL | dd=59.2% | prob=0.651 < umbral -> SIN SEÑAL
OTIS | dd=36.0% | prob=0.391 < umbral -> SIN SEÑAL
PSKY | dd=88.7% | prob=0.651 < umbral -> SIN SEÑAL
PAYX | dd=34.4% | prob=0.532 < umbral -> SIN SEÑAL
PYPL | dd=82.9% | prob=0.419 < umbral -> SIN SEÑAL
PNR | dd=53.1% | prob=0.555 < umbral -> SIN SEÑAL
PFE | dd=40.5% | prob=0.257 < umbral -> SIN SEÑAL
PCG | dd=82.3% | prob=0.651 < umbral -> SIN SEÑAL
PPG | dd=35.5% | prob=0.412 < umbral -> SIN SEÑAL
PTC | dd=37.5% | prob=0.505 < umbral -> SIN SEÑAL
Q | dd=31.0% | prob=0.608 < umbral -> SIN SEÑAL
RDDT | dd=46.0% | prob=0.651 < umbral -> SIN SEÑAL
REGN | dd=33.7% | prob=0.313 < umbral -> SIN SEÑAL
ROL | dd=53.7% | prob=0.532 < umbral -> SIN SEÑAL
ROP | dd=38.1% | prob=0.419 < umbral -> SIN SEÑAL
RCL | dd=33.7% | prob=0.587 < umbral -> SIN SEÑAL
CRM | dd=34.6% | prob=0.474 < umbral -> SIN SEÑAL
SBAC | dd=54.2% | prob=0.477 < umbral -> SIN SEÑAL
SLB | dd=39.9% | prob=0.532 < umbral -> SIN SEÑAL
NOW | dd=42.5% | prob=0.558 < umbral -> SIN SEÑAL
SWKS | dd=50.1% | prob=0.651 < umbral -> SIN SEÑAL
LUV | dd=30.8% | prob=0.532 < umbral -> SIN SEÑAL
SWK | dd=51.9% | prob=0.474 < umbral -> SIN SEÑAL
SYK | dd=32.7% | prob=0.505 < umbral -> SIN SEÑAL
SMCI | dd=66.2% | prob=0.651 < umbral -> SIN SEÑAL
SNPS | dd=34.8% | prob=0.532 < umbral -> SIN SEÑAL
TMUS | dd=38.8% | prob=0.438 < umbral -> SIN SEÑAL
TROW | dd=42.2% | prob=0.315 < umbral -> SIN SEÑAL
TPR | dd=32.0% | prob=0.555 < umbral -> SIN SEÑAL
TGT | dd=32.7% | prob=0.412 < umbral -> SIN SEÑAL
TPL | dd=42.1% | prob=0.612 < umbral -> SIN SEÑAL
TSCO | dd=49.8% | prob=0.532 < umbral -> SIN SEÑAL
TRMB | dd=40.2% | prob=0.419 < umbral -> SIN SEÑAL
TYL | dd=50.6% | prob=0.558 < umbral -> SIN SEÑAL
TSN | dd=41.3% | prob=0.419 < umbral -> SIN SEÑAL
UBER | dd=32.1% | prob=0.477 < umbral -> SIN SEÑAL
UDR | dd=33.8% | prob=0.267 < umbral -> SIN SEÑAL
UPS | dd=51.1% | prob=0.419 < umbral -> SIN SEÑAL
UNH | dd=38.0% | prob=0.419 < umbral -> SIN SEÑAL
VRSK | dd=47.2% | prob=0.555 < umbral -> SIN SEÑAL
VRT | dd=35.4% | prob=0.651 < umbral -> SIN SEÑAL
VTRS | dd=71.8% | prob=0.412 < umbral -> SIN SEÑAL
VST | dd=37.0% | prob=0.532 < umbral -> SIN SEÑAL
DIS | dd=46.4% | prob=0.313 < umbral -> SIN SEÑAL
WBD | dd=60.5% | prob=0.257 < umbral -> SIN SEÑAL
WDC | dd=43.7% | prob=0.723 < umbral -> SIN SEÑAL
WY | dd=45.6% | prob=0.438 < umbral -> SIN SEÑAL
WDAY | dd=38.6% | prob=0.555 < umbral -> SIN SEÑAL
WYNN | dd=61.3% | prob=0.532 < umbral -> SIN SEÑAL
XYL | dd=32.8% | prob=0.438 < umbral -> SIN SEÑAL
ZBRA | dd=40.6% | prob=0.419 < umbral -> SIN SEÑAL
ZBH | dd=46.4% | prob=0.477 < umbral -> SIN SEÑAL
ZTS | dd=70.2% | prob=0.474 < umbral -> SIN SEÑAL
COHR | dd=34.0% | prob=0.808 | ENTRADA DESCARTADA: ya hay posición abierta en Cartera A y Cartera B.
DECIDIDAS PARA ENTRAR HOY (0): []

===== escaneo postcierre 2026-09-25 18:00:44 ET =====
POST-CIERRE 2026-09-25
entradas ejecutadas: []
cambios de objetivo: 8
cierres: [('SNDK', 'A', 'tiempo', 0.1684), ('WDC', 'A', 'tiempo', 0.098), ('TER', 'A', 'objetivo', 0.1852), ('SNDK', 'B', 'tiempo', 0.1684), ('WDC', 'B', 'tiempo', 0.098), ('TER', 'B', 'objetivo', 0.1852)]
