
===== escaneo preapertura 2026-08-19 08:45:52 ET =====
RESUMEN: universo=503 drawdown>=30%=152 con_senal=9
AOS | dd=31.1% | prob=0.413 < umbral -> SIN SEÑAL
ACN | dd=55.3% | prob=0.619 < umbral -> SIN SEÑAL
ADBE | dd=62.4% | prob=0.613 < umbral -> SIN SEÑAL
AES | dd=67.5% | prob=0.000 < umbral -> SIN SEÑAL
AKAM | dd=66.7% | prob=0.708 < umbral -> SIN SEÑAL
ALB | dd=58.2% | prob=0.591 < umbral -> SIN SEÑAL
ARE | dd=74.8% | prob=0.551 < umbral -> SIN SEÑAL
ALGN | dd=77.2% | prob=0.553 < umbral -> SIN SEÑAL
AIG | dd=93.7% | prob=0.300 < umbral -> SIN SEÑAL
AMT | dd=33.7% | prob=0.413 < umbral -> SIN SEÑAL
APA | dd=60.1% | prob=0.551 < umbral -> SIN SEÑAL
AMAT | dd=30.5% | prob=0.723 < umbral -> SIN SEÑAL
APP | dd=58.8% | prob=0.723 < umbral -> SIN SEÑAL
APTV | dd=73.1% | prob=0.591 < umbral -> SIN SEÑAL
AXON | dd=30.0% | prob=0.649 < umbral -> SIN SEÑAL
BALL | dd=35.6% | prob=0.378 < umbral -> SIN SEÑAL
BAX | dd=69.4% | prob=0.551 < umbral -> SIN SEÑAL
TECH | dd=45.7% | prob=0.000 < umbral -> SIN SEÑAL
BIIB | dd=55.7% | prob=0.413 < umbral -> SIN SEÑAL
XYZ | dd=72.5% | prob=0.517 < umbral -> SIN SEÑAL
BA | dd=48.8% | prob=0.441 < umbral -> SIN SEÑAL
BSX | dd=53.9% | prob=0.551 < umbral -> SIN SEÑAL
BR | dd=36.2% | prob=0.546 < umbral -> SIN SEÑAL
BRO | dd=44.2% | prob=0.474 < umbral -> SIN SEÑAL
BF.B | dd=63.3% | prob=0.476 < umbral -> SIN SEÑAL
BLDR | dd=68.5% | prob=0.649 < umbral -> SIN SEÑAL
BXP | dd=38.2% | prob=0.410 < umbral -> SIN SEÑAL
CHRW | dd=31.2% | prob=0.591 < umbral -> SIN SEÑAL
CCL | dd=58.8% | prob=0.476 < umbral -> SIN SEÑAL
CVNA | dd=33.2% | prob=0.723 < umbral -> SIN SEÑAL
CDW | dd=46.9% | prob=0.569 < umbral -> SIN SEÑAL
CNC | dd=33.8% | prob=0.590 < umbral -> SIN SEÑAL
CRL | dd=39.3% | prob=0.476 < umbral -> SIN SEÑAL
CHTR | dd=82.0% | prob=0.649 < umbral -> SIN SEÑAL
CMG | dd=51.8% | prob=0.551 < umbral -> SIN SEÑAL
CIEN | dd=61.6% | prob=0.859 | ENTRAR | score_fund=60.0 | sent=0.157 | obj_analista=560.44354
C | dd=63.6% | prob=0.300 < umbral -> SIN SEÑAL
CLX | dd=47.0% | prob=0.441 < umbral -> SIN SEÑAL
CTSH | dd=34.6% | prob=0.591 < umbral -> SIN SEÑAL
COHR | dd=30.4% | prob=0.935 | ENTRAR | score_fund=53.3 | sent=0.227 | obj_analista=410.76
COIN | dd=67.1% | prob=0.723 < umbral -> SIN SEÑAL
CMCSA | dd=46.8% | prob=0.476 < umbral -> SIN SEÑAL
STZ | dd=49.5% | prob=0.476 < umbral -> SIN SEÑAL
CEG | dd=35.1% | prob=0.590 < umbral -> SIN SEÑAL
COO | dd=34.6% | prob=0.292 < umbral -> SIN SEÑAL
CPRT | dd=51.1% | prob=0.551 < umbral -> SIN SEÑAL
GLW | dd=41.2% | prob=0.859 | ENTRAR | score_fund=59.0 | sent=0.307 | obj_analista=191.4
CSGP | dd=68.9% | prob=0.629 < umbral -> SIN SEÑAL
CCI | dd=55.8% | prob=0.545 < umbral -> SIN SEÑAL
DHR | dd=30.9% | prob=0.441 < umbral -> SIN SEÑAL
DECK | dd=60.0% | prob=0.551 < umbral -> SIN SEÑAL
DVN | dd=39.8% | prob=0.476 < umbral -> SIN SEÑAL
DXCM | dd=45.7% | prob=0.517 < umbral -> SIN SEÑAL
DG | dd=50.3% | prob=0.474 < umbral -> SIN SEÑAL
DPZ | dd=36.7% | prob=0.546 < umbral -> SIN SEÑAL
DOW | dd=44.9% | prob=0.569 < umbral -> SIN SEÑAL
ECHO | dd=38.9% | prob=0.629 < umbral -> SIN SEÑAL
EW | dd=30.9% | prob=0.410 < umbral -> SIN SEÑAL
EFX | dd=40.4% | prob=0.551 < umbral -> SIN SEÑAL
ERIE | dd=51.4% | prob=0.569 < umbral -> SIN SEÑAL
EL | dd=75.8% | prob=0.467 < umbral -> SIN SEÑAL
FDS | dd=41.5% | prob=0.569 < umbral -> SIN SEÑAL
FICO | dd=55.1% | prob=0.629 < umbral -> SIN SEÑAL
FIS | dd=70.2% | prob=0.591 < umbral -> SIN SEÑAL
FSLR | dd=31.5% | prob=0.723 < umbral -> SIN SEÑAL
FISV | dd=78.3% | prob=0.613 < umbral -> SIN SEÑAL
IT | dd=68.8% | prob=0.689 < umbral -> SIN SEÑAL
GNRC | dd=59.6% | prob=0.649 < umbral -> SIN SEÑAL
GIS | dd=51.5% | prob=0.441 < umbral -> SIN SEÑAL
GPN | dd=57.0% | prob=0.545 < umbral -> SIN SEÑAL
GDDY | dd=55.6% | prob=0.649 < umbral -> SIN SEÑAL
HAL | dd=41.5% | prob=0.519 < umbral -> SIN SEÑAL
HRL | dd=48.4% | prob=0.292 < umbral -> SIN SEÑAL
HUM | dd=30.3% | prob=0.546 < umbral -> SIN SEÑAL
HII | dd=30.7% | prob=0.517 < umbral -> SIN SEÑAL
IBM | dd=30.0% | prob=0.551 < umbral -> SIN SEÑAL
PODD | dd=58.3% | prob=0.619 < umbral -> SIN SEÑAL
INTC | dd=32.1% | prob=0.805 | ENTRAR (EXCEPCIONAL: entra pese a deterioro) | score_fund=34.5 | sent=0.308 | obj_analista=114.87805
IFF | dd=41.0% | prob=0.476 < umbral -> SIN SEÑAL
INTU | dd=56.5% | prob=0.613 < umbral -> SIN SEÑAL
ISRG | dd=36.5% | prob=0.517 < umbral -> SIN SEÑAL
KKR | dd=36.5% | prob=0.569 < umbral -> SIN SEÑAL
KLAC | dd=36.6% | prob=0.723 < umbral -> SIN SEÑAL
KHC | dd=60.4% | prob=0.441 < umbral -> SIN SEÑAL
LVS | dd=51.5% | prob=0.413 < umbral -> SIN SEÑAL
LEN | dd=53.1% | prob=0.520 < umbral -> SIN SEÑAL
LII | dd=39.8% | prob=0.569 < umbral -> SIN SEÑAL
LULU | dd=77.0% | prob=0.569 < umbral -> SIN SEÑAL
MRVL | dd=34.5% | prob=0.857 | ENTRAR | score_fund=57.6 | sent=0.078 | obj_analista=256.9142
MKC | dd=42.8% | prob=0.413 < umbral -> SIN SEÑAL
META | dd=31.5% | prob=0.591 < umbral -> SIN SEÑAL
MGM | dd=54.4% | prob=0.292 < umbral -> SIN SEÑAL
MAA | dd=32.5% | prob=0.292 < umbral -> SIN SEÑAL
MRNA | dd=87.3% | prob=0.649 < umbral -> SIN SEÑAL
TAP | dd=52.6% | prob=0.517 < umbral -> SIN SEÑAL
MNST | dd=52.8% | prob=0.951 | ENTRAR | score_fund=81.3 | sent=0.699 | obj_analista=50.13043
MOS | dd=82.0% | prob=0.613 < umbral -> SIN SEÑAL
NFLX | dd=42.0% | prob=0.535 < umbral -> SIN SEÑAL
NKE | dd=75.7% | prob=0.517 < umbral -> SIN SEÑAL
NCLH | dd=72.6% | prob=0.569 < umbral -> SIN SEÑAL
NRG | dd=39.0% | prob=0.649 < umbral -> SIN SEÑAL
NVR | dd=37.3% | prob=0.413 < umbral -> SIN SEÑAL
NXPI | dd=32.5% | prob=0.613 < umbral -> SIN SEÑAL
ON | dd=41.1% | prob=0.723 < umbral -> SIN SEÑAL
ORCL | dd=58.2% | prob=0.649 < umbral -> SIN SEÑAL
OTIS | dd=32.5% | prob=0.402 < umbral -> SIN SEÑAL
PSKY | dd=88.4% | prob=0.569 < umbral -> SIN SEÑAL
PYPL | dd=80.3% | prob=0.410 < umbral -> SIN SEÑAL
PNR | dd=43.8% | prob=0.545 < umbral -> SIN SEÑAL
PFE | dd=43.0% | prob=0.300 < umbral -> SIN SEÑAL
PCG | dd=74.5% | prob=0.413 < umbral -> SIN SEÑAL
PPG | dd=31.6% | prob=0.413 < umbral -> SIN SEÑAL
PTC | dd=33.3% | prob=0.590 < umbral -> SIN SEÑAL
QCOM | dd=38.1% | prob=0.629 < umbral -> SIN SEÑAL
REGN | dd=32.6% | prob=0.410 < umbral -> SIN SEÑAL
RVTY | dd=43.4% | prob=0.413 < umbral -> SIN SEÑAL
HOOD | dd=40.5% | prob=0.629 < umbral -> SIN SEÑAL
ROL | dd=44.7% | prob=0.545 < umbral -> SIN SEÑAL
ROP | dd=33.0% | prob=0.474 < umbral -> SIN SEÑAL
CRM | dd=46.2% | prob=0.591 < umbral -> SIN SEÑAL
SNDK | dd=30.9% | prob=0.888 | ENTRAR | score_fund=87.8 | sent=-0.104 | obj_analista=2107.6956
SBAC | dd=50.0% | prob=0.520 < umbral -> SIN SEÑAL
SLB | dd=37.8% | prob=0.517 < umbral -> SIN SEÑAL
NOW | dd=50.1% | prob=0.649 < umbral -> SIN SEÑAL
SWKS | dd=61.7% | prob=0.613 < umbral -> SIN SEÑAL
SWK | dd=47.5% | prob=0.441 < umbral -> SIN SEÑAL
SMCI | dd=69.6% | prob=0.723 < umbral -> SIN SEÑAL
SNPS | dd=37.9% | prob=0.551 < umbral -> SIN SEÑAL
TMUS | dd=32.4% | prob=0.517 < umbral -> SIN SEÑAL
TROW | dd=38.9% | prob=0.378 < umbral -> SIN SEÑAL
TGT | dd=34.3% | prob=0.413 < umbral -> SIN SEÑAL
TSLA | dd=32.5% | prob=0.591 < umbral -> SIN SEÑAL
TPL | dd=37.4% | prob=0.619 < umbral -> SIN SEÑAL
TTD | dd=90.5% | prob=0.805 | ENTRAR | score_fund=66.0 | sent=-0.05 | obj_analista=13.38667
TSCO | dd=44.6% | prob=0.546 < umbral -> SIN SEÑAL
TRMB | dd=40.9% | prob=0.569 < umbral -> SIN SEÑAL
TYL | dd=49.8% | prob=0.591 < umbral -> SIN SEÑAL
TSN | dd=33.5% | prob=0.413 < umbral -> SIN SEÑAL
UPS | dd=45.9% | prob=0.410 < umbral -> SIN SEÑAL
UNH | dd=34.9% | prob=0.413 < umbral -> SIN SEÑAL
VRSK | dd=44.0% | prob=0.569 < umbral -> SIN SEÑAL
VTRS | dd=73.8% | prob=0.512 < umbral -> SIN SEÑAL
VST | dd=35.8% | prob=0.613 < umbral -> SIN SEÑAL
DIS | dd=47.2% | prob=0.369 < umbral -> SIN SEÑAL
WBD | dd=63.6% | prob=0.261 < umbral -> SIN SEÑAL
WDC | dd=38.0% | prob=0.881 | ENTRAR | score_fund=87.9 | sent=0.273 | obj_analista=664.9167
WY | dd=36.3% | prob=0.413 < umbral -> SIN SEÑAL
WDAY | dd=38.8% | prob=0.689 < umbral -> SIN SEÑAL
WYNN | dd=51.1% | prob=0.441 < umbral -> SIN SEÑAL
ZBRA | dd=40.4% | prob=0.551 < umbral -> SIN SEÑAL
ZBH | dd=40.8% | prob=0.413 < umbral -> SIN SEÑAL
ZTS | dd=68.7% | prob=0.569 < umbral -> SIN SEÑAL
MNST | dd=52.8% | prob=0.951 | ENTRADA DESCARTADA: ya hay posición abierta en Cartera A y Cartera B.
SNDK | dd=30.9% | prob=0.888 | ENTRADA DESCARTADA: ya hay posición abierta en Cartera A y Cartera B.
WDC | dd=38.0% | prob=0.881 | ENTRADA DESCARTADA: ya hay posición abierta en Cartera A y Cartera B.
CIEN | dd=61.6% | prob=0.859 | ENTRADA DESCARTADA: ya hay posición abierta en Cartera A y Cartera B.
GLW | dd=41.2% | prob=0.859 | ENTRADA DESCARTADA: ya hay posición abierta en Cartera A y Cartera B.
MRVL | dd=34.5% | prob=0.857 | ENTRADA DESCARTADA: ya hay posición abierta en Cartera A y Cartera B.
INTC | dd=32.1% | prob=0.805 | ENTRADA DESCARTADA: ya hay posición abierta en Cartera A y Cartera B.
TTD | dd=90.5% | prob=0.805 | ENTRADA DESCARTADA: ya hay posición abierta en Cartera A y Cartera B.
DECIDIDAS PARA ENTRAR HOY (1): ['COHR']
