
===== escaneo preapertura 2026-10-05 08:45:47 ET =====
RESUMEN: universo=503 drawdown>=30%=176 con_senal=2
AOS | dd=35.8% | prob=0.403 < umbral -> SIN SEÑAL
ACN | dd=48.5% | prob=0.589 < umbral -> SIN SEÑAL
ADBE | dd=66.0% | prob=0.552 < umbral -> SIN SEÑAL
AES | dd=67.1% | prob=0.000 < umbral -> SIN SEÑAL
AKAM | dd=68.5% | prob=0.731 < umbral -> SIN SEÑAL
ALB | dd=67.1% | prob=0.600 < umbral -> SIN SEÑAL
ARE | dd=74.0% | prob=0.552 < umbral -> SIN SEÑAL
ALGN | dd=80.5% | prob=0.518 < umbral -> SIN SEÑAL
AIG | dd=93.8% | prob=0.311 < umbral -> SIN SEÑAL
AMT | dd=37.6% | prob=0.403 < umbral -> SIN SEÑAL
APH | SERIE ROTA: el 2026-08-27 cayó de 161.34 a 80.69 (×0.5001). Parece una acción corporativa sin ajustar, no un movimiento de mercado: el drawdown y el ATR que saldrían de esta serie no son reales. Fuera del universo hasta que el salto salga de la ventana.
AON | dd=34.3% | prob=0.440 < umbral -> SIN SEÑAL
APA | dd=58.9% | prob=0.476 < umbral -> SIN SEÑAL
APO | dd=38.5% | prob=0.518 < umbral -> SIN SEÑAL
APP | dd=64.0% | prob=0.731 < umbral -> SIN SEÑAL
APTV | dd=75.9% | prob=0.552 < umbral -> SIN SEÑAL
ARES | dd=38.3% | prob=0.552 < umbral -> SIN SEÑAL
AJG | dd=34.8% | prob=0.476 < umbral -> SIN SEÑAL
ADSK | dd=38.4% | prob=0.552 < umbral -> SIN SEÑAL
AZO | dd=36.4% | prob=0.476 < umbral -> SIN SEÑAL
AXON | dd=53.3% | prob=0.656 < umbral -> SIN SEÑAL
BALL | dd=41.1% | prob=0.311 < umbral -> SIN SEÑAL
BAX | dd=72.3% | prob=0.461 < umbral -> SIN SEÑAL
TECH | dd=45.6% | prob=0.000 < umbral -> SIN SEÑAL
BIIB | dd=54.2% | prob=0.423 < umbral -> SIN SEÑAL
BX | dd=41.5% | prob=0.528 < umbral -> SIN SEÑAL
XYZ | dd=74.3% | prob=0.518 < umbral -> SIN SEÑAL
BA | dd=55.6% | prob=0.528 < umbral -> SIN SEÑAL
BKNG | dd=31.3% | prob=0.552 < umbral -> SIN SEÑAL
BSX | dd=61.1% | prob=0.518 < umbral -> SIN SEÑAL
BR | dd=41.1% | prob=0.423 < umbral -> SIN SEÑAL
BRO | dd=51.8% | prob=0.476 < umbral -> SIN SEÑAL
BF.B | dd=64.7% | prob=0.423 < umbral -> SIN SEÑAL
BXP | dd=43.6% | prob=0.423 < umbral -> SIN SEÑAL
CPT | dd=37.4% | prob=0.311 < umbral -> SIN SEÑAL
CCL | dd=61.1% | prob=0.528 < umbral -> SIN SEÑAL
CARR | dd=32.0% | prob=0.496 < umbral -> SIN SEÑAL
CVNA | dd=34.5% | prob=0.651 < umbral -> SIN SEÑAL
CASY | dd=33.4% | prob=0.562 < umbral -> SIN SEÑAL
CDW | dd=47.6% | prob=0.589 < umbral -> SIN SEÑAL
CNC | dd=36.1% | prob=0.552 < umbral -> SIN SEÑAL
CRL | dd=36.9% | prob=0.518 < umbral -> SIN SEÑAL
CHTR | dd=86.8% | prob=0.649 < umbral -> SIN SEÑAL
CMG | dd=53.3% | prob=0.528 < umbral -> SIN SEÑAL
CIEN | dd=63.0% | prob=0.725 < umbral -> SIN SEÑAL
C | dd=66.1% | prob=0.440 < umbral -> SIN SEÑAL
CLX | dd=59.6% | prob=0.476 < umbral -> SIN SEÑAL
CTSH | dd=33.7% | prob=0.552 < umbral -> SIN SEÑAL
COIN | dd=58.8% | prob=0.731 < umbral -> SIN SEÑAL
CMCSA | dd=56.2% | prob=0.440 < umbral -> SIN SEÑAL
STZ | dd=56.5% | prob=0.403 < umbral -> SIN SEÑAL
CEG | dd=37.4% | prob=0.565 < umbral -> SIN SEÑAL
COO | dd=50.9% | prob=0.528 < umbral -> SIN SEÑAL
CPRT | dd=57.7% | prob=0.476 < umbral -> SIN SEÑAL
GLW | dd=39.6% | prob=0.656 < umbral -> SIN SEÑAL
CTVA | SERIE ROTA: el 2026-10-01 cayó de 77.65 a 12.57 (×0.1619). Parece una acción corporativa sin ajustar, no un movimiento de mercado: el drawdown y el ATR que saldrían de esta serie no son reales. Fuera del universo hasta que el salto salga de la ventana.
CSGP | dd=72.9% | prob=0.565 < umbral -> SIN SEÑAL
CRH | dd=37.3% | prob=0.496 < umbral -> SIN SEÑAL
CCI | dd=60.3% | prob=0.476 < umbral -> SIN SEÑAL
DECK | dd=64.7% | prob=0.476 < umbral -> SIN SEÑAL
DVN | dd=40.0% | prob=0.423 < umbral -> SIN SEÑAL
DXCM | dd=48.2% | prob=0.403 < umbral -> SIN SEÑAL
DG | dd=51.1% | prob=0.496 < umbral -> SIN SEÑAL
DLTR | dd=36.7% | prob=0.552 < umbral -> SIN SEÑAL
DPZ | dd=44.0% | prob=0.431 < umbral -> SIN SEÑAL
DASH | dd=33.7% | prob=0.593 < umbral -> SIN SEÑAL
DOW | dd=50.6% | prob=0.476 < umbral -> SIN SEÑAL
DHI | dd=31.1% | prob=0.496 < umbral -> SIN SEÑAL
ECHO | dd=36.0% | prob=0.518 < umbral -> SIN SEÑAL
EIX | dd=34.0% | prob=0.552 < umbral -> SIN SEÑAL
EW | dd=35.4% | prob=0.423 < umbral -> SIN SEÑAL
EFX | dd=54.1% | prob=0.586 < umbral -> SIN SEÑAL
ERIE | dd=58.2% | prob=0.518 < umbral -> SIN SEÑAL
EL | dd=73.6% | prob=0.518 < umbral -> SIN SEÑAL
EXE | dd=31.7% | prob=0.423 < umbral -> SIN SEÑAL
FDS | dd=45.5% | prob=0.600 < umbral -> SIN SEÑAL
FICO | dd=72.5% | prob=0.873 | ENTRAR | score_fund=78.2 | sent=0.0 | obj_analista=1207.051
FIS | dd=76.4% | prob=0.552 < umbral -> SIN SEÑAL
FSLR | dd=45.6% | prob=0.649 < umbral -> SIN SEÑAL
FISV | SERIE ROTA: el 2025-10-29 cayó de 126.17 a 70.6 (×0.5596). Parece una acción corporativa sin ajustar, no un movimiento de mercado: el drawdown y el ATR que saldrían de esta serie no son reales. Fuera del universo hasta que el salto salga de la ventana.
FLEX | dd=30.1% | prob=0.651 < umbral -> SIN SEÑAL
F | dd=37.2% | prob=0.518 < umbral -> SIN SEÑAL
IT | dd=68.4% | prob=0.593 < umbral -> SIN SEÑAL
GEHC | dd=32.0% | prob=0.403 < umbral -> SIN SEÑAL
GEN | dd=30.5% | prob=0.638 < umbral -> SIN SEÑAL
GNRC | dd=58.7% | prob=0.649 < umbral -> SIN SEÑAL
GIS | dd=59.3% | prob=0.528 < umbral -> SIN SEÑAL
GPN | dd=62.7% | prob=0.496 < umbral -> SIN SEÑAL
GDDY | dd=55.0% | prob=0.638 < umbral -> SIN SEÑAL
HAL | dd=46.2% | prob=0.440 < umbral -> SIN SEÑAL
DOC | dd=31.4% | prob=0.403 < umbral -> SIN SEÑAL
HSY | dd=36.6% | prob=0.363 < umbral -> SIN SEÑAL
HD | dd=32.7% | prob=0.423 < umbral -> SIN SEÑAL
HRL | dd=57.1% | prob=0.403 < umbral -> SIN SEÑAL
HII | dd=41.4% | prob=0.423 < umbral -> SIN SEÑAL
IBM | dd=33.0% | prob=0.552 < umbral -> SIN SEÑAL
IDXX | dd=32.7% | prob=0.423 < umbral -> SIN SEÑAL
ILMN | dd=49.5% | prob=0.600 < umbral -> SIN SEÑAL
PODD | dd=62.9% | prob=0.562 < umbral -> SIN SEÑAL
IFF | dd=40.0% | prob=0.402 < umbral -> SIN SEÑAL
IP | dd=43.5% | prob=0.552 < umbral -> SIN SEÑAL
INTU | dd=65.1% | prob=0.565 < umbral -> SIN SEÑAL
ISRG | dd=36.4% | prob=0.516 < umbral -> SIN SEÑAL
INVH | dd=33.5% | prob=0.254 < umbral -> SIN SEÑAL
KVUE | dd=30.1% | prob=0.311 < umbral -> SIN SEÑAL
KMB | dd=33.6% | prob=0.423 < umbral -> SIN SEÑAL
KKR | dd=46.5% | prob=0.552 < umbral -> SIN SEÑAL
KLAC | dd=32.7% | prob=0.589 < umbral -> SIN SEÑAL
KHC | dd=64.6% | prob=0.423 < umbral -> SIN SEÑAL
LHX | dd=37.1% | prob=0.403 < umbral -> SIN SEÑAL
LVS | dd=61.3% | prob=0.476 < umbral -> SIN SEÑAL
LDOS | dd=42.3% | prob=0.423 < umbral -> SIN SEÑAL
LEN | dd=55.9% | prob=0.565 < umbral -> SIN SEÑAL
LII | dd=47.8% | prob=0.552 < umbral -> SIN SEÑAL
LOW | dd=38.0% | prob=0.423 < umbral -> SIN SEÑAL
LULU | dd=81.7% | prob=0.600 < umbral -> SIN SEÑAL
LYB | dd=35.8% | prob=0.476 < umbral -> SIN SEÑAL
MRSH | dd=30.1% | prob=0.311 < umbral -> SIN SEÑAL
MLM | dd=32.0% | prob=0.461 < umbral -> SIN SEÑAL
MKC | dd=53.8% | prob=0.518 < umbral -> SIN SEÑAL
MCD | dd=31.3% | prob=0.311 < umbral -> SIN SEÑAL
MGM | dd=67.9% | prob=0.552 < umbral -> SIN SEÑAL
MAA | dd=40.3% | prob=0.311 < umbral -> SIN SEÑAL
MRNA | SERIE ROTA: el 2026-08-19 subió de 62.96 a 174.38 (×2.7697). Parece una acción corporativa sin ajustar, no un movimiento de mercado: el drawdown y el ATR que saldrían de esta serie no son reales. Fuera del universo hasta que el salto salga de la ventana.
MNST | SERIE ROTA: el 2026-08-10 cayó de 90.36 a 45.72 (×0.5059). Parece una acción corporativa sin ajustar, no un movimiento de mercado: el drawdown y el ATR que saldrían de esta serie no son reales. Fuera del universo hasta que el salto salga de la ventana.
MOS | dd=82.1% | prob=0.607 < umbral -> SIN SEÑAL
NFLX | dd=50.0% | prob=0.476 < umbral -> SIN SEÑAL
NKE | dd=79.5% | prob=0.528 < umbral -> SIN SEÑAL
NOC | dd=38.0% | prob=0.423 < umbral -> SIN SEÑAL
NCLH | dd=76.4% | prob=0.589 < umbral -> SIN SEÑAL
NRG | dd=49.7% | prob=0.600 < umbral -> SIN SEÑAL
NVR | dd=39.8% | prob=0.423 < umbral -> SIN SEÑAL
ON | dd=37.1% | prob=0.651 < umbral -> SIN SEÑAL
ORCL | dd=58.4% | prob=0.638 < umbral -> SIN SEÑAL
OTIS | dd=38.6% | prob=0.403 < umbral -> SIN SEÑAL
PSKY | dd=89.4% | prob=0.725 < umbral -> SIN SEÑAL
PAYX | dd=36.1% | prob=0.440 < umbral -> SIN SEÑAL
PYPL | dd=82.8% | prob=0.440 < umbral -> SIN SEÑAL
PNR | dd=53.1% | prob=0.476 < umbral -> SIN SEÑAL
PFE | dd=41.8% | prob=0.287 < umbral -> SIN SEÑAL
PCG | dd=82.3% | prob=0.586 < umbral -> SIN SEÑAL
PPG | dd=36.3% | prob=0.423 < umbral -> SIN SEÑAL
PTC | dd=34.4% | prob=0.528 < umbral -> SIN SEÑAL
RDDT | dd=47.7% | prob=0.656 < umbral -> SIN SEÑAL
REGN | dd=38.8% | prob=0.461 < umbral -> SIN SEÑAL
ROL | dd=54.1% | prob=0.518 < umbral -> SIN SEÑAL
ROP | dd=39.8% | prob=0.423 < umbral -> SIN SEÑAL
CRM | dd=35.6% | prob=0.496 < umbral -> SIN SEÑAL
SBAC | dd=56.3% | prob=0.476 < umbral -> SIN SEÑAL
SLB | dd=43.0% | prob=0.518 < umbral -> SIN SEÑAL
NOW | dd=43.9% | prob=0.600 < umbral -> SIN SEÑAL
SWKS | dd=51.7% | prob=0.638 < umbral -> SIN SEÑAL
SWK | dd=51.3% | prob=0.476 < umbral -> SIN SEÑAL
SYK | dd=31.3% | prob=0.440 < umbral -> SIN SEÑAL
SMCI | dd=64.5% | prob=0.649 < umbral -> SIN SEÑAL
TMUS | dd=39.5% | prob=0.431 < umbral -> SIN SEÑAL
TROW | dd=42.0% | prob=0.403 < umbral -> SIN SEÑAL
TGT | dd=32.7% | prob=0.403 < umbral -> SIN SEÑAL
TPL | dd=41.7% | prob=0.565 < umbral -> SIN SEÑAL
TSCO | dd=50.4% | prob=0.476 < umbral -> SIN SEÑAL
TRMB | dd=40.4% | prob=0.423 < umbral -> SIN SEÑAL
TYL | dd=51.2% | prob=0.562 < umbral -> SIN SEÑAL
TSN | dd=40.5% | prob=0.311 < umbral -> SIN SEÑAL
UBER | dd=33.2% | prob=0.440 < umbral -> SIN SEÑAL
UDR | dd=34.4% | prob=0.311 < umbral -> SIN SEÑAL
UPS | dd=50.6% | prob=0.403 < umbral -> SIN SEÑAL
UNH | dd=38.5% | prob=0.423 < umbral -> SIN SEÑAL
VRSK | dd=48.7% | prob=0.528 < umbral -> SIN SEÑAL
VRT | dd=33.6% | prob=0.656 < umbral -> SIN SEÑAL
VTRS | dd=71.5% | prob=0.423 < umbral -> SIN SEÑAL
VST | dd=36.0% | prob=0.552 < umbral -> SIN SEÑAL
DIS | dd=48.1% | prob=0.311 < umbral -> SIN SEÑAL
WBD | dd=60.4% | prob=0.000 < umbral -> SIN SEÑAL
WDC | dd=48.1% | prob=0.812 | ENTRAR | score_fund=88.6 | sent=0.0 | obj_analista=664.9167
WY | dd=50.1% | prob=0.431 < umbral -> SIN SEÑAL
WDAY | dd=40.2% | prob=0.552 < umbral -> SIN SEÑAL
WYNN | dd=63.4% | prob=0.552 < umbral -> SIN SEÑAL
XYL | dd=33.3% | prob=0.423 < umbral -> SIN SEÑAL
ZBRA | dd=38.9% | prob=0.423 < umbral -> SIN SEÑAL
ZBH | dd=47.3% | prob=0.423 < umbral -> SIN SEÑAL
ZTS | dd=70.5% | prob=0.440 < umbral -> SIN SEÑAL
FICO | dd=72.5% | prob=0.873 | ENTRADA DESCARTADA: ya hay posición abierta en Cartera A y Cartera B.
DECIDIDAS PARA ENTRAR HOY (1): ['WDC']

===== escaneo postcierre 2026-10-05 18:00:51 ET =====
POST-CIERRE 2026-10-05
entradas ejecutadas: ['WDC']
cambios de objetivo: 2
cierres: []
