
===== escaneo preapertura 2026-08-11 08:45:59 ET =====
RESUMEN: universo=503 drawdown>=30%=146 con_senal=11
ACN | dd=53.9% | prob=0.613 < umbral -> SIN SEÑAL
ADBE | dd=61.0% | prob=0.591 < umbral -> SIN SEÑAL
AES | dd=67.5% | prob=0.000 < umbral -> SIN SEÑAL
AKAM | dd=65.9% | prob=0.723 < umbral -> SIN SEÑAL
ALB | dd=58.7% | prob=0.613 < umbral -> SIN SEÑAL
ARE | dd=73.4% | prob=0.591 < umbral -> SIN SEÑAL
ALGN | dd=76.1% | prob=0.551 < umbral -> SIN SEÑAL
AIG | dd=93.6% | prob=0.300 < umbral -> SIN SEÑAL
AMT | dd=34.9% | prob=0.476 < umbral -> SIN SEÑAL
APA | dd=61.4% | prob=0.569 < umbral -> SIN SEÑAL
APP | dd=54.5% | prob=0.859 | ENTRAR | score_fund=90.8 | sent=0.086 | obj_analista=559.0
APTV | dd=72.5% | prob=0.629 < umbral -> SIN SEÑAL
AZO | dd=30.1% | prob=0.476 < umbral -> SIN SEÑAL
AXON | dd=32.7% | prob=0.689 < umbral -> SIN SEÑAL
BALL | dd=34.6% | prob=0.413 < umbral -> SIN SEÑAL
BAX | dd=67.2% | prob=0.591 < umbral -> SIN SEÑAL
TECH | dd=45.8% | prob=0.000 < umbral -> SIN SEÑAL
BIIB | dd=56.9% | prob=0.546 < umbral -> SIN SEÑAL
XYZ | dd=72.7% | prob=0.545 < umbral -> SIN SEÑAL
BA | dd=46.6% | prob=0.545 < umbral -> SIN SEÑAL
BSX | dd=53.9% | prob=0.551 < umbral -> SIN SEÑAL
BR | dd=34.9% | prob=0.546 < umbral -> SIN SEÑAL
BRO | dd=42.4% | prob=0.476 < umbral -> SIN SEÑAL
BF.B | dd=61.9% | prob=0.517 < umbral -> SIN SEÑAL
BLDR | dd=66.5% | prob=0.629 < umbral -> SIN SEÑAL
BXP | dd=36.6% | prob=0.413 < umbral -> SIN SEÑAL
CCL | dd=58.1% | prob=0.546 < umbral -> SIN SEÑAL
CDW | dd=46.4% | prob=0.629 < umbral -> SIN SEÑAL
CNC | dd=32.4% | prob=0.591 < umbral -> SIN SEÑAL
CRL | dd=39.8% | prob=0.476 < umbral -> SIN SEÑAL
CHTR | dd=81.4% | prob=0.619 < umbral -> SIN SEÑAL
CMG | dd=53.6% | prob=0.649 < umbral -> SIN SEÑAL
CIEN | dd=63.3% | prob=0.863 | ENTRAR | score_fund=60.0 | sent=0.261 | obj_analista=565.7067
C | dd=64.3% | prob=0.413 < umbral -> SIN SEÑAL
CLX | dd=45.9% | prob=0.413 < umbral -> SIN SEÑAL
CTSH | dd=34.0% | prob=0.591 < umbral -> SIN SEÑAL
COIN | dd=66.6% | prob=0.723 < umbral -> SIN SEÑAL
CMCSA | dd=48.8% | prob=0.519 < umbral -> SIN SEÑAL
STZ | dd=48.5% | prob=0.413 < umbral -> SIN SEÑAL
CEG | dd=34.2% | prob=0.569 < umbral -> SIN SEÑAL
COO | dd=34.1% | prob=0.300 < umbral -> SIN SEÑAL
CPRT | dd=54.0% | prob=0.546 < umbral -> SIN SEÑAL
GLW | dd=42.0% | prob=0.881 | ENTRAR | score_fund=59.0 | sent=0.34 | obj_analista=191.4
CSGP | dd=68.8% | prob=0.629 < umbral -> SIN SEÑAL
CCI | dd=56.0% | prob=0.569 < umbral -> SIN SEÑAL
DECK | dd=56.5% | prob=0.546 < umbral -> SIN SEÑAL
DVN | dd=42.9% | prob=0.545 < umbral -> SIN SEÑAL
DXCM | dd=46.8% | prob=0.545 < umbral -> SIN SEÑAL
DG | dd=49.7% | prob=0.476 < umbral -> SIN SEÑAL
DPZ | dd=34.5% | prob=0.546 < umbral -> SIN SEÑAL
DOW | dd=46.0% | prob=0.600 < umbral -> SIN SEÑAL
ECHO | dd=39.5% | prob=0.689 < umbral -> SIN SEÑAL
EW | dd=30.1% | prob=0.413 < umbral -> SIN SEÑAL
EFX | dd=40.6% | prob=0.553 < umbral -> SIN SEÑAL
ERIE | dd=52.3% | prob=0.591 < umbral -> SIN SEÑAL
EL | dd=75.0% | prob=0.476 < umbral -> SIN SEÑAL
FDS | dd=41.8% | prob=0.551 < umbral -> SIN SEÑAL
FICO | dd=56.3% | prob=0.650 < umbral -> SIN SEÑAL
FIS | dd=69.1% | prob=0.591 < umbral -> SIN SEÑAL
FISV | dd=78.1% | prob=0.613 < umbral -> SIN SEÑAL
IT | dd=66.9% | prob=0.629 < umbral -> SIN SEÑAL
GNRC | dd=60.7% | prob=0.723 < umbral -> SIN SEÑAL
GIS | dd=52.6% | prob=0.441 < umbral -> SIN SEÑAL
GPN | dd=59.0% | prob=0.545 < umbral -> SIN SEÑAL
GDDY | dd=57.6% | prob=0.649 < umbral -> SIN SEÑAL
HAL | dd=43.2% | prob=0.546 < umbral -> SIN SEÑAL
HRL | dd=47.7% | prob=0.292 < umbral -> SIN SEÑAL
PODD | dd=59.7% | prob=0.723 < umbral -> SIN SEÑAL
INTC | dd=31.5% | prob=0.859 | ENTRAR (EXCEPCIONAL: entra pese a deterioro) | score_fund=34.5 | sent=0.311 | obj_analista=114.05
IFF | dd=38.0% | prob=0.512 < umbral -> SIN SEÑAL
INTU | dd=58.4% | prob=0.619 < umbral -> SIN SEÑAL
ISRG | dd=36.1% | prob=0.551 < umbral -> SIN SEÑAL
KKR | dd=38.5% | prob=0.551 < umbral -> SIN SEÑAL
KLAC | dd=37.3% | prob=0.723 < umbral -> SIN SEÑAL
KHC | dd=60.2% | prob=0.519 < umbral -> SIN SEÑAL
LRCX | dd=30.1% | prob=0.849 | ENTRAR | score_fund=80.0 | sent=0.505 | obj_analista=368.12903
LVS | dd=51.5% | prob=0.476 < umbral -> SIN SEÑAL
LDOS | dd=31.8% | prob=0.535 < umbral -> SIN SEÑAL
LEN | dd=52.7% | prob=0.517 < umbral -> SIN SEÑAL
LII | dd=38.0% | prob=0.591 < umbral -> SIN SEÑAL
LULU | dd=75.3% | prob=0.546 < umbral -> SIN SEÑAL
LYB | dd=31.3% | prob=0.591 < umbral -> SIN SEÑAL
MRVL | dd=36.8% | prob=0.881 | ENTRAR | score_fund=57.6 | sent=0.517 | obj_analista=256.9142
MKC | dd=45.0% | prob=0.441 < umbral -> SIN SEÑAL
MGM | dd=54.3% | prob=0.410 < umbral -> SIN SEÑAL
MU | dd=31.4% | prob=0.881 | ENTRAR | score_fund=91.0 | sent=0.279 | obj_analista=1501.9767
MAA | dd=31.4% | prob=0.292 < umbral -> SIN SEÑAL
MRNA | dd=88.0% | prob=0.723 < umbral -> SIN SEÑAL
TAP | dd=51.0% | prob=0.512 < umbral -> SIN SEÑAL
MNST | dd=54.4% | prob=0.888 | ENTRAR | score_fund=80.4 | sent=0.341 | obj_analista=49.06522
MOS | dd=80.0% | prob=0.569 < umbral -> SIN SEÑAL
NFLX | dd=43.1% | prob=0.535 < umbral -> SIN SEÑAL
NKE | dd=74.5% | prob=0.476 < umbral -> SIN SEÑAL
NCLH | dd=71.1% | prob=0.591 < umbral -> SIN SEÑAL
NRG | dd=37.2% | prob=0.723 < umbral -> SIN SEÑAL
NVR | dd=36.9% | prob=0.441 < umbral -> SIN SEÑAL
NXPI | dd=31.1% | prob=0.629 < umbral -> SIN SEÑAL
ON | dd=40.9% | prob=0.723 < umbral -> SIN SEÑAL
ORCL | dd=55.8% | prob=0.649 < umbral -> SIN SEÑAL
OTIS | dd=30.1% | prob=0.369 < umbral -> SIN SEÑAL
PSKY | dd=89.7% | prob=0.591 < umbral -> SIN SEÑAL
PYPL | dd=80.8% | prob=0.410 < umbral -> SIN SEÑAL
PNR | dd=41.0% | prob=0.551 < umbral -> SIN SEÑAL
PFE | dd=43.4% | prob=0.292 < umbral -> SIN SEÑAL
PCG | dd=75.6% | prob=0.413 < umbral -> SIN SEÑAL
PTC | dd=31.3% | prob=0.590 < umbral -> SIN SEÑAL
QCOM | dd=37.4% | prob=0.649 < umbral -> SIN SEÑAL
REGN | dd=32.7% | prob=0.441 < umbral -> SIN SEÑAL
RVTY | dd=42.2% | prob=0.512 < umbral -> SIN SEÑAL
HOOD | dd=38.6% | prob=0.649 < umbral -> SIN SEÑAL
ROL | dd=43.3% | prob=0.551 < umbral -> SIN SEÑAL
ROP | dd=31.3% | prob=0.476 < umbral -> SIN SEÑAL
CRM | dd=45.8% | prob=0.590 < umbral -> SIN SEÑAL
SNDK | dd=47.4% | prob=0.951 | ENTRAR | score_fund=90.6 | sent=0.392 | obj_analista=2053.5
SBAC | dd=50.1% | prob=0.551 < umbral -> SIN SEÑAL
SLB | dd=37.8% | prob=0.545 < umbral -> SIN SEÑAL
NOW | dd=46.8% | prob=0.619 < umbral -> SIN SEÑAL
SWKS | dd=60.9% | prob=0.591 < umbral -> SIN SEÑAL
SWK | dd=45.2% | prob=0.476 < umbral -> SIN SEÑAL
SMCI | dd=74.4% | prob=0.780 < umbral -> SIN SEÑAL
SNPS | dd=36.8% | prob=0.553 < umbral -> SIN SEÑAL
TMUS | dd=34.1% | prob=0.546 < umbral -> SIN SEÑAL
TROW | dd=36.9% | prob=0.402 < umbral -> SIN SEÑAL
TGT | dd=34.5% | prob=0.413 < umbral -> SIN SEÑAL
TSLA | dd=33.7% | prob=0.591 < umbral -> SIN SEÑAL
TPL | dd=40.0% | prob=0.654 < umbral -> SIN SEÑAL
TTD | dd=90.5% | prob=0.888 | ENTRAR | score_fund=66.0 | sent=-0.273 | obj_analista=14.62
TSCO | dd=44.8% | prob=0.474 < umbral -> SIN SEÑAL
TRMB | dd=39.4% | prob=0.535 < umbral -> SIN SEÑAL
TYL | dd=51.8% | prob=0.591 < umbral -> SIN SEÑAL
TSN | dd=34.4% | prob=0.504 < umbral -> SIN SEÑAL
UPS | dd=44.4% | prob=0.413 < umbral -> SIN SEÑAL
UNH | dd=32.4% | prob=0.476 < umbral -> SIN SEÑAL
VEEV | dd=31.8% | prob=0.512 < umbral -> SIN SEÑAL
VRSK | dd=43.3% | prob=0.569 < umbral -> SIN SEÑAL
VTRS | dd=73.6% | prob=0.551 < umbral -> SIN SEÑAL
VST | dd=34.7% | prob=0.629 < umbral -> SIN SEÑAL
DIS | dd=47.6% | prob=0.369 < umbral -> SIN SEÑAL
WBD | dd=65.6% | prob=0.300 < umbral -> SIN SEÑAL
WDC | dd=45.2% | prob=0.951 | ENTRAR | score_fund=91.5 | sent=-0.004 | obj_analista=662.125
WY | dd=31.7% | prob=0.413 < umbral -> SIN SEÑAL
WDAY | dd=40.8% | prob=0.613 < umbral -> SIN SEÑAL
WYNN | dd=50.5% | prob=0.413 < umbral -> SIN SEÑAL
ZBRA | dd=38.5% | prob=0.551 < umbral -> SIN SEÑAL
ZBH | dd=41.6% | prob=0.512 < umbral -> SIN SEÑAL
ZTS | dd=68.3% | prob=0.569 < umbral -> SIN SEÑAL
SNDK | dd=47.4% | prob=0.951 | ENTRADA DESCARTADA: ya hay posición abierta en Cartera A y Cartera B.
WDC | dd=45.2% | prob=0.951 | ENTRADA DESCARTADA: ya hay posición abierta en Cartera A y Cartera B.
DECIDIDAS PARA ENTRAR HOY (3): ['MNST', 'TTD', 'GLW']

===== escaneo postcierre 2026-08-11 18:00:49 ET =====
POST-CIERRE 2026-08-11
entradas ejecutadas: ['MNST', 'TTD', 'GLW']
cambios de objetivo: 28
cierres: [('MRVL', 'A', 'tiempo', 0.22), ('STX', 'A', 'tiempo', 0.0428), ('AMAT', 'A', 'tiempo', 0.1342), ('MRVL', 'B', 'tiempo', 0.22), ('WDC', 'B', 'tiempo', -0.0877), ('STX', 'B', 'tiempo', 0.0428), ('TER', 'B', 'tiempo', 0.0317), ('AMAT', 'B', 'tiempo', 0.1342)]
