
===== escaneo preapertura 2026-09-28 08:45:46 ET =====
RESUMEN: universo=503 drawdown>=30%=180 con_senal=1
AOS | dd=33.6% | prob=0.412 < umbral -> SIN SEÑAL
ACN | dd=54.4% | prob=0.546 < umbral -> SIN SEÑAL
ADBE | dd=66.3% | prob=0.555 < umbral -> SIN SEÑAL
AES | dd=67.2% | prob=0.000 < umbral -> SIN SEÑAL
AKAM | dd=67.0% | prob=0.723 < umbral -> SIN SEÑAL
ALB | dd=65.5% | prob=0.612 < umbral -> SIN SEÑAL
ARE | dd=72.6% | prob=0.566 < umbral -> SIN SEÑAL
ALGN | dd=80.1% | prob=0.555 < umbral -> SIN SEÑAL
AIG | dd=93.9% | prob=0.257 < umbral -> SIN SEÑAL
AMT | dd=34.9% | prob=0.412 < umbral -> SIN SEÑAL
APH | dd=52.9% | prob=0.651 < umbral -> SIN SEÑAL
AON | dd=32.2% | prob=0.474 < umbral -> SIN SEÑAL
APA | dd=59.8% | prob=0.532 < umbral -> SIN SEÑAL
APO | dd=34.3% | prob=0.477 < umbral -> SIN SEÑAL
AMAT | dd=34.4% | prob=0.612 < umbral -> SIN SEÑAL
APP | dd=58.3% | prob=0.683 < umbral -> SIN SEÑAL
APTV | dd=75.2% | prob=0.555 < umbral -> SIN SEÑAL
ARES | dd=36.0% | prob=0.532 < umbral -> SIN SEÑAL
AJG | dd=33.3% | prob=0.474 < umbral -> SIN SEÑAL
ADSK | dd=39.2% | prob=0.555 < umbral -> SIN SEÑAL
AZO | dd=34.5% | prob=0.477 < umbral -> SIN SEÑAL
AXON | dd=51.5% | prob=0.718 < umbral -> SIN SEÑAL
BALL | dd=40.6% | prob=0.412 < umbral -> SIN SEÑAL
BAX | dd=72.4% | prob=0.474 < umbral -> SIN SEÑAL
TECH | dd=45.4% | prob=0.000 < umbral -> SIN SEÑAL
BIIB | dd=52.6% | prob=0.419 < umbral -> SIN SEÑAL
BX | dd=38.0% | prob=0.532 < umbral -> SIN SEÑAL
XYZ | dd=73.6% | prob=0.532 < umbral -> SIN SEÑAL
BA | dd=54.5% | prob=0.419 < umbral -> SIN SEÑAL
BSX | dd=59.9% | prob=0.505 < umbral -> SIN SEÑAL
BR | dd=38.5% | prob=0.412 < umbral -> SIN SEÑAL
BRO | dd=51.1% | prob=0.532 < umbral -> SIN SEÑAL
BF.B | dd=64.7% | prob=0.419 < umbral -> SIN SEÑAL
BXP | dd=40.8% | prob=0.412 < umbral -> SIN SEÑAL
CHRW | dd=30.1% | prob=0.532 < umbral -> SIN SEÑAL
CPT | dd=35.9% | prob=0.313 < umbral -> SIN SEÑAL
CCL | dd=66.4% | prob=0.555 < umbral -> SIN SEÑAL
CARR | dd=30.5% | prob=0.477 < umbral -> SIN SEÑAL
CVNA | dd=33.2% | prob=0.608 < umbral -> SIN SEÑAL
CASY | dd=35.5% | prob=0.566 < umbral -> SIN SEÑAL
CBOE | dd=30.3% | prob=0.555 < umbral -> SIN SEÑAL
CDW | dd=46.8% | prob=0.608 < umbral -> SIN SEÑAL
CNC | dd=37.3% | prob=0.566 < umbral -> SIN SEÑAL
CRL | dd=36.4% | prob=0.532 < umbral -> SIN SEÑAL
CHTR | dd=86.3% | prob=0.718 < umbral -> SIN SEÑAL
CMG | dd=54.8% | prob=0.555 < umbral -> SIN SEÑAL
CIEN | dd=66.2% | prob=0.723 < umbral -> SIN SEÑAL
C | dd=64.5% | prob=0.419 < umbral -> SIN SEÑAL
CLX | dd=57.9% | prob=0.505 < umbral -> SIN SEÑAL
CTSH | dd=35.1% | prob=0.505 < umbral -> SIN SEÑAL
COHR | dd=32.8% | prob=0.808 | ENTRAR | score_fund=53.3 | sent=0.188 | obj_analista=415.36197
COIN | dd=56.1% | prob=0.723 < umbral -> SIN SEÑAL
CMCSA | dd=55.5% | prob=0.477 < umbral -> SIN SEÑAL
STZ | dd=56.2% | prob=0.438 < umbral -> SIN SEÑAL
CEG | dd=35.9% | prob=0.477 < umbral -> SIN SEÑAL
COO | dd=52.2% | prob=0.555 < umbral -> SIN SEÑAL
CPRT | dd=57.1% | prob=0.555 < umbral -> SIN SEÑAL
GLW | dd=42.3% | prob=0.718 < umbral -> SIN SEÑAL
CSGP | dd=72.2% | prob=0.587 < umbral -> SIN SEÑAL
CRH | dd=34.9% | prob=0.477 < umbral -> SIN SEÑAL
CCI | dd=59.5% | prob=0.477 < umbral -> SIN SEÑAL
DECK | dd=64.9% | prob=0.505 < umbral -> SIN SEÑAL
DVN | dd=40.7% | prob=0.438 < umbral -> SIN SEÑAL
DXCM | dd=47.5% | prob=0.412 < umbral -> SIN SEÑAL
DG | dd=48.7% | prob=0.438 < umbral -> SIN SEÑAL
DLTR | dd=35.6% | prob=0.532 < umbral -> SIN SEÑAL
DPZ | dd=45.0% | prob=0.459 < umbral -> SIN SEÑAL
DASH | dd=32.3% | prob=0.555 < umbral -> SIN SEÑAL
DOW | dd=50.5% | prob=0.532 < umbral -> SIN SEÑAL
ECHO | dd=38.8% | prob=0.555 < umbral -> SIN SEÑAL
EIX | dd=35.5% | prob=0.608 < umbral -> SIN SEÑAL
EW | dd=34.5% | prob=0.419 < umbral -> SIN SEÑAL
EFX | dd=51.4% | prob=0.560 < umbral -> SIN SEÑAL
ERIE | dd=57.8% | prob=0.558 < umbral -> SIN SEÑAL
EL | dd=72.9% | prob=0.505 < umbral -> SIN SEÑAL
EXE | dd=30.6% | prob=0.419 < umbral -> SIN SEÑAL
FDS | dd=44.1% | prob=0.587 < umbral -> SIN SEÑAL
FICO | dd=64.1% | prob=0.651 < umbral -> SIN SEÑAL
FIS | dd=74.2% | prob=0.532 < umbral -> SIN SEÑAL
FSLR | dd=44.6% | prob=0.723 < umbral -> SIN SEÑAL
FISV | dd=80.5% | prob=0.555 < umbral -> SIN SEÑAL
FLEX | dd=31.3% | prob=0.651 < umbral -> SIN SEÑAL
F | dd=34.1% | prob=0.532 < umbral -> SIN SEÑAL
IT | dd=67.8% | prob=0.587 < umbral -> SIN SEÑAL
GEN | dd=31.7% | prob=0.723 < umbral -> SIN SEÑAL
GNRC | dd=60.3% | prob=0.723 < umbral -> SIN SEÑAL
GIS | dd=57.2% | prob=0.532 < umbral -> SIN SEÑAL
GPN | dd=58.8% | prob=0.419 < umbral -> SIN SEÑAL
GDDY | dd=55.0% | prob=0.651 < umbral -> SIN SEÑAL
HAL | dd=44.7% | prob=0.438 < umbral -> SIN SEÑAL
HSY | dd=34.2% | prob=0.319 < umbral -> SIN SEÑAL
HD | dd=30.3% | prob=0.412 < umbral -> SIN SEÑAL
HRL | dd=58.3% | prob=0.419 < umbral -> SIN SEÑAL
HII | dd=42.4% | prob=0.419 < umbral -> SIN SEÑAL
IBM | dd=32.2% | prob=0.555 < umbral -> SIN SEÑAL
IDXX | dd=32.6% | prob=0.412 < umbral -> SIN SEÑAL
PODD | dd=61.6% | prob=0.555 < umbral -> SIN SEÑAL
IFF | dd=37.6% | prob=0.313 < umbral -> SIN SEÑAL
IP | dd=38.1% | prob=0.555 < umbral -> SIN SEÑAL
INTU | dd=65.7% | prob=0.608 < umbral -> SIN SEÑAL
ISRG | dd=34.2% | prob=0.477 < umbral -> SIN SEÑAL
INVH | dd=32.0% | prob=0.257 < umbral -> SIN SEÑAL
KMB | dd=30.7% | prob=0.412 < umbral -> SIN SEÑAL
KKR | dd=42.7% | prob=0.505 < umbral -> SIN SEÑAL
KLAC | dd=38.9% | prob=0.638 < umbral -> SIN SEÑAL
KHC | dd=62.3% | prob=0.419 < umbral -> SIN SEÑAL
LHX | dd=36.8% | prob=0.419 < umbral -> SIN SEÑAL
LVS | dd=58.4% | prob=0.419 < umbral -> SIN SEÑAL
LDOS | dd=39.4% | prob=0.419 < umbral -> SIN SEÑAL
LEN | dd=54.6% | prob=0.505 < umbral -> SIN SEÑAL
LII | dd=45.2% | prob=0.532 < umbral -> SIN SEÑAL
LOW | dd=35.1% | prob=0.419 < umbral -> SIN SEÑAL
LULU | dd=80.4% | prob=0.587 < umbral -> SIN SEÑAL
LYB | dd=36.3% | prob=0.532 < umbral -> SIN SEÑAL
MLM | dd=31.7% | prob=0.438 < umbral -> SIN SEÑAL
MKC | dd=50.4% | prob=0.419 < umbral -> SIN SEÑAL
MGM | dd=65.7% | prob=0.587 < umbral -> SIN SEÑAL
MAA | dd=38.7% | prob=0.313 < umbral -> SIN SEÑAL
MRNA | dd=60.0% | prob=0.723 < umbral -> SIN SEÑAL
MNST | dd=57.0% | prob=0.608 < umbral -> SIN SEÑAL
MOS | dd=80.4% | prob=0.608 < umbral -> SIN SEÑAL
NFLX | dd=46.9% | prob=0.438 < umbral -> SIN SEÑAL
NKE | dd=78.4% | prob=0.419 < umbral -> SIN SEÑAL
NOC | dd=33.8% | prob=0.412 < umbral -> SIN SEÑAL
NCLH | dd=77.3% | prob=0.587 < umbral -> SIN SEÑAL
NRG | dd=47.0% | prob=0.587 < umbral -> SIN SEÑAL
NVR | dd=36.8% | prob=0.386 < umbral -> SIN SEÑAL
ODFL | dd=31.2% | prob=0.532 < umbral -> SIN SEÑAL
ON | dd=42.8% | prob=0.638 < umbral -> SIN SEÑAL
ORCL | dd=59.9% | prob=0.651 < umbral -> SIN SEÑAL
OTIS | dd=36.8% | prob=0.386 < umbral -> SIN SEÑAL
PSKY | dd=88.9% | prob=0.651 < umbral -> SIN SEÑAL
PAYX | dd=34.5% | prob=0.532 < umbral -> SIN SEÑAL
PYPL | dd=82.1% | prob=0.419 < umbral -> SIN SEÑAL
PNR | dd=52.5% | prob=0.532 < umbral -> SIN SEÑAL
PFE | dd=40.0% | prob=0.257 < umbral -> SIN SEÑAL
PCG | dd=82.3% | prob=0.638 < umbral -> SIN SEÑAL
PPG | dd=34.8% | prob=0.412 < umbral -> SIN SEÑAL
PTC | dd=37.1% | prob=0.532 < umbral -> SIN SEÑAL
RDDT | dd=47.0% | prob=0.651 < umbral -> SIN SEÑAL
REGN | dd=34.4% | prob=0.315 < umbral -> SIN SEÑAL
ROL | dd=54.3% | prob=0.532 < umbral -> SIN SEÑAL
ROP | dd=39.0% | prob=0.419 < umbral -> SIN SEÑAL
RCL | dd=32.6% | prob=0.575 < umbral -> SIN SEÑAL
CRM | dd=35.8% | prob=0.532 < umbral -> SIN SEÑAL
SBAC | dd=54.2% | prob=0.477 < umbral -> SIN SEÑAL
SLB | dd=39.7% | prob=0.474 < umbral -> SIN SEÑAL
NOW | dd=43.4% | prob=0.566 < umbral -> SIN SEÑAL
SWKS | dd=49.3% | prob=0.638 < umbral -> SIN SEÑAL
SWK | dd=51.2% | prob=0.438 < umbral -> SIN SEÑAL
SYK | dd=32.0% | prob=0.477 < umbral -> SIN SEÑAL
SMCI | dd=64.8% | prob=0.638 < umbral -> SIN SEÑAL
SNPS | dd=34.7% | prob=0.566 < umbral -> SIN SEÑAL
TMUS | dd=38.8% | prob=0.438 < umbral -> SIN SEÑAL
TROW | dd=41.5% | prob=0.319 < umbral -> SIN SEÑAL
TPR | dd=30.9% | prob=0.532 < umbral -> SIN SEÑAL
TGT | dd=32.1% | prob=0.412 < umbral -> SIN SEÑAL
TPL | dd=41.6% | prob=0.608 < umbral -> SIN SEÑAL
TSCO | dd=48.5% | prob=0.505 < umbral -> SIN SEÑAL
TRMB | dd=40.0% | prob=0.419 < umbral -> SIN SEÑAL
TYL | dd=50.8% | prob=0.555 < umbral -> SIN SEÑAL
TSN | dd=41.6% | prob=0.419 < umbral -> SIN SEÑAL
UBER | dd=31.7% | prob=0.438 < umbral -> SIN SEÑAL
UDR | dd=33.2% | prob=0.257 < umbral -> SIN SEÑAL
UPS | dd=50.1% | prob=0.419 < umbral -> SIN SEÑAL
UNH | dd=37.8% | prob=0.419 < umbral -> SIN SEÑAL
VRSK | dd=47.0% | prob=0.555 < umbral -> SIN SEÑAL
VRT | dd=33.3% | prob=0.651 < umbral -> SIN SEÑAL
VTRS | dd=71.1% | prob=0.412 < umbral -> SIN SEÑAL
VST | dd=36.7% | prob=0.532 < umbral -> SIN SEÑAL
DIS | dd=46.1% | prob=0.257 < umbral -> SIN SEÑAL
WBD | dd=60.5% | prob=0.105 < umbral -> SIN SEÑAL
WDC | dd=42.9% | prob=0.723 < umbral -> SIN SEÑAL
WY | dd=46.0% | prob=0.419 < umbral -> SIN SEÑAL
WDAY | dd=39.1% | prob=0.555 < umbral -> SIN SEÑAL
WYNN | dd=60.9% | prob=0.477 < umbral -> SIN SEÑAL
XYL | dd=32.8% | prob=0.438 < umbral -> SIN SEÑAL
ZBRA | dd=39.8% | prob=0.419 < umbral -> SIN SEÑAL
ZBH | dd=45.6% | prob=0.474 < umbral -> SIN SEÑAL
ZTS | dd=69.9% | prob=0.419 < umbral -> SIN SEÑAL
COHR | dd=32.8% | prob=0.808 | ENTRADA DESCARTADA: ya hay posición abierta en Cartera A y Cartera B.
DECIDIDAS PARA ENTRAR HOY (0): []
