
===== escaneo preapertura 2026-09-24 08:45:53 ET =====
RESUMEN: universo=503 drawdown>=30%=179 con_senal=2
AOS | dd=34.7% | prob=0.412 < umbral -> SIN SEÑAL
ACN | dd=52.5% | prob=0.532 < umbral -> SIN SEÑAL
ADBE | dd=65.6% | prob=0.555 < umbral -> SIN SEÑAL
AES | dd=67.4% | prob=0.000 < umbral -> SIN SEÑAL
ABNB | dd=32.0% | prob=0.555 < umbral -> SIN SEÑAL
AKAM | dd=65.7% | prob=0.587 < umbral -> SIN SEÑAL
ALB | dd=64.3% | prob=0.587 < umbral -> SIN SEÑAL
ARE | dd=71.5% | prob=0.575 < umbral -> SIN SEÑAL
ALGN | dd=79.9% | prob=0.555 < umbral -> SIN SEÑAL
AIG | dd=93.8% | prob=0.257 < umbral -> SIN SEÑAL
AMT | dd=34.3% | prob=0.412 < umbral -> SIN SEÑAL
APH | dd=54.0% | prob=0.723 < umbral -> SIN SEÑAL
AON | dd=31.3% | prob=0.459 < umbral -> SIN SEÑAL
APA | dd=58.9% | prob=0.532 < umbral -> SIN SEÑAL
APO | dd=32.9% | prob=0.438 < umbral -> SIN SEÑAL
AMAT | dd=35.9% | prob=0.612 < umbral -> SIN SEÑAL
APP | dd=57.7% | prob=0.718 < umbral -> SIN SEÑAL
APTV | dd=75.0% | prob=0.532 < umbral -> SIN SEÑAL
ARES | dd=36.2% | prob=0.505 < umbral -> SIN SEÑAL
AJG | dd=33.8% | prob=0.459 < umbral -> SIN SEÑAL
ADSK | dd=36.9% | prob=0.555 < umbral -> SIN SEÑAL
AZO | dd=35.2% | prob=0.477 < umbral -> SIN SEÑAL
AXON | dd=49.1% | prob=0.683 < umbral -> SIN SEÑAL
BALL | dd=38.6% | prob=0.315 < umbral -> SIN SEÑAL
BAX | dd=72.3% | prob=0.505 < umbral -> SIN SEÑAL
TECH | dd=45.5% | prob=0.000 < umbral -> SIN SEÑAL
BIIB | dd=52.6% | prob=0.419 < umbral -> SIN SEÑAL
BX | dd=37.5% | prob=0.477 < umbral -> SIN SEÑAL
XYZ | dd=74.2% | prob=0.532 < umbral -> SIN SEÑAL
BA | dd=54.1% | prob=0.419 < umbral -> SIN SEÑAL
BKNG | dd=32.7% | prob=0.587 < umbral -> SIN SEÑAL
BSX | dd=59.3% | prob=0.532 < umbral -> SIN SEÑAL
BR | dd=38.7% | prob=0.412 < umbral -> SIN SEÑAL
BRO | dd=50.4% | prob=0.477 < umbral -> SIN SEÑAL
BF.B | dd=64.5% | prob=0.474 < umbral -> SIN SEÑAL
BXP | dd=41.8% | prob=0.412 < umbral -> SIN SEÑAL
CPT | dd=36.2% | prob=0.313 < umbral -> SIN SEÑAL
CCL | dd=67.1% | prob=0.555 < umbral -> SIN SEÑAL
CARR | dd=32.0% | prob=0.505 < umbral -> SIN SEÑAL
CVNA | dd=34.3% | prob=0.612 < umbral -> SIN SEÑAL
CASY | dd=35.6% | prob=0.587 < umbral -> SIN SEÑAL
CDW | dd=42.5% | prob=0.566 < umbral -> SIN SEÑAL
CNC | dd=37.0% | prob=0.566 < umbral -> SIN SEÑAL
CRL | dd=39.7% | prob=0.532 < umbral -> SIN SEÑAL
CHTR | dd=85.9% | prob=0.723 < umbral -> SIN SEÑAL
CMG | dd=52.8% | prob=0.555 < umbral -> SIN SEÑAL
CIEN | dd=66.3% | prob=0.798 | ENTRAR | score_fund=63.6 | sent=0.411 | obj_analista=516.83234
C | dd=65.2% | prob=0.438 < umbral -> SIN SEÑAL
CLX | dd=57.8% | prob=0.505 < umbral -> SIN SEÑAL
CTSH | dd=33.0% | prob=0.477 < umbral -> SIN SEÑAL
COHR | dd=31.7% | prob=0.803 | ENTRAR | score_fund=53.3 | sent=0.464 | obj_analista=415.36197
COIN | dd=55.4% | prob=0.651 < umbral -> SIN SEÑAL
CMCSA | dd=54.2% | prob=0.477 < umbral -> SIN SEÑAL
STZ | dd=55.0% | prob=0.459 < umbral -> SIN SEÑAL
CEG | dd=35.8% | prob=0.532 < umbral -> SIN SEÑAL
COO | dd=51.6% | prob=0.555 < umbral -> SIN SEÑAL
CPRT | dd=55.2% | prob=0.555 < umbral -> SIN SEÑAL
GLW | dd=43.2% | prob=0.723 < umbral -> SIN SEÑAL
CSGP | dd=72.0% | prob=0.608 < umbral -> SIN SEÑAL
CRH | dd=34.7% | prob=0.477 < umbral -> SIN SEÑAL
CCI | dd=58.1% | prob=0.438 < umbral -> SIN SEÑAL
DECK | dd=64.9% | prob=0.532 < umbral -> SIN SEÑAL
DVN | dd=39.5% | prob=0.438 < umbral -> SIN SEÑAL
DXCM | dd=46.8% | prob=0.419 < umbral -> SIN SEÑAL
DG | dd=50.4% | prob=0.474 < umbral -> SIN SEÑAL
DLTR | dd=36.1% | prob=0.555 < umbral -> SIN SEÑAL
DPZ | dd=44.2% | prob=0.477 < umbral -> SIN SEÑAL
DASH | dd=33.7% | prob=0.555 < umbral -> SIN SEÑAL
DOW | dd=49.4% | prob=0.555 < umbral -> SIN SEÑAL
ECHO | dd=37.0% | prob=0.555 < umbral -> SIN SEÑAL
EIX | dd=34.4% | prob=0.612 < umbral -> SIN SEÑAL
EW | dd=34.1% | prob=0.419 < umbral -> SIN SEÑAL
EFX | dd=49.0% | prob=0.555 < umbral -> SIN SEÑAL
ERIE | dd=57.3% | prob=0.555 < umbral -> SIN SEÑAL
EL | dd=71.6% | prob=0.477 < umbral -> SIN SEÑAL
EXE | dd=30.5% | prob=0.419 < umbral -> SIN SEÑAL
FDS | dd=42.8% | prob=0.558 < umbral -> SIN SEÑAL
FICO | dd=63.4% | prob=0.651 < umbral -> SIN SEÑAL
FIS | dd=74.8% | prob=0.555 < umbral -> SIN SEÑAL
FSLR | dd=40.2% | prob=0.638 < umbral -> SIN SEÑAL
FISV | dd=80.7% | prob=0.566 < umbral -> SIN SEÑAL
FLEX | dd=32.7% | prob=0.651 < umbral -> SIN SEÑAL
F | dd=32.9% | prob=0.532 < umbral -> SIN SEÑAL
IT | dd=69.4% | prob=0.608 < umbral -> SIN SEÑAL
GEHC | dd=30.1% | prob=0.401 < umbral -> SIN SEÑAL
GNRC | dd=62.0% | prob=0.683 < umbral -> SIN SEÑAL
GIS | dd=54.4% | prob=0.477 < umbral -> SIN SEÑAL
GPN | dd=60.0% | prob=0.419 < umbral -> SIN SEÑAL
GDDY | dd=55.4% | prob=0.638 < umbral -> SIN SEÑAL
HAL | dd=44.3% | prob=0.477 < umbral -> SIN SEÑAL
HSY | dd=33.4% | prob=0.412 < umbral -> SIN SEÑAL
HRL | dd=57.8% | prob=0.419 < umbral -> SIN SEÑAL
HUM | dd=31.6% | prob=0.555 < umbral -> SIN SEÑAL
HII | dd=41.1% | prob=0.419 < umbral -> SIN SEÑAL
IDXX | dd=32.2% | prob=0.412 < umbral -> SIN SEÑAL
PODD | dd=61.5% | prob=0.555 < umbral -> SIN SEÑAL
IFF | dd=37.6% | prob=0.313 < umbral -> SIN SEÑAL
IP | dd=36.9% | prob=0.532 < umbral -> SIN SEÑAL
INTU | dd=64.4% | prob=0.608 < umbral -> SIN SEÑAL
ISRG | dd=35.3% | prob=0.477 < umbral -> SIN SEÑAL
INVH | dd=31.2% | prob=0.257 < umbral -> SIN SEÑAL
KMB | dd=31.2% | prob=0.412 < umbral -> SIN SEÑAL
KKR | dd=42.4% | prob=0.459 < umbral -> SIN SEÑAL
KLAC | dd=38.9% | prob=0.638 < umbral -> SIN SEÑAL
KHC | dd=62.0% | prob=0.419 < umbral -> SIN SEÑAL
LHX | dd=36.4% | prob=0.419 < umbral -> SIN SEÑAL
LVS | dd=58.2% | prob=0.459 < umbral -> SIN SEÑAL
LDOS | dd=38.9% | prob=0.419 < umbral -> SIN SEÑAL
LEN | dd=55.0% | prob=0.555 < umbral -> SIN SEÑAL
LII | dd=45.4% | prob=0.532 < umbral -> SIN SEÑAL
LOW | dd=34.4% | prob=0.419 < umbral -> SIN SEÑAL
LULU | dd=80.2% | prob=0.566 < umbral -> SIN SEÑAL
LYB | dd=34.2% | prob=0.532 < umbral -> SIN SEÑAL
MLM | dd=30.8% | prob=0.438 < umbral -> SIN SEÑAL
MKC | dd=49.2% | prob=0.419 < umbral -> SIN SEÑAL
MGM | dd=60.1% | prob=0.419 < umbral -> SIN SEÑAL
MAA | dd=39.0% | prob=0.313 < umbral -> SIN SEÑAL
MRNA | dd=63.4% | prob=0.774 < umbral -> SIN SEÑAL
MNST | dd=56.2% | prob=0.608 < umbral -> SIN SEÑAL
MOS | dd=79.3% | prob=0.587 < umbral -> SIN SEÑAL
NFLX | dd=46.8% | prob=0.532 < umbral -> SIN SEÑAL
NKE | dd=78.2% | prob=0.438 < umbral -> SIN SEÑAL
NOC | dd=33.2% | prob=0.412 < umbral -> SIN SEÑAL
NCLH | dd=77.9% | prob=0.587 < umbral -> SIN SEÑAL
NRG | dd=46.8% | prob=0.608 < umbral -> SIN SEÑAL
NVR | dd=37.4% | prob=0.412 < umbral -> SIN SEÑAL
NXPI | dd=30.5% | prob=0.532 < umbral -> SIN SEÑAL
ON | dd=45.1% | prob=0.612 < umbral -> SIN SEÑAL
ORCL | dd=57.7% | prob=0.638 < umbral -> SIN SEÑAL
OTIS | dd=34.5% | prob=0.319 < umbral -> SIN SEÑAL
PSKY | dd=88.9% | prob=0.718 < umbral -> SIN SEÑAL
PAYX | dd=32.5% | prob=0.438 < umbral -> SIN SEÑAL
PYPL | dd=82.9% | prob=0.438 < umbral -> SIN SEÑAL
PNR | dd=51.1% | prob=0.515 < umbral -> SIN SEÑAL
PFE | dd=41.0% | prob=0.257 < umbral -> SIN SEÑAL
PCG | dd=82.2% | prob=0.651 < umbral -> SIN SEÑAL
PPG | dd=35.0% | prob=0.412 < umbral -> SIN SEÑAL
PTC | dd=36.1% | prob=0.477 < umbral -> SIN SEÑAL
RDDT | dd=46.3% | prob=0.683 < umbral -> SIN SEÑAL
REGN | dd=33.3% | prob=0.313 < umbral -> SIN SEÑAL
ROL | dd=50.6% | prob=0.438 < umbral -> SIN SEÑAL
ROP | dd=37.7% | prob=0.419 < umbral -> SIN SEÑAL
RCL | dd=36.1% | prob=0.587 < umbral -> SIN SEÑAL
CRM | dd=34.8% | prob=0.532 < umbral -> SIN SEÑAL
SBAC | dd=53.0% | prob=0.459 < umbral -> SIN SEÑAL
SLB | dd=39.3% | prob=0.532 < umbral -> SIN SEÑAL
NOW | dd=41.2% | prob=0.566 < umbral -> SIN SEÑAL
SWKS | dd=48.1% | prob=0.638 < umbral -> SIN SEÑAL
LUV | dd=31.7% | prob=0.532 < umbral -> SIN SEÑAL
SWK | dd=51.0% | prob=0.422 < umbral -> SIN SEÑAL
SYK | dd=31.8% | prob=0.532 < umbral -> SIN SEÑAL
SMCI | dd=66.3% | prob=0.651 < umbral -> SIN SEÑAL
SNPS | dd=36.6% | prob=0.532 < umbral -> SIN SEÑAL
TMUS | dd=38.7% | prob=0.532 < umbral -> SIN SEÑAL
TROW | dd=42.0% | prob=0.315 < umbral -> SIN SEÑAL
TPR | dd=32.9% | prob=0.555 < umbral -> SIN SEÑAL
TGT | dd=32.6% | prob=0.412 < umbral -> SIN SEÑAL
TPL | dd=42.5% | prob=0.638 < umbral -> SIN SEÑAL
TSCO | dd=48.5% | prob=0.477 < umbral -> SIN SEÑAL
TRMB | dd=38.5% | prob=0.412 < umbral -> SIN SEÑAL
TYL | dd=49.7% | prob=0.555 < umbral -> SIN SEÑAL
TSN | dd=41.1% | prob=0.419 < umbral -> SIN SEÑAL
UBER | dd=31.9% | prob=0.505 < umbral -> SIN SEÑAL
UDR | dd=33.3% | prob=0.257 < umbral -> SIN SEÑAL
UPS | dd=49.1% | prob=0.412 < umbral -> SIN SEÑAL
UNH | dd=38.6% | prob=0.419 < umbral -> SIN SEÑAL
VRSK | dd=46.2% | prob=0.555 < umbral -> SIN SEÑAL
VRT | dd=34.5% | prob=0.651 < umbral -> SIN SEÑAL
VTRS | dd=72.3% | prob=0.412 < umbral -> SIN SEÑAL
VST | dd=37.0% | prob=0.546 < umbral -> SIN SEÑAL
DIS | dd=47.4% | prob=0.315 < umbral -> SIN SEÑAL
WBD | dd=60.6% | prob=0.257 < umbral -> SIN SEÑAL
WDC | dd=40.8% | prob=0.723 < umbral -> SIN SEÑAL
WY | dd=42.8% | prob=0.412 < umbral -> SIN SEÑAL
WDAY | dd=38.2% | prob=0.555 < umbral -> SIN SEÑAL
WYNN | dd=60.7% | prob=0.477 < umbral -> SIN SEÑAL
ZBRA | dd=39.7% | prob=0.419 < umbral -> SIN SEÑAL
ZBH | dd=45.7% | prob=0.477 < umbral -> SIN SEÑAL
ZTS | dd=69.6% | prob=0.438 < umbral -> SIN SEÑAL
COHR | dd=31.7% | prob=0.802 | ENTRADA SOLO EN CARTERA A: ya hay posición abierta en Cartera B.
CIEN | dd=66.3% | prob=0.797 | ENTRADA DESCARTADA: ya hay posición abierta en Cartera A y Cartera B.
DECIDIDAS PARA ENTRAR HOY (1): ['COHR']

===== escaneo postcierre 2026-09-24 18:00:45 ET =====
POST-CIERRE 2026-09-24
entradas ejecutadas: ['COHR']
cambios de objetivo: 5
cierres: [('MRNA', 'B', 'objetivo', 0.2359)]
