
===== escaneo preapertura 2026-10-02 08:45:46 ET =====
RESUMEN: universo=503 drawdown>=30%=184 con_senal=3
AOS | dd=35.9% | prob=0.403 < umbral -> SIN SEÑAL
ACN | dd=45.1% | prob=0.586 < umbral -> SIN SEÑAL
ADBE | dd=65.5% | prob=0.552 < umbral -> SIN SEÑAL
AES | dd=67.1% | prob=0.000 < umbral -> SIN SEÑAL
AKAM | dd=69.1% | prob=0.731 < umbral -> SIN SEÑAL
ALB | dd=67.0% | prob=0.600 < umbral -> SIN SEÑAL
ARE | dd=74.2% | prob=0.552 < umbral -> SIN SEÑAL
ALGN | dd=80.3% | prob=0.518 < umbral -> SIN SEÑAL
AIG | dd=93.8% | prob=0.311 < umbral -> SIN SEÑAL
AMT | dd=38.0% | prob=0.402 < umbral -> SIN SEÑAL
APH | dd=52.0% | prob=0.649 < umbral -> SIN SEÑAL
AON | dd=32.7% | prob=0.423 < umbral -> SIN SEÑAL
APA | dd=59.2% | prob=0.518 < umbral -> SIN SEÑAL
APO | dd=38.3% | prob=0.518 < umbral -> SIN SEÑAL
APP | dd=62.3% | prob=0.731 < umbral -> SIN SEÑAL
APTV | dd=75.7% | prob=0.552 < umbral -> SIN SEÑAL
ARES | dd=38.8% | prob=0.552 < umbral -> SIN SEÑAL
AJG | dd=33.1% | prob=0.431 < umbral -> SIN SEÑAL
ADSK | dd=38.6% | prob=0.552 < umbral -> SIN SEÑAL
AZO | dd=35.8% | prob=0.476 < umbral -> SIN SEÑAL
AXON | dd=52.3% | prob=0.656 < umbral -> SIN SEÑAL
BALL | dd=41.0% | prob=0.311 < umbral -> SIN SEÑAL
BAX | dd=72.1% | prob=0.461 < umbral -> SIN SEÑAL
TECH | dd=45.6% | prob=0.000 < umbral -> SIN SEÑAL
BIIB | dd=53.6% | prob=0.423 < umbral -> SIN SEÑAL
BX | dd=41.2% | prob=0.516 < umbral -> SIN SEÑAL
XYZ | dd=74.4% | prob=0.518 < umbral -> SIN SEÑAL
BA | dd=55.9% | prob=0.518 < umbral -> SIN SEÑAL
BKNG | dd=30.8% | prob=0.552 < umbral -> SIN SEÑAL
BSX | dd=60.5% | prob=0.518 < umbral -> SIN SEÑAL
AVGO | dd=30.5% | prob=0.518 < umbral -> SIN SEÑAL
BR | dd=39.5% | prob=0.403 < umbral -> SIN SEÑAL
BRO | dd=50.3% | prob=0.431 < umbral -> SIN SEÑAL
BF.B | dd=64.9% | prob=0.423 < umbral -> SIN SEÑAL
BXP | dd=43.7% | prob=0.403 < umbral -> SIN SEÑAL
CPT | dd=36.9% | prob=0.311 < umbral -> SIN SEÑAL
CCL | dd=62.1% | prob=0.518 < umbral -> SIN SEÑAL
CARR | dd=31.9% | prob=0.461 < umbral -> SIN SEÑAL
CVNA | dd=35.3% | prob=0.649 < umbral -> SIN SEÑAL
CASY | dd=33.2% | prob=0.562 < umbral -> SIN SEÑAL
CDW | dd=46.6% | prob=0.593 < umbral -> SIN SEÑAL
CNC | dd=38.1% | prob=0.552 < umbral -> SIN SEÑAL
CRL | dd=37.7% | prob=0.518 < umbral -> SIN SEÑAL
CHTR | dd=86.5% | prob=0.656 < umbral -> SIN SEÑAL
CMG | dd=53.3% | prob=0.552 < umbral -> SIN SEÑAL
CIEN | dd=64.1% | prob=0.731 < umbral -> SIN SEÑAL
C | dd=66.5% | prob=0.423 < umbral -> SIN SEÑAL
CLX | dd=59.5% | prob=0.476 < umbral -> SIN SEÑAL
CTSH | dd=31.1% | prob=0.518 < umbral -> SIN SEÑAL
COIN | dd=57.4% | prob=0.725 < umbral -> SIN SEÑAL
CMCSA | dd=55.9% | prob=0.440 < umbral -> SIN SEÑAL
STZ | dd=56.4% | prob=0.403 < umbral -> SIN SEÑAL
CEG | dd=37.0% | prob=0.562 < umbral -> SIN SEÑAL
COO | dd=50.4% | prob=0.528 < umbral -> SIN SEÑAL
CPRT | dd=57.6% | prob=0.496 < umbral -> SIN SEÑAL
GLW | dd=41.0% | prob=0.656 < umbral -> SIN SEÑAL
CTVA | dd=86.2% | prob=1.000 | ENTRAR | score_fund=44.0 | sent=0.0 | obj_analista=92.6
CSGP | dd=72.6% | prob=0.586 < umbral -> SIN SEÑAL
CRH | dd=37.4% | prob=0.476 < umbral -> SIN SEÑAL
CCI | dd=60.5% | prob=0.431 < umbral -> SIN SEÑAL
DECK | dd=64.5% | prob=0.476 < umbral -> SIN SEÑAL
DVN | dd=40.6% | prob=0.476 < umbral -> SIN SEÑAL
DXCM | dd=47.7% | prob=0.403 < umbral -> SIN SEÑAL
DG | dd=51.1% | prob=0.496 < umbral -> SIN SEÑAL
DLTR | dd=35.4% | prob=0.528 < umbral -> SIN SEÑAL
DPZ | dd=44.5% | prob=0.440 < umbral -> SIN SEÑAL
DASH | dd=36.2% | prob=0.589 < umbral -> SIN SEÑAL
DOW | dd=51.3% | prob=0.518 < umbral -> SIN SEÑAL
DHI | dd=30.0% | prob=0.431 < umbral -> SIN SEÑAL
ECHO | dd=40.1% | prob=0.518 < umbral -> SIN SEÑAL
EIX | dd=34.1% | prob=0.552 < umbral -> SIN SEÑAL
EW | dd=35.3% | prob=0.423 < umbral -> SIN SEÑAL
ELV | dd=30.2% | prob=0.423 < umbral -> SIN SEÑAL
EFX | dd=54.2% | prob=0.565 < umbral -> SIN SEÑAL
ERIE | dd=58.0% | prob=0.518 < umbral -> SIN SEÑAL
EL | dd=74.1% | prob=0.552 < umbral -> SIN SEÑAL
EXE | dd=31.3% | prob=0.423 < umbral -> SIN SEÑAL
FDS | dd=43.1% | prob=0.593 < umbral -> SIN SEÑAL
FICO | dd=72.5% | prob=0.873 | ENTRAR | score_fund=78.2 | sent=0.0 | obj_analista=1256.4194
FIS | dd=75.9% | prob=0.552 < umbral -> SIN SEÑAL
FSLR | dd=46.4% | prob=0.649 < umbral -> SIN SEÑAL
FISV | dd=81.0% | prob=0.552 < umbral -> SIN SEÑAL
FLEX | dd=32.4% | prob=0.649 < umbral -> SIN SEÑAL
F | dd=36.3% | prob=0.496 < umbral -> SIN SEÑAL
IT | dd=67.0% | prob=0.565 < umbral -> SIN SEÑAL
GEHC | dd=32.3% | prob=0.403 < umbral -> SIN SEÑAL
GNRC | dd=60.3% | prob=0.649 < umbral -> SIN SEÑAL
GIS | dd=59.7% | prob=0.552 < umbral -> SIN SEÑAL
GPN | dd=61.8% | prob=0.440 < umbral -> SIN SEÑAL
GDDY | dd=55.1% | prob=0.651 < umbral -> SIN SEÑAL
HAL | dd=46.2% | prob=0.476 < umbral -> SIN SEÑAL
DOC | dd=31.6% | prob=0.402 < umbral -> SIN SEÑAL
HSY | dd=37.0% | prob=0.403 < umbral -> SIN SEÑAL
HD | dd=32.8% | prob=0.403 < umbral -> SIN SEÑAL
HRL | dd=57.7% | prob=0.403 < umbral -> SIN SEÑAL
HUM | dd=30.7% | prob=0.552 < umbral -> SIN SEÑAL
HII | dd=40.1% | prob=0.423 < umbral -> SIN SEÑAL
IBM | dd=32.1% | prob=0.552 < umbral -> SIN SEÑAL
IDXX | dd=32.8% | prob=0.423 < umbral -> SIN SEÑAL
ILMN | dd=50.9% | prob=0.600 < umbral -> SIN SEÑAL
PODD | dd=63.1% | prob=0.562 < umbral -> SIN SEÑAL
IFF | dd=39.5% | prob=0.363 < umbral -> SIN SEÑAL
IP | dd=42.5% | prob=0.552 < umbral -> SIN SEÑAL
INTU | dd=64.9% | prob=0.586 < umbral -> SIN SEÑAL
ISRG | dd=34.9% | prob=0.476 < umbral -> SIN SEÑAL
INVH | dd=32.6% | prob=0.251 < umbral -> SIN SEÑAL
JBL | dd=30.1% | prob=0.649 < umbral -> SIN SEÑAL
KVUE | dd=30.0% | prob=0.311 < umbral -> SIN SEÑAL
KMB | dd=33.6% | prob=0.403 < umbral -> SIN SEÑAL
KKR | dd=45.9% | prob=0.518 < umbral -> SIN SEÑAL
KLAC | dd=34.8% | prob=0.589 < umbral -> SIN SEÑAL
KHC | dd=64.1% | prob=0.440 < umbral -> SIN SEÑAL
LHX | dd=36.7% | prob=0.403 < umbral -> SIN SEÑAL
LVS | dd=60.8% | prob=0.476 < umbral -> SIN SEÑAL
LDOS | dd=40.2% | prob=0.423 < umbral -> SIN SEÑAL
LEN | dd=54.7% | prob=0.518 < umbral -> SIN SEÑAL
LII | dd=47.2% | prob=0.518 < umbral -> SIN SEÑAL
LOW | dd=37.5% | prob=0.403 < umbral -> SIN SEÑAL
LULU | dd=81.4% | prob=0.600 < umbral -> SIN SEÑAL
LYB | dd=36.6% | prob=0.518 < umbral -> SIN SEÑAL
MLM | dd=32.4% | prob=0.476 < umbral -> SIN SEÑAL
MKC | dd=54.3% | prob=0.518 < umbral -> SIN SEÑAL
MCD | dd=31.3% | prob=0.311 < umbral -> SIN SEÑAL
MGM | dd=67.9% | prob=0.562 < umbral -> SIN SEÑAL
MAA | dd=39.7% | prob=0.294 < umbral -> SIN SEÑAL
MRNA | dd=62.0% | prob=0.831 | ENTRAR (EXCEPCIONAL: entra pese a deterioro) | score_fund=16.3 | sent=0.0 | obj_analista=120.66667
MNST | dd=58.0% | prob=0.589 < umbral -> SIN SEÑAL
MOS | dd=81.7% | prob=0.600 < umbral -> SIN SEÑAL
NFLX | dd=49.4% | prob=0.496 < umbral -> SIN SEÑAL
NKE | dd=78.7% | prob=0.476 < umbral -> SIN SEÑAL
NOC | dd=37.5% | prob=0.423 < umbral -> SIN SEÑAL
NCLH | dd=77.2% | prob=0.565 < umbral -> SIN SEÑAL
NRG | dd=48.8% | prob=0.586 < umbral -> SIN SEÑAL
NVR | dd=38.5% | prob=0.403 < umbral -> SIN SEÑAL
ON | dd=40.6% | prob=0.600 < umbral -> SIN SEÑAL
ORCL | dd=59.6% | prob=0.638 < umbral -> SIN SEÑAL
OTIS | dd=38.2% | prob=0.403 < umbral -> SIN SEÑAL
PSKY | dd=89.6% | prob=0.725 < umbral -> SIN SEÑAL
PAYX | dd=34.9% | prob=0.431 < umbral -> SIN SEÑAL
PYPL | dd=82.7% | prob=0.423 < umbral -> SIN SEÑAL
PNR | dd=53.2% | prob=0.476 < umbral -> SIN SEÑAL
PFE | dd=41.1% | prob=0.251 < umbral -> SIN SEÑAL
PCG | dd=82.6% | prob=0.586 < umbral -> SIN SEÑAL
PPG | dd=36.5% | prob=0.403 < umbral -> SIN SEÑAL
PTC | dd=33.3% | prob=0.518 < umbral -> SIN SEÑAL
RDDT | dd=47.2% | prob=0.659 < umbral -> SIN SEÑAL
REGN | dd=38.8% | prob=0.476 < umbral -> SIN SEÑAL
ROL | dd=53.5% | prob=0.518 < umbral -> SIN SEÑAL
ROP | dd=38.4% | prob=0.423 < umbral -> SIN SEÑAL
CRM | dd=35.0% | prob=0.528 < umbral -> SIN SEÑAL
SBAC | dd=56.4% | prob=0.476 < umbral -> SIN SEÑAL
SLB | dd=43.1% | prob=0.518 < umbral -> SIN SEÑAL
NOW | dd=42.5% | prob=0.589 < umbral -> SIN SEÑAL
SWKS | dd=52.8% | prob=0.649 < umbral -> SIN SEÑAL
LUV | dd=30.3% | prob=0.518 < umbral -> SIN SEÑAL
SWK | dd=52.2% | prob=0.476 < umbral -> SIN SEÑAL
SYK | dd=31.9% | prob=0.461 < umbral -> SIN SEÑAL
SMCI | dd=65.9% | prob=0.649 < umbral -> SIN SEÑAL
TMUS | dd=40.2% | prob=0.431 < umbral -> SIN SEÑAL
TROW | dd=41.3% | prob=0.311 < umbral -> SIN SEÑAL
TGT | dd=32.4% | prob=0.403 < umbral -> SIN SEÑAL
TPL | dd=42.4% | prob=0.586 < umbral -> SIN SEÑAL
TSCO | dd=49.4% | prob=0.440 < umbral -> SIN SEÑAL
TRMB | dd=40.4% | prob=0.423 < umbral -> SIN SEÑAL
TYL | dd=50.1% | prob=0.562 < umbral -> SIN SEÑAL
TSN | dd=42.1% | prob=0.403 < umbral -> SIN SEÑAL
UBER | dd=33.4% | prob=0.440 < umbral -> SIN SEÑAL
UDR | dd=33.5% | prob=0.254 < umbral -> SIN SEÑAL
UPS | dd=50.2% | prob=0.311 < umbral -> SIN SEÑAL
UNH | dd=39.6% | prob=0.423 < umbral -> SIN SEÑAL
VRSK | dd=47.3% | prob=0.518 < umbral -> SIN SEÑAL
VRT | dd=35.2% | prob=0.656 < umbral -> SIN SEÑAL
VTRS | dd=71.7% | prob=0.423 < umbral -> SIN SEÑAL
VST | dd=36.2% | prob=0.528 < umbral -> SIN SEÑAL
DIS | dd=48.5% | prob=0.311 < umbral -> SIN SEÑAL
WBD | dd=60.4% | prob=0.059 < umbral -> SIN SEÑAL
WDC | dd=42.2% | prob=0.731 < umbral -> SIN SEÑAL
WY | dd=49.8% | prob=0.423 < umbral -> SIN SEÑAL
WDAY | dd=40.0% | prob=0.562 < umbral -> SIN SEÑAL
WYNN | dd=62.7% | prob=0.528 < umbral -> SIN SEÑAL
XYL | dd=33.9% | prob=0.423 < umbral -> SIN SEÑAL
ZBRA | dd=39.0% | prob=0.403 < umbral -> SIN SEÑAL
ZBH | dd=47.4% | prob=0.423 < umbral -> SIN SEÑAL
ZTS | dd=70.7% | prob=0.440 < umbral -> SIN SEÑAL
FICO | dd=72.5% | prob=0.873 | ENTRADA DESCARTADA: ya hay posición abierta en Cartera A y Cartera B.
MRNA | dd=62.0% | prob=0.831 | ENTRADA DESCARTADA: ya hay posición abierta en Cartera A y Cartera B.
DECIDIDAS PARA ENTRAR HOY (1): ['CTVA']

===== escaneo postcierre 2026-10-02 18:00:55 ET =====
POST-CIERRE 2026-10-02
entradas ejecutadas: []
cambios de objetivo: 2
cierres: [('CIEN', 'A', 'tiempo', 0.072), ('APH', 'A', 'objetivo', 0.1073), ('COHR', 'A', 'objetivo', 0.1449), ('APH', 'B', 'objetivo', 0.1073), ('COHR', 'B', 'objetivo', 0.1478)]
