
===== escaneo preapertura 2026-09-23 08:46:14 ET =====
RESUMEN: universo=503 drawdown>=30%=177 con_senal=0
AOS | dd=34.2% | prob=0.412 < umbral -> SIN SEÑAL
ACN | dd=52.5% | prob=0.555 < umbral -> SIN SEÑAL
ADBE | dd=65.9% | prob=0.566 < umbral -> SIN SEÑAL
AES | dd=67.3% | prob=0.000 < umbral -> SIN SEÑAL
AKAM | dd=65.7% | prob=0.608 < umbral -> SIN SEÑAL
ALB | dd=63.3% | prob=0.608 < umbral -> SIN SEÑAL
ARE | dd=70.4% | prob=0.566 < umbral -> SIN SEÑAL
ALGN | dd=79.2% | prob=0.532 < umbral -> SIN SEÑAL
AIG | dd=93.8% | prob=0.257 < umbral -> SIN SEÑAL
AMT | dd=32.5% | prob=0.412 < umbral -> SIN SEÑAL
APH | dd=53.6% | prob=0.723 < umbral -> SIN SEÑAL
AON | dd=30.2% | prob=0.474 < umbral -> SIN SEÑAL
APA | dd=60.2% | prob=0.555 < umbral -> SIN SEÑAL
APO | dd=33.0% | prob=0.477 < umbral -> SIN SEÑAL
AMAT | dd=36.1% | prob=0.612 < umbral -> SIN SEÑAL
APP | dd=55.9% | prob=0.651 < umbral -> SIN SEÑAL
APTV | dd=75.3% | prob=0.555 < umbral -> SIN SEÑAL
ARES | dd=34.5% | prob=0.532 < umbral -> SIN SEÑAL
AJG | dd=33.5% | prob=0.477 < umbral -> SIN SEÑAL
ADSK | dd=36.2% | prob=0.558 < umbral -> SIN SEÑAL
AZO | dd=34.0% | prob=0.438 < umbral -> SIN SEÑAL
AXON | dd=48.2% | prob=0.651 < umbral -> SIN SEÑAL
BALL | dd=37.4% | prob=0.315 < umbral -> SIN SEÑAL
BAX | dd=72.0% | prob=0.505 < umbral -> SIN SEÑAL
TECH | dd=45.5% | prob=0.000 < umbral -> SIN SEÑAL
BIIB | dd=53.1% | prob=0.419 < umbral -> SIN SEÑAL
BX | dd=35.0% | prob=0.477 < umbral -> SIN SEÑAL
XYZ | dd=73.2% | prob=0.532 < umbral -> SIN SEÑAL
BA | dd=54.6% | prob=0.474 < umbral -> SIN SEÑAL
BSX | dd=59.0% | prob=0.532 < umbral -> SIN SEÑAL
BR | dd=38.8% | prob=0.419 < umbral -> SIN SEÑAL
BRO | dd=49.8% | prob=0.532 < umbral -> SIN SEÑAL
BF.B | dd=64.1% | prob=0.477 < umbral -> SIN SEÑAL
BLDR | dd=71.6% | prob=0.638 < umbral -> SIN SEÑAL
BXP | dd=39.9% | prob=0.381 < umbral -> SIN SEÑAL
CPT | dd=35.2% | prob=0.313 < umbral -> SIN SEÑAL
CCL | dd=66.3% | prob=0.555 < umbral -> SIN SEÑAL
CARR | dd=31.8% | prob=0.546 < umbral -> SIN SEÑAL
CVNA | dd=32.8% | prob=0.612 < umbral -> SIN SEÑAL
CASY | dd=37.0% | prob=0.587 < umbral -> SIN SEÑAL
CDW | dd=42.0% | prob=0.566 < umbral -> SIN SEÑAL
CNC | dd=35.8% | prob=0.566 < umbral -> SIN SEÑAL
CRL | dd=38.0% | prob=0.477 < umbral -> SIN SEÑAL
CHTR | dd=85.8% | prob=0.723 < umbral -> SIN SEÑAL
CMG | dd=52.9% | prob=0.555 < umbral -> SIN SEÑAL
CIEN | dd=65.1% | prob=0.723 < umbral -> SIN SEÑAL
C | dd=65.0% | prob=0.474 < umbral -> SIN SEÑAL
CLX | dd=56.2% | prob=0.477 < umbral -> SIN SEÑAL
CTSH | dd=33.5% | prob=0.532 < umbral -> SIN SEÑAL
COIN | dd=54.8% | prob=0.683 < umbral -> SIN SEÑAL
CMCSA | dd=54.4% | prob=0.505 < umbral -> SIN SEÑAL
STZ | dd=54.6% | prob=0.477 < umbral -> SIN SEÑAL
CEG | dd=35.9% | prob=0.555 < umbral -> SIN SEÑAL
COO | dd=52.3% | prob=0.555 < umbral -> SIN SEÑAL
CPRT | dd=55.3% | prob=0.566 < umbral -> SIN SEÑAL
GLW | dd=41.2% | prob=0.718 < umbral -> SIN SEÑAL
CSGP | dd=71.5% | prob=0.612 < umbral -> SIN SEÑAL
CRH | dd=32.6% | prob=0.477 < umbral -> SIN SEÑAL
CCI | dd=56.8% | prob=0.438 < umbral -> SIN SEÑAL
DECK | dd=64.4% | prob=0.555 < umbral -> SIN SEÑAL
DVN | dd=40.9% | prob=0.477 < umbral -> SIN SEÑAL
DXCM | dd=45.7% | prob=0.412 < umbral -> SIN SEÑAL
DG | dd=49.6% | prob=0.477 < umbral -> SIN SEÑAL
DLTR | dd=35.1% | prob=0.555 < umbral -> SIN SEÑAL
DPZ | dd=44.1% | prob=0.532 < umbral -> SIN SEÑAL
DASH | dd=32.7% | prob=0.555 < umbral -> SIN SEÑAL
DOW | dd=50.2% | prob=0.555 < umbral -> SIN SEÑAL
ECHO | dd=35.2% | prob=0.532 < umbral -> SIN SEÑAL
EIX | dd=32.6% | prob=0.608 < umbral -> SIN SEÑAL
EW | dd=32.6% | prob=0.412 < umbral -> SIN SEÑAL
EFX | dd=47.6% | prob=0.555 < umbral -> SIN SEÑAL
ERIE | dd=55.7% | prob=0.555 < umbral -> SIN SEÑAL
EL | dd=71.2% | prob=0.477 < umbral -> SIN SEÑAL
EXE | dd=30.5% | prob=0.438 < umbral -> SIN SEÑAL
FDS | dd=43.4% | prob=0.566 < umbral -> SIN SEÑAL
FICO | dd=61.9% | prob=0.651 < umbral -> SIN SEÑAL
FIS | dd=74.6% | prob=0.555 < umbral -> SIN SEÑAL
FSLR | dd=37.4% | prob=0.638 < umbral -> SIN SEÑAL
FISV | dd=80.7% | prob=0.587 < umbral -> SIN SEÑAL
FLEX | dd=31.4% | prob=0.638 < umbral -> SIN SEÑAL
F | dd=32.0% | prob=0.532 < umbral -> SIN SEÑAL
IT | dd=69.4% | prob=0.638 < umbral -> SIN SEÑAL
GNRC | dd=60.7% | prob=0.683 < umbral -> SIN SEÑAL
GIS | dd=54.9% | prob=0.477 < umbral -> SIN SEÑAL
GPN | dd=59.6% | prob=0.438 < umbral -> SIN SEÑAL
GDDY | dd=54.5% | prob=0.638 < umbral -> SIN SEÑAL
HAL | dd=44.6% | prob=0.532 < umbral -> SIN SEÑAL
HSY | dd=33.4% | prob=0.412 < umbral -> SIN SEÑAL
HRL | dd=56.9% | prob=0.419 < umbral -> SIN SEÑAL
HUM | dd=32.1% | prob=0.555 < umbral -> SIN SEÑAL
HII | dd=40.8% | prob=0.438 < umbral -> SIN SEÑAL
IBM | dd=30.4% | prob=0.555 < umbral -> SIN SEÑAL
IDXX | dd=32.3% | prob=0.419 < umbral -> SIN SEÑAL
IR | dd=30.2% | prob=0.419 < umbral -> SIN SEÑAL
PODD | dd=60.7% | prob=0.555 < umbral -> SIN SEÑAL
IFF | dd=37.5% | prob=0.313 < umbral -> SIN SEÑAL
IP | dd=36.9% | prob=0.555 < umbral -> SIN SEÑAL
INTU | dd=63.7% | prob=0.638 < umbral -> SIN SEÑAL
ISRG | dd=34.7% | prob=0.477 < umbral -> SIN SEÑAL
INVH | dd=30.7% | prob=0.257 < umbral -> SIN SEÑAL
KMB | dd=30.4% | prob=0.412 < umbral -> SIN SEÑAL
KKR | dd=41.7% | prob=0.505 < umbral -> SIN SEÑAL
KLAC | dd=38.7% | prob=0.612 < umbral -> SIN SEÑAL
KHC | dd=61.7% | prob=0.419 < umbral -> SIN SEÑAL
LHX | dd=36.3% | prob=0.419 < umbral -> SIN SEÑAL
LVS | dd=57.6% | prob=0.474 < umbral -> SIN SEÑAL
LDOS | dd=39.6% | prob=0.474 < umbral -> SIN SEÑAL
LEN | dd=54.1% | prob=0.555 < umbral -> SIN SEÑAL
LII | dd=45.5% | prob=0.555 < umbral -> SIN SEÑAL
LOW | dd=32.8% | prob=0.419 < umbral -> SIN SEÑAL
LULU | dd=79.9% | prob=0.587 < umbral -> SIN SEÑAL
LYB | dd=35.0% | prob=0.555 < umbral -> SIN SEÑAL
MRSH | dd=30.1% | prob=0.386 < umbral -> SIN SEÑAL
MKC | dd=48.8% | prob=0.419 < umbral -> SIN SEÑAL
MGM | dd=59.0% | prob=0.419 < umbral -> SIN SEÑAL
MAA | dd=38.3% | prob=0.315 < umbral -> SIN SEÑAL
MRNA | dd=63.3% | prob=0.723 < umbral -> SIN SEÑAL
TAP | dd=57.5% | prob=0.532 < umbral -> SIN SEÑAL
MNST | dd=55.9% | prob=0.612 < umbral -> SIN SEÑAL
MOS | dd=79.0% | prob=0.587 < umbral -> SIN SEÑAL
NFLX | dd=46.2% | prob=0.555 < umbral -> SIN SEÑAL
NKE | dd=78.1% | prob=0.438 < umbral -> SIN SEÑAL
NOC | dd=33.8% | prob=0.412 < umbral -> SIN SEÑAL
NCLH | dd=77.9% | prob=0.587 < umbral -> SIN SEÑAL
NRG | dd=45.7% | prob=0.608 < umbral -> SIN SEÑAL
NVR | dd=36.4% | prob=0.412 < umbral -> SIN SEÑAL
ON | dd=45.4% | prob=0.651 < umbral -> SIN SEÑAL
ORCL | dd=56.4% | prob=0.612 < umbral -> SIN SEÑAL
OTIS | dd=34.7% | prob=0.386 < umbral -> SIN SEÑAL
PSKY | dd=88.8% | prob=0.718 < umbral -> SIN SEÑAL
PYPL | dd=82.8% | prob=0.459 < umbral -> SIN SEÑAL
PNR | dd=50.9% | prob=0.532 < umbral -> SIN SEÑAL
PFE | dd=41.5% | prob=0.257 < umbral -> SIN SEÑAL
PCG | dd=81.5% | prob=0.638 < umbral -> SIN SEÑAL
PPG | dd=34.7% | prob=0.419 < umbral -> SIN SEÑAL
PTC | dd=36.3% | prob=0.505 < umbral -> SIN SEÑAL
RDDT | dd=45.0% | prob=0.651 < umbral -> SIN SEÑAL
REGN | dd=33.1% | prob=0.313 < umbral -> SIN SEÑAL
ROL | dd=50.0% | prob=0.474 < umbral -> SIN SEÑAL
ROP | dd=38.2% | prob=0.419 < umbral -> SIN SEÑAL
RCL | dd=34.8% | prob=0.587 < umbral -> SIN SEÑAL
CRM | dd=36.0% | prob=0.555 < umbral -> SIN SEÑAL
SBAC | dd=51.5% | prob=0.438 < umbral -> SIN SEÑAL
SLB | dd=39.1% | prob=0.532 < umbral -> SIN SEÑAL
NOW | dd=42.8% | prob=0.587 < umbral -> SIN SEÑAL
SWKS | dd=48.9% | prob=0.683 < umbral -> SIN SEÑAL
SWK | dd=50.8% | prob=0.438 < umbral -> SIN SEÑAL
SYK | dd=31.4% | prob=0.532 < umbral -> SIN SEÑAL
SMCI | dd=66.2% | prob=0.651 < umbral -> SIN SEÑAL
SNPS | dd=37.2% | prob=0.532 < umbral -> SIN SEÑAL
TMUS | dd=39.9% | prob=0.555 < umbral -> SIN SEÑAL
TROW | dd=42.3% | prob=0.319 < umbral -> SIN SEÑAL
TPR | dd=31.7% | prob=0.555 < umbral -> SIN SEÑAL
TGT | dd=31.4% | prob=0.412 < umbral -> SIN SEÑAL
TPL | dd=39.2% | prob=0.608 < umbral -> SIN SEÑAL
TTD | dd=90.7% | prob=0.683 < umbral -> SIN SEÑAL
TSCO | dd=47.6% | prob=0.477 < umbral -> SIN SEÑAL
TRMB | dd=38.5% | prob=0.419 < umbral -> SIN SEÑAL
TYL | dd=49.9% | prob=0.566 < umbral -> SIN SEÑAL
TSN | dd=40.6% | prob=0.419 < umbral -> SIN SEÑAL
UBER | dd=31.5% | prob=0.532 < umbral -> SIN SEÑAL
UDR | dd=32.7% | prob=0.294 < umbral -> SIN SEÑAL
UPS | dd=49.1% | prob=0.412 < umbral -> SIN SEÑAL
UNH | dd=38.4% | prob=0.419 < umbral -> SIN SEÑAL
VRSK | dd=46.2% | prob=0.555 < umbral -> SIN SEÑAL
VRT | dd=33.3% | prob=0.651 < umbral -> SIN SEÑAL
VTRS | dd=72.2% | prob=0.386 < umbral -> SIN SEÑAL
VST | dd=35.9% | prob=0.555 < umbral -> SIN SEÑAL
DIS | dd=47.3% | prob=0.319 < umbral -> SIN SEÑAL
WBD | dd=60.5% | prob=0.257 < umbral -> SIN SEÑAL
WDC | dd=41.9% | prob=0.723 < umbral -> SIN SEÑAL
WY | dd=41.8% | prob=0.419 < umbral -> SIN SEÑAL
WDAY | dd=39.5% | prob=0.566 < umbral -> SIN SEÑAL
WYNN | dd=60.2% | prob=0.532 < umbral -> SIN SEÑAL
ZBRA | dd=41.2% | prob=0.419 < umbral -> SIN SEÑAL
ZBH | dd=43.9% | prob=0.477 < umbral -> SIN SEÑAL
ZTS | dd=69.1% | prob=0.438 < umbral -> SIN SEÑAL
DECIDIDAS PARA ENTRAR HOY (0): []

===== escaneo postcierre 2026-09-23 18:00:41 ET =====
POST-CIERRE 2026-09-23
entradas ejecutadas: []
cambios de objetivo: 4
cierres: []
