
===== escaneo preapertura 2026-08-21 08:46:05 ET =====
RESUMEN: universo=503 drawdown>=30%=153 con_senal=11
ACN | dd=53.1% | prob=0.613 < umbral -> SIN SEÑAL
ADBE | dd=61.1% | prob=0.590 < umbral -> SIN SEÑAL
AES | dd=67.4% | prob=0.000 < umbral -> SIN SEÑAL
AKAM | dd=68.1% | prob=0.723 < umbral -> SIN SEÑAL
ALB | dd=57.8% | prob=0.591 < umbral -> SIN SEÑAL
ARE | dd=70.9% | prob=0.551 < umbral -> SIN SEÑAL
ALGN | dd=78.4% | prob=0.591 < umbral -> SIN SEÑAL
AIG | dd=93.7% | prob=0.292 < umbral -> SIN SEÑAL
AMT | dd=32.4% | prob=0.413 < umbral -> SIN SEÑAL
APA | dd=58.2% | prob=0.551 < umbral -> SIN SEÑAL
AMAT | dd=32.9% | prob=0.723 < umbral -> SIN SEÑAL
APP | dd=58.6% | prob=0.723 < umbral -> SIN SEÑAL
APTV | dd=74.0% | prob=0.591 < umbral -> SIN SEÑAL
AZO | dd=32.5% | prob=0.474 < umbral -> SIN SEÑAL
AXON | dd=30.7% | prob=0.629 < umbral -> SIN SEÑAL
BALL | dd=34.6% | prob=0.292 < umbral -> SIN SEÑAL
BAX | dd=68.8% | prob=0.517 < umbral -> SIN SEÑAL
TECH | dd=45.7% | prob=0.000 < umbral -> SIN SEÑAL
BIIB | dd=55.4% | prob=0.474 < umbral -> SIN SEÑAL
XYZ | dd=72.3% | prob=0.517 < umbral -> SIN SEÑAL
BA | dd=50.6% | prob=0.467 < umbral -> SIN SEÑAL
BSX | dd=54.9% | prob=0.569 < umbral -> SIN SEÑAL
BR | dd=33.0% | prob=0.476 < umbral -> SIN SEÑAL
BRO | dd=42.1% | prob=0.413 < umbral -> SIN SEÑAL
BF.B | dd=61.6% | prob=0.413 < umbral -> SIN SEÑAL
BLDR | dd=67.2% | prob=0.629 < umbral -> SIN SEÑAL
BXP | dd=36.7% | prob=0.410 < umbral -> SIN SEÑAL
CHRW | dd=31.6% | prob=0.591 < umbral -> SIN SEÑAL
CCL | dd=61.7% | prob=0.551 < umbral -> SIN SEÑAL
CDW | dd=47.5% | prob=0.591 < umbral -> SIN SEÑAL
CNC | dd=34.9% | prob=0.553 < umbral -> SIN SEÑAL
CRL | dd=36.7% | prob=0.476 < umbral -> SIN SEÑAL
CHTR | dd=82.1% | prob=0.649 < umbral -> SIN SEÑAL
CMG | dd=49.0% | prob=0.546 < umbral -> SIN SEÑAL
CIEN | dd=62.9% | prob=0.881 | ENTRAR | score_fund=60.0 | sent=0.331 | obj_analista=557.28564
C | dd=65.8% | prob=0.413 < umbral -> SIN SEÑAL
CLX | dd=46.7% | prob=0.413 < umbral -> SIN SEÑAL
CTSH | dd=31.0% | prob=0.551 < umbral -> SIN SEÑAL
COHR | dd=34.1% | prob=0.951 | ENTRAR | score_fund=53.3 | sent=0.15 | obj_analista=416.09348
COIN | dd=61.2% | prob=0.723 < umbral -> SIN SEÑAL
CMCSA | dd=46.3% | prob=0.413 < umbral -> SIN SEÑAL
STZ | dd=48.3% | prob=0.441 < umbral -> SIN SEÑAL
CEG | dd=33.6% | prob=0.569 < umbral -> SIN SEÑAL
COO | dd=34.3% | prob=0.261 < umbral -> SIN SEÑAL
CPRT | dd=46.7% | prob=0.535 < umbral -> SIN SEÑAL
GLW | dd=44.3% | prob=0.859 | ENTRAR | score_fund=59.0 | sent=0.318 | obj_analista=191.4
CSGP | dd=68.1% | prob=0.649 < umbral -> SIN SEÑAL
CCI | dd=55.0% | prob=0.519 < umbral -> SIN SEÑAL
DECK | dd=60.3% | prob=0.551 < umbral -> SIN SEÑAL
DVN | dd=37.9% | prob=0.413 < umbral -> SIN SEÑAL
DXCM | dd=45.3% | prob=0.467 < umbral -> SIN SEÑAL
DG | dd=50.4% | prob=0.413 < umbral -> SIN SEÑAL
DPZ | dd=37.1% | prob=0.517 < umbral -> SIN SEÑAL
DOW | dd=41.9% | prob=0.551 < umbral -> SIN SEÑAL
ECHO | dd=41.0% | prob=0.649 < umbral -> SIN SEÑAL
EW | dd=31.8% | prob=0.410 < umbral -> SIN SEÑAL
EFX | dd=36.9% | prob=0.546 < umbral -> SIN SEÑAL
ERIE | dd=50.4% | prob=0.551 < umbral -> SIN SEÑAL
EL | dd=72.4% | prob=0.545 < umbral -> SIN SEÑAL
FDS | dd=38.5% | prob=0.551 < umbral -> SIN SEÑAL
FICO | dd=52.1% | prob=0.649 < umbral -> SIN SEÑAL
FIS | dd=70.5% | prob=0.569 < umbral -> SIN SEÑAL
FSLR | dd=33.3% | prob=0.689 < umbral -> SIN SEÑAL
FISV | dd=78.5% | prob=0.613 < umbral -> SIN SEÑAL
FLEX | dd=33.9% | prob=0.805 | ENTRAR | score_fund=54.5 | sent=0.574 | obj_analista=160.5
IT | dd=66.8% | prob=0.629 < umbral -> SIN SEÑAL
GNRC | dd=60.6% | prob=0.649 < umbral -> SIN SEÑAL
GIS | dd=49.6% | prob=0.413 < umbral -> SIN SEÑAL
GPN | dd=56.1% | prob=0.545 < umbral -> SIN SEÑAL
GDDY | dd=54.5% | prob=0.649 < umbral -> SIN SEÑAL
HAL | dd=39.8% | prob=0.476 < umbral -> SIN SEÑAL
HRL | dd=49.0% | prob=0.261 < umbral -> SIN SEÑAL
HUM | dd=30.5% | prob=0.551 < umbral -> SIN SEÑAL
HII | dd=34.2% | prob=0.546 < umbral -> SIN SEÑAL
PODD | dd=58.6% | prob=0.619 < umbral -> SIN SEÑAL
INTC | dd=35.3% | prob=0.859 | ENTRAR (EXCEPCIONAL: entra pese a deterioro) | score_fund=35.1 | sent=0.008 | obj_analista=114.87805
IFF | dd=39.3% | prob=0.413 < umbral -> SIN SEÑAL
INTU | dd=55.0% | prob=0.591 < umbral -> SIN SEÑAL
ISRG | dd=39.2% | prob=0.546 < umbral -> SIN SEÑAL
KKR | dd=36.6% | prob=0.569 < umbral -> SIN SEÑAL
KLAC | dd=39.5% | prob=0.723 < umbral -> SIN SEÑAL
KHC | dd=59.2% | prob=0.413 < umbral -> SIN SEÑAL
LVS | dd=50.9% | prob=0.413 < umbral -> SIN SEÑAL
LDOS | dd=30.7% | prob=0.535 < umbral -> SIN SEÑAL
LEN | dd=52.8% | prob=0.520 < umbral -> SIN SEÑAL
LII | dd=40.5% | prob=0.569 < umbral -> SIN SEÑAL
LULU | dd=77.6% | prob=0.551 < umbral -> SIN SEÑAL
MKC | dd=42.8% | prob=0.413 < umbral -> SIN SEÑAL
META | dd=31.2% | prob=0.569 < umbral -> SIN SEÑAL
MGM | dd=54.5% | prob=0.292 < umbral -> SIN SEÑAL
MAA | dd=31.6% | prob=0.292 < umbral -> SIN SEÑAL
MRNA | dd=73.2% | prob=0.859 | ENTRAR (EXCEPCIONAL: entra pese a deterioro) | score_fund=16.3 | sent=-0.001 | obj_analista=89.33333
TAP | dd=50.9% | prob=0.476 < umbral -> SIN SEÑAL
MNST | dd=52.7% | prob=0.951 | ENTRAR | score_fund=80.9 | sent=0.595 | obj_analista=50.13043
MOS | dd=80.1% | prob=0.569 < umbral -> SIN SEÑAL
NFLX | dd=40.2% | prob=0.517 < umbral -> SIN SEÑAL
NKE | dd=75.7% | prob=0.476 < umbral -> SIN SEÑAL
NCLH | dd=73.9% | prob=0.613 < umbral -> SIN SEÑAL
NRG | dd=39.1% | prob=0.689 < umbral -> SIN SEÑAL
NVR | dd=36.8% | prob=0.413 < umbral -> SIN SEÑAL
NXPI | dd=34.2% | prob=0.619 < umbral -> SIN SEÑAL
ON | dd=44.6% | prob=0.723 < umbral -> SIN SEÑAL
ORCL | dd=58.4% | prob=0.689 < umbral -> SIN SEÑAL
OTIS | dd=31.2% | prob=0.354 < umbral -> SIN SEÑAL
PSKY | dd=88.6% | prob=0.591 < umbral -> SIN SEÑAL
PYPL | dd=79.7% | prob=0.410 < umbral -> SIN SEÑAL
PNR | dd=43.6% | prob=0.535 < umbral -> SIN SEÑAL
PFE | dd=41.8% | prob=0.300 < umbral -> SIN SEÑAL
PCG | dd=74.3% | prob=0.413 < umbral -> SIN SEÑAL
PPG | dd=31.8% | prob=0.410 < umbral -> SIN SEÑAL
PTC | dd=30.1% | prob=0.551 < umbral -> SIN SEÑAL
QCOM | dd=37.9% | prob=0.649 < umbral -> SIN SEÑAL
RDDT | dd=46.9% | prob=0.723 < umbral -> SIN SEÑAL
REGN | dd=31.2% | prob=0.300 < umbral -> SIN SEÑAL
RVTY | dd=38.2% | prob=0.476 < umbral -> SIN SEÑAL
HOOD | dd=38.2% | prob=0.689 < umbral -> SIN SEÑAL
ROL | dd=44.6% | prob=0.476 < umbral -> SIN SEÑAL
ROP | dd=30.2% | prob=0.413 < umbral -> SIN SEÑAL
CRM | dd=43.6% | prob=0.569 < umbral -> SIN SEÑAL
SNDK | dd=32.0% | prob=0.935 | ENTRAR | score_fund=88.0 | sent=0.508 | obj_analista=2126.1738
SBAC | dd=50.2% | prob=0.517 < umbral -> SIN SEÑAL
SLB | dd=37.4% | prob=0.476 < umbral -> SIN SEÑAL
NOW | dd=45.9% | prob=0.613 < umbral -> SIN SEÑAL
SWKS | dd=61.4% | prob=0.613 < umbral -> SIN SEÑAL
LUV | dd=33.6% | prob=0.551 < umbral -> SIN SEÑAL
SWK | dd=47.3% | prob=0.413 < umbral -> SIN SEÑAL
SMCI | dd=70.3% | prob=0.859 | ENTRAR | score_fund=71.0 | sent=0.413 | obj_analista=42.375
SNPS | dd=38.9% | prob=0.546 < umbral -> SIN SEÑAL
TMUS | dd=33.0% | prob=0.476 < umbral -> SIN SEÑAL
TROW | dd=37.8% | prob=0.300 < umbral -> SIN SEÑAL
TGT | dd=31.8% | prob=0.467 < umbral -> SIN SEÑAL
TSLA | dd=30.8% | prob=0.569 < umbral -> SIN SEÑAL
TPL | dd=36.7% | prob=0.629 < umbral -> SIN SEÑAL
TTD | dd=90.6% | prob=0.805 | ENTRAR | score_fund=66.0 | sent=-0.069 | obj_analista=13.38667
TSCO | dd=44.1% | prob=0.517 < umbral -> SIN SEÑAL
TRMB | dd=38.1% | prob=0.546 < umbral -> SIN SEÑAL
TYL | dd=47.4% | prob=0.569 < umbral -> SIN SEÑAL
TSN | dd=33.0% | prob=0.413 < umbral -> SIN SEÑAL
UPS | dd=45.5% | prob=0.410 < umbral -> SIN SEÑAL
UNH | dd=36.4% | prob=0.413 < umbral -> SIN SEÑAL
VRSK | dd=41.3% | prob=0.551 < umbral -> SIN SEÑAL
VRT | dd=30.3% | prob=0.723 < umbral -> SIN SEÑAL
VTRS | dd=73.9% | prob=0.467 < umbral -> SIN SEÑAL
VST | dd=36.5% | prob=0.619 < umbral -> SIN SEÑAL
DIS | dd=45.5% | prob=0.300 < umbral -> SIN SEÑAL
WBD | dd=63.9% | prob=0.261 < umbral -> SIN SEÑAL
WDC | dd=41.4% | prob=0.888 | ENTRAR | score_fund=88.2 | sent=0.147 | obj_analista=664.9167
WY | dd=33.5% | prob=0.410 < umbral -> SIN SEÑAL
WDAY | dd=36.6% | prob=0.649 < umbral -> SIN SEÑAL
WYNN | dd=51.9% | prob=0.441 < umbral -> SIN SEÑAL
ZBRA | dd=41.4% | prob=0.551 < umbral -> SIN SEÑAL
ZBH | dd=40.9% | prob=0.413 < umbral -> SIN SEÑAL
ZTS | dd=68.2% | prob=0.551 < umbral -> SIN SEÑAL
COHR | dd=34.1% | prob=0.951 | ENTRADA DESCARTADA: ya hay posición abierta en Cartera A y Cartera B.
MNST | dd=52.7% | prob=0.951 | ENTRADA DESCARTADA: ya hay posición abierta en Cartera A y Cartera B.
SNDK | dd=32.0% | prob=0.935 | ENTRADA DESCARTADA: ya hay posición abierta en Cartera A y Cartera B.
WDC | dd=41.4% | prob=0.888 | ENTRADA SOLO EN CARTERA A: ya hay posición abierta en Cartera B.
CIEN | dd=62.9% | prob=0.881 | ENTRADA DESCARTADA: ya hay posición abierta en Cartera A y Cartera B.
GLW | dd=44.3% | prob=0.859 | ENTRADA DESCARTADA: ya hay posición abierta en Cartera A y Cartera B.
INTC | dd=35.3% | prob=0.859 | ENTRADA DESCARTADA: ya hay posición abierta en Cartera A y Cartera B.
MRNA | dd=73.2% | prob=0.859 | ENTRADA SOLO EN CARTERA A: ya hay posición abierta en Cartera B.
SMCI | dd=70.3% | prob=0.859 | ENTRADA DESCARTADA: ya hay posición abierta en Cartera A y Cartera B.
FLEX | dd=33.9% | prob=0.805 | ENTRADA DESCARTADA: ya hay posición abierta en Cartera A y Cartera B.
TTD | dd=90.6% | prob=0.805 | ENTRADA DESCARTADA: ya hay posición abierta en Cartera A y Cartera B.
DECIDIDAS PARA ENTRAR HOY (2): ['WDC', 'MRNA']

===== escaneo postcierre 2026-08-21 18:01:05 ET =====
POST-CIERRE 2026-08-21
entradas ejecutadas: ['WDC', 'MRNA']
cambios de objetivo: 14
cierres: [('CIEN', 'A', 'stop', -0.12)]
