
===== escaneo preapertura 2026-09-29 08:45:46 ET =====
RESUMEN: universo=503 drawdown>=30%=182 con_senal=1
AOS | dd=33.9% | prob=0.412 < umbral -> SIN SEÑAL
ACN | dd=54.9% | prob=0.555 < umbral -> SIN SEÑAL
ADBE | dd=67.0% | prob=0.566 < umbral -> SIN SEÑAL
AES | dd=67.2% | prob=0.000 < umbral -> SIN SEÑAL
AKAM | dd=68.5% | prob=0.723 < umbral -> SIN SEÑAL
ALB | dd=66.2% | prob=0.638 < umbral -> SIN SEÑAL
ARE | dd=73.3% | prob=0.587 < umbral -> SIN SEÑAL
ALGN | dd=80.3% | prob=0.532 < umbral -> SIN SEÑAL
AIG | dd=94.0% | prob=0.313 < umbral -> SIN SEÑAL
AMT | dd=35.3% | prob=0.412 < umbral -> SIN SEÑAL
APH | dd=52.6% | prob=0.651 < umbral -> SIN SEÑAL
AON | dd=33.7% | prob=0.477 < umbral -> SIN SEÑAL
APA | dd=60.2% | prob=0.532 < umbral -> SIN SEÑAL
APO | dd=35.8% | prob=0.505 < umbral -> SIN SEÑAL
AMAT | dd=34.2% | prob=0.608 < umbral -> SIN SEÑAL
APP | dd=58.7% | prob=0.723 < umbral -> SIN SEÑAL
APTV | dd=75.9% | prob=0.555 < umbral -> SIN SEÑAL
ARES | dd=37.9% | prob=0.555 < umbral -> SIN SEÑAL
AJG | dd=33.8% | prob=0.477 < umbral -> SIN SEÑAL
ADSK | dd=39.8% | prob=0.560 < umbral -> SIN SEÑAL
AZO | dd=33.6% | prob=0.438 < umbral -> SIN SEÑAL
AXON | dd=52.1% | prob=0.718 < umbral -> SIN SEÑAL
BALL | dd=40.3% | prob=0.412 < umbral -> SIN SEÑAL
BAX | dd=72.3% | prob=0.477 < umbral -> SIN SEÑAL
TECH | dd=45.5% | prob=0.000 < umbral -> SIN SEÑAL
BIIB | dd=52.4% | prob=0.419 < umbral -> SIN SEÑAL
BX | dd=40.0% | prob=0.555 < umbral -> SIN SEÑAL
XYZ | dd=74.7% | prob=0.555 < umbral -> SIN SEÑAL
BA | dd=57.7% | prob=0.532 < umbral -> SIN SEÑAL
BSX | dd=59.7% | prob=0.532 < umbral -> SIN SEÑAL
BR | dd=38.9% | prob=0.412 < umbral -> SIN SEÑAL
BRO | dd=51.6% | prob=0.532 < umbral -> SIN SEÑAL
BF.B | dd=64.8% | prob=0.419 < umbral -> SIN SEÑAL
BXP | dd=41.7% | prob=0.412 < umbral -> SIN SEÑAL
CPT | dd=35.8% | prob=0.313 < umbral -> SIN SEÑAL
CCL | dd=66.6% | prob=0.555 < umbral -> SIN SEÑAL
CARR | dd=31.1% | prob=0.477 < umbral -> SIN SEÑAL
CVNA | dd=37.9% | prob=0.651 < umbral -> SIN SEÑAL
CASY | dd=34.7% | prob=0.558 < umbral -> SIN SEÑAL
CBOE | dd=31.6% | prob=0.555 < umbral -> SIN SEÑAL
CDW | dd=48.8% | prob=0.611 < umbral -> SIN SEÑAL
CNC | dd=36.5% | prob=0.558 < umbral -> SIN SEÑAL
CRL | dd=36.0% | prob=0.532 < umbral -> SIN SEÑAL
CHTR | dd=86.5% | prob=0.683 < umbral -> SIN SEÑAL
CMG | dd=54.0% | prob=0.566 < umbral -> SIN SEÑAL
CIEN | dd=67.4% | prob=0.723 < umbral -> SIN SEÑAL
C | dd=65.3% | prob=0.419 < umbral -> SIN SEÑAL
CLX | dd=59.1% | prob=0.532 < umbral -> SIN SEÑAL
CTSH | dd=35.7% | prob=0.505 < umbral -> SIN SEÑAL
COHR | dd=35.8% | prob=0.808 | ENTRAR | score_fund=53.3 | sent=0.0 | obj_analista=415.36197
COIN | dd=56.9% | prob=0.723 < umbral -> SIN SEÑAL
CMCSA | dd=55.7% | prob=0.505 < umbral -> SIN SEÑAL
STZ | dd=56.4% | prob=0.419 < umbral -> SIN SEÑAL
CEG | dd=36.6% | prob=0.477 < umbral -> SIN SEÑAL
COO | dd=51.2% | prob=0.555 < umbral -> SIN SEÑAL
CPRT | dd=57.7% | prob=0.555 < umbral -> SIN SEÑAL
GLW | dd=44.2% | prob=0.723 < umbral -> SIN SEÑAL
CSGP | dd=73.3% | prob=0.608 < umbral -> SIN SEÑAL
CRH | dd=35.9% | prob=0.532 < umbral -> SIN SEÑAL
CCI | dd=59.9% | prob=0.477 < umbral -> SIN SEÑAL
DECK | dd=65.0% | prob=0.532 < umbral -> SIN SEÑAL
DVN | dd=41.1% | prob=0.438 < umbral -> SIN SEÑAL
DXCM | dd=47.4% | prob=0.419 < umbral -> SIN SEÑAL
DG | dd=48.8% | prob=0.419 < umbral -> SIN SEÑAL
DLTR | dd=34.5% | prob=0.532 < umbral -> SIN SEÑAL
DPZ | dd=45.0% | prob=0.477 < umbral -> SIN SEÑAL
DASH | dd=37.5% | prob=0.608 < umbral -> SIN SEÑAL
DOW | dd=50.8% | prob=0.532 < umbral -> SIN SEÑAL
ECHO | dd=39.4% | prob=0.555 < umbral -> SIN SEÑAL
EIX | dd=36.9% | prob=0.612 < umbral -> SIN SEÑAL
EW | dd=34.1% | prob=0.419 < umbral -> SIN SEÑAL
EFX | dd=52.2% | prob=0.566 < umbral -> SIN SEÑAL
ERIE | dd=58.0% | prob=0.555 < umbral -> SIN SEÑAL
EL | dd=72.6% | prob=0.532 < umbral -> SIN SEÑAL
EXE | dd=31.8% | prob=0.419 < umbral -> SIN SEÑAL
EXR | dd=30.6% | prob=0.381 < umbral -> SIN SEÑAL
FDS | dd=45.2% | prob=0.587 < umbral -> SIN SEÑAL
FICO | dd=65.0% | prob=0.651 < umbral -> SIN SEÑAL
FIS | dd=75.0% | prob=0.532 < umbral -> SIN SEÑAL
FSLR | dd=46.1% | prob=0.723 < umbral -> SIN SEÑAL
FISV | dd=80.7% | prob=0.555 < umbral -> SIN SEÑAL
FLEX | dd=32.3% | prob=0.651 < umbral -> SIN SEÑAL
F | dd=35.8% | prob=0.532 < umbral -> SIN SEÑAL
IT | dd=68.2% | prob=0.566 < umbral -> SIN SEÑAL
GEN | dd=34.1% | prob=0.723 < umbral -> SIN SEÑAL
GNRC | dd=60.9% | prob=0.683 < umbral -> SIN SEÑAL
GIS | dd=57.2% | prob=0.532 < umbral -> SIN SEÑAL
GPN | dd=59.7% | prob=0.419 < umbral -> SIN SEÑAL
GDDY | dd=56.6% | prob=0.718 < umbral -> SIN SEÑAL
HAL | dd=45.3% | prob=0.438 < umbral -> SIN SEÑAL
HSY | dd=35.0% | prob=0.315 < umbral -> SIN SEÑAL
HD | dd=31.1% | prob=0.412 < umbral -> SIN SEÑAL
HRL | dd=57.7% | prob=0.412 < umbral -> SIN SEÑAL
HII | dd=43.9% | prob=0.474 < umbral -> SIN SEÑAL
IBM | dd=33.6% | prob=0.555 < umbral -> SIN SEÑAL
IDXX | dd=31.3% | prob=0.419 < umbral -> SIN SEÑAL
PODD | dd=62.5% | prob=0.566 < umbral -> SIN SEÑAL
IFF | dd=37.6% | prob=0.315 < umbral -> SIN SEÑAL
IP | dd=39.9% | prob=0.555 < umbral -> SIN SEÑAL
INTU | dd=66.5% | prob=0.638 < umbral -> SIN SEÑAL
ISRG | dd=32.7% | prob=0.505 < umbral -> SIN SEÑAL
INVH | dd=32.2% | prob=0.257 < umbral -> SIN SEÑAL
KMB | dd=30.5% | prob=0.412 < umbral -> SIN SEÑAL
KKR | dd=44.8% | prob=0.546 < umbral -> SIN SEÑAL
KLAC | dd=38.5% | prob=0.612 < umbral -> SIN SEÑAL
KHC | dd=62.4% | prob=0.419 < umbral -> SIN SEÑAL
LHX | dd=36.8% | prob=0.419 < umbral -> SIN SEÑAL
LVS | dd=58.6% | prob=0.438 < umbral -> SIN SEÑAL
LDOS | dd=40.0% | prob=0.438 < umbral -> SIN SEÑAL
LEN | dd=54.7% | prob=0.532 < umbral -> SIN SEÑAL
LII | dd=46.0% | prob=0.532 < umbral -> SIN SEÑAL
LOW | dd=35.7% | prob=0.419 < umbral -> SIN SEÑAL
LULU | dd=80.5% | prob=0.608 < umbral -> SIN SEÑAL
LYB | dd=36.1% | prob=0.505 < umbral -> SIN SEÑAL
MRSH | dd=30.5% | prob=0.315 < umbral -> SIN SEÑAL
MLM | dd=30.8% | prob=0.477 < umbral -> SIN SEÑAL
MKC | dd=49.8% | prob=0.419 < umbral -> SIN SEÑAL
MCD | dd=30.8% | prob=0.412 < umbral -> SIN SEÑAL
MGM | dd=66.4% | prob=0.587 < umbral -> SIN SEÑAL
MAA | dd=38.7% | prob=0.313 < umbral -> SIN SEÑAL
MRNA | dd=60.3% | prob=0.723 < umbral -> SIN SEÑAL
MNST | dd=58.3% | prob=0.612 < umbral -> SIN SEÑAL
MOS | dd=81.1% | prob=0.608 < umbral -> SIN SEÑAL
NFLX | dd=48.4% | prob=0.532 < umbral -> SIN SEÑAL
NKE | dd=78.0% | prob=0.459 < umbral -> SIN SEÑAL
NOC | dd=34.4% | prob=0.412 < umbral -> SIN SEÑAL
NCLH | dd=77.7% | prob=0.587 < umbral -> SIN SEÑAL
NRG | dd=48.8% | prob=0.587 < umbral -> SIN SEÑAL
NVR | dd=37.1% | prob=0.412 < umbral -> SIN SEÑAL
NXPI | dd=30.2% | prob=0.555 < umbral -> SIN SEÑAL
ON | dd=43.9% | prob=0.638 < umbral -> SIN SEÑAL
ORCL | dd=61.2% | prob=0.651 < umbral -> SIN SEÑAL
OTIS | dd=36.4% | prob=0.386 < umbral -> SIN SEÑAL
PSKY | dd=88.6% | prob=0.638 < umbral -> SIN SEÑAL
PAYX | dd=35.9% | prob=0.532 < umbral -> SIN SEÑAL
PYPL | dd=82.3% | prob=0.419 < umbral -> SIN SEÑAL
PNR | dd=53.1% | prob=0.532 < umbral -> SIN SEÑAL
PFE | dd=39.9% | prob=0.257 < umbral -> SIN SEÑAL
PCG | dd=82.9% | prob=0.638 < umbral -> SIN SEÑAL
PPG | dd=35.1% | prob=0.412 < umbral -> SIN SEÑAL
PTC | dd=36.4% | prob=0.532 < umbral -> SIN SEÑAL
RDDT | dd=49.4% | prob=0.718 < umbral -> SIN SEÑAL
REGN | dd=37.4% | prob=0.412 < umbral -> SIN SEÑAL
ROL | dd=53.5% | prob=0.532 < umbral -> SIN SEÑAL
ROP | dd=39.8% | prob=0.419 < umbral -> SIN SEÑAL
RCL | dd=32.7% | prob=0.587 < umbral -> SIN SEÑAL
CRM | dd=37.6% | prob=0.555 < umbral -> SIN SEÑAL
SBAC | dd=55.0% | prob=0.505 < umbral -> SIN SEÑAL
SLB | dd=39.8% | prob=0.477 < umbral -> SIN SEÑAL
NOW | dd=45.1% | prob=0.587 < umbral -> SIN SEÑAL
SWKS | dd=50.3% | prob=0.638 < umbral -> SIN SEÑAL
SWK | dd=52.7% | prob=0.459 < umbral -> SIN SEÑAL
SYK | dd=31.3% | prob=0.477 < umbral -> SIN SEÑAL
SMCI | dd=66.0% | prob=0.651 < umbral -> SIN SEÑAL
SNPS | dd=35.9% | prob=0.555 < umbral -> SIN SEÑAL
TMUS | dd=38.4% | prob=0.419 < umbral -> SIN SEÑAL
TROW | dd=42.5% | prob=0.412 < umbral -> SIN SEÑAL
TPR | dd=31.2% | prob=0.505 < umbral -> SIN SEÑAL
TGT | dd=31.7% | prob=0.412 < umbral -> SIN SEÑAL
TPL | dd=42.1% | prob=0.608 < umbral -> SIN SEÑAL
TSCO | dd=48.8% | prob=0.477 < umbral -> SIN SEÑAL
TRMB | dd=40.4% | prob=0.419 < umbral -> SIN SEÑAL
TYL | dd=51.0% | prob=0.555 < umbral -> SIN SEÑAL
TSN | dd=41.6% | prob=0.412 < umbral -> SIN SEÑAL
UBER | dd=33.2% | prob=0.477 < umbral -> SIN SEÑAL
UDR | dd=33.2% | prob=0.257 < umbral -> SIN SEÑAL
UPS | dd=50.0% | prob=0.412 < umbral -> SIN SEÑAL
UNH | dd=37.6% | prob=0.419 < umbral -> SIN SEÑAL
VRSK | dd=47.5% | prob=0.555 < umbral -> SIN SEÑAL
VRT | dd=35.8% | prob=0.651 < umbral -> SIN SEÑAL
VTRS | dd=70.4% | prob=0.412 < umbral -> SIN SEÑAL
VST | dd=37.0% | prob=0.505 < umbral -> SIN SEÑAL
DIS | dd=46.4% | prob=0.313 < umbral -> SIN SEÑAL
WBD | dd=60.5% | prob=0.257 < umbral -> SIN SEÑAL
WDC | dd=43.3% | prob=0.723 < umbral -> SIN SEÑAL
WY | dd=46.8% | prob=0.419 < umbral -> SIN SEÑAL
WDAY | dd=39.4% | prob=0.555 < umbral -> SIN SEÑAL
WYNN | dd=61.1% | prob=0.505 < umbral -> SIN SEÑAL
XYL | dd=33.9% | prob=0.438 < umbral -> SIN SEÑAL
ZBRA | dd=39.5% | prob=0.419 < umbral -> SIN SEÑAL
ZBH | dd=45.3% | prob=0.459 < umbral -> SIN SEÑAL
ZTS | dd=69.7% | prob=0.438 < umbral -> SIN SEÑAL
COHR | dd=35.8% | prob=0.808 | ENTRADA DESCARTADA: ya hay posición abierta en Cartera A y Cartera B.
DECIDIDAS PARA ENTRAR HOY (0): []
