
===== escaneo preapertura 2026-09-14 08:45:50 ET =====
RESUMEN: universo=503 drawdown>=30%=173 con_senal=4
AOS | dd=35.0% | prob=0.438 < umbral -> SIN SEÑAL
ACN | dd=52.4% | prob=0.560 < umbral -> SIN SEÑAL
ADBE | dd=63.9% | prob=0.587 < umbral -> SIN SEÑAL
AES | dd=67.4% | prob=0.000 < umbral -> SIN SEÑAL
AKAM | dd=69.1% | prob=0.638 < umbral -> SIN SEÑAL
ALB | dd=63.0% | prob=0.651 < umbral -> SIN SEÑAL
ARE | dd=71.9% | prob=0.555 < umbral -> SIN SEÑAL
ALGN | dd=79.5% | prob=0.558 < umbral -> SIN SEÑAL
AIG | dd=93.8% | prob=0.257 < umbral -> SIN SEÑAL
AMT | dd=31.5% | prob=0.419 < umbral -> SIN SEÑAL
APH | dd=53.0% | prob=0.803 | ENTRAR | score_fund=78.8 | sent=0.63 | obj_analista=99.26471
APA | dd=57.9% | prob=0.505 < umbral -> SIN SEÑAL
APO | dd=30.4% | prob=0.555 < umbral -> SIN SEÑAL
AMAT | dd=38.3% | prob=0.638 < umbral -> SIN SEÑAL
APP | dd=56.6% | prob=0.651 < umbral -> SIN SEÑAL
APTV | dd=74.8% | prob=0.575 < umbral -> SIN SEÑAL
ARES | dd=30.9% | prob=0.558 < umbral -> SIN SEÑAL
AJG | dd=30.7% | prob=0.477 < umbral -> SIN SEÑAL
ADSK | dd=38.3% | prob=0.608 < umbral -> SIN SEÑAL
AZO | dd=34.4% | prob=0.419 < umbral -> SIN SEÑAL
AXON | dd=45.9% | prob=0.651 < umbral -> SIN SEÑAL
BALL | dd=37.4% | prob=0.313 < umbral -> SIN SEÑAL
BAX | dd=71.9% | prob=0.555 < umbral -> SIN SEÑAL
TECH | dd=45.8% | prob=0.000 < umbral -> SIN SEÑAL
BIIB | dd=54.8% | prob=0.459 < umbral -> SIN SEÑAL
BX | dd=32.7% | prob=0.555 < umbral -> SIN SEÑAL
XYZ | dd=72.6% | prob=0.555 < umbral -> SIN SEÑAL
BA | dd=51.7% | prob=0.419 < umbral -> SIN SEÑAL
BSX | dd=60.7% | prob=0.587 < umbral -> SIN SEÑAL
BR | dd=37.0% | prob=0.474 < umbral -> SIN SEÑAL
BRO | dd=46.8% | prob=0.474 < umbral -> SIN SEÑAL
BF.B | dd=64.6% | prob=0.505 < umbral -> SIN SEÑAL
BLDR | dd=71.9% | prob=0.651 < umbral -> SIN SEÑAL
BXP | dd=39.6% | prob=0.419 < umbral -> SIN SEÑAL
CDNS | dd=30.6% | prob=0.587 < umbral -> SIN SEÑAL
CPT | dd=32.7% | prob=0.313 < umbral -> SIN SEÑAL
CCL | dd=65.6% | prob=0.555 < umbral -> SIN SEÑAL
CASY | dd=33.7% | prob=0.683 < umbral -> SIN SEÑAL
CDW | dd=39.5% | prob=0.608 < umbral -> SIN SEÑAL
CNC | dd=32.6% | prob=0.555 < umbral -> SIN SEÑAL
CRL | dd=39.5% | prob=0.438 < umbral -> SIN SEÑAL
CHTR | dd=82.3% | prob=0.683 < umbral -> SIN SEÑAL
CMG | dd=47.7% | prob=0.477 < umbral -> SIN SEÑAL
CIEN | dd=66.9% | prob=0.723 < umbral -> SIN SEÑAL
C | dd=63.3% | prob=0.419 < umbral -> SIN SEÑAL
CLX | dd=55.9% | prob=0.532 < umbral -> SIN SEÑAL
CTSH | dd=32.0% | prob=0.555 < umbral -> SIN SEÑAL
COHR | dd=30.6% | prob=0.803 | ENTRAR | score_fund=53.3 | sent=0.28 | obj_analista=415.36197
COIN | dd=60.6% | prob=0.723 < umbral -> SIN SEÑAL
CMCSA | dd=48.8% | prob=0.438 < umbral -> SIN SEÑAL
STZ | dd=52.8% | prob=0.477 < umbral -> SIN SEÑAL
CEG | dd=30.7% | prob=0.555 < umbral -> SIN SEÑAL
COO | dd=53.5% | prob=0.638 < umbral -> SIN SEÑAL
CPRT | dd=53.5% | prob=0.587 < umbral -> SIN SEÑAL
GLW | dd=38.8% | prob=0.651 < umbral -> SIN SEÑAL
CSGP | dd=69.9% | prob=0.612 < umbral -> SIN SEÑAL
CRH | dd=32.2% | prob=0.532 < umbral -> SIN SEÑAL
CCI | dd=54.8% | prob=0.477 < umbral -> SIN SEÑAL
DHR | dd=30.7% | prob=0.438 < umbral -> SIN SEÑAL
DECK | dd=63.7% | prob=0.555 < umbral -> SIN SEÑAL
DVN | dd=36.7% | prob=0.319 < umbral -> SIN SEÑAL
DXCM | dd=49.6% | prob=0.532 < umbral -> SIN SEÑAL
DG | dd=48.8% | prob=0.532 < umbral -> SIN SEÑAL
DLTR | dd=33.3% | prob=0.560 < umbral -> SIN SEÑAL
DPZ | dd=41.3% | prob=0.555 < umbral -> SIN SEÑAL
DOW | dd=48.8% | prob=0.558 < umbral -> SIN SEÑAL
ECHO | dd=36.7% | prob=0.566 < umbral -> SIN SEÑAL
EIX | dd=31.4% | prob=0.651 < umbral -> SIN SEÑAL
EW | dd=36.0% | prob=0.438 < umbral -> SIN SEÑAL
EFX | dd=44.6% | prob=0.587 < umbral -> SIN SEÑAL
ERIE | dd=53.6% | prob=0.555 < umbral -> SIN SEÑAL
EL | dd=72.1% | prob=0.532 < umbral -> SIN SEÑAL
FDS | dd=46.8% | prob=0.638 < umbral -> SIN SEÑAL
FICO | dd=59.0% | prob=0.723 < umbral -> SIN SEÑAL
FIS | dd=72.2% | prob=0.558 < umbral -> SIN SEÑAL
FSLR | dd=34.9% | prob=0.638 < umbral -> SIN SEÑAL
FISV | dd=78.4% | prob=0.566 < umbral -> SIN SEÑAL
FLEX | dd=30.6% | prob=0.651 < umbral -> SIN SEÑAL
IT | dd=69.2% | prob=0.638 < umbral -> SIN SEÑAL
GEHC | dd=32.4% | prob=0.438 < umbral -> SIN SEÑAL
GNRC | dd=64.3% | prob=0.612 < umbral -> SIN SEÑAL
GIS | dd=54.4% | prob=0.532 < umbral -> SIN SEÑAL
GPN | dd=58.0% | prob=0.438 < umbral -> SIN SEÑAL
GDDY | dd=54.6% | prob=0.587 < umbral -> SIN SEÑAL
HAL | dd=39.5% | prob=0.532 < umbral -> SIN SEÑAL
HSY | dd=31.5% | prob=0.412 < umbral -> SIN SEÑAL
HRL | dd=56.4% | prob=0.419 < umbral -> SIN SEÑAL
HII | dd=38.9% | prob=0.505 < umbral -> SIN SEÑAL
IDXX | dd=34.5% | prob=0.505 < umbral -> SIN SEÑAL
IR | dd=31.1% | prob=0.477 < umbral -> SIN SEÑAL
PODD | dd=62.8% | prob=0.608 < umbral -> SIN SEÑAL
IFF | dd=39.1% | prob=0.412 < umbral -> SIN SEÑAL
IP | dd=39.3% | prob=0.555 < umbral -> SIN SEÑAL
INTU | dd=60.0% | prob=0.608 < umbral -> SIN SEÑAL
ISRG | dd=40.1% | prob=0.555 < umbral -> SIN SEÑAL
KMB | dd=30.9% | prob=0.419 < umbral -> SIN SEÑAL
KKR | dd=40.1% | prob=0.555 < umbral -> SIN SEÑAL
KLAC | dd=41.2% | prob=0.651 < umbral -> SIN SEÑAL
KHC | dd=60.7% | prob=0.419 < umbral -> SIN SEÑAL
LHX | dd=34.8% | prob=0.477 < umbral -> SIN SEÑAL
LRCX | dd=32.0% | prob=0.667 < umbral -> SIN SEÑAL
LVS | dd=54.3% | prob=0.438 < umbral -> SIN SEÑAL
LDOS | dd=36.9% | prob=0.477 < umbral -> SIN SEÑAL
LEN | dd=56.0% | prob=0.555 < umbral -> SIN SEÑAL
LII | dd=46.3% | prob=0.555 < umbral -> SIN SEÑAL
LOW | dd=32.5% | prob=0.419 < umbral -> SIN SEÑAL
LULU | dd=80.8% | prob=0.683 < umbral -> SIN SEÑAL
LYB | dd=30.2% | prob=0.555 < umbral -> SIN SEÑAL
MKC | dd=46.9% | prob=0.412 < umbral -> SIN SEÑAL
MGM | dd=58.0% | prob=0.419 < umbral -> SIN SEÑAL
MAA | dd=35.3% | prob=0.313 < umbral -> SIN SEÑAL
MRNA | dd=71.1% | prob=0.723 < umbral -> SIN SEÑAL
TAP | dd=55.2% | prob=0.477 < umbral -> SIN SEÑAL
MNST | dd=56.7% | prob=0.723 < umbral -> SIN SEÑAL
MOS | dd=78.6% | prob=0.587 < umbral -> SIN SEÑAL
NFLX | dd=42.3% | prob=0.505 < umbral -> SIN SEÑAL
NKE | dd=77.7% | prob=0.477 < umbral -> SIN SEÑAL
NOC | dd=32.7% | prob=0.412 < umbral -> SIN SEÑAL
NCLH | dd=76.9% | prob=0.587 < umbral -> SIN SEÑAL
NRG | dd=40.1% | prob=0.587 < umbral -> SIN SEÑAL
NVR | dd=38.2% | prob=0.419 < umbral -> SIN SEÑAL
NXPI | dd=30.2% | prob=0.555 < umbral -> SIN SEÑAL
ON | dd=43.6% | prob=0.651 < umbral -> SIN SEÑAL
ORCL | dd=56.0% | prob=0.723 < umbral -> SIN SEÑAL
OTIS | dd=33.7% | prob=0.315 < umbral -> SIN SEÑAL
PSKY | dd=88.2% | prob=0.587 < umbral -> SIN SEÑAL
PYPL | dd=82.5% | prob=0.532 < umbral -> SIN SEÑAL
PNR | dd=50.0% | prob=0.555 < umbral -> SIN SEÑAL
PFE | dd=42.0% | prob=0.381 < umbral -> SIN SEÑAL
PCG | dd=80.2% | prob=0.651 < umbral -> SIN SEÑAL
PPG | dd=36.0% | prob=0.474 < umbral -> SIN SEÑAL
PTC | dd=40.5% | prob=0.566 < umbral -> SIN SEÑAL
RDDT | dd=44.2% | prob=0.651 < umbral -> SIN SEÑAL
REGN | dd=34.9% | prob=0.412 < umbral -> SIN SEÑAL
RVTY | dd=38.1% | prob=0.477 < umbral -> SIN SEÑAL
ROL | dd=47.2% | prob=0.438 < umbral -> SIN SEÑAL
ROP | dd=34.0% | prob=0.419 < umbral -> SIN SEÑAL
CRM | dd=32.0% | prob=0.566 < umbral -> SIN SEÑAL
SNDK | dd=30.6% | prob=0.858 | ENTRAR | score_fund=87.8 | sent=0.265 | obj_analista=2125.087
SBAC | dd=48.9% | prob=0.505 < umbral -> SIN SEÑAL
SLB | dd=34.5% | prob=0.555 < umbral -> SIN SEÑAL
NOW | dd=44.7% | prob=0.638 < umbral -> SIN SEÑAL
SWKS | dd=49.8% | prob=0.612 < umbral -> SIN SEÑAL
LUV | dd=34.7% | prob=0.532 < umbral -> SIN SEÑAL
SWK | dd=52.4% | prob=0.532 < umbral -> SIN SEÑAL
SYK | dd=31.2% | prob=0.555 < umbral -> SIN SEÑAL
SMCI | dd=67.4% | prob=0.718 < umbral -> SIN SEÑAL
SNPS | dd=39.0% | prob=0.587 < umbral -> SIN SEÑAL
TMUS | dd=32.6% | prob=0.459 < umbral -> SIN SEÑAL
TROW | dd=41.1% | prob=0.386 < umbral -> SIN SEÑAL
TGT | dd=32.8% | prob=0.438 < umbral -> SIN SEÑAL
TPL | dd=36.8% | prob=0.555 < umbral -> SIN SEÑAL
TTD | dd=89.9% | prob=0.651 < umbral -> SIN SEÑAL
TSCO | dd=47.3% | prob=0.532 < umbral -> SIN SEÑAL
TRMB | dd=40.2% | prob=0.477 < umbral -> SIN SEÑAL
TYL | dd=49.1% | prob=0.587 < umbral -> SIN SEÑAL
TSN | dd=39.2% | prob=0.419 < umbral -> SIN SEÑAL
UDR | dd=30.7% | prob=0.257 < umbral -> SIN SEÑAL
UPS | dd=46.8% | prob=0.315 < umbral -> SIN SEÑAL
UNH | dd=37.3% | prob=0.500 < umbral -> SIN SEÑAL
VRSK | dd=44.9% | prob=0.555 < umbral -> SIN SEÑAL
VRT | dd=32.3% | prob=0.723 < umbral -> SIN SEÑAL
VTRS | dd=73.2% | prob=0.419 < umbral -> SIN SEÑAL
VST | dd=32.2% | prob=0.555 < umbral -> SIN SEÑAL
DIS | dd=45.9% | prob=0.315 < umbral -> SIN SEÑAL
WBD | dd=64.1% | prob=0.257 < umbral -> SIN SEÑAL
WDC | dd=44.1% | prob=0.803 | ENTRAR | score_fund=88.3 | sent=0.361 | obj_analista=664.9167
WY | dd=40.4% | prob=0.412 < umbral -> SIN SEÑAL
WDAY | dd=40.3% | prob=0.612 < umbral -> SIN SEÑAL
WYNN | dd=57.7% | prob=0.505 < umbral -> SIN SEÑAL
ZBRA | dd=43.0% | prob=0.505 < umbral -> SIN SEÑAL
ZBH | dd=44.2% | prob=0.477 < umbral -> SIN SEÑAL
ZTS | dd=69.1% | prob=0.532 < umbral -> SIN SEÑAL
APH | dd=53.0% | prob=0.802 | ENTRADA DESCARTADA: ya hay posición abierta en Cartera A y Cartera B.
COHR | dd=30.6% | prob=0.802 | ENTRADA DESCARTADA: ya hay posición abierta en Cartera A y Cartera B.
DECIDIDAS PARA ENTRAR HOY (2): ['SNDK', 'WDC']
