
===== escaneo preapertura 2026-08-24 08:45:51 ET =====
RESUMEN: universo=503 drawdown>=30%=147 con_senal=11
ACN | dd=52.1% | prob=0.591 < umbral -> SIN SEÑAL
ADBE | dd=60.6% | prob=0.569 < umbral -> SIN SEÑAL
AES | dd=67.4% | prob=0.000 < umbral -> SIN SEÑAL
AKAM | dd=68.0% | prob=0.723 < umbral -> SIN SEÑAL
ALB | dd=54.9% | prob=0.613 < umbral -> SIN SEÑAL
ARE | dd=70.6% | prob=0.551 < umbral -> SIN SEÑAL
ALGN | dd=78.0% | prob=0.591 < umbral -> SIN SEÑAL
AIG | dd=93.7% | prob=0.292 < umbral -> SIN SEÑAL
AMT | dd=32.3% | prob=0.413 < umbral -> SIN SEÑAL
APA | dd=59.2% | prob=0.551 < umbral -> SIN SEÑAL
AMAT | dd=33.4% | prob=0.723 < umbral -> SIN SEÑAL
APP | dd=59.0% | prob=0.723 < umbral -> SIN SEÑAL
APTV | dd=73.3% | prob=0.591 < umbral -> SIN SEÑAL
AZO | dd=32.6% | prob=0.474 < umbral -> SIN SEÑAL
BALL | dd=33.6% | prob=0.292 < umbral -> SIN SEÑAL
BAX | dd=68.9% | prob=0.517 < umbral -> SIN SEÑAL
TECH | dd=45.6% | prob=0.000 < umbral -> SIN SEÑAL
BIIB | dd=54.9% | prob=0.474 < umbral -> SIN SEÑAL
XYZ | dd=71.6% | prob=0.517 < umbral -> SIN SEÑAL
BA | dd=50.8% | prob=0.474 < umbral -> SIN SEÑAL
BSX | dd=54.0% | prob=0.551 < umbral -> SIN SEÑAL
BR | dd=31.6% | prob=0.474 < umbral -> SIN SEÑAL
BRO | dd=41.4% | prob=0.411 < umbral -> SIN SEÑAL
BF.B | dd=61.6% | prob=0.413 < umbral -> SIN SEÑAL
BLDR | dd=67.3% | prob=0.629 < umbral -> SIN SEÑAL
BXP | dd=36.8% | prob=0.410 < umbral -> SIN SEÑAL
CHRW | dd=32.7% | prob=0.591 < umbral -> SIN SEÑAL
CCL | dd=61.1% | prob=0.551 < umbral -> SIN SEÑAL
CDW | dd=46.0% | prob=0.591 < umbral -> SIN SEÑAL
CNC | dd=34.0% | prob=0.551 < umbral -> SIN SEÑAL
CRL | dd=35.9% | prob=0.467 < umbral -> SIN SEÑAL
CHTR | dd=81.8% | prob=0.629 < umbral -> SIN SEÑAL
CMG | dd=46.7% | prob=0.546 < umbral -> SIN SEÑAL
CIEN | dd=62.6% | prob=0.863 | ENTRAR | score_fund=60.0 | sent=0.331 | obj_analista=557.28564
C | dd=65.2% | prob=0.413 < umbral -> SIN SEÑAL
CLX | dd=46.4% | prob=0.413 < umbral -> SIN SEÑAL
COHR | dd=34.2% | prob=0.935 | ENTRAR | score_fund=53.3 | sent=0.322 | obj_analista=416.09348
COIN | dd=58.1% | prob=0.649 < umbral -> SIN SEÑAL
CMCSA | dd=45.4% | prob=0.413 < umbral -> SIN SEÑAL
STZ | dd=47.7% | prob=0.441 < umbral -> SIN SEÑAL
CEG | dd=33.6% | prob=0.569 < umbral -> SIN SEÑAL
COO | dd=34.2% | prob=0.261 < umbral -> SIN SEÑAL
CPRT | dd=47.5% | prob=0.551 < umbral -> SIN SEÑAL
GLW | dd=44.9% | prob=0.859 | ENTRAR | score_fund=59.0 | sent=0.277 | obj_analista=191.4
CSGP | dd=68.1% | prob=0.629 < umbral -> SIN SEÑAL
CCI | dd=54.9% | prob=0.517 < umbral -> SIN SEÑAL
DECK | dd=59.1% | prob=0.551 < umbral -> SIN SEÑAL
DVN | dd=38.2% | prob=0.413 < umbral -> SIN SEÑAL
DXCM | dd=44.0% | prob=0.441 < umbral -> SIN SEÑAL
DG | dd=49.2% | prob=0.413 < umbral -> SIN SEÑAL
DPZ | dd=35.6% | prob=0.512 < umbral -> SIN SEÑAL
DOW | dd=42.9% | prob=0.551 < umbral -> SIN SEÑAL
ECHO | dd=41.0% | prob=0.629 < umbral -> SIN SEÑAL
EW | dd=31.8% | prob=0.402 < umbral -> SIN SEÑAL
EFX | dd=36.8% | prob=0.546 < umbral -> SIN SEÑAL
ERIE | dd=49.9% | prob=0.546 < umbral -> SIN SEÑAL
EL | dd=70.7% | prob=0.545 < umbral -> SIN SEÑAL
FDS | dd=38.6% | prob=0.551 < umbral -> SIN SEÑAL
FICO | dd=51.2% | prob=0.629 < umbral -> SIN SEÑAL
FIS | dd=69.9% | prob=0.569 < umbral -> SIN SEÑAL
FSLR | dd=33.2% | prob=0.689 < umbral -> SIN SEÑAL
FISV | dd=78.0% | prob=0.591 < umbral -> SIN SEÑAL
FLEX | dd=33.8% | prob=0.805 | ENTRAR | score_fund=54.4 | sent=0.574 | obj_analista=160.5
IT | dd=66.5% | prob=0.629 < umbral -> SIN SEÑAL
GNRC | dd=60.7% | prob=0.649 < umbral -> SIN SEÑAL
GIS | dd=49.1% | prob=0.413 < umbral -> SIN SEÑAL
GPN | dd=55.5% | prob=0.519 < umbral -> SIN SEÑAL
GDDY | dd=55.1% | prob=0.629 < umbral -> SIN SEÑAL
HAL | dd=40.4% | prob=0.512 < umbral -> SIN SEÑAL
HRL | dd=49.4% | prob=0.292 < umbral -> SIN SEÑAL
HUM | dd=30.9% | prob=0.551 < umbral -> SIN SEÑAL
HII | dd=34.9% | prob=0.546 < umbral -> SIN SEÑAL
PODD | dd=58.3% | prob=0.613 < umbral -> SIN SEÑAL
INTC | dd=36.7% | prob=0.849 | ENTRAR (EXCEPCIONAL: entra pese a deterioro) | score_fund=35.3 | sent=0.439 | obj_analista=114.87805
IFF | dd=38.6% | prob=0.441 < umbral -> SIN SEÑAL
INTU | dd=54.4% | prob=0.569 < umbral -> SIN SEÑAL
ISRG | dd=38.5% | prob=0.545 < umbral -> SIN SEÑAL
KKR | dd=35.7% | prob=0.569 < umbral -> SIN SEÑAL
KLAC | dd=40.1% | prob=0.723 < umbral -> SIN SEÑAL
KHC | dd=59.2% | prob=0.413 < umbral -> SIN SEÑAL
LVS | dd=49.8% | prob=0.413 < umbral -> SIN SEÑAL
LDOS | dd=30.7% | prob=0.545 < umbral -> SIN SEÑAL
LEN | dd=51.9% | prob=0.535 < umbral -> SIN SEÑAL
LII | dd=41.0% | prob=0.590 < umbral -> SIN SEÑAL
LULU | dd=76.6% | prob=0.551 < umbral -> SIN SEÑAL
MKC | dd=42.6% | prob=0.413 < umbral -> SIN SEÑAL
META | dd=30.7% | prob=0.569 < umbral -> SIN SEÑAL
MGM | dd=53.9% | prob=0.300 < umbral -> SIN SEÑAL
MAA | dd=32.0% | prob=0.261 < umbral -> SIN SEÑAL
MRNA | dd=70.8% | prob=0.795 | ENTRAR (EXCEPCIONAL: entra pese a deterioro) | score_fund=16.3 | sent=0.277 | obj_analista=91.38889
TAP | dd=50.6% | prob=0.476 < umbral -> SIN SEÑAL
MNST | dd=52.4% | prob=0.935 | ENTRAR | score_fund=80.7 | sent=0.61 | obj_analista=50.17391
MOS | dd=79.2% | prob=0.569 < umbral -> SIN SEÑAL
NFLX | dd=40.7% | prob=0.517 < umbral -> SIN SEÑAL
NKE | dd=75.3% | prob=0.476 < umbral -> SIN SEÑAL
NCLH | dd=73.2% | prob=0.613 < umbral -> SIN SEÑAL
NRG | dd=40.3% | prob=0.708 < umbral -> SIN SEÑAL
NVR | dd=36.2% | prob=0.413 < umbral -> SIN SEÑAL
NXPI | dd=33.4% | prob=0.613 < umbral -> SIN SEÑAL
ON | dd=45.0% | prob=0.723 < umbral -> SIN SEÑAL
ORCL | dd=57.2% | prob=0.629 < umbral -> SIN SEÑAL
OTIS | dd=31.4% | prob=0.354 < umbral -> SIN SEÑAL
PSKY | dd=88.5% | prob=0.590 < umbral -> SIN SEÑAL
PYPL | dd=80.0% | prob=0.410 < umbral -> SIN SEÑAL
PNR | dd=43.0% | prob=0.535 < umbral -> SIN SEÑAL
PFE | dd=41.3% | prob=0.300 < umbral -> SIN SEÑAL
PCG | dd=74.8% | prob=0.474 < umbral -> SIN SEÑAL
PPG | dd=31.1% | prob=0.413 < umbral -> SIN SEÑAL
QCOM | dd=37.9% | prob=0.629 < umbral -> SIN SEÑAL
RDDT | dd=45.8% | prob=0.805 | ENTRAR | score_fund=86.9 | sent=0.332 | obj_analista=214.84375
REGN | dd=30.6% | prob=0.300 < umbral -> SIN SEÑAL
RVTY | dd=37.9% | prob=0.467 < umbral -> SIN SEÑAL
ROL | dd=43.8% | prob=0.474 < umbral -> SIN SEÑAL
ROP | dd=30.0% | prob=0.411 < umbral -> SIN SEÑAL
CRM | dd=42.6% | prob=0.551 < umbral -> SIN SEÑAL
SNDK | dd=32.2% | prob=0.933 | ENTRAR | score_fund=88.0 | sent=0.22 | obj_analista=2126.1738
SBAC | dd=49.7% | prob=0.476 < umbral -> SIN SEÑAL
SLB | dd=37.0% | prob=0.517 < umbral -> SIN SEÑAL
NOW | dd=46.4% | prob=0.613 < umbral -> SIN SEÑAL
SWKS | dd=61.9% | prob=0.613 < umbral -> SIN SEÑAL
LUV | dd=32.8% | prob=0.546 < umbral -> SIN SEÑAL
SWK | dd=46.6% | prob=0.413 < umbral -> SIN SEÑAL
SMCI | dd=69.7% | prob=0.857 | ENTRAR | score_fund=70.9 | sent=0.518 | obj_analista=42.375
SNPS | dd=39.0% | prob=0.546 < umbral -> SIN SEÑAL
TMUS | dd=32.3% | prob=0.476 < umbral -> SIN SEÑAL
TROW | dd=38.2% | prob=0.300 < umbral -> SIN SEÑAL
TPL | dd=34.3% | prob=0.629 < umbral -> SIN SEÑAL
TTD | dd=90.7% | prob=0.780 < umbral -> SIN SEÑAL
TSCO | dd=44.2% | prob=0.517 < umbral -> SIN SEÑAL
TRMB | dd=37.6% | prob=0.545 < umbral -> SIN SEÑAL
TYL | dd=47.0% | prob=0.551 < umbral -> SIN SEÑAL
TSN | dd=32.9% | prob=0.413 < umbral -> SIN SEÑAL
UPS | dd=45.8% | prob=0.410 < umbral -> SIN SEÑAL
UNH | dd=35.5% | prob=0.413 < umbral -> SIN SEÑAL
VRSK | dd=41.3% | prob=0.546 < umbral -> SIN SEÑAL
VRT | dd=31.0% | prob=0.723 < umbral -> SIN SEÑAL
VTRS | dd=73.6% | prob=0.467 < umbral -> SIN SEÑAL
VST | dd=37.8% | prob=0.619 < umbral -> SIN SEÑAL
DIS | dd=45.2% | prob=0.300 < umbral -> SIN SEÑAL
WBD | dd=63.5% | prob=0.261 < umbral -> SIN SEÑAL
WDC | dd=42.6% | prob=0.888 | ENTRAR | score_fund=88.2 | sent=0.28 | obj_analista=664.9167
WY | dd=34.0% | prob=0.413 < umbral -> SIN SEÑAL
WDAY | dd=35.7% | prob=0.629 < umbral -> SIN SEÑAL
WYNN | dd=51.6% | prob=0.441 < umbral -> SIN SEÑAL
ZBRA | dd=40.1% | prob=0.545 < umbral -> SIN SEÑAL
ZBH | dd=39.7% | prob=0.413 < umbral -> SIN SEÑAL
ZTS | dd=67.1% | prob=0.551 < umbral -> SIN SEÑAL
COHR | dd=34.2% | prob=0.935 | ENTRADA DESCARTADA: ya hay posición abierta en Cartera A y Cartera B.
MNST | dd=52.4% | prob=0.935 | ENTRADA DESCARTADA: ya hay posición abierta en Cartera A y Cartera B.
SNDK | dd=32.2% | prob=0.933 | ENTRADA DESCARTADA: ya hay posición abierta en Cartera A y Cartera B.
WDC | dd=42.6% | prob=0.888 | ENTRADA DESCARTADA: ya hay posición abierta en Cartera A y Cartera B.
CIEN | dd=62.6% | prob=0.863 | ENTRADA SOLO EN CARTERA A: ya hay posición abierta en Cartera B.
GLW | dd=44.9% | prob=0.859 | ENTRADA DESCARTADA: ya hay posición abierta en Cartera A y Cartera B.
SMCI | dd=69.7% | prob=0.857 | ENTRADA DESCARTADA: ya hay posición abierta en Cartera A y Cartera B.
INTC | dd=36.7% | prob=0.849 | ENTRADA DESCARTADA: ya hay posición abierta en Cartera A y Cartera B.
FLEX | dd=33.8% | prob=0.805 | ENTRADA DESCARTADA: ya hay posición abierta en Cartera A y Cartera B.
MRNA | dd=70.8% | prob=0.795 | ENTRADA DESCARTADA: ya hay posición abierta en Cartera A y Cartera B.
DECIDIDAS PARA ENTRAR HOY (2): ['CIEN', 'RDDT']

===== escaneo postcierre 2026-08-24 18:00:58 ET =====
POST-CIERRE 2026-08-24
entradas ejecutadas: ['CIEN', 'RDDT']
cambios de objetivo: 13
cierres: [('MNST', 'A', 'tiempo', 0.055), ('TTD', 'A', 'tiempo', 0.0034), ('GLW', 'A', 'tiempo', -0.0889), ('INTC', 'A', 'stop', -0.1248), ('COHR', 'A', 'stop', -0.12), ('WDC', 'A', 'stop', -0.12), ('MNST', 'B', 'tiempo', 0.055), ('TTD', 'B', 'tiempo', 0.0034), ('GLW', 'B', 'tiempo', -0.0889)]
