
===== escaneo preapertura 2026-09-18 08:45:54 ET =====
RESUMEN: universo=503 drawdown>=30%=181 con_senal=6
AOS | dd=35.6% | prob=0.412 < umbral -> SIN SEÑAL
ACN | dd=50.8% | prob=0.419 < umbral -> SIN SEÑAL
ADBE | dd=63.9% | prob=0.532 < umbral -> SIN SEÑAL
AES | dd=67.3% | prob=0.000 < umbral -> SIN SEÑAL
AKAM | dd=69.0% | prob=0.612 < umbral -> SIN SEÑAL
ALB | dd=63.8% | prob=0.651 < umbral -> SIN SEÑAL
ARE | dd=69.1% | prob=0.505 < umbral -> SIN SEÑAL
ALGN | dd=79.7% | prob=0.532 < umbral -> SIN SEÑAL
AIG | dd=93.7% | prob=0.257 < umbral -> SIN SEÑAL
AMT | dd=32.4% | prob=0.412 < umbral -> SIN SEÑAL
APH | dd=56.1% | prob=0.774 < umbral -> SIN SEÑAL
APA | dd=57.2% | prob=0.555 < umbral -> SIN SEÑAL
APO | dd=32.0% | prob=0.532 < umbral -> SIN SEÑAL
AMAT | dd=43.6% | prob=0.683 < umbral -> SIN SEÑAL
APP | dd=56.9% | prob=0.651 < umbral -> SIN SEÑAL
APTV | dd=75.9% | prob=0.566 < umbral -> SIN SEÑAL
ARES | dd=34.2% | prob=0.555 < umbral -> SIN SEÑAL
AJG | dd=30.4% | prob=0.419 < umbral -> SIN SEÑAL
ADSK | dd=36.5% | prob=0.555 < umbral -> SIN SEÑAL
AZO | dd=35.2% | prob=0.419 < umbral -> SIN SEÑAL
AXON | dd=48.8% | prob=0.723 < umbral -> SIN SEÑAL
BALL | dd=36.6% | prob=0.257 < umbral -> SIN SEÑAL
BAX | dd=72.8% | prob=0.532 < umbral -> SIN SEÑAL
TECH | dd=45.6% | prob=0.000 < umbral -> SIN SEÑAL
BIIB | dd=54.4% | prob=0.419 < umbral -> SIN SEÑAL
BX | dd=34.3% | prob=0.477 < umbral -> SIN SEÑAL
XYZ | dd=73.6% | prob=0.532 < umbral -> SIN SEÑAL
BA | dd=54.8% | prob=0.474 < umbral -> SIN SEÑAL
BSX | dd=60.2% | prob=0.555 < umbral -> SIN SEÑAL
BR | dd=38.3% | prob=0.419 < umbral -> SIN SEÑAL
BRO | dd=47.7% | prob=0.419 < umbral -> SIN SEÑAL
BF.B | dd=64.2% | prob=0.477 < umbral -> SIN SEÑAL
BLDR | dd=73.1% | prob=0.651 < umbral -> SIN SEÑAL
BXP | dd=40.3% | prob=0.381 < umbral -> SIN SEÑAL
CDNS | dd=32.6% | prob=0.558 < umbral -> SIN SEÑAL
CPT | dd=34.1% | prob=0.257 < umbral -> SIN SEÑAL
CCL | dd=66.5% | prob=0.555 < umbral -> SIN SEÑAL
CARR | dd=32.9% | prob=0.555 < umbral -> SIN SEÑAL
CVNA | dd=32.4% | prob=0.638 < umbral -> SIN SEÑAL
CASY | dd=34.5% | prob=0.612 < umbral -> SIN SEÑAL
CDW | dd=41.3% | prob=0.558 < umbral -> SIN SEÑAL
CNC | dd=31.9% | prob=0.555 < umbral -> SIN SEÑAL
CRL | dd=38.8% | prob=0.419 < umbral -> SIN SEÑAL
CHTR | dd=83.8% | prob=0.651 < umbral -> SIN SEÑAL
CMG | dd=51.6% | prob=0.555 < umbral -> SIN SEÑAL
CIEN | dd=67.4% | prob=0.858 | ENTRAR | score_fund=63.6 | sent=0.653 | obj_analista=502.35864
C | dd=65.0% | prob=0.505 < umbral -> SIN SEÑAL
CLX | dd=57.3% | prob=0.477 < umbral -> SIN SEÑAL
COHR | dd=32.7% | prob=0.858 | ENTRAR | score_fund=53.3 | sent=0.447 | obj_analista=415.36197
COIN | dd=60.9% | prob=0.723 < umbral -> SIN SEÑAL
CMCSA | dd=53.4% | prob=0.477 < umbral -> SIN SEÑAL
STZ | dd=52.8% | prob=0.419 < umbral -> SIN SEÑAL
CEG | dd=36.1% | prob=0.566 < umbral -> SIN SEÑAL
COO | dd=53.6% | prob=0.558 < umbral -> SIN SEÑAL
CPRT | dd=53.9% | prob=0.566 < umbral -> SIN SEÑAL
GLW | dd=45.6% | prob=0.798 | ENTRAR | score_fund=59.0 | sent=0.553 | obj_analista=192.4375
CSGP | dd=71.0% | prob=0.608 < umbral -> SIN SEÑAL
CRH | dd=33.6% | prob=0.532 < umbral -> SIN SEÑAL
CCI | dd=56.0% | prob=0.438 < umbral -> SIN SEÑAL
DECK | dd=64.4% | prob=0.532 < umbral -> SIN SEÑAL
DVN | dd=38.6% | prob=0.474 < umbral -> SIN SEÑAL
DXCM | dd=46.7% | prob=0.412 < umbral -> SIN SEÑAL
DG | dd=48.6% | prob=0.477 < umbral -> SIN SEÑAL
DLTR | dd=35.4% | prob=0.555 < umbral -> SIN SEÑAL
DPZ | dd=44.0% | prob=0.532 < umbral -> SIN SEÑAL
DASH | dd=31.9% | prob=0.555 < umbral -> SIN SEÑAL
DOW | dd=47.9% | prob=0.555 < umbral -> SIN SEÑAL
ECHO | dd=36.1% | prob=0.555 < umbral -> SIN SEÑAL
EIX | dd=32.0% | prob=0.638 < umbral -> SIN SEÑAL
EW | dd=33.0% | prob=0.419 < umbral -> SIN SEÑAL
EFX | dd=47.1% | prob=0.555 < umbral -> SIN SEÑAL
ERIE | dd=53.8% | prob=0.477 < umbral -> SIN SEÑAL
EL | dd=73.0% | prob=0.532 < umbral -> SIN SEÑAL
FDS | dd=42.9% | prob=0.555 < umbral -> SIN SEÑAL
FICO | dd=59.8% | prob=0.638 < umbral -> SIN SEÑAL
FIS | dd=73.5% | prob=0.555 < umbral -> SIN SEÑAL
FSLR | dd=37.3% | prob=0.651 < umbral -> SIN SEÑAL
FISV | dd=79.3% | prob=0.555 < umbral -> SIN SEÑAL
FLEX | dd=34.7% | prob=0.723 < umbral -> SIN SEÑAL
IT | dd=67.8% | prob=0.558 < umbral -> SIN SEÑAL
GEHC | dd=31.8% | prob=0.412 < umbral -> SIN SEÑAL
GNRC | dd=60.5% | prob=0.723 < umbral -> SIN SEÑAL
GIS | dd=53.3% | prob=0.419 < umbral -> SIN SEÑAL
GPN | dd=59.4% | prob=0.419 < umbral -> SIN SEÑAL
GDDY | dd=54.6% | prob=0.558 < umbral -> SIN SEÑAL
HAL | dd=42.6% | prob=0.546 < umbral -> SIN SEÑAL
HSY | dd=33.4% | prob=0.412 < umbral -> SIN SEÑAL
HRL | dd=56.0% | prob=0.412 < umbral -> SIN SEÑAL
HII | dd=39.5% | prob=0.438 < umbral -> SIN SEÑAL
IDXX | dd=34.2% | prob=0.438 < umbral -> SIN SEÑAL
IR | dd=31.4% | prob=0.459 < umbral -> SIN SEÑAL
PODD | dd=60.1% | prob=0.555 < umbral -> SIN SEÑAL
IFF | dd=38.2% | prob=0.313 < umbral -> SIN SEÑAL
IP | dd=37.2% | prob=0.546 < umbral -> SIN SEÑAL
INTU | dd=61.1% | prob=0.566 < umbral -> SIN SEÑAL
ISRG | dd=37.7% | prob=0.505 < umbral -> SIN SEÑAL
INVH | dd=30.6% | prob=0.257 < umbral -> SIN SEÑAL
JBL | dd=31.0% | prob=0.612 < umbral -> SIN SEÑAL
KMB | dd=30.9% | prob=0.412 < umbral -> SIN SEÑAL
KKR | dd=41.8% | prob=0.532 < umbral -> SIN SEÑAL
KLAC | dd=45.0% | prob=0.683 < umbral -> SIN SEÑAL
KHC | dd=60.5% | prob=0.412 < umbral -> SIN SEÑAL
LHX | dd=33.5% | prob=0.412 < umbral -> SIN SEÑAL
LRCX | dd=38.6% | prob=0.723 < umbral -> SIN SEÑAL
LVS | dd=56.6% | prob=0.438 < umbral -> SIN SEÑAL
LDOS | dd=35.8% | prob=0.438 < umbral -> SIN SEÑAL
LEN | dd=56.0% | prob=0.532 < umbral -> SIN SEÑAL
LII | dd=47.4% | prob=0.558 < umbral -> SIN SEÑAL
LOW | dd=33.4% | prob=0.419 < umbral -> SIN SEÑAL
LULU | dd=80.8% | prob=0.608 < umbral -> SIN SEÑAL
MLM | dd=30.3% | prob=0.474 < umbral -> SIN SEÑAL
MKC | dd=48.6% | prob=0.419 < umbral -> SIN SEÑAL
MGM | dd=59.6% | prob=0.419 < umbral -> SIN SEÑAL
MCHP | dd=32.8% | prob=0.587 < umbral -> SIN SEÑAL
MAA | dd=37.2% | prob=0.313 < umbral -> SIN SEÑAL
MRNA | dd=68.2% | prob=0.803 | ENTRAR (EXCEPCIONAL: entra pese a deterioro) | score_fund=16.3 | sent=0.037 | obj_analista=119.55556
TAP | dd=55.0% | prob=0.419 < umbral -> SIN SEÑAL
MPWR | dd=31.7% | prob=0.608 < umbral -> SIN SEÑAL
MNST | dd=55.6% | prob=0.638 < umbral -> SIN SEÑAL
MOS | dd=78.4% | prob=0.558 < umbral -> SIN SEÑAL
NFLX | dd=43.8% | prob=0.438 < umbral -> SIN SEÑAL
NKE | dd=78.0% | prob=0.438 < umbral -> SIN SEÑAL
NOC | dd=32.0% | prob=0.412 < umbral -> SIN SEÑAL
NCLH | dd=77.6% | prob=0.587 < umbral -> SIN SEÑAL
NRG | dd=43.9% | prob=0.612 < umbral -> SIN SEÑAL
NVR | dd=37.4% | prob=0.412 < umbral -> SIN SEÑAL
NXPI | dd=32.7% | prob=0.566 < umbral -> SIN SEÑAL
ODFL | dd=30.5% | prob=0.555 < umbral -> SIN SEÑAL
ON | dd=49.4% | prob=0.723 < umbral -> SIN SEÑAL
ORCL | dd=55.9% | prob=0.683 < umbral -> SIN SEÑAL
OTIS | dd=34.1% | prob=0.315 < umbral -> SIN SEÑAL
PSKY | dd=88.2% | prob=0.587 < umbral -> SIN SEÑAL
PYPL | dd=82.8% | prob=0.419 < umbral -> SIN SEÑAL
PNR | dd=50.7% | prob=0.532 < umbral -> SIN SEÑAL
PFE | dd=42.2% | prob=0.313 < umbral -> SIN SEÑAL
PCG | dd=80.8% | prob=0.651 < umbral -> SIN SEÑAL
PPG | dd=36.1% | prob=0.419 < umbral -> SIN SEÑAL
PTC | dd=38.8% | prob=0.505 < umbral -> SIN SEÑAL
Q | dd=33.9% | prob=0.651 < umbral -> SIN SEÑAL
RDDT | dd=46.0% | prob=0.651 < umbral -> SIN SEÑAL
REGN | dd=34.3% | prob=0.315 < umbral -> SIN SEÑAL
ROL | dd=49.8% | prob=0.477 < umbral -> SIN SEÑAL
ROP | dd=36.3% | prob=0.412 < umbral -> SIN SEÑAL
RCL | dd=30.7% | prob=0.532 < umbral -> SIN SEÑAL
CRM | dd=33.3% | prob=0.505 < umbral -> SIN SEÑAL
SNDK | dd=31.4% | prob=0.858 | ENTRAR | score_fund=87.9 | sent=0.198 | obj_analista=2125.087
SBAC | dd=50.1% | prob=0.438 < umbral -> SIN SEÑAL
SLB | dd=39.1% | prob=0.555 < umbral -> SIN SEÑAL
NOW | dd=42.2% | prob=0.566 < umbral -> SIN SEÑAL
SWKS | dd=48.1% | prob=0.723 < umbral -> SIN SEÑAL
LUV | dd=32.8% | prob=0.532 < umbral -> SIN SEÑAL
SWK | dd=52.4% | prob=0.474 < umbral -> SIN SEÑAL
SYK | dd=30.1% | prob=0.505 < umbral -> SIN SEÑAL
SMCI | dd=67.2% | prob=0.723 < umbral -> SIN SEÑAL
SNPS | dd=41.5% | prob=0.587 < umbral -> SIN SEÑAL
TMUS | dd=38.4% | prob=0.532 < umbral -> SIN SEÑAL
TROW | dd=43.0% | prob=0.319 < umbral -> SIN SEÑAL
TGT | dd=31.1% | prob=0.419 < umbral -> SIN SEÑAL
TPL | dd=40.5% | prob=0.587 < umbral -> SIN SEÑAL
TTD | dd=89.9% | prob=0.638 < umbral -> SIN SEÑAL
TSCO | dd=47.6% | prob=0.477 < umbral -> SIN SEÑAL
TRMB | dd=40.6% | prob=0.419 < umbral -> SIN SEÑAL
TYL | dd=48.3% | prob=0.555 < umbral -> SIN SEÑAL
TSN | dd=40.1% | prob=0.419 < umbral -> SIN SEÑAL
UBER | dd=30.5% | prob=0.505 < umbral -> SIN SEÑAL
UDR | dd=32.5% | prob=0.257 < umbral -> SIN SEÑAL
UPS | dd=46.8% | prob=0.315 < umbral -> SIN SEÑAL
UNH | dd=38.0% | prob=0.438 < umbral -> SIN SEÑAL
VRSK | dd=44.8% | prob=0.555 < umbral -> SIN SEÑAL
VRT | dd=36.4% | prob=0.723 < umbral -> SIN SEÑAL
VTRS | dd=72.2% | prob=0.381 < umbral -> SIN SEÑAL
VST | dd=34.4% | prob=0.560 < umbral -> SIN SEÑAL
DIS | dd=46.5% | prob=0.315 < umbral -> SIN SEÑAL
WBD | dd=63.9% | prob=0.250 < umbral -> SIN SEÑAL
WDC | dd=47.0% | prob=0.803 | ENTRAR | score_fund=88.6 | sent=0.561 | obj_analista=664.9167
WY | dd=41.5% | prob=0.412 < umbral -> SIN SEÑAL
WDAY | dd=36.0% | prob=0.555 < umbral -> SIN SEÑAL
WYNN | dd=60.0% | prob=0.532 < umbral -> SIN SEÑAL
ZBRA | dd=43.4% | prob=0.438 < umbral -> SIN SEÑAL
ZBH | dd=43.7% | prob=0.419 < umbral -> SIN SEÑAL
ZTS | dd=69.1% | prob=0.438 < umbral -> SIN SEÑAL
CIEN | dd=67.4% | prob=0.858 | ENTRADA DESCARTADA: ya hay posición abierta en Cartera A y Cartera B.
COHR | dd=32.7% | prob=0.858 | ENTRADA DESCARTADA: ya hay posición abierta en Cartera A y Cartera B.
SNDK | dd=31.4% | prob=0.858 | ENTRADA DESCARTADA: ya hay posición abierta en Cartera A y Cartera B.
MRNA | dd=68.2% | prob=0.802 | ENTRADA SOLO EN CARTERA B: ya hay posición abierta en Cartera A.
WDC | dd=47.0% | prob=0.802 | ENTRADA DESCARTADA: ya hay posición abierta en Cartera A y Cartera B.
GLW | dd=45.6% | prob=0.797 | ENTRADA DESCARTADA: ya hay posición abierta en Cartera A y Cartera B.
DECIDIDAS PARA ENTRAR HOY (1): ['MRNA']

===== escaneo postcierre 2026-09-18 18:00:46 ET =====
POST-CIERRE 2026-09-18
entradas ejecutadas: []
cambios de objetivo: 3
cierres: [('CIEN', 'A', 'tiempo', 0.0843), ('COHR', 'A', 'objetivo', 0.1745)]
