
===== escaneo preapertura 2026-09-10 08:45:48 ET =====
RESUMEN: universo=503 drawdown>=30%=170 con_senal=4
AOS | dd=34.6% | prob=0.419 < umbral -> SIN SEÑAL
ACN | dd=54.5% | prob=0.587 < umbral -> SIN SEÑAL
ADBE | dd=63.6% | prob=0.566 < umbral -> SIN SEÑAL
AES | dd=67.3% | prob=0.000 < umbral -> SIN SEÑAL
AKAM | dd=67.9% | prob=0.638 < umbral -> SIN SEÑAL
ALB | dd=60.4% | prob=0.651 < umbral -> SIN SEÑAL
ARE | dd=72.4% | prob=0.555 < umbral -> SIN SEÑAL
ALGN | dd=79.3% | prob=0.555 < umbral -> SIN SEÑAL
AIG | dd=93.8% | prob=0.257 < umbral -> SIN SEÑAL
AMT | dd=32.5% | prob=0.412 < umbral -> SIN SEÑAL
APH | dd=54.4% | prob=0.857 | ENTRAR | score_fund=79.5 | sent=0.495 | obj_analista=99.11765
APA | dd=57.8% | prob=0.555 < umbral -> SIN SEÑAL
AMAT | dd=36.6% | prob=0.612 < umbral -> SIN SEÑAL
APP | dd=59.1% | prob=0.651 < umbral -> SIN SEÑAL
APTV | dd=75.4% | prob=0.566 < umbral -> SIN SEÑAL
ADSK | dd=40.0% | prob=0.638 < umbral -> SIN SEÑAL
AZO | dd=33.7% | prob=0.412 < umbral -> SIN SEÑAL
AXON | dd=44.7% | prob=0.651 < umbral -> SIN SEÑAL
BALL | dd=37.0% | prob=0.313 < umbral -> SIN SEÑAL
BAX | dd=71.2% | prob=0.555 < umbral -> SIN SEÑAL
TECH | dd=45.7% | prob=0.000 < umbral -> SIN SEÑAL
BIIB | dd=56.1% | prob=0.438 < umbral -> SIN SEÑAL
BX | dd=32.4% | prob=0.532 < umbral -> SIN SEÑAL
XYZ | dd=72.5% | prob=0.505 < umbral -> SIN SEÑAL
BA | dd=52.6% | prob=0.412 < umbral -> SIN SEÑAL
BSX | dd=58.9% | prob=0.587 < umbral -> SIN SEÑAL
BR | dd=36.9% | prob=0.477 < umbral -> SIN SEÑAL
BRO | dd=46.5% | prob=0.459 < umbral -> SIN SEÑAL
BF.B | dd=64.7% | prob=0.477 < umbral -> SIN SEÑAL
BLDR | dd=71.4% | prob=0.638 < umbral -> SIN SEÑAL
BXP | dd=40.0% | prob=0.419 < umbral -> SIN SEÑAL
CDNS | dd=31.7% | prob=0.608 < umbral -> SIN SEÑAL
CPT | dd=32.0% | prob=0.257 < umbral -> SIN SEÑAL
CCL | dd=65.7% | prob=0.532 < umbral -> SIN SEÑAL
CASY | dd=32.2% | prob=0.651 < umbral -> SIN SEÑAL
CDW | dd=44.0% | prob=0.612 < umbral -> SIN SEÑAL
CNC | dd=35.0% | prob=0.555 < umbral -> SIN SEÑAL
CRL | dd=39.5% | prob=0.438 < umbral -> SIN SEÑAL
CHTR | dd=83.8% | prob=0.723 < umbral -> SIN SEÑAL
CMG | dd=48.0% | prob=0.505 < umbral -> SIN SEÑAL
CIEN | dd=68.0% | prob=0.803 | ENTRAR | score_fund=63.6 | sent=0.44 | obj_analista=504.12775
C | dd=63.6% | prob=0.381 < umbral -> SIN SEÑAL
CLX | dd=55.0% | prob=0.477 < umbral -> SIN SEÑAL
CTSH | dd=34.1% | prob=0.566 < umbral -> SIN SEÑAL
COHR | dd=31.0% | prob=0.856 | ENTRAR | score_fund=53.3 | sent=0.435 | obj_analista=415.36197
COIN | dd=60.7% | prob=0.723 < umbral -> SIN SEÑAL
CMCSA | dd=50.0% | prob=0.477 < umbral -> SIN SEÑAL
STZ | dd=53.1% | prob=0.477 < umbral -> SIN SEÑAL
COO | dd=45.2% | prob=0.459 < umbral -> SIN SEÑAL
CPRT | dd=50.2% | prob=0.532 < umbral -> SIN SEÑAL
GLW | dd=38.0% | prob=0.651 < umbral -> SIN SEÑAL
CSGP | dd=70.7% | prob=0.638 < umbral -> SIN SEÑAL
CRH | dd=31.6% | prob=0.477 < umbral -> SIN SEÑAL
CCI | dd=55.1% | prob=0.474 < umbral -> SIN SEÑAL
DECK | dd=64.2% | prob=0.555 < umbral -> SIN SEÑAL
DVN | dd=38.3% | prob=0.419 < umbral -> SIN SEÑAL
DXCM | dd=49.1% | prob=0.505 < umbral -> SIN SEÑAL
DG | dd=48.8% | prob=0.532 < umbral -> SIN SEÑAL
DLTR | dd=33.2% | prob=0.566 < umbral -> SIN SEÑAL
DPZ | dd=39.5% | prob=0.555 < umbral -> SIN SEÑAL
DASH | dd=30.9% | prob=0.555 < umbral -> SIN SEÑAL
DOW | dd=48.1% | prob=0.566 < umbral -> SIN SEÑAL
ECHO | dd=38.0% | prob=0.555 < umbral -> SIN SEÑAL
EW | dd=34.6% | prob=0.412 < umbral -> SIN SEÑAL
EFX | dd=44.9% | prob=0.587 < umbral -> SIN SEÑAL
ERIE | dd=53.9% | prob=0.555 < umbral -> SIN SEÑAL
EL | dd=71.6% | prob=0.555 < umbral -> SIN SEÑAL
FDS | dd=42.8% | prob=0.587 < umbral -> SIN SEÑAL
FICO | dd=59.1% | prob=0.723 < umbral -> SIN SEÑAL
FIS | dd=72.3% | prob=0.555 < umbral -> SIN SEÑAL
FSLR | dd=36.7% | prob=0.651 < umbral -> SIN SEÑAL
FISV | dd=79.6% | prob=0.587 < umbral -> SIN SEÑAL
FLEX | dd=32.5% | prob=0.651 < umbral -> SIN SEÑAL
F | dd=30.2% | prob=0.555 < umbral -> SIN SEÑAL
IT | dd=70.9% | prob=0.651 < umbral -> SIN SEÑAL
GEHC | dd=31.1% | prob=0.419 < umbral -> SIN SEÑAL
GNRC | dd=64.4% | prob=0.611 < umbral -> SIN SEÑAL
GIS | dd=52.8% | prob=0.532 < umbral -> SIN SEÑAL
GPN | dd=58.6% | prob=0.419 < umbral -> SIN SEÑAL
GDDY | dd=56.7% | prob=0.587 < umbral -> SIN SEÑAL
HAL | dd=37.3% | prob=0.532 < umbral -> SIN SEÑAL
HSY | dd=31.9% | prob=0.412 < umbral -> SIN SEÑAL
HRL | dd=55.6% | prob=0.419 < umbral -> SIN SEÑAL
HII | dd=38.7% | prob=0.505 < umbral -> SIN SEÑAL
IDXX | dd=33.1% | prob=0.532 < umbral -> SIN SEÑAL
IR | dd=30.5% | prob=0.419 < umbral -> SIN SEÑAL
PODD | dd=61.1% | prob=0.587 < umbral -> SIN SEÑAL
IFF | dd=38.6% | prob=0.412 < umbral -> SIN SEÑAL
IP | dd=38.8% | prob=0.555 < umbral -> SIN SEÑAL
INTU | dd=61.0% | prob=0.612 < umbral -> SIN SEÑAL
ISRG | dd=42.7% | prob=0.555 < umbral -> SIN SEÑAL
KMB | dd=30.5% | prob=0.419 < umbral -> SIN SEÑAL
KKR | dd=38.3% | prob=0.532 < umbral -> SIN SEÑAL
KLAC | dd=40.5% | prob=0.638 < umbral -> SIN SEÑAL
KHC | dd=60.7% | prob=0.419 < umbral -> SIN SEÑAL
LHX | dd=33.5% | prob=0.438 < umbral -> SIN SEÑAL
LVS | dd=53.8% | prob=0.438 < umbral -> SIN SEÑAL
LDOS | dd=37.2% | prob=0.555 < umbral -> SIN SEÑAL
LEN | dd=55.4% | prob=0.477 < umbral -> SIN SEÑAL
LII | dd=44.9% | prob=0.532 < umbral -> SIN SEÑAL
LOW | dd=31.9% | prob=0.412 < umbral -> SIN SEÑAL
LULU | dd=80.7% | prob=0.718 < umbral -> SIN SEÑAL
MKC | dd=46.7% | prob=0.419 < umbral -> SIN SEÑAL
MGM | dd=57.2% | prob=0.412 < umbral -> SIN SEÑAL
MCHP | dd=30.7% | prob=0.566 < umbral -> SIN SEÑAL
MAA | dd=33.9% | prob=0.257 < umbral -> SIN SEÑAL
MRNA | dd=72.7% | prob=0.803 | ENTRAR (EXCEPCIONAL: entra pese a deterioro) | score_fund=16.3 | sent=0.049 | obj_analista=116.5
TAP | dd=55.7% | prob=0.477 < umbral -> SIN SEÑAL
MNST | dd=57.3% | prob=0.723 < umbral -> SIN SEÑAL
MOS | dd=77.7% | prob=0.587 < umbral -> SIN SEÑAL
NFLX | dd=43.3% | prob=0.532 < umbral -> SIN SEÑAL
NKE | dd=77.4% | prob=0.477 < umbral -> SIN SEÑAL
NOC | dd=33.1% | prob=0.419 < umbral -> SIN SEÑAL
NCLH | dd=76.9% | prob=0.566 < umbral -> SIN SEÑAL
NRG | dd=39.1% | prob=0.566 < umbral -> SIN SEÑAL
NVR | dd=37.9% | prob=0.412 < umbral -> SIN SEÑAL
NXPI | dd=34.1% | prob=0.555 < umbral -> SIN SEÑAL
ON | dd=47.4% | prob=0.638 < umbral -> SIN SEÑAL
ORCL | dd=52.7% | prob=0.612 < umbral -> SIN SEÑAL
OTIS | dd=33.5% | prob=0.313 < umbral -> SIN SEÑAL
PSKY | dd=88.6% | prob=0.587 < umbral -> SIN SEÑAL
PYPL | dd=83.0% | prob=0.474 < umbral -> SIN SEÑAL
PNR | dd=49.1% | prob=0.532 < umbral -> SIN SEÑAL
PFE | dd=41.9% | prob=0.391 < umbral -> SIN SEÑAL
PCG | dd=79.7% | prob=0.683 < umbral -> SIN SEÑAL
PPG | dd=35.0% | prob=0.419 < umbral -> SIN SEÑAL
PTC | dd=41.3% | prob=0.587 < umbral -> SIN SEÑAL
QCOM | dd=31.9% | prob=0.587 < umbral -> SIN SEÑAL
RDDT | dd=48.2% | prob=0.651 < umbral -> SIN SEÑAL
REGN | dd=32.8% | prob=0.386 < umbral -> SIN SEÑAL
RVTY | dd=38.3% | prob=0.474 < umbral -> SIN SEÑAL
ROL | dd=47.4% | prob=0.474 < umbral -> SIN SEÑAL
ROP | dd=33.6% | prob=0.419 < umbral -> SIN SEÑAL
CRM | dd=33.0% | prob=0.587 < umbral -> SIN SEÑAL
SBAC | dd=48.5% | prob=0.474 < umbral -> SIN SEÑAL
SLB | dd=33.3% | prob=0.555 < umbral -> SIN SEÑAL
NOW | dd=45.3% | prob=0.651 < umbral -> SIN SEÑAL
SWKS | dd=56.5% | prob=0.566 < umbral -> SIN SEÑAL
LUV | dd=35.6% | prob=0.474 < umbral -> SIN SEÑAL
SWK | dd=51.1% | prob=0.477 < umbral -> SIN SEÑAL
SYK | dd=31.3% | prob=0.560 < umbral -> SIN SEÑAL
SMCI | dd=68.3% | prob=0.651 < umbral -> SIN SEÑAL
SNPS | dd=39.7% | prob=0.587 < umbral -> SIN SEÑAL
TMUS | dd=34.4% | prob=0.419 < umbral -> SIN SEÑAL
TROW | dd=40.3% | prob=0.315 < umbral -> SIN SEÑAL
TPR | dd=31.0% | prob=0.587 < umbral -> SIN SEÑAL
TGT | dd=32.1% | prob=0.459 < umbral -> SIN SEÑAL
TPL | dd=35.9% | prob=0.566 < umbral -> SIN SEÑAL
TTD | dd=90.2% | prob=0.651 < umbral -> SIN SEÑAL
TSCO | dd=45.8% | prob=0.532 < umbral -> SIN SEÑAL
TRMB | dd=40.5% | prob=0.477 < umbral -> SIN SEÑAL
TYL | dd=48.2% | prob=0.587 < umbral -> SIN SEÑAL
TSN | dd=40.7% | prob=0.477 < umbral -> SIN SEÑAL
UBER | dd=30.3% | prob=0.555 < umbral -> SIN SEÑAL
UDR | dd=30.1% | prob=0.267 < umbral -> SIN SEÑAL
UPS | dd=47.3% | prob=0.315 < umbral -> SIN SEÑAL
UNH | dd=35.0% | prob=0.438 < umbral -> SIN SEÑAL
VRSK | dd=44.3% | prob=0.566 < umbral -> SIN SEÑAL
VRT | dd=30.8% | prob=0.718 < umbral -> SIN SEÑAL
VTRS | dd=73.3% | prob=0.438 < umbral -> SIN SEÑAL
VST | dd=31.0% | prob=0.532 < umbral -> SIN SEÑAL
DIS | dd=47.1% | prob=0.313 < umbral -> SIN SEÑAL
WBD | dd=64.3% | prob=0.250 < umbral -> SIN SEÑAL
WDC | dd=39.7% | prob=0.723 < umbral -> SIN SEÑAL
WY | dd=39.0% | prob=0.412 < umbral -> SIN SEÑAL
WDAY | dd=40.2% | prob=0.638 < umbral -> SIN SEÑAL
WYNN | dd=56.5% | prob=0.477 < umbral -> SIN SEÑAL
ZBRA | dd=43.9% | prob=0.474 < umbral -> SIN SEÑAL
ZBH | dd=43.5% | prob=0.477 < umbral -> SIN SEÑAL
ZTS | dd=68.9% | prob=0.555 < umbral -> SIN SEÑAL
APH | dd=54.4% | prob=0.858 | ENTRADA DESCARTADA: ya hay posición abierta en Cartera A y Cartera B.
COHR | dd=31.0% | prob=0.856 | ENTRADA DESCARTADA: ya hay posición abierta en Cartera A y Cartera B.
CIEN | dd=68.0% | prob=0.802 | ENTRADA DESCARTADA: ya hay posición abierta en Cartera A y Cartera B.
MRNA | dd=72.7% | prob=0.802 | ENTRADA DESCARTADA: ya hay posición abierta en Cartera A y Cartera B.
DECIDIDAS PARA ENTRAR HOY (0): []
