
===== escaneo preapertura 2026-08-05 08:45:51 ET =====
RESUMEN: universo=503 drawdown>=30%=147 con_senal=9
ACN | dd=55.9% | prob=0.649 < umbral -> SIN SEÑAL
ADBE | dd=63.2% | prob=0.629 < umbral -> SIN SEÑAL
AES | dd=67.6% | prob=0.000 < umbral -> SIN SEÑAL
ABNB | dd=31.8% | prob=0.474 < umbral -> SIN SEÑAL
AKAM | dd=64.3% | prob=0.591 < umbral -> SIN SEÑAL
ALB | dd=62.0% | prob=0.613 < umbral -> SIN SEÑAL
ARE | dd=73.2% | prob=0.590 < umbral -> SIN SEÑAL
ALGN | dd=76.5% | prob=0.591 < umbral -> SIN SEÑAL
AIG | dd=93.4% | prob=0.369 < umbral -> SIN SEÑAL
AMT | dd=32.5% | prob=0.413 < umbral -> SIN SEÑAL
APA | dd=66.3% | prob=0.551 < umbral -> SIN SEÑAL
APP | dd=43.7% | prob=0.723 < umbral -> SIN SEÑAL
APTV | dd=73.6% | prob=0.649 < umbral -> SIN SEÑAL
ADSK | dd=31.1% | prob=0.600 < umbral -> SIN SEÑAL
AZO | dd=31.0% | prob=0.546 < umbral -> SIN SEÑAL
AXON | dd=31.5% | prob=0.649 < umbral -> SIN SEÑAL
BALL | dd=33.4% | prob=0.474 < umbral -> SIN SEÑAL
BAX | dd=66.5% | prob=0.553 < umbral -> SIN SEÑAL
TECH | dd=45.8% | prob=0.000 < umbral -> SIN SEÑAL
BIIB | dd=56.6% | prob=0.551 < umbral -> SIN SEÑAL
XYZ | dd=70.7% | prob=0.512 < umbral -> SIN SEÑAL
BA | dd=45.6% | prob=0.546 < umbral -> SIN SEÑAL
BSX | dd=55.2% | prob=0.551 < umbral -> SIN SEÑAL
BR | dd=36.8% | prob=0.569 < umbral -> SIN SEÑAL
BRO | dd=42.8% | prob=0.551 < umbral -> SIN SEÑAL
BF.B | dd=61.5% | prob=0.551 < umbral -> SIN SEÑAL
BLDR | dd=64.9% | prob=0.649 < umbral -> SIN SEÑAL
BXP | dd=34.0% | prob=0.413 < umbral -> SIN SEÑAL
CCL | dd=55.3% | prob=0.551 < umbral -> SIN SEÑAL
CVNA | dd=30.1% | prob=0.723 < umbral -> SIN SEÑAL
CDW | dd=39.5% | prob=0.519 < umbral -> SIN SEÑAL
CNC | dd=35.0% | prob=0.569 < umbral -> SIN SEÑAL
CRL | dd=49.1% | prob=0.569 < umbral -> SIN SEÑAL
CHTR | dd=81.5% | prob=0.654 < umbral -> SIN SEÑAL
CMG | dd=51.2% | prob=0.619 < umbral -> SIN SEÑAL
CIEN | dd=61.1% | prob=0.849 | ENTRAR | score_fund=60.0 | sent=0.25 | obj_analista=565.7067
C | dd=63.9% | prob=0.441 < umbral -> SIN SEÑAL
CLX | dd=47.4% | prob=0.517 < umbral -> SIN SEÑAL
CTSH | dd=36.4% | prob=0.613 < umbral -> SIN SEÑAL
COIN | dd=66.1% | prob=0.805 | ENTRAR (EXCEPCIONAL: entra pese a deterioro) | score_fund=14.6 | sent=0.373 | obj_analista=195.51965
CMCSA | dd=49.3% | prob=0.551 < umbral -> SIN SEÑAL
STZ | dd=49.3% | prob=0.413 < umbral -> SIN SEÑAL
CEG | dd=35.0% | prob=0.551 < umbral -> SIN SEÑAL
COO | dd=35.5% | prob=0.300 < umbral -> SIN SEÑAL
CPRT | dd=54.3% | prob=0.569 < umbral -> SIN SEÑAL
GLW | dd=41.2% | prob=0.863 | ENTRAR | score_fund=59.0 | sent=0.031 | obj_analista=191.4
CSGP | dd=70.5% | prob=0.689 < umbral -> SIN SEÑAL
CCI | dd=53.6% | prob=0.535 < umbral -> SIN SEÑAL
DHR | dd=32.6% | prob=0.551 < umbral -> SIN SEÑAL
DECK | dd=55.4% | prob=0.569 < umbral -> SIN SEÑAL
DVN | dd=44.5% | prob=0.441 < umbral -> SIN SEÑAL
DXCM | dd=47.3% | prob=0.467 < umbral -> SIN SEÑAL
DG | dd=47.7% | prob=0.519 < umbral -> SIN SEÑAL
DPZ | dd=30.8% | prob=0.551 < umbral -> SIN SEÑAL
DOW | dd=46.5% | prob=0.569 < umbral -> SIN SEÑAL
ECHO | dd=37.8% | prob=0.649 < umbral -> SIN SEÑAL
EW | dd=32.0% | prob=0.413 < umbral -> SIN SEÑAL
ELV | dd=30.9% | prob=0.517 < umbral -> SIN SEÑAL
EFX | dd=41.9% | prob=0.619 < umbral -> SIN SEÑAL
ERIE | dd=53.7% | prob=0.629 < umbral -> SIN SEÑAL
EL | dd=75.0% | prob=0.517 < umbral -> SIN SEÑAL
FDS | dd=43.8% | prob=0.629 < umbral -> SIN SEÑAL
FICO | dd=56.4% | prob=0.723 < umbral -> SIN SEÑAL
FIS | dd=67.8% | prob=0.591 < umbral -> SIN SEÑAL
FISV | dd=76.6% | prob=0.569 < umbral -> SIN SEÑAL
IT | dd=68.2% | prob=0.723 < umbral -> SIN SEÑAL
GNRC | dd=58.3% | prob=0.723 < umbral -> SIN SEÑAL
GIS | dd=53.9% | prob=0.546 < umbral -> SIN SEÑAL
GPN | dd=58.0% | prob=0.551 < umbral -> SIN SEÑAL
GDDY | dd=58.8% | prob=0.766 < umbral -> SIN SEÑAL
HAL | dd=45.4% | prob=0.512 < umbral -> SIN SEÑAL
HRL | dd=46.3% | prob=0.300 < umbral -> SIN SEÑAL
HUM | dd=33.9% | prob=0.551 < umbral -> SIN SEÑAL
PODD | dd=53.0% | prob=0.569 < umbral -> SIN SEÑAL
IFF | dd=41.1% | prob=0.474 < umbral -> SIN SEÑAL
INTU | dd=59.8% | prob=0.649 < umbral -> SIN SEÑAL
ISRG | dd=40.2% | prob=0.591 < umbral -> SIN SEÑAL
KKR | dd=35.9% | prob=0.545 < umbral -> SIN SEÑAL
KLAC | dd=36.4% | prob=0.805 | ENTRAR | score_fund=78.8 | sent=0.559 | obj_analista=230.85185
KHC | dd=57.5% | prob=0.474 < umbral -> SIN SEÑAL
LVS | dd=50.9% | prob=0.517 < umbral -> SIN SEÑAL
LDOS | dd=36.0% | prob=0.569 < umbral -> SIN SEÑAL
LEN | dd=51.9% | prob=0.545 < umbral -> SIN SEÑAL
LII | dd=34.5% | prob=0.649 < umbral -> SIN SEÑAL
LULU | dd=76.2% | prob=0.551 < umbral -> SIN SEÑAL
LYB | dd=33.0% | prob=0.551 < umbral -> SIN SEÑAL
MRVL | dd=33.7% | prob=0.859 | ENTRAR | score_fund=57.6 | sent=0.018 | obj_analista=256.9142
MKC | dd=46.1% | prob=0.512 < umbral -> SIN SEÑAL
MGM | dd=51.8% | prob=0.410 < umbral -> SIN SEÑAL
MAA | dd=31.0% | prob=0.292 < umbral -> SIN SEÑAL
MRNA | dd=88.5% | prob=0.723 < umbral -> SIN SEÑAL
TAP | dd=51.3% | prob=0.512 < umbral -> SIN SEÑAL
MOS | dd=80.7% | prob=0.569 < umbral -> SIN SEÑAL
NFLX | dd=45.1% | prob=0.551 < umbral -> SIN SEÑAL
NKE | dd=74.9% | prob=0.519 < umbral -> SIN SEÑAL
NCLH | dd=68.8% | prob=0.619 < umbral -> SIN SEÑAL
NRG | dd=38.2% | prob=0.723 < umbral -> SIN SEÑAL
NVR | dd=37.1% | prob=0.535 < umbral -> SIN SEÑAL
ON | dd=40.1% | prob=0.805 | ENTRAR | score_fund=61.7 | sent=0.546 | obj_analista=111.54167
ORCL | dd=57.4% | prob=0.649 < umbral -> SIN SEÑAL
PSKY | dd=90.7% | prob=0.591 < umbral -> SIN SEÑAL
PYPL | dd=81.0% | prob=0.441 < umbral -> SIN SEÑAL
PNR | dd=39.4% | prob=0.569 < umbral -> SIN SEÑAL
PFE | dd=46.8% | prob=0.354 < umbral -> SIN SEÑAL
PCG | dd=75.0% | prob=0.411 < umbral -> SIN SEÑAL
PTC | dd=35.5% | prob=0.569 < umbral -> SIN SEÑAL
QCOM | dd=37.2% | prob=0.723 < umbral -> SIN SEÑAL
REGN | dd=36.7% | prob=0.413 < umbral -> SIN SEÑAL
RVTY | dd=44.5% | prob=0.551 < umbral -> SIN SEÑAL
HOOD | dd=39.2% | prob=0.723 < umbral -> SIN SEÑAL
ROL | dd=42.5% | prob=0.551 < umbral -> SIN SEÑAL
ROP | dd=33.2% | prob=0.569 < umbral -> SIN SEÑAL
CRM | dd=47.6% | prob=0.613 < umbral -> SIN SEÑAL
SNDK | dd=39.4% | prob=0.951 | ENTRAR | score_fund=76.0 | sent=0.284 | obj_analista=2217.7727
SBAC | dd=48.2% | prob=0.545 < umbral -> SIN SEÑAL
SLB | dd=40.6% | prob=0.535 < umbral -> SIN SEÑAL
NOW | dd=50.7% | prob=0.689 < umbral -> SIN SEÑAL
SWKS | dd=62.1% | prob=0.629 < umbral -> SIN SEÑAL
SWK | dd=45.4% | prob=0.545 < umbral -> SIN SEÑAL
SMCI | dd=74.2% | prob=0.805 | ENTRAR | score_fund=56.2 | sent=0.5 | obj_analista=37.8125
SNPS | dd=38.0% | prob=0.569 < umbral -> SIN SEÑAL
TMUS | dd=34.5% | prob=0.551 < umbral -> SIN SEÑAL
TROW | dd=35.8% | prob=0.476 < umbral -> SIN SEÑAL
TGT | dd=36.1% | prob=0.413 < umbral -> SIN SEÑAL
TSLA | dd=34.4% | prob=0.613 < umbral -> SIN SEÑAL
TPL | dd=32.3% | prob=0.590 < umbral -> SIN SEÑAL
TTD | dd=86.3% | prob=0.649 < umbral -> SIN SEÑAL
TSCO | dd=47.2% | prob=0.545 < umbral -> SIN SEÑAL
TRMB | dd=38.0% | prob=0.569 < umbral -> SIN SEÑAL
TYL | dd=52.6% | prob=0.649 < umbral -> SIN SEÑAL
TSN | dd=32.6% | prob=0.546 < umbral -> SIN SEÑAL
UPS | dd=42.1% | prob=0.411 < umbral -> SIN SEÑAL
UNH | dd=32.6% | prob=0.476 < umbral -> SIN SEÑAL
UHS | dd=31.6% | prob=0.591 < umbral -> SIN SEÑAL
VEEV | dd=38.4% | prob=0.551 < umbral -> SIN SEÑAL
VRSK | dd=39.7% | prob=0.591 < umbral -> SIN SEÑAL
VTRS | dd=71.3% | prob=0.476 < umbral -> SIN SEÑAL
VST | dd=34.6% | prob=0.649 < umbral -> SIN SEÑAL
DIS | dd=50.1% | prob=0.410 < umbral -> SIN SEÑAL
WBD | dd=67.0% | prob=0.300 < umbral -> SIN SEÑAL
WDC | dd=31.4% | prob=0.881 | ENTRAR | score_fund=84.6 | sent=0.272 | obj_analista=655.5
WY | dd=30.3% | prob=0.413 < umbral -> SIN SEÑAL
WDAY | dd=45.0% | prob=0.689 < umbral -> SIN SEÑAL
WYNN | dd=52.9% | prob=0.441 < umbral -> SIN SEÑAL
ZBRA | dd=40.0% | prob=0.600 < umbral -> SIN SEÑAL
ZBH | dd=42.8% | prob=0.476 < umbral -> SIN SEÑAL
ZTS | dd=67.8% | prob=0.535 < umbral -> SIN SEÑAL
DECIDIDAS PARA ENTRAR HOY (1): ['SMCI']
