
===== escaneo preapertura 2026-10-07 08:45:54 ET =====
RESUMEN: universo=503 drawdown>=30%=170 con_senal=1
AOS | dd=35.6% | prob=0.403 < umbral -> SIN SEÑAL
ACN | dd=50.0% | prob=0.562 < umbral -> SIN SEÑAL
ADBE | dd=66.0% | prob=0.518 < umbral -> SIN SEÑAL
AES | dd=67.1% | prob=0.000 < umbral -> SIN SEÑAL
AKAM | dd=68.6% | prob=0.700 < umbral -> SIN SEÑAL
ALB | dd=66.5% | prob=0.586 < umbral -> SIN SEÑAL
ARE | dd=74.8% | prob=0.552 < umbral -> SIN SEÑAL
ALGN | dd=80.8% | prob=0.518 < umbral -> SIN SEÑAL
AIG | dd=93.8% | prob=0.311 < umbral -> SIN SEÑAL
AMT | dd=36.6% | prob=0.363 < umbral -> SIN SEÑAL
APH | SERIE ROTA: el 2026-08-27 cayó de 161.34 a 80.69 (×0.5001). Parece una acción corporativa sin ajustar, no un movimiento de mercado: el drawdown y el ATR que saldrían de esta serie no son reales. Fuera del universo hasta que el salto salga de la ventana.
AON | dd=33.2% | prob=0.423 < umbral -> SIN SEÑAL
APA | dd=58.5% | prob=0.476 < umbral -> SIN SEÑAL
APO | dd=37.4% | prob=0.476 < umbral -> SIN SEÑAL
APP | dd=62.6% | prob=0.725 < umbral -> SIN SEÑAL
APTV | dd=75.3% | prob=0.552 < umbral -> SIN SEÑAL
ARES | dd=38.2% | prob=0.552 < umbral -> SIN SEÑAL
AJG | dd=33.7% | prob=0.440 < umbral -> SIN SEÑAL
ADSK | dd=32.8% | prob=0.476 < umbral -> SIN SEÑAL
AZO | dd=33.9% | prob=0.476 < umbral -> SIN SEÑAL
AXON | dd=52.7% | prob=0.649 < umbral -> SIN SEÑAL
BALL | dd=40.0% | prob=0.311 < umbral -> SIN SEÑAL
BAX | dd=71.2% | prob=0.423 < umbral -> SIN SEÑAL
TECH | dd=45.6% | prob=0.000 < umbral -> SIN SEÑAL
BIIB | dd=53.6% | prob=0.423 < umbral -> SIN SEÑAL
BX | dd=40.6% | prob=0.496 < umbral -> SIN SEÑAL
XYZ | dd=73.5% | prob=0.476 < umbral -> SIN SEÑAL
BA | dd=56.4% | prob=0.476 < umbral -> SIN SEÑAL
BKNG | dd=31.9% | prob=0.552 < umbral -> SIN SEÑAL
BSX | dd=61.5% | prob=0.496 < umbral -> SIN SEÑAL
BR | dd=40.4% | prob=0.402 < umbral -> SIN SEÑAL
BRO | dd=51.0% | prob=0.431 < umbral -> SIN SEÑAL
BF.B | dd=64.4% | prob=0.403 < umbral -> SIN SEÑAL
BXP | dd=44.2% | prob=0.403 < umbral -> SIN SEÑAL
CHRW | dd=35.8% | prob=0.638 < umbral -> SIN SEÑAL
CPT | dd=36.2% | prob=0.311 < umbral -> SIN SEÑAL
CCL | dd=59.9% | prob=0.552 < umbral -> SIN SEÑAL
CARR | dd=30.8% | prob=0.476 < umbral -> SIN SEÑAL
CVNA | dd=34.4% | prob=0.638 < umbral -> SIN SEÑAL
CASY | dd=33.1% | prob=0.562 < umbral -> SIN SEÑAL
CDW | dd=46.7% | prob=0.562 < umbral -> SIN SEÑAL
CNC | dd=34.4% | prob=0.518 < umbral -> SIN SEÑAL
CRL | dd=33.7% | prob=0.565 < umbral -> SIN SEÑAL
CHTR | dd=86.8% | prob=0.649 < umbral -> SIN SEÑAL
CMG | dd=55.4% | prob=0.565 < umbral -> SIN SEÑAL
CIEN | dd=58.0% | prob=0.689 < umbral -> SIN SEÑAL
C | dd=66.1% | prob=0.423 < umbral -> SIN SEÑAL
CLX | dd=58.0% | prob=0.431 < umbral -> SIN SEÑAL
CTSH | dd=35.2% | prob=0.518 < umbral -> SIN SEÑAL
COIN | dd=58.2% | prob=0.731 < umbral -> SIN SEÑAL
CMCSA | dd=56.2% | prob=0.423 < umbral -> SIN SEÑAL
STZ | dd=55.4% | prob=0.403 < umbral -> SIN SEÑAL
COO | dd=51.3% | prob=0.552 < umbral -> SIN SEÑAL
CPRT | dd=58.3% | prob=0.476 < umbral -> SIN SEÑAL
GLW | dd=37.8% | prob=0.689 < umbral -> SIN SEÑAL
CTVA | SERIE ROTA: el 2026-10-01 cayó de 77.65 a 12.57 (×0.1619). Parece una acción corporativa sin ajustar, no un movimiento de mercado: el drawdown y el ATR que saldrían de esta serie no son reales. Fuera del universo hasta que el salto salga de la ventana.
CSGP | dd=72.7% | prob=0.552 < umbral -> SIN SEÑAL
CRH | dd=36.0% | prob=0.476 < umbral -> SIN SEÑAL
CCI | dd=59.2% | prob=0.431 < umbral -> SIN SEÑAL
DECK | dd=63.5% | prob=0.461 < umbral -> SIN SEÑAL
DVN | dd=39.5% | prob=0.423 < umbral -> SIN SEÑAL
DXCM | dd=49.4% | prob=0.423 < umbral -> SIN SEÑAL
DG | dd=49.3% | prob=0.496 < umbral -> SIN SEÑAL
DLTR | dd=34.4% | prob=0.552 < umbral -> SIN SEÑAL
DPZ | dd=43.0% | prob=0.461 < umbral -> SIN SEÑAL
DASH | dd=32.2% | prob=0.552 < umbral -> SIN SEÑAL
DOW | dd=50.3% | prob=0.476 < umbral -> SIN SEÑAL
DHI | dd=30.2% | prob=0.461 < umbral -> SIN SEÑAL
ECHO | dd=32.1% | prob=0.518 < umbral -> SIN SEÑAL
EIX | dd=33.5% | prob=0.562 < umbral -> SIN SEÑAL
EW | dd=34.4% | prob=0.423 < umbral -> SIN SEÑAL
EFX | dd=53.3% | prob=0.552 < umbral -> SIN SEÑAL
ERIE | dd=57.8% | prob=0.476 < umbral -> SIN SEÑAL
EL | dd=73.2% | prob=0.496 < umbral -> SIN SEÑAL
FDS | dd=44.3% | prob=0.586 < umbral -> SIN SEÑAL
FICO | dd=71.1% | prob=0.731 < umbral -> SIN SEÑAL
FIS | dd=75.7% | prob=0.518 < umbral -> SIN SEÑAL
FSLR | dd=44.0% | prob=0.600 < umbral -> SIN SEÑAL
FISV | SERIE ROTA: el 2025-10-29 cayó de 126.17 a 70.6 (×0.5596). Parece una acción corporativa sin ajustar, no un movimiento de mercado: el drawdown y el ATR que saldrían de esta serie no son reales. Fuera del universo hasta que el salto salga de la ventana.
F | dd=36.3% | prob=0.476 < umbral -> SIN SEÑAL
IT | dd=68.3% | prob=0.562 < umbral -> SIN SEÑAL
GEHC | dd=31.5% | prob=0.403 < umbral -> SIN SEÑAL
GNRC | dd=57.3% | prob=0.638 < umbral -> SIN SEÑAL
GIS | dd=59.0% | prob=0.518 < umbral -> SIN SEÑAL
GPN | dd=61.1% | prob=0.476 < umbral -> SIN SEÑAL
GDDY | dd=54.5% | prob=0.589 < umbral -> SIN SEÑAL
HAL | dd=44.8% | prob=0.431 < umbral -> SIN SEÑAL
DOC | dd=33.1% | prob=0.403 < umbral -> SIN SEÑAL
HSY | dd=36.4% | prob=0.311 < umbral -> SIN SEÑAL
HD | dd=31.8% | prob=0.403 < umbral -> SIN SEÑAL
HRL | dd=57.9% | prob=0.403 < umbral -> SIN SEÑAL
HII | dd=42.4% | prob=0.440 < umbral -> SIN SEÑAL
IBM | dd=33.4% | prob=0.496 < umbral -> SIN SEÑAL
IDXX | dd=33.1% | prob=0.440 < umbral -> SIN SEÑAL
ILMN | dd=49.4% | prob=0.656 < umbral -> SIN SEÑAL
PODD | dd=62.0% | prob=0.552 < umbral -> SIN SEÑAL
IFF | dd=38.9% | prob=0.311 < umbral -> SIN SEÑAL
IP | dd=43.2% | prob=0.552 < umbral -> SIN SEÑAL
INTU | dd=64.0% | prob=0.552 < umbral -> SIN SEÑAL
ISRG | dd=34.3% | prob=0.476 < umbral -> SIN SEÑAL
INVH | dd=32.6% | prob=0.251 < umbral -> SIN SEÑAL
KMB | dd=31.9% | prob=0.403 < umbral -> SIN SEÑAL
KKR | dd=46.3% | prob=0.516 < umbral -> SIN SEÑAL
KLAC | dd=35.8% | prob=0.607 < umbral -> SIN SEÑAL
KHC | dd=64.8% | prob=0.440 < umbral -> SIN SEÑAL
LHX | dd=36.8% | prob=0.403 < umbral -> SIN SEÑAL
LVS | dd=61.2% | prob=0.440 < umbral -> SIN SEÑAL
LDOS | dd=42.8% | prob=0.423 < umbral -> SIN SEÑAL
LEN | dd=57.3% | prob=0.589 < umbral -> SIN SEÑAL
LII | dd=46.4% | prob=0.552 < umbral -> SIN SEÑAL
LOW | dd=37.0% | prob=0.403 < umbral -> SIN SEÑAL
LULU | dd=81.9% | prob=0.589 < umbral -> SIN SEÑAL
LYB | dd=35.4% | prob=0.476 < umbral -> SIN SEÑAL
MLM | dd=31.0% | prob=0.423 < umbral -> SIN SEÑAL
MKC | dd=53.0% | prob=0.528 < umbral -> SIN SEÑAL
MCD | dd=31.1% | prob=0.311 < umbral -> SIN SEÑAL
MGM | dd=67.8% | prob=0.552 < umbral -> SIN SEÑAL
MAA | dd=39.4% | prob=0.311 < umbral -> SIN SEÑAL
MRNA | SERIE ROTA: el 2026-08-19 subió de 62.96 a 174.38 (×2.7697). Parece una acción corporativa sin ajustar, no un movimiento de mercado: el drawdown y el ATR que saldrían de esta serie no son reales. Fuera del universo hasta que el salto salga de la ventana.
MNST | SERIE ROTA: el 2026-08-10 cayó de 90.36 a 45.72 (×0.5059). Parece una acción corporativa sin ajustar, no un movimiento de mercado: el drawdown y el ATR que saldrían de esta serie no son reales. Fuera del universo hasta que el salto salga de la ventana.
MOS | dd=82.2% | prob=0.638 < umbral -> SIN SEÑAL
NFLX | dd=48.8% | prob=0.423 < umbral -> SIN SEÑAL
NKE | dd=79.0% | prob=0.552 < umbral -> SIN SEÑAL
NOC | dd=37.3% | prob=0.403 < umbral -> SIN SEÑAL
NCLH | dd=75.9% | prob=0.589 < umbral -> SIN SEÑAL
NRG | dd=45.3% | prob=0.600 < umbral -> SIN SEÑAL
NVR | dd=39.3% | prob=0.423 < umbral -> SIN SEÑAL
ON | dd=36.0% | prob=0.589 < umbral -> SIN SEÑAL
ORCL | dd=57.6% | prob=0.600 < umbral -> SIN SEÑAL
OTIS | dd=36.3% | prob=0.403 < umbral -> SIN SEÑAL
PSKY | dd=89.4% | prob=0.731 < umbral -> SIN SEÑAL
PAYX | dd=34.8% | prob=0.423 < umbral -> SIN SEÑAL
PYPL | dd=82.2% | prob=0.423 < umbral -> SIN SEÑAL
PNR | dd=53.2% | prob=0.476 < umbral -> SIN SEÑAL
PFE | dd=42.4% | prob=0.311 < umbral -> SIN SEÑAL
PCG | dd=82.1% | prob=0.565 < umbral -> SIN SEÑAL
PPG | dd=35.4% | prob=0.403 < umbral -> SIN SEÑAL
QCOM | dd=30.1% | prob=0.600 < umbral -> SIN SEÑAL
RDDT | dd=47.4% | prob=0.649 < umbral -> SIN SEÑAL
REGN | dd=38.5% | prob=0.403 < umbral -> SIN SEÑAL
ROL | dd=53.8% | prob=0.518 < umbral -> SIN SEÑAL
ROP | dd=38.4% | prob=0.403 < umbral -> SIN SEÑAL
CRM | dd=38.2% | prob=0.518 < umbral -> SIN SEÑAL
SBAC | dd=53.2% | prob=0.476 < umbral -> SIN SEÑAL
SLB | dd=41.5% | prob=0.476 < umbral -> SIN SEÑAL
NOW | dd=42.4% | prob=0.562 < umbral -> SIN SEÑAL
SWKS | dd=53.0% | prob=0.649 < umbral -> SIN SEÑAL
SWK | dd=52.0% | prob=0.431 < umbral -> SIN SEÑAL
SYK | dd=30.6% | prob=0.440 < umbral -> SIN SEÑAL
SMCI | dd=64.6% | prob=0.600 < umbral -> SIN SEÑAL
TMUS | dd=38.6% | prob=0.423 < umbral -> SIN SEÑAL
TROW | dd=42.6% | prob=0.363 < umbral -> SIN SEÑAL
TGT | dd=33.5% | prob=0.403 < umbral -> SIN SEÑAL
TPL | dd=39.2% | prob=0.552 < umbral -> SIN SEÑAL
TSCO | dd=48.5% | prob=0.476 < umbral -> SIN SEÑAL
TRMB | dd=36.8% | prob=0.403 < umbral -> SIN SEÑAL
TYL | dd=50.0% | prob=0.518 < umbral -> SIN SEÑAL
TSN | dd=40.4% | prob=0.311 < umbral -> SIN SEÑAL
UBER | dd=32.3% | prob=0.423 < umbral -> SIN SEÑAL
UDR | dd=33.1% | prob=0.311 < umbral -> SIN SEÑAL
UPS | dd=50.6% | prob=0.402 < umbral -> SIN SEÑAL
UNH | dd=37.8% | prob=0.423 < umbral -> SIN SEÑAL
VRSK | dd=48.3% | prob=0.476 < umbral -> SIN SEÑAL
VRT | dd=33.4% | prob=0.649 < umbral -> SIN SEÑAL
VTRS | dd=71.6% | prob=0.431 < umbral -> SIN SEÑAL
DIS | dd=47.2% | prob=0.254 < umbral -> SIN SEÑAL
WBD | dd=60.4% | prob=0.000 < umbral -> SIN SEÑAL
WDC | dd=48.6% | prob=0.831 | ENTRAR | score_fund=88.7 | sent=0.0 | obj_analista=673.5
WY | dd=49.8% | prob=0.431 < umbral -> SIN SEÑAL
WDAY | dd=40.1% | prob=0.552 < umbral -> SIN SEÑAL
WYNN | dd=63.0% | prob=0.552 < umbral -> SIN SEÑAL
XYL | dd=31.5% | prob=0.403 < umbral -> SIN SEÑAL
ZBRA | dd=37.3% | prob=0.403 < umbral -> SIN SEÑAL
ZBH | dd=46.4% | prob=0.423 < umbral -> SIN SEÑAL
ZTS | dd=69.8% | prob=0.423 < umbral -> SIN SEÑAL
WDC | dd=48.6% | prob=0.831 | ENTRADA DESCARTADA: ya hay posición abierta en Cartera A y Cartera B.
DECIDIDAS PARA ENTRAR HOY (0): []

===== escaneo postcierre 2026-10-07 18:00:52 ET =====
POST-CIERRE 2026-10-07
entradas ejecutadas: []
cambios de objetivo: 4
cierres: []
