
===== escaneo preapertura 2026-08-28 08:59:11 ET =====
RESUMEN: universo=503 drawdown>=30%=145 con_senal=7
ACN | dd=51.5% | prob=0.613 < umbral -> SIN SEÑAL
ADBE | dd=58.7% | prob=0.590 < umbral -> SIN SEÑAL
AES | dd=67.5% | prob=0.000 < umbral -> SIN SEÑAL
AKAM | dd=67.8% | prob=0.649 < umbral -> SIN SEÑAL
ALB | dd=57.3% | prob=0.613 < umbral -> SIN SEÑAL
ARE | dd=71.3% | prob=0.590 < umbral -> SIN SEÑAL
ALGN | dd=78.5% | prob=0.546 < umbral -> SIN SEÑAL
AIG | dd=93.7% | prob=0.261 < umbral -> SIN SEÑAL
AMT | dd=33.0% | prob=0.413 < umbral -> SIN SEÑAL
APA | dd=60.1% | prob=0.569 < umbral -> SIN SEÑAL
AMAT | dd=34.8% | prob=0.650 < umbral -> SIN SEÑAL
APP | dd=58.1% | prob=0.708 < umbral -> SIN SEÑAL
APTV | dd=74.9% | prob=0.613 < umbral -> SIN SEÑAL
AZO | dd=33.2% | prob=0.413 < umbral -> SIN SEÑAL
AXON | dd=31.0% | prob=0.629 < umbral -> SIN SEÑAL
BALL | dd=33.8% | prob=0.292 < umbral -> SIN SEÑAL
BAX | dd=69.4% | prob=0.476 < umbral -> SIN SEÑAL
TECH | dd=45.5% | prob=0.000 < umbral -> SIN SEÑAL
BIIB | dd=53.9% | prob=0.410 < umbral -> SIN SEÑAL
XYZ | dd=70.7% | prob=0.500 < umbral -> SIN SEÑAL
BA | dd=51.8% | prob=0.410 < umbral -> SIN SEÑAL
BSX | dd=57.4% | prob=0.551 < umbral -> SIN SEÑAL
BR | dd=31.3% | prob=0.467 < umbral -> SIN SEÑAL
BRO | dd=42.6% | prob=0.410 < umbral -> SIN SEÑAL
BF.B | dd=63.2% | prob=0.467 < umbral -> SIN SEÑAL
BLDR | dd=68.7% | prob=0.613 < umbral -> SIN SEÑAL
BXP | dd=34.7% | prob=0.402 < umbral -> SIN SEÑAL
CPT | dd=30.9% | prob=0.261 < umbral -> SIN SEÑAL
CCL | dd=62.3% | prob=0.520 < umbral -> SIN SEÑAL
CDW | dd=41.4% | prob=0.613 < umbral -> SIN SEÑAL
CNC | dd=33.7% | prob=0.517 < umbral -> SIN SEÑAL
CRL | dd=35.6% | prob=0.413 < umbral -> SIN SEÑAL
CHTR | dd=82.0% | prob=0.619 < umbral -> SIN SEÑAL
CMG | dd=46.3% | prob=0.546 < umbral -> SIN SEÑAL
CIEN | dd=62.2% | prob=0.805 | ENTRAR | score_fund=60.0 | sent=0.305 | obj_analista=557.28564
C | dd=65.0% | prob=0.292 < umbral -> SIN SEÑAL
CLX | dd=47.9% | prob=0.410 < umbral -> SIN SEÑAL
COHR | dd=32.9% | prob=0.881 | ENTRAR | score_fund=53.3 | sent=0.549 | obj_analista=416.09348
COIN | dd=57.1% | prob=0.723 < umbral -> SIN SEÑAL
CMCSA | dd=46.3% | prob=0.410 < umbral -> SIN SEÑAL
STZ | dd=49.3% | prob=0.411 < umbral -> SIN SEÑAL
CEG | dd=31.3% | prob=0.476 < umbral -> SIN SEÑAL
COO | dd=38.8% | prob=0.292 < umbral -> SIN SEÑAL
CPRT | dd=49.1% | prob=0.551 < umbral -> SIN SEÑAL
GLW | dd=43.8% | prob=0.723 < umbral -> SIN SEÑAL
CSGP | dd=69.0% | prob=0.619 < umbral -> SIN SEÑAL
CCI | dd=55.2% | prob=0.476 < umbral -> SIN SEÑAL
DECK | dd=61.5% | prob=0.551 < umbral -> SIN SEÑAL
DVN | dd=40.7% | prob=0.476 < umbral -> SIN SEÑAL
DXCM | dd=45.8% | prob=0.441 < umbral -> SIN SEÑAL
DG | dd=48.2% | prob=0.476 < umbral -> SIN SEÑAL
DPZ | dd=37.5% | prob=0.476 < umbral -> SIN SEÑAL
DOW | dd=46.5% | prob=0.569 < umbral -> SIN SEÑAL
ECHO | dd=41.3% | prob=0.591 < umbral -> SIN SEÑAL
EW | dd=31.7% | prob=0.300 < umbral -> SIN SEÑAL
EFX | dd=37.6% | prob=0.546 < umbral -> SIN SEÑAL
ERIE | dd=50.9% | prob=0.546 < umbral -> SIN SEÑAL
EL | dd=69.5% | prob=0.512 < umbral -> SIN SEÑAL
FDS | dd=37.6% | prob=0.569 < umbral -> SIN SEÑAL
FICO | dd=51.8% | prob=0.619 < umbral -> SIN SEÑAL
FIS | dd=70.5% | prob=0.551 < umbral -> SIN SEÑAL
FSLR | dd=34.5% | prob=0.649 < umbral -> SIN SEÑAL
FISV | dd=78.0% | prob=0.551 < umbral -> SIN SEÑAL
FLEX | dd=30.9% | prob=0.723 < umbral -> SIN SEÑAL
IT | dd=66.3% | prob=0.629 < umbral -> SIN SEÑAL
GNRC | dd=62.4% | prob=0.649 < umbral -> SIN SEÑAL
GIS | dd=48.5% | prob=0.413 < umbral -> SIN SEÑAL
GPN | dd=55.9% | prob=0.474 < umbral -> SIN SEÑAL
GDDY | dd=55.1% | prob=0.629 < umbral -> SIN SEÑAL
HAL | dd=40.1% | prob=0.545 < umbral -> SIN SEÑAL
HRL | dd=54.9% | prob=0.476 < umbral -> SIN SEÑAL
HII | dd=35.1% | prob=0.476 < umbral -> SIN SEÑAL
PODD | dd=59.6% | prob=0.613 < umbral -> SIN SEÑAL
INTC | dd=35.3% | prob=0.723 < umbral -> SIN SEÑAL
IFF | dd=36.8% | prob=0.378 < umbral -> SIN SEÑAL
INTU | dd=56.8% | prob=0.629 < umbral -> SIN SEÑAL
ISRG | dd=40.4% | prob=0.476 < umbral -> SIN SEÑAL
KKR | dd=35.2% | prob=0.512 < umbral -> SIN SEÑAL
KLAC | dd=40.2% | prob=0.649 < umbral -> SIN SEÑAL
KHC | dd=59.9% | prob=0.413 < umbral -> SIN SEÑAL
LHX | dd=30.4% | prob=0.413 < umbral -> SIN SEÑAL
LVS | dd=52.8% | prob=0.512 < umbral -> SIN SEÑAL
LDOS | dd=31.5% | prob=0.476 < umbral -> SIN SEÑAL
LEN | dd=53.0% | prob=0.476 < umbral -> SIN SEÑAL
LII | dd=42.7% | prob=0.551 < umbral -> SIN SEÑAL
LULU | dd=77.7% | prob=0.551 < umbral -> SIN SEÑAL
LYB | dd=30.9% | prob=0.569 < umbral -> SIN SEÑAL
MKC | dd=43.5% | prob=0.410 < umbral -> SIN SEÑAL
MGM | dd=54.7% | prob=0.378 < umbral -> SIN SEÑAL
MAA | dd=33.3% | prob=0.261 < umbral -> SIN SEÑAL
MRNA | dd=71.3% | prob=0.888 | ENTRAR (EXCEPCIONAL: entra pese a deterioro) | score_fund=16.3 | sent=0.223 | obj_analista=104.52941
TAP | dd=52.0% | prob=0.413 < umbral -> SIN SEÑAL
MNST | dd=53.5% | prob=0.888 | ENTRAR | score_fund=81.0 | sent=0.527 | obj_analista=50.28261
MOS | dd=79.8% | prob=0.591 < umbral -> SIN SEÑAL
NFLX | dd=40.5% | prob=0.476 < umbral -> SIN SEÑAL
NKE | dd=76.7% | prob=0.504 < umbral -> SIN SEÑAL
NCLH | dd=74.1% | prob=0.569 < umbral -> SIN SEÑAL
NRG | dd=39.6% | prob=0.619 < umbral -> SIN SEÑAL
NVR | dd=36.1% | prob=0.410 < umbral -> SIN SEÑAL
NXPI | dd=33.3% | prob=0.569 < umbral -> SIN SEÑAL
ON | dd=44.6% | prob=0.689 < umbral -> SIN SEÑAL
ORCL | dd=55.6% | prob=0.629 < umbral -> SIN SEÑAL
OTIS | dd=31.4% | prob=0.292 < umbral -> SIN SEÑAL
PSKY | dd=88.0% | prob=0.551 < umbral -> SIN SEÑAL
PYPL | dd=80.0% | prob=0.354 < umbral -> SIN SEÑAL
PNR | dd=45.1% | prob=0.517 < umbral -> SIN SEÑAL
PFE | dd=41.4% | prob=0.300 < umbral -> SIN SEÑAL
PCG | dd=74.3% | prob=0.441 < umbral -> SIN SEÑAL
PPG | dd=31.2% | prob=0.300 < umbral -> SIN SEÑAL
QCOM | dd=36.4% | prob=0.591 < umbral -> SIN SEÑAL
RDDT | dd=45.6% | prob=0.723 < umbral -> SIN SEÑAL
REGN | dd=32.8% | prob=0.300 < umbral -> SIN SEÑAL
RVTY | dd=35.4% | prob=0.441 < umbral -> SIN SEÑAL
ROL | dd=45.3% | prob=0.474 < umbral -> SIN SEÑAL
CRM | dd=30.8% | prob=0.619 < umbral -> SIN SEÑAL
SNDK | dd=36.9% | prob=0.888 | ENTRAR | score_fund=88.8 | sent=0.202 | obj_analista=2125.087
SBAC | dd=48.5% | prob=0.413 < umbral -> SIN SEÑAL
SLB | dd=35.7% | prob=0.512 < umbral -> SIN SEÑAL
NOW | dd=42.2% | prob=0.629 < umbral -> SIN SEÑAL
SWKS | dd=61.7% | prob=0.591 < umbral -> SIN SEÑAL
LUV | dd=33.8% | prob=0.476 < umbral -> SIN SEÑAL
SWK | dd=47.0% | prob=0.410 < umbral -> SIN SEÑAL
SMCI | dd=68.7% | prob=0.805 | ENTRAR | score_fund=70.8 | sent=0.369 | obj_analista=42.375
TMUS | dd=34.3% | prob=0.413 < umbral -> SIN SEÑAL
TROW | dd=37.7% | prob=0.300 < umbral -> SIN SEÑAL
TPL | dd=36.7% | prob=0.613 < umbral -> SIN SEÑAL
TTD | dd=90.5% | prob=0.723 < umbral -> SIN SEÑAL
TSCO | dd=44.6% | prob=0.413 < umbral -> SIN SEÑAL
TRMB | dd=36.2% | prob=0.545 < umbral -> SIN SEÑAL
TYL | dd=44.1% | prob=0.569 < umbral -> SIN SEÑAL
TSN | dd=36.5% | prob=0.441 < umbral -> SIN SEÑAL
UPS | dd=43.9% | prob=0.300 < umbral -> SIN SEÑAL
UNH | dd=34.7% | prob=0.378 < umbral -> SIN SEÑAL
VRSK | dd=40.2% | prob=0.551 < umbral -> SIN SEÑAL
VTRS | dd=72.6% | prob=0.413 < umbral -> SIN SEÑAL
VST | dd=36.1% | prob=0.569 < umbral -> SIN SEÑAL
DIS | dd=45.7% | prob=0.300 < umbral -> SIN SEÑAL
WBD | dd=63.0% | prob=0.240 < umbral -> SIN SEÑAL
WDC | dd=42.2% | prob=0.881 | ENTRAR | score_fund=88.1 | sent=0.37 | obj_analista=664.9167
WY | dd=36.0% | prob=0.410 < umbral -> SIN SEÑAL
WDAY | dd=37.8% | prob=0.649 < umbral -> SIN SEÑAL
WYNN | dd=54.8% | prob=0.476 < umbral -> SIN SEÑAL
ZBRA | dd=41.3% | prob=0.474 < umbral -> SIN SEÑAL
ZBH | dd=40.6% | prob=0.410 < umbral -> SIN SEÑAL
ZTS | dd=68.2% | prob=0.546 < umbral -> SIN SEÑAL
MRNA | dd=71.3% | prob=0.888 | ENTRADA DESCARTADA: ya hay posición abierta en Cartera A y Cartera B.
MNST | dd=53.5% | prob=0.888 | ENTRADA DESCARTADA: ya hay posición abierta en Cartera A y Cartera B.
COHR | dd=32.9% | prob=0.881 | ENTRADA DESCARTADA: ya hay posición abierta en Cartera A y Cartera B.
WDC | dd=42.2% | prob=0.881 | ENTRADA DESCARTADA: ya hay posición abierta en Cartera A y Cartera B.
CIEN | dd=62.2% | prob=0.805 | ENTRADA SOLO EN CARTERA B: ya hay posición abierta en Cartera A.
SMCI | dd=68.7% | prob=0.805 | ENTRADA DESCARTADA: ya hay posición abierta en Cartera A y Cartera B.
DECIDIDAS PARA ENTRAR HOY (2): ['SNDK', 'CIEN']

===== escaneo postcierre 2026-08-28 20:00:52 ET =====
POST-CIERRE 2026-08-28
entradas ejecutadas: ['SNDK']
cambios de objetivo: 8
cierres: []
