
===== escaneo preapertura 2026-08-13 08:45:53 ET =====
RESUMEN: universo=503 drawdown>=30%=142 con_senal=8
ACN | dd=53.4% | prob=0.591 < umbral -> SIN SEÑAL
ADBE | dd=63.0% | prob=0.600 < umbral -> SIN SEÑAL
AES | dd=67.6% | prob=0.000 < umbral -> SIN SEÑAL
AKAM | dd=64.5% | prob=0.723 < umbral -> SIN SEÑAL
ALB | dd=59.6% | prob=0.613 < umbral -> SIN SEÑAL
ARE | dd=73.6% | prob=0.551 < umbral -> SIN SEÑAL
ALGN | dd=76.4% | prob=0.551 < umbral -> SIN SEÑAL
AIG | dd=93.7% | prob=0.300 < umbral -> SIN SEÑAL
AMT | dd=34.4% | prob=0.413 < umbral -> SIN SEÑAL
APA | dd=62.4% | prob=0.546 < umbral -> SIN SEÑAL
APP | dd=59.3% | prob=0.881 | ENTRAR | score_fund=92.2 | sent=0.097 | obj_analista=559.0
APTV | dd=73.2% | prob=0.591 < umbral -> SIN SEÑAL
AZO | dd=30.6% | prob=0.467 < umbral -> SIN SEÑAL
AXON | dd=32.3% | prob=0.723 < umbral -> SIN SEÑAL
BALL | dd=35.1% | prob=0.402 < umbral -> SIN SEÑAL
BAX | dd=68.2% | prob=0.569 < umbral -> SIN SEÑAL
TECH | dd=45.7% | prob=0.000 < umbral -> SIN SEÑAL
BIIB | dd=56.5% | prob=0.517 < umbral -> SIN SEÑAL
XYZ | dd=72.9% | prob=0.546 < umbral -> SIN SEÑAL
BA | dd=46.9% | prob=0.517 < umbral -> SIN SEÑAL
BSX | dd=53.0% | prob=0.535 < umbral -> SIN SEÑAL
BR | dd=36.5% | prob=0.546 < umbral -> SIN SEÑAL
BRO | dd=42.9% | prob=0.441 < umbral -> SIN SEÑAL
BF.B | dd=62.3% | prob=0.476 < umbral -> SIN SEÑAL
BLDR | dd=66.3% | prob=0.649 < umbral -> SIN SEÑAL
BXP | dd=36.5% | prob=0.413 < umbral -> SIN SEÑAL
CHRW | dd=30.3% | prob=0.613 < umbral -> SIN SEÑAL
CCL | dd=58.2% | prob=0.551 < umbral -> SIN SEÑAL
CDW | dd=46.3% | prob=0.591 < umbral -> SIN SEÑAL
CNC | dd=31.9% | prob=0.591 < umbral -> SIN SEÑAL
CRL | dd=38.2% | prob=0.476 < umbral -> SIN SEÑAL
CHTR | dd=81.8% | prob=0.629 < umbral -> SIN SEÑAL
CMG | dd=52.9% | prob=0.613 < umbral -> SIN SEÑAL
CIEN | dd=59.1% | prob=0.859 | ENTRAR | score_fund=60.0 | sent=0.489 | obj_analista=565.7067
C | dd=63.7% | prob=0.411 < umbral -> SIN SEÑAL
CLX | dd=46.9% | prob=0.467 < umbral -> SIN SEÑAL
CTSH | dd=34.1% | prob=0.569 < umbral -> SIN SEÑAL
COIN | dd=66.5% | prob=0.723 < umbral -> SIN SEÑAL
CMCSA | dd=48.2% | prob=0.476 < umbral -> SIN SEÑAL
STZ | dd=48.3% | prob=0.410 < umbral -> SIN SEÑAL
CEG | dd=32.2% | prob=0.551 < umbral -> SIN SEÑAL
COO | dd=33.8% | prob=0.292 < umbral -> SIN SEÑAL
CPRT | dd=55.0% | prob=0.519 < umbral -> SIN SEÑAL
GLW | dd=38.4% | prob=0.863 | ENTRAR | score_fund=59.0 | sent=0.461 | obj_analista=191.4
CSGP | dd=69.8% | prob=0.619 < umbral -> SIN SEÑAL
CCI | dd=55.8% | prob=0.551 < umbral -> SIN SEÑAL
DECK | dd=59.3% | prob=0.569 < umbral -> SIN SEÑAL
DVN | dd=43.5% | prob=0.474 < umbral -> SIN SEÑAL
DXCM | dd=44.9% | prob=0.413 < umbral -> SIN SEÑAL
DG | dd=50.8% | prob=0.476 < umbral -> SIN SEÑAL
DPZ | dd=33.4% | prob=0.519 < umbral -> SIN SEÑAL
DOW | dd=46.0% | prob=0.591 < umbral -> SIN SEÑAL
ECHO | dd=37.2% | prob=0.689 < umbral -> SIN SEÑAL
EFX | dd=40.8% | prob=0.551 < umbral -> SIN SEÑAL
ERIE | dd=51.2% | prob=0.551 < umbral -> SIN SEÑAL
EL | dd=74.8% | prob=0.476 < umbral -> SIN SEÑAL
FDS | dd=43.1% | prob=0.551 < umbral -> SIN SEÑAL
FICO | dd=56.5% | prob=0.649 < umbral -> SIN SEÑAL
FIS | dd=69.5% | prob=0.553 < umbral -> SIN SEÑAL
FISV | dd=78.4% | prob=0.613 < umbral -> SIN SEÑAL
IT | dd=69.3% | prob=0.708 < umbral -> SIN SEÑAL
GNRC | dd=57.7% | prob=0.708 < umbral -> SIN SEÑAL
GIS | dd=51.4% | prob=0.413 < umbral -> SIN SEÑAL
GPN | dd=57.9% | prob=0.535 < umbral -> SIN SEÑAL
GDDY | dd=57.5% | prob=0.649 < umbral -> SIN SEÑAL
HAL | dd=43.8% | prob=0.517 < umbral -> SIN SEÑAL
HRL | dd=48.3% | prob=0.292 < umbral -> SIN SEÑAL
PODD | dd=59.1% | prob=0.613 < umbral -> SIN SEÑAL
IFF | dd=39.0% | prob=0.519 < umbral -> SIN SEÑAL
INTU | dd=58.4% | prob=0.613 < umbral -> SIN SEÑAL
ISRG | dd=34.9% | prob=0.535 < umbral -> SIN SEÑAL
KKR | dd=34.3% | prob=0.551 < umbral -> SIN SEÑAL
KLAC | dd=32.2% | prob=0.723 < umbral -> SIN SEÑAL
KHC | dd=60.8% | prob=0.476 < umbral -> SIN SEÑAL
LVS | dd=51.2% | prob=0.413 < umbral -> SIN SEÑAL
LDOS | dd=31.2% | prob=0.545 < umbral -> SIN SEÑAL
LEN | dd=53.0% | prob=0.519 < umbral -> SIN SEÑAL
LII | dd=38.3% | prob=0.613 < umbral -> SIN SEÑAL
LULU | dd=76.6% | prob=0.551 < umbral -> SIN SEÑAL
LYB | dd=31.1% | prob=0.569 < umbral -> SIN SEÑAL
MRVL | dd=34.2% | prob=0.859 | ENTRAR | score_fund=57.6 | sent=0.318 | obj_analista=256.9142
MKC | dd=45.2% | prob=0.413 < umbral -> SIN SEÑAL
MGM | dd=53.7% | prob=0.300 < umbral -> SIN SEÑAL
MAA | dd=31.4% | prob=0.261 < umbral -> SIN SEÑAL
MRNA | dd=87.2% | prob=0.723 < umbral -> SIN SEÑAL
TAP | dd=52.1% | prob=0.476 < umbral -> SIN SEÑAL
MNST | dd=54.2% | prob=0.974 | ENTRAR | score_fund=81.7 | sent=0.459 | obj_analista=48.69565
MOS | dd=80.8% | prob=0.591 < umbral -> SIN SEÑAL
NFLX | dd=44.7% | prob=0.545 < umbral -> SIN SEÑAL
NKE | dd=75.5% | prob=0.476 < umbral -> SIN SEÑAL
NCLH | dd=70.6% | prob=0.569 < umbral -> SIN SEÑAL
NRG | dd=36.3% | prob=0.649 < umbral -> SIN SEÑAL
NVR | dd=36.8% | prob=0.441 < umbral -> SIN SEÑAL
NXPI | dd=31.1% | prob=0.629 < umbral -> SIN SEÑAL
ON | dd=38.2% | prob=0.723 < umbral -> SIN SEÑAL
ORCL | dd=55.2% | prob=0.689 < umbral -> SIN SEÑAL
PSKY | dd=89.4% | prob=0.591 < umbral -> SIN SEÑAL
PYPL | dd=80.7% | prob=0.410 < umbral -> SIN SEÑAL
PNR | dd=41.8% | prob=0.546 < umbral -> SIN SEÑAL
PFE | dd=44.9% | prob=0.300 < umbral -> SIN SEÑAL
PCG | dd=75.1% | prob=0.410 < umbral -> SIN SEÑAL
PPG | dd=30.5% | prob=0.467 < umbral -> SIN SEÑAL
PTC | dd=32.6% | prob=0.553 < umbral -> SIN SEÑAL
QCOM | dd=37.0% | prob=0.649 < umbral -> SIN SEÑAL
REGN | dd=33.6% | prob=0.413 < umbral -> SIN SEÑAL
RVTY | dd=41.3% | prob=0.441 < umbral -> SIN SEÑAL
HOOD | dd=38.3% | prob=0.649 < umbral -> SIN SEÑAL
ROL | dd=44.4% | prob=0.546 < umbral -> SIN SEÑAL
ROP | dd=32.8% | prob=0.441 < umbral -> SIN SEÑAL
CRM | dd=46.9% | prob=0.569 < umbral -> SIN SEÑAL
SNDK | dd=42.9% | prob=0.951 | ENTRAR | score_fund=89.9 | sent=0.191 | obj_analista=2053.5
SBAC | dd=49.5% | prob=0.545 < umbral -> SIN SEÑAL
SLB | dd=38.5% | prob=0.517 < umbral -> SIN SEÑAL
NOW | dd=47.9% | prob=0.619 < umbral -> SIN SEÑAL
SWKS | dd=60.4% | prob=0.591 < umbral -> SIN SEÑAL
SWK | dd=45.1% | prob=0.476 < umbral -> SIN SEÑAL
SMCI | dd=69.4% | prob=0.723 < umbral -> SIN SEÑAL
SNPS | dd=36.7% | prob=0.551 < umbral -> SIN SEÑAL
TMUS | dd=34.5% | prob=0.517 < umbral -> SIN SEÑAL
TROW | dd=38.2% | prob=0.410 < umbral -> SIN SEÑAL
TGT | dd=33.6% | prob=0.413 < umbral -> SIN SEÑAL
TSLA | dd=34.3% | prob=0.591 < umbral -> SIN SEÑAL
TPL | dd=41.3% | prob=0.689 < umbral -> SIN SEÑAL
TTD | dd=90.5% | prob=0.881 | ENTRAR | score_fund=65.9 | sent=0.119 | obj_analista=13.62
TSCO | dd=41.9% | prob=0.512 < umbral -> SIN SEÑAL
TRMB | dd=41.6% | prob=0.591 < umbral -> SIN SEÑAL
TYL | dd=52.0% | prob=0.591 < umbral -> SIN SEÑAL
TSN | dd=36.0% | prob=0.476 < umbral -> SIN SEÑAL
UPS | dd=44.8% | prob=0.413 < umbral -> SIN SEÑAL
UNH | dd=33.0% | prob=0.441 < umbral -> SIN SEÑAL
VRSK | dd=43.6% | prob=0.551 < umbral -> SIN SEÑAL
VTRS | dd=73.9% | prob=0.551 < umbral -> SIN SEÑAL
VST | dd=33.0% | prob=0.591 < umbral -> SIN SEÑAL
DIS | dd=47.6% | prob=0.354 < umbral -> SIN SEÑAL
WBD | dd=64.6% | prob=0.292 < umbral -> SIN SEÑAL
WDC | dd=43.2% | prob=0.935 | ENTRAR | score_fund=91.3 | sent=0.602 | obj_analista=662.125
WY | dd=33.1% | prob=0.413 < umbral -> SIN SEÑAL
WDAY | dd=43.7% | prob=0.629 < umbral -> SIN SEÑAL
WYNN | dd=50.3% | prob=0.441 < umbral -> SIN SEÑAL
ZBRA | dd=38.5% | prob=0.591 < umbral -> SIN SEÑAL
ZBH | dd=41.5% | prob=0.476 < umbral -> SIN SEÑAL
ZTS | dd=68.8% | prob=0.551 < umbral -> SIN SEÑAL
MNST | dd=54.2% | prob=0.974 | ENTRADA DESCARTADA: ya hay posición abierta en Cartera A y Cartera B.
WDC | dd=43.2% | prob=0.935 | ENTRADA DESCARTADA: ya hay posición abierta en Cartera A y Cartera B.
APP | dd=59.3% | prob=0.881 | ENTRADA DESCARTADA: ya hay posición abierta en Cartera A y Cartera B.
TTD | dd=90.5% | prob=0.881 | ENTRADA DESCARTADA: ya hay posición abierta en Cartera A y Cartera B.
GLW | dd=38.4% | prob=0.863 | ENTRADA DESCARTADA: ya hay posición abierta en Cartera A y Cartera B.
CIEN | dd=59.1% | prob=0.859 | ENTRADA DESCARTADA: ya hay posición abierta en Cartera A y Cartera B.
MRVL | dd=34.2% | prob=0.859 | ENTRADA DESCARTADA: ya hay posición abierta en Cartera A y Cartera B.
DECIDIDAS PARA ENTRAR HOY (1): ['SNDK']
