
===== escaneo preapertura 2026-09-02 08:45:55 ET =====
RESUMEN: universo=503 drawdown>=30%=160 con_senal=7
AOS | dd=33.8% | prob=0.438 < umbral -> SIN SEÑAL
ACN | dd=51.3% | prob=0.566 < umbral -> SIN SEÑAL
ADBE | dd=59.1% | prob=0.555 < umbral -> SIN SEÑAL
AES | dd=67.4% | prob=0.000 < umbral -> SIN SEÑAL
AKAM | dd=69.2% | prob=0.638 < umbral -> SIN SEÑAL
ALB | dd=57.4% | prob=0.587 < umbral -> SIN SEÑAL
ARE | dd=71.6% | prob=0.558 < umbral -> SIN SEÑAL
ALGN | dd=79.0% | prob=0.555 < umbral -> SIN SEÑAL
AIG | dd=93.7% | prob=0.257 < umbral -> SIN SEÑAL
AMT | dd=32.2% | prob=0.419 < umbral -> SIN SEÑAL
APA | dd=58.3% | prob=0.532 < umbral -> SIN SEÑAL
AMAT | dd=40.3% | prob=0.667 < umbral -> SIN SEÑAL
APP | dd=58.2% | prob=0.718 < umbral -> SIN SEÑAL
APTV | dd=75.2% | prob=0.566 < umbral -> SIN SEÑAL
AZO | dd=32.4% | prob=0.419 < umbral -> SIN SEÑAL
AXON | dd=41.5% | prob=0.723 < umbral -> SIN SEÑAL
BALL | dd=34.4% | prob=0.267 < umbral -> SIN SEÑAL
BAX | dd=69.9% | prob=0.532 < umbral -> SIN SEÑAL
TECH | dd=45.7% | prob=0.000 < umbral -> SIN SEÑAL
BIIB | dd=55.0% | prob=0.419 < umbral -> SIN SEÑAL
XYZ | dd=73.1% | prob=0.555 < umbral -> SIN SEÑAL
BA | dd=52.8% | prob=0.412 < umbral -> SIN SEÑAL
BSX | dd=56.1% | prob=0.566 < umbral -> SIN SEÑAL
BR | dd=32.3% | prob=0.474 < umbral -> SIN SEÑAL
BRO | dd=42.1% | prob=0.419 < umbral -> SIN SEÑAL
BF.B | dd=64.4% | prob=0.477 < umbral -> SIN SEÑAL
BLDR | dd=70.8% | prob=0.638 < umbral -> SIN SEÑAL
BXP | dd=37.4% | prob=0.419 < umbral -> SIN SEÑAL
CPT | dd=30.8% | prob=0.257 < umbral -> SIN SEÑAL
CCL | dd=64.9% | prob=0.560 < umbral -> SIN SEÑAL
CDW | dd=40.9% | prob=0.608 < umbral -> SIN SEÑAL
CNC | dd=33.8% | prob=0.532 < umbral -> SIN SEÑAL
CRL | dd=38.6% | prob=0.438 < umbral -> SIN SEÑAL
CHTR | dd=82.3% | prob=0.638 < umbral -> SIN SEÑAL
CMG | dd=45.8% | prob=0.532 < umbral -> SIN SEÑAL
CIEN | dd=65.9% | prob=0.803 | ENTRAR | score_fund=60.0 | sent=0.313 | obj_analista=557.28564
C | dd=65.0% | prob=0.315 < umbral -> SIN SEÑAL
CLX | dd=52.3% | prob=0.532 < umbral -> SIN SEÑAL
COHR | dd=38.2% | prob=0.886 | ENTRAR | score_fund=53.3 | sent=0.441 | obj_analista=415.36197
COIN | dd=60.2% | prob=0.723 < umbral -> SIN SEÑAL
CMCSA | dd=46.6% | prob=0.412 < umbral -> SIN SEÑAL
STZ | dd=49.6% | prob=0.412 < umbral -> SIN SEÑAL
CEG | dd=31.8% | prob=0.505 < umbral -> SIN SEÑAL
COO | dd=40.2% | prob=0.315 < umbral -> SIN SEÑAL
CPRT | dd=49.6% | prob=0.546 < umbral -> SIN SEÑAL
GLW | dd=46.4% | prob=0.723 < umbral -> SIN SEÑAL
CSGP | dd=68.4% | prob=0.608 < umbral -> SIN SEÑAL
CRH | dd=30.2% | prob=0.477 < umbral -> SIN SEÑAL
CCI | dd=54.7% | prob=0.477 < umbral -> SIN SEÑAL
DECK | dd=62.2% | prob=0.555 < umbral -> SIN SEÑAL
DVN | dd=38.2% | prob=0.419 < umbral -> SIN SEÑAL
DXCM | dd=45.3% | prob=0.438 < umbral -> SIN SEÑAL
DG | dd=46.1% | prob=0.438 < umbral -> SIN SEÑAL
DPZ | dd=35.9% | prob=0.555 < umbral -> SIN SEÑAL
DOW | dd=46.2% | prob=0.555 < umbral -> SIN SEÑAL
ECHO | dd=41.6% | prob=0.587 < umbral -> SIN SEÑAL
EW | dd=31.1% | prob=0.315 < umbral -> SIN SEÑAL
EFX | dd=38.9% | prob=0.532 < umbral -> SIN SEÑAL
ERIE | dd=51.6% | prob=0.555 < umbral -> SIN SEÑAL
EL | dd=71.3% | prob=0.555 < umbral -> SIN SEÑAL
FDS | dd=37.4% | prob=0.555 < umbral -> SIN SEÑAL
FICO | dd=54.1% | prob=0.587 < umbral -> SIN SEÑAL
FIS | dd=70.3% | prob=0.532 < umbral -> SIN SEÑAL
FSLR | dd=37.8% | prob=0.638 < umbral -> SIN SEÑAL
FISV | dd=78.3% | prob=0.555 < umbral -> SIN SEÑAL
FLEX | dd=36.0% | prob=0.723 < umbral -> SIN SEÑAL
IT | dd=67.5% | prob=0.638 < umbral -> SIN SEÑAL
GNRC | dd=65.4% | prob=0.683 < umbral -> SIN SEÑAL
GIS | dd=47.7% | prob=0.412 < umbral -> SIN SEÑAL
GPN | dd=57.1% | prob=0.419 < umbral -> SIN SEÑAL
GDDY | dd=53.4% | prob=0.587 < umbral -> SIN SEÑAL
HAL | dd=37.9% | prob=0.477 < umbral -> SIN SEÑAL
HSY | dd=30.4% | prob=0.419 < umbral -> SIN SEÑAL
HRL | dd=53.4% | prob=0.438 < umbral -> SIN SEÑAL
HII | dd=36.2% | prob=0.459 < umbral -> SIN SEÑAL
IBM | dd=30.4% | prob=0.532 < umbral -> SIN SEÑAL
PODD | dd=58.2% | prob=0.587 < umbral -> SIN SEÑAL
INTC | dd=37.5% | prob=0.718 < umbral -> SIN SEÑAL
IFF | dd=37.5% | prob=0.412 < umbral -> SIN SEÑAL
IP | dd=35.6% | prob=0.555 < umbral -> SIN SEÑAL
INTU | dd=57.1% | prob=0.608 < umbral -> SIN SEÑAL
ISRG | dd=40.1% | prob=0.477 < umbral -> SIN SEÑAL
JBL | dd=30.3% | prob=0.608 < umbral -> SIN SEÑAL
KKR | dd=37.0% | prob=0.532 < umbral -> SIN SEÑAL
KLAC | dd=44.4% | prob=0.651 < umbral -> SIN SEÑAL
KHC | dd=58.7% | prob=0.412 < umbral -> SIN SEÑAL
LRCX | dd=33.8% | prob=0.718 < umbral -> SIN SEÑAL
LVS | dd=53.2% | prob=0.505 < umbral -> SIN SEÑAL
LDOS | dd=31.8% | prob=0.459 < umbral -> SIN SEÑAL
LEN | dd=54.3% | prob=0.532 < umbral -> SIN SEÑAL
LII | dd=44.7% | prob=0.555 < umbral -> SIN SEÑAL
LOW | dd=31.4% | prob=0.419 < umbral -> SIN SEÑAL
LULU | dd=77.1% | prob=0.555 < umbral -> SIN SEÑAL
MRVL | dd=36.2% | prob=0.860 | ENTRAR | score_fund=69.0 | sent=0.427 | obj_analista=279.62363
MKC | dd=43.8% | prob=0.412 < umbral -> SIN SEÑAL
MGM | dd=57.0% | prob=0.412 < umbral -> SIN SEÑAL
MCHP | dd=32.2% | prob=0.608 < umbral -> SIN SEÑAL
MAA | dd=33.0% | prob=0.257 < umbral -> SIN SEÑAL
MRNA | dd=69.0% | prob=0.858 | ENTRAR (EXCEPCIONAL: entra pese a deterioro) | score_fund=16.3 | sent=0.181 | obj_analista=112.55556
TAP | dd=54.2% | prob=0.474 < umbral -> SIN SEÑAL
MNST | dd=55.2% | prob=0.886 | ENTRAR | score_fund=82.0 | sent=0.564 | obj_analista=50.26087
MOS | dd=78.9% | prob=0.587 < umbral -> SIN SEÑAL
NFLX | dd=39.7% | prob=0.477 < umbral -> SIN SEÑAL
NKE | dd=76.9% | prob=0.477 < umbral -> SIN SEÑAL
NOC | dd=30.8% | prob=0.412 < umbral -> SIN SEÑAL
NCLH | dd=76.0% | prob=0.608 < umbral -> SIN SEÑAL
NRG | dd=42.2% | prob=0.608 < umbral -> SIN SEÑAL
NVR | dd=37.0% | prob=0.412 < umbral -> SIN SEÑAL
NXPI | dd=34.4% | prob=0.555 < umbral -> SIN SEÑAL
ON | dd=46.2% | prob=0.638 < umbral -> SIN SEÑAL
ORCL | dd=58.7% | prob=0.651 < umbral -> SIN SEÑAL
OTIS | dd=32.3% | prob=0.313 < umbral -> SIN SEÑAL
PSKY | dd=88.3% | prob=0.566 < umbral -> SIN SEÑAL
PYPL | dd=83.0% | prob=0.532 < umbral -> SIN SEÑAL
PNR | dd=46.5% | prob=0.532 < umbral -> SIN SEÑAL
PFE | dd=40.2% | prob=0.386 < umbral -> SIN SEÑAL
PCG | dd=79.9% | prob=0.723 < umbral -> SIN SEÑAL
PPG | dd=33.5% | prob=0.412 < umbral -> SIN SEÑAL
PTC | dd=30.4% | prob=0.505 < umbral -> SIN SEÑAL
QCOM | dd=35.7% | prob=0.566 < umbral -> SIN SEÑAL
RDDT | dd=48.9% | prob=0.723 < umbral -> SIN SEÑAL
REGN | dd=31.4% | prob=0.412 < umbral -> SIN SEÑAL
RVTY | dd=37.0% | prob=0.419 < umbral -> SIN SEÑAL
HOOD | dd=32.7% | prob=0.683 < umbral -> SIN SEÑAL
ROL | dd=44.9% | prob=0.438 < umbral -> SIN SEÑAL
SNDK | dd=34.7% | prob=0.878 | ENTRAR | score_fund=88.5 | sent=-0.032 | obj_analista=2125.087
SBAC | dd=48.0% | prob=0.474 < umbral -> SIN SEÑAL
SLB | dd=33.2% | prob=0.555 < umbral -> SIN SEÑAL
NOW | dd=40.4% | prob=0.608 < umbral -> SIN SEÑAL
SWKS | dd=61.7% | prob=0.587 < umbral -> SIN SEÑAL
LUV | dd=37.3% | prob=0.532 < umbral -> SIN SEÑAL
SWK | dd=49.6% | prob=0.438 < umbral -> SIN SEÑAL
SMCI | dd=70.1% | prob=0.774 < umbral -> SIN SEÑAL
SNPS | dd=36.4% | prob=0.566 < umbral -> SIN SEÑAL
TMUS | dd=32.6% | prob=0.412 < umbral -> SIN SEÑAL
TROW | dd=39.6% | prob=0.315 < umbral -> SIN SEÑAL
TER | dd=31.2% | prob=0.723 < umbral -> SIN SEÑAL
TPL | dd=36.7% | prob=0.608 < umbral -> SIN SEÑAL
TTD | dd=90.3% | prob=0.718 < umbral -> SIN SEÑAL
TSCO | dd=44.6% | prob=0.419 < umbral -> SIN SEÑAL
TRMB | dd=38.9% | prob=0.532 < umbral -> SIN SEÑAL
TYL | dd=43.1% | prob=0.555 < umbral -> SIN SEÑAL
TSN | dd=36.8% | prob=0.419 < umbral -> SIN SEÑAL
UPS | dd=45.5% | prob=0.412 < umbral -> SIN SEÑAL
UNH | dd=34.5% | prob=0.412 < umbral -> SIN SEÑAL
UHS | dd=30.5% | prob=0.474 < umbral -> SIN SEÑAL
VRSK | dd=39.2% | prob=0.532 < umbral -> SIN SEÑAL
VRT | dd=32.6% | prob=0.651 < umbral -> SIN SEÑAL
VTRS | dd=73.0% | prob=0.477 < umbral -> SIN SEÑAL
VST | dd=36.9% | prob=0.555 < umbral -> SIN SEÑAL
DIS | dd=46.0% | prob=0.315 < umbral -> SIN SEÑAL
WBD | dd=63.8% | prob=0.257 < umbral -> SIN SEÑAL
WDC | dd=43.7% | prob=0.858 | ENTRAR | score_fund=88.3 | sent=0.122 | obj_analista=664.9167
WY | dd=36.9% | prob=0.419 < umbral -> SIN SEÑAL
WDAY | dd=36.3% | prob=0.638 < umbral -> SIN SEÑAL
WYNN | dd=56.3% | prob=0.532 < umbral -> SIN SEÑAL
XYL | dd=30.0% | prob=0.419 < umbral -> SIN SEÑAL
ZBRA | dd=44.1% | prob=0.505 < umbral -> SIN SEÑAL
ZBH | dd=40.6% | prob=0.419 < umbral -> SIN SEÑAL
ZTS | dd=67.3% | prob=0.555 < umbral -> SIN SEÑAL
COHR | dd=38.2% | prob=0.886 | ENTRADA SOLO EN CARTERA B: ya hay posición abierta en Cartera A.
MNST | dd=55.2% | prob=0.886 | ENTRADA DESCARTADA: ya hay posición abierta en Cartera A y Cartera B.
SNDK | dd=34.7% | prob=0.878 | ENTRADA DESCARTADA: ya hay posición abierta en Cartera A y Cartera B.
MRVL | dd=36.2% | prob=0.861 | ENTRADA DESCARTADA: ya hay posición abierta en Cartera A y Cartera B.
MRNA | dd=69.0% | prob=0.858 | ENTRADA DESCARTADA: ya hay posición abierta en Cartera A y Cartera B.
WDC | dd=43.7% | prob=0.858 | ENTRADA DESCARTADA: ya hay posición abierta en Cartera A y Cartera B.
CIEN | dd=65.9% | prob=0.802 | ENTRADA DESCARTADA: ya hay posición abierta en Cartera A y Cartera B.
DECIDIDAS PARA ENTRAR HOY (1): ['COHR']

===== escaneo postcierre 2026-09-02 18:01:08 ET =====
POST-CIERRE 2026-09-02
entradas ejecutadas: []
cambios de objetivo: 6
cierres: [('SMCI', 'A', 'tiempo', 0.0033), ('FLEX', 'A', 'tiempo', -0.0594), ('VRT', 'A', 'tiempo', -0.0073), ('MRNA', 'B', 'tiempo', 0.0046), ('SMCI', 'B', 'tiempo', 0.0033), ('FLEX', 'B', 'tiempo', -0.0594), ('VRT', 'B', 'tiempo', -0.0073)]
