
===== escaneo preapertura 2026-08-06 08:45:49 ET =====
RESUMEN: universo=503 drawdown>=30%=148 con_senal=7
ACN | dd=55.8% | prob=0.649 < umbral -> SIN SEÑAL
ADBE | dd=62.9% | prob=0.629 < umbral -> SIN SEÑAL
AES | dd=67.6% | prob=0.000 < umbral -> SIN SEÑAL
ABNB | dd=30.7% | prob=0.474 < umbral -> SIN SEÑAL
AKAM | dd=64.6% | prob=0.613 < umbral -> SIN SEÑAL
ALB | dd=62.6% | prob=0.613 < umbral -> SIN SEÑAL
ARE | dd=72.5% | prob=0.591 < umbral -> SIN SEÑAL
ALGN | dd=76.3% | prob=0.590 < umbral -> SIN SEÑAL
AIG | dd=93.4% | prob=0.300 < umbral -> SIN SEÑAL
AMT | dd=35.3% | prob=0.545 < umbral -> SIN SEÑAL
APA | dd=67.4% | prob=0.569 < umbral -> SIN SEÑAL
APP | dd=44.0% | prob=0.723 < umbral -> SIN SEÑAL
APTV | dd=74.0% | prob=0.649 < umbral -> SIN SEÑAL
ADSK | dd=30.3% | prob=0.591 < umbral -> SIN SEÑAL
AZO | dd=30.1% | prob=0.545 < umbral -> SIN SEÑAL
AXON | dd=31.2% | prob=0.613 < umbral -> SIN SEÑAL
BALL | dd=33.7% | prob=0.441 < umbral -> SIN SEÑAL
BAX | dd=67.7% | prob=0.569 < umbral -> SIN SEÑAL
TECH | dd=45.9% | prob=0.000 < umbral -> SIN SEÑAL
BIIB | dd=57.0% | prob=0.551 < umbral -> SIN SEÑAL
XYZ | dd=70.9% | prob=0.517 < umbral -> SIN SEÑAL
BA | dd=44.9% | prob=0.512 < umbral -> SIN SEÑAL
BSX | dd=56.4% | prob=0.569 < umbral -> SIN SEÑAL
BR | dd=38.7% | prob=0.569 < umbral -> SIN SEÑAL
BRO | dd=43.0% | prob=0.551 < umbral -> SIN SEÑAL
BF.B | dd=61.7% | prob=0.553 < umbral -> SIN SEÑAL
BLDR | dd=64.7% | prob=0.613 < umbral -> SIN SEÑAL
BXP | dd=34.6% | prob=0.413 < umbral -> SIN SEÑAL
CCL | dd=55.2% | prob=0.517 < umbral -> SIN SEÑAL
CDW | dd=44.9% | prob=0.613 < umbral -> SIN SEÑAL
CNC | dd=32.0% | prob=0.569 < umbral -> SIN SEÑAL
CRL | dd=43.3% | prob=0.591 < umbral -> SIN SEÑAL
CHTR | dd=81.4% | prob=0.649 < umbral -> SIN SEÑAL
CMG | dd=50.2% | prob=0.619 < umbral -> SIN SEÑAL
CIEN | dd=61.3% | prob=0.795 | ENTRAR | score_fund=60.0 | sent=0.237 | obj_analista=565.7067
C | dd=63.6% | prob=0.410 < umbral -> SIN SEÑAL
CLX | dd=46.8% | prob=0.476 < umbral -> SIN SEÑAL
CTSH | dd=36.8% | prob=0.629 < umbral -> SIN SEÑAL
COIN | dd=66.3% | prob=0.780 < umbral -> SIN SEÑAL
CMCSA | dd=49.7% | prob=0.551 < umbral -> SIN SEÑAL
STZ | dd=49.6% | prob=0.413 < umbral -> SIN SEÑAL
CEG | dd=35.5% | prob=0.553 < umbral -> SIN SEÑAL
COO | dd=35.4% | prob=0.300 < umbral -> SIN SEÑAL
CPRT | dd=55.1% | prob=0.591 < umbral -> SIN SEÑAL
GLW | dd=42.3% | prob=0.859 | ENTRAR | score_fund=59.0 | sent=0.105 | obj_analista=191.4
CSGP | dd=70.1% | prob=0.649 < umbral -> SIN SEÑAL
CCI | dd=55.9% | prob=0.591 < umbral -> SIN SEÑAL
DHR | dd=30.9% | prob=0.535 < umbral -> SIN SEÑAL
DECK | dd=55.7% | prob=0.569 < umbral -> SIN SEÑAL
DVN | dd=47.0% | prob=0.546 < umbral -> SIN SEÑAL
DXCM | dd=49.9% | prob=0.517 < umbral -> SIN SEÑAL
DG | dd=47.8% | prob=0.517 < umbral -> SIN SEÑAL
DPZ | dd=31.0% | prob=0.546 < umbral -> SIN SEÑAL
DOW | dd=47.6% | prob=0.613 < umbral -> SIN SEÑAL
ECHO | dd=40.4% | prob=0.689 < umbral -> SIN SEÑAL
EW | dd=32.5% | prob=0.413 < umbral -> SIN SEÑAL
EFX | dd=41.8% | prob=0.613 < umbral -> SIN SEÑAL
ERIE | dd=52.6% | prob=0.629 < umbral -> SIN SEÑAL
EL | dd=75.0% | prob=0.500 < umbral -> SIN SEÑAL
FDS | dd=43.0% | prob=0.613 < umbral -> SIN SEÑAL
FICO | dd=54.6% | prob=0.723 < umbral -> SIN SEÑAL
FIS | dd=68.8% | prob=0.613 < umbral -> SIN SEÑAL
FISV | dd=77.3% | prob=0.591 < umbral -> SIN SEÑAL
IT | dd=68.1% | prob=0.723 < umbral -> SIN SEÑAL
GNRC | dd=58.5% | prob=0.689 < umbral -> SIN SEÑAL
GIS | dd=54.3% | prob=0.546 < umbral -> SIN SEÑAL
GPN | dd=58.4% | prob=0.551 < umbral -> SIN SEÑAL
GDDY | dd=57.5% | prob=0.723 < umbral -> SIN SEÑAL
HAL | dd=46.3% | prob=0.545 < umbral -> SIN SEÑAL
HRL | dd=46.6% | prob=0.300 < umbral -> SIN SEÑAL
HUM | dd=33.6% | prob=0.551 < umbral -> SIN SEÑAL
HII | dd=30.6% | prob=0.551 < umbral -> SIN SEÑAL
PODD | dd=62.4% | prob=0.723 < umbral -> SIN SEÑAL
IFF | dd=35.9% | prob=0.545 < umbral -> SIN SEÑAL
INTU | dd=59.2% | prob=0.649 < umbral -> SIN SEÑAL
ISRG | dd=39.1% | prob=0.569 < umbral -> SIN SEÑAL
KKR | dd=37.4% | prob=0.546 < umbral -> SIN SEÑAL
KLAC | dd=37.3% | prob=0.723 < umbral -> SIN SEÑAL
KHC | dd=58.9% | prob=0.545 < umbral -> SIN SEÑAL
LVS | dd=51.1% | prob=0.545 < umbral -> SIN SEÑAL
LDOS | dd=37.8% | prob=0.551 < umbral -> SIN SEÑAL
LEN | dd=51.5% | prob=0.476 < umbral -> SIN SEÑAL
LII | dd=34.5% | prob=0.591 < umbral -> SIN SEÑAL
LULU | dd=76.1% | prob=0.546 < umbral -> SIN SEÑAL
LYB | dd=35.3% | prob=0.591 < umbral -> SIN SEÑAL
MRVL | dd=36.0% | prob=0.849 | ENTRAR | score_fund=57.6 | sent=0.311 | obj_analista=256.9142
MKC | dd=45.6% | prob=0.512 < umbral -> SIN SEÑAL
MGM | dd=53.1% | prob=0.413 < umbral -> SIN SEÑAL
MAA | dd=30.3% | prob=0.292 < umbral -> SIN SEÑAL
MRNA | dd=88.7% | prob=0.723 < umbral -> SIN SEÑAL
TAP | dd=51.8% | prob=0.512 < umbral -> SIN SEÑAL
MOS | dd=80.1% | prob=0.569 < umbral -> SIN SEÑAL
NFLX | dd=44.7% | prob=0.551 < umbral -> SIN SEÑAL
NKE | dd=74.3% | prob=0.517 < umbral -> SIN SEÑAL
NCLH | dd=68.4% | prob=0.591 < umbral -> SIN SEÑAL
NRG | dd=36.2% | prob=0.723 < umbral -> SIN SEÑAL
NVR | dd=36.1% | prob=0.500 < umbral -> SIN SEÑAL
NXPI | dd=31.8% | prob=0.650 < umbral -> SIN SEÑAL
ON | dd=43.0% | prob=0.805 | ENTRAR | score_fund=62.5 | sent=0.546 | obj_analista=111.54167
ORCL | dd=57.8% | prob=0.629 < umbral -> SIN SEÑAL
PSKY | dd=90.3% | prob=0.613 < umbral -> SIN SEÑAL
PYPL | dd=81.2% | prob=0.413 < umbral -> SIN SEÑAL
PNR | dd=39.0% | prob=0.551 < umbral -> SIN SEÑAL
PFE | dd=46.0% | prob=0.300 < umbral -> SIN SEÑAL
PCG | dd=75.4% | prob=0.413 < umbral -> SIN SEÑAL
PTC | dd=36.5% | prob=0.591 < umbral -> SIN SEÑAL
QCOM | dd=39.2% | prob=0.708 < umbral -> SIN SEÑAL
REGN | dd=36.0% | prob=0.413 < umbral -> SIN SEÑAL
RVTY | dd=42.7% | prob=0.551 < umbral -> SIN SEÑAL
HOOD | dd=39.7% | prob=0.723 < umbral -> SIN SEÑAL
ROL | dd=42.8% | prob=0.551 < umbral -> SIN SEÑAL
ROP | dd=32.9% | prob=0.569 < umbral -> SIN SEÑAL
CRM | dd=47.0% | prob=0.613 < umbral -> SIN SEÑAL
SNDK | dd=42.6% | prob=0.951 | ENTRAR | score_fund=76.0 | sent=0.064 | obj_analista=2217.7727
SBAC | dd=50.8% | prob=0.591 < umbral -> SIN SEÑAL
SLB | dd=41.6% | prob=0.545 < umbral -> SIN SEÑAL
NOW | dd=51.1% | prob=0.689 < umbral -> SIN SEÑAL
SWKS | dd=62.0% | prob=0.613 < umbral -> SIN SEÑAL
SWK | dd=44.9% | prob=0.476 < umbral -> SIN SEÑAL
SMCI | dd=75.3% | prob=0.795 | ENTRAR | score_fund=56.0 | sent=0.465 | obj_analista=37.8125
SNPS | dd=38.5% | prob=0.569 < umbral -> SIN SEÑAL
TMUS | dd=35.8% | prob=0.551 < umbral -> SIN SEÑAL
TROW | dd=36.3% | prob=0.441 < umbral -> SIN SEÑAL
TGT | dd=36.3% | prob=0.413 < umbral -> SIN SEÑAL
TSLA | dd=35.5% | prob=0.591 < umbral -> SIN SEÑAL
TPL | dd=34.6% | prob=0.591 < umbral -> SIN SEÑAL
TTD | dd=86.6% | prob=0.689 < umbral -> SIN SEÑAL
TSCO | dd=46.7% | prob=0.476 < umbral -> SIN SEÑAL
TRMB | dd=39.3% | prob=0.569 < umbral -> SIN SEÑAL
TYL | dd=53.6% | prob=0.649 < umbral -> SIN SEÑAL
TSN | dd=33.3% | prob=0.545 < umbral -> SIN SEÑAL
UBER | dd=33.2% | prob=0.551 < umbral -> SIN SEÑAL
UPS | dd=42.8% | prob=0.410 < umbral -> SIN SEÑAL
UNH | dd=31.8% | prob=0.476 < umbral -> SIN SEÑAL
UHS | dd=30.1% | prob=0.590 < umbral -> SIN SEÑAL
VEEV | dd=37.9% | prob=0.551 < umbral -> SIN SEÑAL
VRSK | dd=40.9% | prob=0.591 < umbral -> SIN SEÑAL
VTRS | dd=71.4% | prob=0.467 < umbral -> SIN SEÑAL
VST | dd=35.8% | prob=0.649 < umbral -> SIN SEÑAL
DIS | dd=48.3% | prob=0.413 < umbral -> SIN SEÑAL
WBD | dd=66.8% | prob=0.300 < umbral -> SIN SEÑAL
WDC | dd=35.1% | prob=0.881 | ENTRAR | score_fund=87.2 | sent=0.161 | obj_analista=655.5
WY | dd=30.2% | prob=0.410 < umbral -> SIN SEÑAL
WDAY | dd=45.2% | prob=0.689 < umbral -> SIN SEÑAL
WYNN | dd=51.2% | prob=0.545 < umbral -> SIN SEÑAL
ZBRA | dd=40.0% | prob=0.551 < umbral -> SIN SEÑAL
ZBH | dd=41.4% | prob=0.517 < umbral -> SIN SEÑAL
ZTS | dd=68.5% | prob=0.546 < umbral -> SIN SEÑAL
DECIDIDAS PARA ENTRAR HOY (0): []
