
===== escaneo preapertura 2026-08-26 08:45:54 ET =====
RESUMEN: universo=503 drawdown>=30%=149 con_senal=8
ACN | dd=51.6% | prob=0.591 < umbral -> SIN SEÑAL
ADBE | dd=60.8% | prob=0.569 < umbral -> SIN SEÑAL
AES | dd=67.5% | prob=0.000 < umbral -> SIN SEÑAL
AKAM | dd=69.4% | prob=0.689 < umbral -> SIN SEÑAL
ALB | dd=58.1% | prob=0.613 < umbral -> SIN SEÑAL
ARE | dd=71.0% | prob=0.551 < umbral -> SIN SEÑAL
ALGN | dd=78.4% | prob=0.569 < umbral -> SIN SEÑAL
AIG | dd=93.7% | prob=0.261 < umbral -> SIN SEÑAL
AMT | dd=31.3% | prob=0.410 < umbral -> SIN SEÑAL
APA | dd=61.1% | prob=0.551 < umbral -> SIN SEÑAL
AMAT | dd=35.1% | prob=0.723 < umbral -> SIN SEÑAL
APP | dd=58.4% | prob=0.723 < umbral -> SIN SEÑAL
APTV | dd=74.2% | prob=0.613 < umbral -> SIN SEÑAL
AZO | dd=31.0% | prob=0.441 < umbral -> SIN SEÑAL
AXON | dd=30.8% | prob=0.649 < umbral -> SIN SEÑAL
BALL | dd=33.1% | prob=0.292 < umbral -> SIN SEÑAL
BAX | dd=69.0% | prob=0.467 < umbral -> SIN SEÑAL
TECH | dd=45.6% | prob=0.000 < umbral -> SIN SEÑAL
BIIB | dd=54.0% | prob=0.413 < umbral -> SIN SEÑAL
XYZ | dd=71.4% | prob=0.517 < umbral -> SIN SEÑAL
BA | dd=51.5% | prob=0.467 < umbral -> SIN SEÑAL
BSX | dd=54.5% | prob=0.546 < umbral -> SIN SEÑAL
BR | dd=30.6% | prob=0.441 < umbral -> SIN SEÑAL
BRO | dd=41.0% | prob=0.410 < umbral -> SIN SEÑAL
BF.B | dd=61.9% | prob=0.413 < umbral -> SIN SEÑAL
BLDR | dd=67.7% | prob=0.619 < umbral -> SIN SEÑAL
BXP | dd=32.6% | prob=0.300 < umbral -> SIN SEÑAL
CHRW | dd=31.7% | prob=0.551 < umbral -> SIN SEÑAL
CCL | dd=60.5% | prob=0.546 < umbral -> SIN SEÑAL
CDW | dd=44.1% | prob=0.613 < umbral -> SIN SEÑAL
CNC | dd=34.0% | prob=0.546 < umbral -> SIN SEÑAL
CRL | dd=35.3% | prob=0.474 < umbral -> SIN SEÑAL
CHTR | dd=81.2% | prob=0.629 < umbral -> SIN SEÑAL
CMG | dd=46.0% | prob=0.519 < umbral -> SIN SEÑAL
CIEN | dd=63.3% | prob=0.859 | ENTRAR | score_fund=60.0 | sent=0.25 | obj_analista=557.28564
C | dd=64.8% | prob=0.410 < umbral -> SIN SEÑAL
CLX | dd=47.3% | prob=0.413 < umbral -> SIN SEÑAL
COHR | dd=34.5% | prob=0.888 | ENTRAR | score_fund=53.3 | sent=0.25 | obj_analista=416.09348
COIN | dd=57.9% | prob=0.689 < umbral -> SIN SEÑAL
CMCSA | dd=44.9% | prob=0.411 < umbral -> SIN SEÑAL
STZ | dd=47.9% | prob=0.410 < umbral -> SIN SEÑAL
CEG | dd=32.3% | prob=0.535 < umbral -> SIN SEÑAL
COO | dd=37.0% | prob=0.292 < umbral -> SIN SEÑAL
CPRT | dd=48.2% | prob=0.551 < umbral -> SIN SEÑAL
GLW | dd=45.9% | prob=0.805 | ENTRAR | score_fund=59.0 | sent=0.451 | obj_analista=191.4
CSGP | dd=67.5% | prob=0.613 < umbral -> SIN SEÑAL
CCI | dd=54.4% | prob=0.474 < umbral -> SIN SEÑAL
DECK | dd=60.4% | prob=0.551 < umbral -> SIN SEÑAL
DVN | dd=40.9% | prob=0.467 < umbral -> SIN SEÑAL
DXCM | dd=45.9% | prob=0.474 < umbral -> SIN SEÑAL
DG | dd=49.6% | prob=0.413 < umbral -> SIN SEÑAL
DPZ | dd=34.1% | prob=0.474 < umbral -> SIN SEÑAL
DOW | dd=46.8% | prob=0.569 < umbral -> SIN SEÑAL
ECHO | dd=41.2% | prob=0.619 < umbral -> SIN SEÑAL
EW | dd=31.0% | prob=0.300 < umbral -> SIN SEÑAL
EFX | dd=37.1% | prob=0.545 < umbral -> SIN SEÑAL
ERIE | dd=51.2% | prob=0.551 < umbral -> SIN SEÑAL
EL | dd=69.9% | prob=0.467 < umbral -> SIN SEÑAL
FDS | dd=39.3% | prob=0.551 < umbral -> SIN SEÑAL
FICO | dd=52.7% | prob=0.629 < umbral -> SIN SEÑAL
FIS | dd=70.6% | prob=0.551 < umbral -> SIN SEÑAL
FSLR | dd=35.6% | prob=0.689 < umbral -> SIN SEÑAL
FISV | dd=78.0% | prob=0.569 < umbral -> SIN SEÑAL
FLEX | dd=34.5% | prob=0.723 < umbral -> SIN SEÑAL
IT | dd=66.5% | prob=0.629 < umbral -> SIN SEÑAL
GNRC | dd=61.5% | prob=0.629 < umbral -> SIN SEÑAL
GIS | dd=49.4% | prob=0.413 < umbral -> SIN SEÑAL
GPN | dd=55.3% | prob=0.504 < umbral -> SIN SEÑAL
GDDY | dd=53.8% | prob=0.619 < umbral -> SIN SEÑAL
HAL | dd=43.0% | prob=0.500 < umbral -> SIN SEÑAL
HRL | dd=49.6% | prob=0.300 < umbral -> SIN SEÑAL
HII | dd=36.4% | prob=0.546 < umbral -> SIN SEÑAL
PODD | dd=59.7% | prob=0.619 < umbral -> SIN SEÑAL
INTC | dd=38.5% | prob=0.795 | ENTRAR (EXCEPCIONAL: entra pese a deterioro) | score_fund=35.7 | sent=0.19 | obj_analista=114.87805
IFF | dd=36.5% | prob=0.410 < umbral -> SIN SEÑAL
INTU | dd=55.6% | prob=0.591 < umbral -> SIN SEÑAL
ISRG | dd=39.6% | prob=0.551 < umbral -> SIN SEÑAL
KKR | dd=36.3% | prob=0.546 < umbral -> SIN SEÑAL
KLAC | dd=40.4% | prob=0.723 < umbral -> SIN SEÑAL
KHC | dd=59.6% | prob=0.413 < umbral -> SIN SEÑAL
LHX | dd=30.3% | prob=0.504 < umbral -> SIN SEÑAL
LVS | dd=49.5% | prob=0.411 < umbral -> SIN SEÑAL
LDOS | dd=34.1% | prob=0.546 < umbral -> SIN SEÑAL
LEN | dd=51.6% | prob=0.504 < umbral -> SIN SEÑAL
LII | dd=43.0% | prob=0.591 < umbral -> SIN SEÑAL
LULU | dd=77.1% | prob=0.551 < umbral -> SIN SEÑAL
LYB | dd=31.4% | prob=0.551 < umbral -> SIN SEÑAL
MKC | dd=43.6% | prob=0.413 < umbral -> SIN SEÑAL
MGM | dd=54.3% | prob=0.300 < umbral -> SIN SEÑAL
MCHP | dd=30.3% | prob=0.649 < umbral -> SIN SEÑAL
MAA | dd=31.6% | prob=0.261 < umbral -> SIN SEÑAL
MRNA | dd=68.1% | prob=0.629 < umbral -> SIN SEÑAL
TAP | dd=51.6% | prob=0.441 < umbral -> SIN SEÑAL
MNST | dd=51.4% | prob=0.888 | ENTRAR | score_fund=80.3 | sent=0.527 | obj_analista=50.28261
MOS | dd=79.4% | prob=0.569 < umbral -> SIN SEÑAL
NFLX | dd=38.7% | prob=0.476 < umbral -> SIN SEÑAL
NKE | dd=76.1% | prob=0.476 < umbral -> SIN SEÑAL
NCLH | dd=73.1% | prob=0.591 < umbral -> SIN SEÑAL
NRG | dd=40.0% | prob=0.629 < umbral -> SIN SEÑAL
NVR | dd=35.4% | prob=0.410 < umbral -> SIN SEÑAL
NXPI | dd=33.7% | prob=0.591 < umbral -> SIN SEÑAL
ON | dd=46.3% | prob=0.723 < umbral -> SIN SEÑAL
ORCL | dd=57.7% | prob=0.629 < umbral -> SIN SEÑAL
OTIS | dd=31.5% | prob=0.292 < umbral -> SIN SEÑAL
PSKY | dd=88.1% | prob=0.569 < umbral -> SIN SEÑAL
PYPL | dd=79.7% | prob=0.354 < umbral -> SIN SEÑAL
PNR | dd=44.8% | prob=0.535 < umbral -> SIN SEÑAL
PFE | dd=40.2% | prob=0.300 < umbral -> SIN SEÑAL
PCG | dd=73.7% | prob=0.413 < umbral -> SIN SEÑAL
PPG | dd=31.1% | prob=0.410 < umbral -> SIN SEÑAL
PTC | dd=31.2% | prob=0.519 < umbral -> SIN SEÑAL
QCOM | dd=38.0% | prob=0.613 < umbral -> SIN SEÑAL
RDDT | dd=42.6% | prob=0.723 < umbral -> SIN SEÑAL
REGN | dd=30.6% | prob=0.292 < umbral -> SIN SEÑAL
RVTY | dd=37.8% | prob=0.413 < umbral -> SIN SEÑAL
ROL | dd=44.7% | prob=0.474 < umbral -> SIN SEÑAL
CRM | dd=43.5% | prob=0.551 < umbral -> SIN SEÑAL
SNDK | dd=37.1% | prob=0.888 | ENTRAR | score_fund=88.9 | sent=0.136 | obj_analista=2126.1738
SBAC | dd=48.3% | prob=0.413 < umbral -> SIN SEÑAL
SLB | dd=37.7% | prob=0.476 < umbral -> SIN SEÑAL
NOW | dd=47.0% | prob=0.613 < umbral -> SIN SEÑAL
SWKS | dd=62.7% | prob=0.613 < umbral -> SIN SEÑAL
LUV | dd=32.0% | prob=0.519 < umbral -> SIN SEÑAL
SWK | dd=47.5% | prob=0.413 < umbral -> SIN SEÑAL
SMCI | dd=68.7% | prob=0.849 | ENTRAR | score_fund=70.8 | sent=0.511 | obj_analista=42.375
SNPS | dd=37.3% | prob=0.517 < umbral -> SIN SEÑAL
TMUS | dd=32.8% | prob=0.441 < umbral -> SIN SEÑAL
TROW | dd=37.4% | prob=0.300 < umbral -> SIN SEÑAL
TPL | dd=36.2% | prob=0.613 < umbral -> SIN SEÑAL
TTD | dd=90.6% | prob=0.723 < umbral -> SIN SEÑAL
TSCO | dd=43.6% | prob=0.476 < umbral -> SIN SEÑAL
TRMB | dd=38.4% | prob=0.545 < umbral -> SIN SEÑAL
TYL | dd=47.1% | prob=0.569 < umbral -> SIN SEÑAL
TSN | dd=34.4% | prob=0.413 < umbral -> SIN SEÑAL
UPS | dd=44.2% | prob=0.354 < umbral -> SIN SEÑAL
UNH | dd=34.5% | prob=0.410 < umbral -> SIN SEÑAL
VRSK | dd=41.0% | prob=0.551 < umbral -> SIN SEÑAL
VRT | dd=32.7% | prob=0.723 < umbral -> SIN SEÑAL
VTRS | dd=72.9% | prob=0.413 < umbral -> SIN SEÑAL
VST | dd=36.5% | prob=0.591 < umbral -> SIN SEÑAL
DIS | dd=43.5% | prob=0.292 < umbral -> SIN SEÑAL
WBD | dd=63.0% | prob=0.261 < umbral -> SIN SEÑAL
WDC | dd=43.6% | prob=0.881 | ENTRAR | score_fund=88.3 | sent=0.131 | obj_analista=664.9167
WY | dd=34.0% | prob=0.402 < umbral -> SIN SEÑAL
WDAY | dd=37.5% | prob=0.629 < umbral -> SIN SEÑAL
WYNN | dd=52.4% | prob=0.441 < umbral -> SIN SEÑAL
ZBRA | dd=41.4% | prob=0.517 < umbral -> SIN SEÑAL
ZBH | dd=40.1% | prob=0.410 < umbral -> SIN SEÑAL
ZTS | dd=67.2% | prob=0.546 < umbral -> SIN SEÑAL
COHR | dd=34.5% | prob=0.888 | ENTRADA DESCARTADA: ya hay posición abierta en Cartera A y Cartera B.
MNST | dd=51.4% | prob=0.888 | ENTRADA DESCARTADA: ya hay posición abierta en Cartera A y Cartera B.
SNDK | dd=37.1% | prob=0.888 | ENTRADA DESCARTADA: ya hay posición abierta en Cartera A y Cartera B.
WDC | dd=43.6% | prob=0.881 | ENTRADA SOLO EN CARTERA B: ya hay posición abierta en Cartera A.
CIEN | dd=63.3% | prob=0.859 | ENTRADA DESCARTADA: ya hay posición abierta en Cartera A y Cartera B.
SMCI | dd=68.7% | prob=0.849 | ENTRADA DESCARTADA: ya hay posición abierta en Cartera A y Cartera B.
GLW | dd=45.9% | prob=0.805 | ENTRADA DESCARTADA: ya hay posición abierta en Cartera A y Cartera B.
DECIDIDAS PARA ENTRAR HOY (2): ['WDC', 'INTC']
