
===== escaneo preapertura 2026-08-03 08:45:56 ET =====
RESUMEN: universo=503 drawdown>=30%=168 con_senal=17
AOS | dd=31.9% | prob=0.545 < umbral -> SIN SEÑAL
ACN | dd=57.1% | prob=0.619 < umbral -> SIN SEÑAL
ADBE | dd=64.2% | prob=0.613 < umbral -> SIN SEÑAL
AES | dd=67.6% | prob=0.000 < umbral -> SIN SEÑAL
ABNB | dd=31.1% | prob=0.413 < umbral -> SIN SEÑAL
AKAM | dd=66.7% | prob=0.619 < umbral -> SIN SEÑAL
ALB | dd=63.0% | prob=0.629 < umbral -> SIN SEÑAL
ARE | dd=71.7% | prob=0.519 < umbral -> SIN SEÑAL
ALGN | dd=77.1% | prob=0.591 < umbral -> SIN SEÑAL
AIG | dd=93.5% | prob=0.300 < umbral -> SIN SEÑAL
AMT | dd=33.3% | prob=0.413 < umbral -> SIN SEÑAL
APA | dd=64.9% | prob=0.551 < umbral -> SIN SEÑAL
APO | dd=32.2% | prob=0.520 < umbral -> SIN SEÑAL
AMAT | dd=31.4% | prob=0.863 | ENTRAR | score_fund=76.2 | sent=0.237 | obj_analista=627.65717
APP | dd=46.9% | prob=0.723 < umbral -> SIN SEÑAL
APTV | dd=68.8% | prob=0.520 < umbral -> SIN SEÑAL
ARES | dd=32.8% | prob=0.553 < umbral -> SIN SEÑAL
ADSK | dd=32.0% | prob=0.569 < umbral -> SIN SEÑAL
AZO | dd=31.3% | prob=0.545 < umbral -> SIN SEÑAL
AXON | dd=40.4% | prob=0.619 < umbral -> SIN SEÑAL
BALL | dd=32.2% | prob=0.413 < umbral -> SIN SEÑAL
BAX | dd=69.1% | prob=0.551 < umbral -> SIN SEÑAL
TECH | dd=45.8% | prob=0.000 < umbral -> SIN SEÑAL
BIIB | dd=57.7% | prob=0.569 < umbral -> SIN SEÑAL
BX | dd=33.1% | prob=0.546 < umbral -> SIN SEÑAL
XYZ | dd=71.9% | prob=0.517 < umbral -> SIN SEÑAL
BA | dd=50.4% | prob=0.519 < umbral -> SIN SEÑAL
BSX | dd=57.3% | prob=0.551 < umbral -> SIN SEÑAL
BR | dd=42.2% | prob=0.512 < umbral -> SIN SEÑAL
BRO | dd=43.4% | prob=0.546 < umbral -> SIN SEÑAL
BF.B | dd=61.2% | prob=0.500 < umbral -> SIN SEÑAL
BLDR | dd=69.1% | prob=0.708 < umbral -> SIN SEÑAL
BXP | dd=34.5% | prob=0.413 < umbral -> SIN SEÑAL
CCL | dd=58.0% | prob=0.551 < umbral -> SIN SEÑAL
CVNA | dd=36.0% | prob=0.723 < umbral -> SIN SEÑAL
CDW | dd=41.9% | prob=0.551 < umbral -> SIN SEÑAL
CNC | dd=36.9% | prob=0.591 < umbral -> SIN SEÑAL
CRL | dd=49.5% | prob=0.553 < umbral -> SIN SEÑAL
CHTR | dd=82.4% | prob=0.649 < umbral -> SIN SEÑAL
CMG | dd=46.3% | prob=0.551 < umbral -> SIN SEÑAL
CIEN | dd=64.3% | prob=0.881 | ENTRAR | score_fund=60.0 | sent=0.224 | obj_analista=565.7067
C | dd=65.0% | prob=0.474 < umbral -> SIN SEÑAL
CLX | dd=52.0% | prob=0.467 < umbral -> SIN SEÑAL
CTSH | dd=37.3% | prob=0.591 < umbral -> SIN SEÑAL
COHR | dd=40.3% | prob=0.935 | ENTRAR | score_fund=54.2 | sent=0.179 | obj_analista=391.45267
COIN | dd=67.1% | prob=0.805 | ENTRAR (EXCEPCIONAL: entra pese a deterioro) | score_fund=15.8 | sent=0.297 | obj_analista=201.45068
CMCSA | dd=51.3% | prob=0.551 < umbral -> SIN SEÑAL
STZ | dd=49.8% | prob=0.474 < umbral -> SIN SEÑAL
CEG | dd=36.1% | prob=0.569 < umbral -> SIN SEÑAL
COO | dd=37.6% | prob=0.369 < umbral -> SIN SEÑAL
CPRT | dd=54.8% | prob=0.551 < umbral -> SIN SEÑAL
GLW | dd=49.1% | prob=0.888 | ENTRAR | score_fund=59.0 | sent=0.405 | obj_analista=193.4
CSGP | dd=71.5% | prob=0.708 < umbral -> SIN SEÑAL
CCI | dd=54.4% | prob=0.519 < umbral -> SIN SEÑAL
DHR | dd=32.5% | prob=0.546 < umbral -> SIN SEÑAL
DECK | dd=56.7% | prob=0.569 < umbral -> SIN SEÑAL
DVN | dd=43.2% | prob=0.517 < umbral -> SIN SEÑAL
DXCM | dd=49.4% | prob=0.512 < umbral -> SIN SEÑAL
DG | dd=47.7% | prob=0.512 < umbral -> SIN SEÑAL
DPZ | dd=34.6% | prob=0.551 < umbral -> SIN SEÑAL
DASH | dd=31.3% | prob=0.569 < umbral -> SIN SEÑAL
DOW | dd=46.5% | prob=0.591 < umbral -> SIN SEÑAL
ECHO | dd=42.9% | prob=0.708 < umbral -> SIN SEÑAL
EW | dd=34.7% | prob=0.413 < umbral -> SIN SEÑAL
ELV | dd=31.3% | prob=0.519 < umbral -> SIN SEÑAL
EFX | dd=43.4% | prob=0.613 < umbral -> SIN SEÑAL
ERIE | dd=54.2% | prob=0.613 < umbral -> SIN SEÑAL
EL | dd=75.9% | prob=0.476 < umbral -> SIN SEÑAL
FDS | dd=46.1% | prob=0.613 < umbral -> SIN SEÑAL
FICO | dd=53.3% | prob=0.723 < umbral -> SIN SEÑAL
FIS | dd=67.4% | prob=0.546 < umbral -> SIN SEÑAL
FSLR | dd=34.2% | prob=0.613 < umbral -> SIN SEÑAL
FISV | dd=77.4% | prob=0.551 < umbral -> SIN SEÑAL
FLEX | dd=31.8% | prob=0.859 | ENTRAR | score_fund=54.2 | sent=0.672 | obj_analista=160.5
IT | dd=74.1% | prob=0.649 < umbral -> SIN SEÑAL
GNRC | dd=62.4% | prob=0.723 < umbral -> SIN SEÑAL
GIS | dd=54.5% | prob=0.545 < umbral -> SIN SEÑAL
GPN | dd=60.0% | prob=0.551 < umbral -> SIN SEÑAL
GDDY | dd=61.7% | prob=0.723 < umbral -> SIN SEÑAL
HAL | dd=45.6% | prob=0.551 < umbral -> SIN SEÑAL
HSY | dd=30.8% | prob=0.467 < umbral -> SIN SEÑAL
HRL | dd=47.0% | prob=0.410 < umbral -> SIN SEÑAL
HUM | dd=33.6% | prob=0.551 < umbral -> SIN SEÑAL
IBM | dd=32.7% | prob=0.613 < umbral -> SIN SEÑAL
PODD | dd=53.4% | prob=0.590 < umbral -> SIN SEÑAL
INTC | dd=36.6% | prob=0.888 | ENTRAR (EXCEPCIONAL: entra pese a deterioro) | score_fund=35.3 | sent=0.587 | obj_analista=115.26829
IFF | dd=42.3% | prob=0.413 < umbral -> SIN SEÑAL
INTU | dd=60.7% | prob=0.649 < umbral -> SIN SEÑAL
ISRG | dd=42.6% | prob=0.569 < umbral -> SIN SEÑAL
KKR | dd=39.9% | prob=0.545 < umbral -> SIN SEÑAL
KLAC | dd=40.5% | prob=0.881 | ENTRAR | score_fund=78.8 | sent=0.456 | obj_analista=230.85185
KHC | dd=58.7% | prob=0.441 < umbral -> SIN SEÑAL
LRCX | dd=33.2% | prob=0.881 | ENTRAR | score_fund=80.0 | sent=0.234 | obj_analista=368.12903
LVS | dd=47.8% | prob=0.413 < umbral -> SIN SEÑAL
LDOS | dd=43.4% | prob=0.551 < umbral -> SIN SEÑAL
LEN | dd=54.5% | prob=0.545 < umbral -> SIN SEÑAL
LII | dd=39.0% | prob=0.723 < umbral -> SIN SEÑAL
LULU | dd=77.0% | prob=0.551 < umbral -> SIN SEÑAL
LITE | dd=34.2% | prob=0.935 | ENTRAR | score_fund=56.0 | sent=0.468 | obj_analista=1104.8906
LYB | dd=31.9% | prob=0.569 < umbral -> SIN SEÑAL
MRVL | dd=43.1% | prob=0.888 | ENTRAR | score_fund=57.6 | sent=0.137 | obj_analista=256.9142
MKC | dd=47.3% | prob=0.517 < umbral -> SIN SEÑAL
MGM | dd=53.0% | prob=0.410 < umbral -> SIN SEÑAL
MU | dd=34.4% | prob=0.933 | ENTRAR | score_fund=87.9 | sent=0.141 | obj_analista=1522.2618
MAA | dd=31.4% | prob=0.292 < umbral -> SIN SEÑAL
MRNA | dd=89.0% | prob=0.723 < umbral -> SIN SEÑAL
TAP | dd=52.2% | prob=0.512 < umbral -> SIN SEÑAL
MOS | dd=81.2% | prob=0.569 < umbral -> SIN SEÑAL
NFLX | dd=46.5% | prob=0.551 < umbral -> SIN SEÑAL
NEM | dd=30.2% | prob=0.569 < umbral -> SIN SEÑAL
NKE | dd=74.7% | prob=0.476 < umbral -> SIN SEÑAL
NCLH | dd=71.2% | prob=0.629 < umbral -> SIN SEÑAL
NVR | dd=38.3% | prob=0.546 < umbral -> SIN SEÑAL
NXPI | dd=32.4% | prob=0.723 < umbral -> SIN SEÑAL
ON | dd=39.5% | prob=0.805 | ENTRAR | score_fund=53.1 | sent=0.282 | obj_analista=113.12
ORCL | dd=62.0% | prob=0.649 < umbral -> SIN SEÑAL
OTIS | dd=31.0% | prob=0.411 < umbral -> SIN SEÑAL
PLTR | dd=40.7% | prob=0.629 < umbral -> SIN SEÑAL
PSKY | dd=91.2% | prob=0.613 < umbral -> SIN SEÑAL
PYPL | dd=81.4% | prob=0.476 < umbral -> SIN SEÑAL
PNR | dd=41.9% | prob=0.569 < umbral -> SIN SEÑAL
PFE | dd=47.7% | prob=0.300 < umbral -> SIN SEÑAL
PCG | dd=75.1% | prob=0.411 < umbral -> SIN SEÑAL
PPG | dd=33.0% | prob=0.546 < umbral -> SIN SEÑAL
PTC | dd=37.5% | prob=0.551 < umbral -> SIN SEÑAL
QCOM | dd=43.0% | prob=0.723 < umbral -> SIN SEÑAL
REGN | dd=36.5% | prob=0.413 < umbral -> SIN SEÑAL
RVTY | dd=44.0% | prob=0.476 < umbral -> SIN SEÑAL
HOOD | dd=43.7% | prob=0.723 < umbral -> SIN SEÑAL
ROL | dd=42.2% | prob=0.551 < umbral -> SIN SEÑAL
ROP | dd=33.4% | prob=0.553 < umbral -> SIN SEÑAL
CRM | dd=49.5% | prob=0.591 < umbral -> SIN SEÑAL
SNDK | dd=48.4% | prob=0.974 | ENTRAR | score_fund=77.1 | sent=0.085 | obj_analista=2217.7727
SBAC | dd=50.1% | prob=0.519 < umbral -> SIN SEÑAL
SLB | dd=42.0% | prob=0.551 < umbral -> SIN SEÑAL
NOW | dd=53.6% | prob=0.649 < umbral -> SIN SEÑAL
SWKS | dd=64.6% | prob=0.649 < umbral -> SIN SEÑAL
SWK | dd=49.5% | prob=0.546 < umbral -> SIN SEÑAL
SMCI | dd=76.9% | prob=0.863 | ENTRAR | score_fund=56.3 | sent=0.425 | obj_analista=37.8125
SNPS | dd=40.3% | prob=0.591 < umbral -> SIN SEÑAL
TMUS | dd=36.1% | prob=0.569 < umbral -> SIN SEÑAL
TROW | dd=38.1% | prob=0.413 < umbral -> SIN SEÑAL
TGT | dd=37.7% | prob=0.441 < umbral -> SIN SEÑAL
TSLA | dd=37.6% | prob=0.619 < umbral -> SIN SEÑAL
TPL | dd=31.1% | prob=0.591 < umbral -> SIN SEÑAL
TTD | dd=87.3% | prob=0.649 < umbral -> SIN SEÑAL
TSCO | dd=50.9% | prob=0.551 < umbral -> SIN SEÑAL
TRMB | dd=41.4% | prob=0.551 < umbral -> SIN SEÑAL
TYL | dd=53.2% | prob=0.619 < umbral -> SIN SEÑAL
TSN | dd=33.5% | prob=0.441 < umbral -> SIN SEÑAL
UBER | dd=31.0% | prob=0.512 < umbral -> SIN SEÑAL
UPS | dd=44.7% | prob=0.476 < umbral -> SIN SEÑAL
UNH | dd=31.5% | prob=0.467 < umbral -> SIN SEÑAL
UHS | dd=31.4% | prob=0.553 < umbral -> SIN SEÑAL
VEEV | dd=40.8% | prob=0.551 < umbral -> SIN SEÑAL
VRSK | dd=39.0% | prob=0.590 < umbral -> SIN SEÑAL
VRT | dd=36.4% | prob=0.881 | ENTRAR | score_fund=79.6 | sent=0.577 | obj_analista=339.34616
VTRS | dd=71.5% | prob=0.413 < umbral -> SIN SEÑAL
VST | dd=32.3% | prob=0.649 < umbral -> SIN SEÑAL
DIS | dd=51.1% | prob=0.402 < umbral -> SIN SEÑAL
WBD | dd=66.3% | prob=0.292 < umbral -> SIN SEÑAL
WDC | dd=31.9% | prob=0.888 | ENTRAR | score_fund=84.4 | sent=0.019 | obj_analista=655.5
WY | dd=32.4% | prob=0.441 < umbral -> SIN SEÑAL
WDAY | dd=48.5% | prob=0.649 < umbral -> SIN SEÑAL
WYNN | dd=52.1% | prob=0.413 < umbral -> SIN SEÑAL
ZBRA | dd=52.2% | prob=0.535 < umbral -> SIN SEÑAL
ZBH | dd=43.9% | prob=0.467 < umbral -> SIN SEÑAL
ZTS | dd=67.2% | prob=0.546 < umbral -> SIN SEÑAL
DECIDIDAS PARA ENTRAR HOY (2): ['COIN', 'ON']

===== escaneo postcierre 2026-08-03 18:00:44 ET =====
POST-CIERRE 2026-08-03
entradas ejecutadas: ['COIN', 'ON']
cambios de objetivo: 26
cierres: [('LRCX', 'A', 'stop', -0.12), ('SNDK', 'B', 'tiempo', -0.1471), ('GLW', 'B', 'tiempo', -0.0909), ('MRVL', 'B', 'tiempo', -0.0573), ('WDC', 'B', 'tiempo', -0.0048), ('COHR', 'B', 'tiempo', -0.0622)]
