
===== escaneo preapertura 2026-09-30 08:45:47 ET =====
RESUMEN: universo=503 drawdown>=30%=178 con_senal=3
AOS | dd=34.3% | prob=0.412 < umbral -> SIN SEÑAL
ACN | dd=54.2% | prob=0.546 < umbral -> SIN SEÑAL
ADBE | dd=66.7% | prob=0.555 < umbral -> SIN SEÑAL
AES | dd=67.2% | prob=0.000 < umbral -> SIN SEÑAL
AKAM | dd=68.6% | prob=0.723 < umbral -> SIN SEÑAL
ALB | dd=66.1% | prob=0.638 < umbral -> SIN SEÑAL
ARE | dd=73.4% | prob=0.566 < umbral -> SIN SEÑAL
ALGN | dd=80.5% | prob=0.555 < umbral -> SIN SEÑAL
AIG | dd=93.8% | prob=0.315 < umbral -> SIN SEÑAL
AMT | dd=35.6% | prob=0.408 < umbral -> SIN SEÑAL
APH | dd=52.8% | prob=0.651 < umbral -> SIN SEÑAL
AON | dd=32.7% | prob=0.438 < umbral -> SIN SEÑAL
APA | dd=60.3% | prob=0.477 < umbral -> SIN SEÑAL
APO | dd=35.8% | prob=0.505 < umbral -> SIN SEÑAL
AMAT | dd=30.8% | prob=0.612 < umbral -> SIN SEÑAL
APP | dd=59.0% | prob=0.718 < umbral -> SIN SEÑAL
APTV | dd=76.0% | prob=0.555 < umbral -> SIN SEÑAL
ARES | dd=37.6% | prob=0.555 < umbral -> SIN SEÑAL
AJG | dd=34.3% | prob=0.438 < umbral -> SIN SEÑAL
ADSK | dd=41.0% | prob=0.566 < umbral -> SIN SEÑAL
AZO | dd=34.5% | prob=0.459 < umbral -> SIN SEÑAL
AXON | dd=52.6% | prob=0.723 < umbral -> SIN SEÑAL
BALL | dd=40.8% | prob=0.412 < umbral -> SIN SEÑAL
BAX | dd=72.3% | prob=0.477 < umbral -> SIN SEÑAL
TECH | dd=45.6% | prob=0.000 < umbral -> SIN SEÑAL
BIIB | dd=52.7% | prob=0.419 < umbral -> SIN SEÑAL
BX | dd=40.3% | prob=0.555 < umbral -> SIN SEÑAL
XYZ | dd=74.4% | prob=0.555 < umbral -> SIN SEÑAL
BA | dd=56.9% | prob=0.532 < umbral -> SIN SEÑAL
BSX | dd=59.9% | prob=0.532 < umbral -> SIN SEÑAL
BR | dd=39.6% | prob=0.412 < umbral -> SIN SEÑAL
BRO | dd=51.3% | prob=0.477 < umbral -> SIN SEÑAL
BF.B | dd=64.5% | prob=0.419 < umbral -> SIN SEÑAL
BXP | dd=42.4% | prob=0.419 < umbral -> SIN SEÑAL
CPT | dd=35.7% | prob=0.313 < umbral -> SIN SEÑAL
CCL | dd=62.1% | prob=0.566 < umbral -> SIN SEÑAL
CARR | dd=31.7% | prob=0.477 < umbral -> SIN SEÑAL
CVNA | dd=34.7% | prob=0.651 < umbral -> SIN SEÑAL
CASY | dd=35.3% | prob=0.555 < umbral -> SIN SEÑAL
CDW | dd=49.0% | prob=0.608 < umbral -> SIN SEÑAL
CNC | dd=36.9% | prob=0.555 < umbral -> SIN SEÑAL
CRL | dd=35.7% | prob=0.532 < umbral -> SIN SEÑAL
CHTR | dd=86.6% | prob=0.651 < umbral -> SIN SEÑAL
CMG | dd=54.0% | prob=0.555 < umbral -> SIN SEÑAL
CIEN | dd=66.4% | prob=0.723 < umbral -> SIN SEÑAL
C | dd=65.5% | prob=0.419 < umbral -> SIN SEÑAL
CLX | dd=59.0% | prob=0.532 < umbral -> SIN SEÑAL
CTSH | dd=35.6% | prob=0.477 < umbral -> SIN SEÑAL
COHR | dd=33.6% | prob=0.803 | ENTRAR | score_fund=53.3 | sent=0.23 | obj_analista=412.52014
COIN | dd=57.3% | prob=0.723 < umbral -> SIN SEÑAL
CMCSA | dd=56.1% | prob=0.477 < umbral -> SIN SEÑAL
STZ | dd=56.5% | prob=0.419 < umbral -> SIN SEÑAL
CEG | dd=35.6% | prob=0.505 < umbral -> SIN SEÑAL
COO | dd=51.1% | prob=0.555 < umbral -> SIN SEÑAL
CPRT | dd=57.8% | prob=0.532 < umbral -> SIN SEÑAL
GLW | dd=41.6% | prob=0.723 < umbral -> SIN SEÑAL
CSGP | dd=73.3% | prob=0.587 < umbral -> SIN SEÑAL
CRH | dd=35.3% | prob=0.532 < umbral -> SIN SEÑAL
CCI | dd=59.9% | prob=0.477 < umbral -> SIN SEÑAL
DECK | dd=65.3% | prob=0.532 < umbral -> SIN SEÑAL
DVN | dd=41.3% | prob=0.419 < umbral -> SIN SEÑAL
DXCM | dd=47.4% | prob=0.419 < umbral -> SIN SEÑAL
DG | dd=49.6% | prob=0.459 < umbral -> SIN SEÑAL
DLTR | dd=36.1% | prob=0.555 < umbral -> SIN SEÑAL
DPZ | dd=43.2% | prob=0.474 < umbral -> SIN SEÑAL
DASH | dd=34.5% | prob=0.587 < umbral -> SIN SEÑAL
DOW | dd=51.3% | prob=0.505 < umbral -> SIN SEÑAL
ECHO | dd=39.0% | prob=0.555 < umbral -> SIN SEÑAL
EIX | dd=34.4% | prob=0.587 < umbral -> SIN SEÑAL
EW | dd=33.1% | prob=0.419 < umbral -> SIN SEÑAL
EFX | dd=53.8% | prob=0.587 < umbral -> SIN SEÑAL
ERIE | dd=57.9% | prob=0.555 < umbral -> SIN SEÑAL
EL | dd=72.9% | prob=0.555 < umbral -> SIN SEÑAL
EXE | dd=32.8% | prob=0.419 < umbral -> SIN SEÑAL
FDS | dd=46.7% | prob=0.608 < umbral -> SIN SEÑAL
FICO | dd=74.3% | prob=0.878 | ENTRAR | score_fund=77.2 | sent=0.296 | obj_analista=1256.4194
FIS | dd=75.7% | prob=0.555 < umbral -> SIN SEÑAL
FSLR | dd=44.9% | prob=0.683 < umbral -> SIN SEÑAL
FISV | dd=81.0% | prob=0.555 < umbral -> SIN SEÑAL
FLEX | dd=31.8% | prob=0.651 < umbral -> SIN SEÑAL
F | dd=36.2% | prob=0.532 < umbral -> SIN SEÑAL
IT | dd=68.2% | prob=0.560 < umbral -> SIN SEÑAL
GEN | dd=34.1% | prob=0.723 < umbral -> SIN SEÑAL
GNRC | dd=59.5% | prob=0.651 < umbral -> SIN SEÑAL
GIS | dd=57.0% | prob=0.532 < umbral -> SIN SEÑAL
GPN | dd=60.3% | prob=0.419 < umbral -> SIN SEÑAL
GDDY | dd=56.5% | prob=0.651 < umbral -> SIN SEÑAL
HAL | dd=46.8% | prob=0.474 < umbral -> SIN SEÑAL
HSY | dd=36.2% | prob=0.319 < umbral -> SIN SEÑAL
HD | dd=31.5% | prob=0.419 < umbral -> SIN SEÑAL
HRL | dd=58.0% | prob=0.412 < umbral -> SIN SEÑAL
HII | dd=43.3% | prob=0.438 < umbral -> SIN SEÑAL
IBM | dd=33.8% | prob=0.555 < umbral -> SIN SEÑAL
IDXX | dd=30.7% | prob=0.419 < umbral -> SIN SEÑAL
PODD | dd=62.6% | prob=0.560 < umbral -> SIN SEÑAL
IFF | dd=37.9% | prob=0.315 < umbral -> SIN SEÑAL
IP | dd=41.1% | prob=0.555 < umbral -> SIN SEÑAL
INTU | dd=66.7% | prob=0.608 < umbral -> SIN SEÑAL
ISRG | dd=33.1% | prob=0.505 < umbral -> SIN SEÑAL
INVH | dd=32.1% | prob=0.257 < umbral -> SIN SEÑAL
KMB | dd=30.3% | prob=0.386 < umbral -> SIN SEÑAL
KKR | dd=44.8% | prob=0.532 < umbral -> SIN SEÑAL
KLAC | dd=36.1% | prob=0.612 < umbral -> SIN SEÑAL
KHC | dd=62.6% | prob=0.412 < umbral -> SIN SEÑAL
LHX | dd=37.2% | prob=0.419 < umbral -> SIN SEÑAL
LVS | dd=59.1% | prob=0.419 < umbral -> SIN SEÑAL
LDOS | dd=39.7% | prob=0.419 < umbral -> SIN SEÑAL
LEN | dd=54.2% | prob=0.532 < umbral -> SIN SEÑAL
LII | dd=47.2% | prob=0.555 < umbral -> SIN SEÑAL
LOW | dd=35.8% | prob=0.419 < umbral -> SIN SEÑAL
LULU | dd=81.2% | prob=0.638 < umbral -> SIN SEÑAL
LYB | dd=36.2% | prob=0.477 < umbral -> SIN SEÑAL
MLM | dd=32.4% | prob=0.532 < umbral -> SIN SEÑAL
MKC | dd=49.9% | prob=0.419 < umbral -> SIN SEÑAL
MCD | dd=30.7% | prob=0.412 < umbral -> SIN SEÑAL
MGM | dd=66.8% | prob=0.587 < umbral -> SIN SEÑAL
MAA | dd=38.6% | prob=0.313 < umbral -> SIN SEÑAL
MRNA | dd=59.1% | prob=0.798 | ENTRAR (EXCEPCIONAL: entra pese a deterioro) | score_fund=16.3 | sent=0.381 | obj_analista=119.55556
MNST | dd=58.4% | prob=0.608 < umbral -> SIN SEÑAL
MOS | dd=80.9% | prob=0.608 < umbral -> SIN SEÑAL
NFLX | dd=47.6% | prob=0.505 < umbral -> SIN SEÑAL
NKE | dd=78.3% | prob=0.459 < umbral -> SIN SEÑAL
NOC | dd=34.5% | prob=0.412 < umbral -> SIN SEÑAL
NCLH | dd=77.0% | prob=0.587 < umbral -> SIN SEÑAL
NRG | dd=48.7% | prob=0.587 < umbral -> SIN SEÑAL
NVR | dd=37.4% | prob=0.412 < umbral -> SIN SEÑAL
NXPI | dd=30.2% | prob=0.555 < umbral -> SIN SEÑAL
ON | dd=43.7% | prob=0.638 < umbral -> SIN SEÑAL
ORCL | dd=59.7% | prob=0.651 < umbral -> SIN SEÑAL
OTIS | dd=37.0% | prob=0.412 < umbral -> SIN SEÑAL
PSKY | dd=88.9% | prob=0.651 < umbral -> SIN SEÑAL
PAYX | dd=35.9% | prob=0.532 < umbral -> SIN SEÑAL
PYPL | dd=82.5% | prob=0.419 < umbral -> SIN SEÑAL
PNR | dd=52.7% | prob=0.532 < umbral -> SIN SEÑAL
PFE | dd=39.9% | prob=0.257 < umbral -> SIN SEÑAL
PCG | dd=82.5% | prob=0.608 < umbral -> SIN SEÑAL
PPG | dd=35.7% | prob=0.419 < umbral -> SIN SEÑAL
PTC | dd=37.4% | prob=0.555 < umbral -> SIN SEÑAL
RDDT | dd=48.6% | prob=0.683 < umbral -> SIN SEÑAL
REGN | dd=37.5% | prob=0.412 < umbral -> SIN SEÑAL
ROL | dd=53.6% | prob=0.546 < umbral -> SIN SEÑAL
ROP | dd=40.6% | prob=0.419 < umbral -> SIN SEÑAL
CRM | dd=38.2% | prob=0.555 < umbral -> SIN SEÑAL
SBAC | dd=55.1% | prob=0.477 < umbral -> SIN SEÑAL
SLB | dd=41.7% | prob=0.532 < umbral -> SIN SEÑAL
NOW | dd=45.8% | prob=0.608 < umbral -> SIN SEÑAL
SWKS | dd=50.0% | prob=0.638 < umbral -> SIN SEÑAL
SWK | dd=52.6% | prob=0.532 < umbral -> SIN SEÑAL
SYK | dd=30.4% | prob=0.477 < umbral -> SIN SEÑAL
SMCI | dd=66.6% | prob=0.651 < umbral -> SIN SEÑAL
SNPS | dd=36.3% | prob=0.566 < umbral -> SIN SEÑAL
TMUS | dd=39.7% | prob=0.419 < umbral -> SIN SEÑAL
TROW | dd=42.1% | prob=0.386 < umbral -> SIN SEÑAL
TPR | dd=30.8% | prob=0.505 < umbral -> SIN SEÑAL
TGT | dd=32.6% | prob=0.412 < umbral -> SIN SEÑAL
TPL | dd=43.7% | prob=0.608 < umbral -> SIN SEÑAL
TSCO | dd=49.7% | prob=0.477 < umbral -> SIN SEÑAL
TRMB | dd=40.6% | prob=0.419 < umbral -> SIN SEÑAL
TYL | dd=52.2% | prob=0.566 < umbral -> SIN SEÑAL
TSN | dd=41.5% | prob=0.412 < umbral -> SIN SEÑAL
UBER | dd=32.0% | prob=0.438 < umbral -> SIN SEÑAL
UDR | dd=33.0% | prob=0.257 < umbral -> SIN SEÑAL
UPS | dd=50.1% | prob=0.412 < umbral -> SIN SEÑAL
UNH | dd=38.0% | prob=0.412 < umbral -> SIN SEÑAL
VRSK | dd=48.1% | prob=0.555 < umbral -> SIN SEÑAL
VRT | dd=34.6% | prob=0.651 < umbral -> SIN SEÑAL
VTRS | dd=70.6% | prob=0.419 < umbral -> SIN SEÑAL
VST | dd=35.7% | prob=0.532 < umbral -> SIN SEÑAL
DIS | dd=46.4% | prob=0.257 < umbral -> SIN SEÑAL
WBD | dd=60.5% | prob=0.257 < umbral -> SIN SEÑAL
WDC | dd=43.3% | prob=0.723 < umbral -> SIN SEÑAL
WY | dd=47.2% | prob=0.419 < umbral -> SIN SEÑAL
WDAY | dd=39.2% | prob=0.555 < umbral -> SIN SEÑAL
WYNN | dd=62.3% | prob=0.532 < umbral -> SIN SEÑAL
XYL | dd=33.9% | prob=0.438 < umbral -> SIN SEÑAL
ZBRA | dd=38.9% | prob=0.419 < umbral -> SIN SEÑAL
ZBH | dd=45.5% | prob=0.438 < umbral -> SIN SEÑAL
ZTS | dd=70.2% | prob=0.474 < umbral -> SIN SEÑAL
COHR | dd=33.6% | prob=0.802 | ENTRADA DESCARTADA: ya hay posición abierta en Cartera A y Cartera B.
DECIDIDAS PARA ENTRAR HOY (2): ['FICO', 'MRNA']

===== escaneo postcierre 2026-09-30 18:00:43 ET =====
POST-CIERRE 2026-09-30
entradas ejecutadas: ['FICO', 'MRNA']
cambios de objetivo: 7
cierres: [('COHR', 'B', 'tiempo', -0.0498)]
