
===== escaneo preapertura 2026-09-15 08:46:07 ET =====
RESUMEN: universo=503 drawdown>=30%=176 con_senal=7
AOS | dd=35.1% | prob=0.419 < umbral -> SIN SEÑAL
ACN | dd=49.5% | prob=0.555 < umbral -> SIN SEÑAL
ADBE | dd=62.0% | prob=0.555 < umbral -> SIN SEÑAL
AES | dd=67.4% | prob=0.000 < umbral -> SIN SEÑAL
AKAM | dd=69.4% | prob=0.638 < umbral -> SIN SEÑAL
ALB | dd=63.8% | prob=0.651 < umbral -> SIN SEÑAL
ARE | dd=71.5% | prob=0.555 < umbral -> SIN SEÑAL
ALGN | dd=79.3% | prob=0.555 < umbral -> SIN SEÑAL
AIG | dd=93.7% | prob=0.257 < umbral -> SIN SEÑAL
AMT | dd=31.9% | prob=0.419 < umbral -> SIN SEÑAL
APH | dd=56.0% | prob=0.856 | ENTRAR | score_fund=80.2 | sent=0.69 | obj_analista=99.26471
APA | dd=57.6% | prob=0.477 < umbral -> SIN SEÑAL
APO | dd=30.8% | prob=0.532 < umbral -> SIN SEÑAL
AMAT | dd=42.6% | prob=0.651 < umbral -> SIN SEÑAL
APP | dd=55.2% | prob=0.638 < umbral -> SIN SEÑAL
APTV | dd=75.2% | prob=0.587 < umbral -> SIN SEÑAL
ARES | dd=31.0% | prob=0.555 < umbral -> SIN SEÑAL
ADSK | dd=33.5% | prob=0.566 < umbral -> SIN SEÑAL
AZO | dd=32.4% | prob=0.412 < umbral -> SIN SEÑAL
AXON | dd=44.7% | prob=0.638 < umbral -> SIN SEÑAL
BALL | dd=36.6% | prob=0.313 < umbral -> SIN SEÑAL
BAX | dd=71.8% | prob=0.532 < umbral -> SIN SEÑAL
TECH | dd=45.7% | prob=0.000 < umbral -> SIN SEÑAL
BIIB | dd=54.7% | prob=0.438 < umbral -> SIN SEÑAL
BX | dd=32.8% | prob=0.532 < umbral -> SIN SEÑAL
XYZ | dd=72.5% | prob=0.532 < umbral -> SIN SEÑAL
BA | dd=51.7% | prob=0.412 < umbral -> SIN SEÑAL
BSX | dd=58.9% | prob=0.587 < umbral -> SIN SEÑAL
AVGO | dd=30.2% | prob=0.555 < umbral -> SIN SEÑAL
BR | dd=34.5% | prob=0.419 < umbral -> SIN SEÑAL
BRO | dd=45.1% | prob=0.438 < umbral -> SIN SEÑAL
BF.B | dd=64.6% | prob=0.477 < umbral -> SIN SEÑAL
BLDR | dd=71.9% | prob=0.638 < umbral -> SIN SEÑAL
BXP | dd=39.8% | prob=0.412 < umbral -> SIN SEÑAL
CDNS | dd=33.0% | prob=0.587 < umbral -> SIN SEÑAL
CPT | dd=32.2% | prob=0.257 < umbral -> SIN SEÑAL
CCL | dd=65.9% | prob=0.555 < umbral -> SIN SEÑAL
CASY | dd=33.0% | prob=0.651 < umbral -> SIN SEÑAL
CDW | dd=40.4% | prob=0.608 < umbral -> SIN SEÑAL
CRL | dd=40.7% | prob=0.438 < umbral -> SIN SEÑAL
CHTR | dd=82.6% | prob=0.651 < umbral -> SIN SEÑAL
CMG | dd=46.5% | prob=0.474 < umbral -> SIN SEÑAL
CIEN | dd=69.8% | prob=0.803 | ENTRAR | score_fund=63.6 | sent=0.152 | obj_analista=497.20053
C | dd=64.0% | prob=0.419 < umbral -> SIN SEÑAL
CLX | dd=55.1% | prob=0.477 < umbral -> SIN SEÑAL
COHR | dd=39.4% | prob=0.878 | ENTRAR | score_fund=53.3 | sent=-0.067 | obj_analista=415.36197
COIN | dd=56.9% | prob=0.718 < umbral -> SIN SEÑAL
CMCSA | dd=49.4% | prob=0.438 < umbral -> SIN SEÑAL
STZ | dd=51.8% | prob=0.477 < umbral -> SIN SEÑAL
CEG | dd=35.6% | prob=0.587 < umbral -> SIN SEÑAL
COO | dd=53.2% | prob=0.638 < umbral -> SIN SEÑAL
CPRT | dd=50.7% | prob=0.587 < umbral -> SIN SEÑAL
GLW | dd=47.2% | prob=0.723 < umbral -> SIN SEÑAL
CSGP | dd=68.8% | prob=0.587 < umbral -> SIN SEÑAL
CRH | dd=31.9% | prob=0.505 < umbral -> SIN SEÑAL
CCI | dd=55.7% | prob=0.477 < umbral -> SIN SEÑAL
DECK | dd=64.0% | prob=0.532 < umbral -> SIN SEÑAL
DVN | dd=37.4% | prob=0.412 < umbral -> SIN SEÑAL
DXCM | dd=48.6% | prob=0.477 < umbral -> SIN SEÑAL
DG | dd=46.9% | prob=0.505 < umbral -> SIN SEÑAL
DLTR | dd=32.7% | prob=0.555 < umbral -> SIN SEÑAL
DPZ | dd=39.0% | prob=0.555 < umbral -> SIN SEÑAL
DOW | dd=49.0% | prob=0.555 < umbral -> SIN SEÑAL
ECHO | dd=36.2% | prob=0.558 < umbral -> SIN SEÑAL
EIX | dd=31.2% | prob=0.651 < umbral -> SIN SEÑAL
EW | dd=35.1% | prob=0.419 < umbral -> SIN SEÑAL
EFX | dd=43.5% | prob=0.555 < umbral -> SIN SEÑAL
ERIE | dd=52.0% | prob=0.532 < umbral -> SIN SEÑAL
EL | dd=71.8% | prob=0.505 < umbral -> SIN SEÑAL
FDS | dd=43.3% | prob=0.608 < umbral -> SIN SEÑAL
FICO | dd=58.3% | prob=0.638 < umbral -> SIN SEÑAL
FIS | dd=72.2% | prob=0.566 < umbral -> SIN SEÑAL
FSLR | dd=35.5% | prob=0.638 < umbral -> SIN SEÑAL
FISV | dd=78.6% | prob=0.566 < umbral -> SIN SEÑAL
FLEX | dd=35.1% | prob=0.718 < umbral -> SIN SEÑAL
IT | dd=66.3% | prob=0.587 < umbral -> SIN SEÑAL
GEHC | dd=32.0% | prob=0.419 < umbral -> SIN SEÑAL
GNRC | dd=66.2% | prob=0.651 < umbral -> SIN SEÑAL
GIS | dd=53.6% | prob=0.505 < umbral -> SIN SEÑAL
GPN | dd=57.1% | prob=0.419 < umbral -> SIN SEÑAL
GDDY | dd=51.6% | prob=0.566 < umbral -> SIN SEÑAL
HAL | dd=40.9% | prob=0.555 < umbral -> SIN SEÑAL
HSY | dd=31.3% | prob=0.412 < umbral -> SIN SEÑAL
HRL | dd=55.6% | prob=0.419 < umbral -> SIN SEÑAL
HII | dd=38.9% | prob=0.474 < umbral -> SIN SEÑAL
IDXX | dd=33.8% | prob=0.477 < umbral -> SIN SEÑAL
IR | dd=31.9% | prob=0.438 < umbral -> SIN SEÑAL
PODD | dd=61.2% | prob=0.587 < umbral -> SIN SEÑAL
INTC | dd=31.7% | prob=0.723 < umbral -> SIN SEÑAL
IFF | dd=39.3% | prob=0.412 < umbral -> SIN SEÑAL
IP | dd=39.5% | prob=0.555 < umbral -> SIN SEÑAL
INTU | dd=57.9% | prob=0.566 < umbral -> SIN SEÑAL
ISRG | dd=38.6% | prob=0.532 < umbral -> SIN SEÑAL
JBL | dd=30.4% | prob=0.612 < umbral -> SIN SEÑAL
KMB | dd=30.3% | prob=0.419 < umbral -> SIN SEÑAL
KKR | dd=39.4% | prob=0.546 < umbral -> SIN SEÑAL
KLAC | dd=45.0% | prob=0.718 < umbral -> SIN SEÑAL
KHC | dd=61.2% | prob=0.412 < umbral -> SIN SEÑAL
LHX | dd=33.9% | prob=0.438 < umbral -> SIN SEÑAL
LRCX | dd=37.6% | prob=0.723 < umbral -> SIN SEÑAL
LVS | dd=54.7% | prob=0.438 < umbral -> SIN SEÑAL
LDOS | dd=34.9% | prob=0.459 < umbral -> SIN SEÑAL
LEN | dd=55.8% | prob=0.505 < umbral -> SIN SEÑAL
LII | dd=46.4% | prob=0.555 < umbral -> SIN SEÑAL
LOW | dd=32.1% | prob=0.412 < umbral -> SIN SEÑAL
LULU | dd=80.6% | prob=0.612 < umbral -> SIN SEÑAL
LYB | dd=31.2% | prob=0.555 < umbral -> SIN SEÑAL
MRVL | dd=33.7% | prob=0.803 | ENTRAR | score_fund=69.0 | sent=-0.137 | obj_analista=289.0412
MKC | dd=47.8% | prob=0.419 < umbral -> SIN SEÑAL
MGM | dd=58.0% | prob=0.412 < umbral -> SIN SEÑAL
MCHP | dd=32.2% | prob=0.587 < umbral -> SIN SEÑAL
MAA | dd=34.9% | prob=0.257 < umbral -> SIN SEÑAL
MRNA | dd=70.5% | prob=0.723 < umbral -> SIN SEÑAL
TAP | dd=55.0% | prob=0.477 < umbral -> SIN SEÑAL
MPWR | dd=33.2% | prob=0.638 < umbral -> SIN SEÑAL
MNST | dd=55.9% | prob=0.683 < umbral -> SIN SEÑAL
MOS | dd=78.7% | prob=0.575 < umbral -> SIN SEÑAL
NFLX | dd=40.1% | prob=0.474 < umbral -> SIN SEÑAL
NKE | dd=77.6% | prob=0.459 < umbral -> SIN SEÑAL
NOC | dd=31.6% | prob=0.412 < umbral -> SIN SEÑAL
NCLH | dd=77.1% | prob=0.587 < umbral -> SIN SEÑAL
NRG | dd=42.7% | prob=0.638 < umbral -> SIN SEÑAL
NVR | dd=36.8% | prob=0.412 < umbral -> SIN SEÑAL
NXPI | dd=33.8% | prob=0.558 < umbral -> SIN SEÑAL
ON | dd=46.9% | prob=0.651 < umbral -> SIN SEÑAL
ORCL | dd=57.6% | prob=0.723 < umbral -> SIN SEÑAL
OTIS | dd=32.7% | prob=0.315 < umbral -> SIN SEÑAL
PSKY | dd=87.9% | prob=0.587 < umbral -> SIN SEÑAL
PYPL | dd=82.4% | prob=0.477 < umbral -> SIN SEÑAL
PNR | dd=50.3% | prob=0.532 < umbral -> SIN SEÑAL
PFE | dd=42.0% | prob=0.315 < umbral -> SIN SEÑAL
PCG | dd=80.5% | prob=0.683 < umbral -> SIN SEÑAL
PPG | dd=36.2% | prob=0.438 < umbral -> SIN SEÑAL
PTC | dd=37.8% | prob=0.555 < umbral -> SIN SEÑAL
QCOM | dd=30.4% | prob=0.608 < umbral -> SIN SEÑAL
Q | dd=33.9% | prob=0.651 < umbral -> SIN SEÑAL
RDDT | dd=42.6% | prob=0.651 < umbral -> SIN SEÑAL
REGN | dd=33.9% | prob=0.412 < umbral -> SIN SEÑAL
RVTY | dd=36.0% | prob=0.438 < umbral -> SIN SEÑAL
ROL | dd=46.3% | prob=0.419 < umbral -> SIN SEÑAL
ROP | dd=32.9% | prob=0.419 < umbral -> SIN SEÑAL
SNDK | dd=34.1% | prob=0.878 | ENTRAR | score_fund=88.4 | sent=0.256 | obj_analista=2125.087
SBAC | dd=49.5% | prob=0.477 < umbral -> SIN SEÑAL
SLB | dd=37.7% | prob=0.558 < umbral -> SIN SEÑAL
NOW | dd=40.6% | prob=0.608 < umbral -> SIN SEÑAL
SWKS | dd=55.0% | prob=0.683 < umbral -> SIN SEÑAL
LUV | dd=34.2% | prob=0.505 < umbral -> SIN SEÑAL
SWK | dd=52.6% | prob=0.505 < umbral -> SIN SEÑAL
SMCI | dd=70.1% | prob=0.723 < umbral -> SIN SEÑAL
SNPS | dd=41.5% | prob=0.587 < umbral -> SIN SEÑAL
TMUS | dd=32.4% | prob=0.419 < umbral -> SIN SEÑAL
TROW | dd=41.4% | prob=0.315 < umbral -> SIN SEÑAL
TGT | dd=31.6% | prob=0.419 < umbral -> SIN SEÑAL
TER | dd=32.5% | prob=0.798 | ENTRAR | score_fund=81.2 | sent=0.171 | obj_analista=446.46667
TPL | dd=37.4% | prob=0.558 < umbral -> SIN SEÑAL
TTD | dd=89.4% | prob=0.638 < umbral -> SIN SEÑAL
TSCO | dd=46.0% | prob=0.505 < umbral -> SIN SEÑAL
TRMB | dd=39.1% | prob=0.419 < umbral -> SIN SEÑAL
TYL | dd=45.6% | prob=0.566 < umbral -> SIN SEÑAL
TSN | dd=39.0% | prob=0.419 < umbral -> SIN SEÑAL
UDR | dd=30.2% | prob=0.257 < umbral -> SIN SEÑAL
UPS | dd=45.6% | prob=0.313 < umbral -> SIN SEÑAL
UNH | dd=36.6% | prob=0.477 < umbral -> SIN SEÑAL
VRSK | dd=41.5% | prob=0.555 < umbral -> SIN SEÑAL
VRT | dd=37.5% | prob=0.723 < umbral -> SIN SEÑAL
VTRS | dd=73.0% | prob=0.419 < umbral -> SIN SEÑAL
VST | dd=35.7% | prob=0.566 < umbral -> SIN SEÑAL
DIS | dd=44.8% | prob=0.313 < umbral -> SIN SEÑAL
WBD | dd=64.0% | prob=0.250 < umbral -> SIN SEÑAL
WDC | dd=46.6% | prob=0.858 | ENTRAR | score_fund=88.5 | sent=0.312 | obj_analista=664.9167
WY | dd=40.0% | prob=0.412 < umbral -> SIN SEÑAL
WDAY | dd=37.6% | prob=0.587 < umbral -> SIN SEÑAL
WYNN | dd=57.7% | prob=0.477 < umbral -> SIN SEÑAL
ZBRA | dd=42.8% | prob=0.477 < umbral -> SIN SEÑAL
ZBH | dd=42.3% | prob=0.474 < umbral -> SIN SEÑAL
ZTS | dd=68.8% | prob=0.505 < umbral -> SIN SEÑAL
COHR | dd=39.4% | prob=0.878 | ENTRADA SOLO EN CARTERA A: ya hay posición abierta en Cartera B.
SNDK | dd=34.1% | prob=0.878 | ENTRADA DESCARTADA: ya hay posición abierta en Cartera A y Cartera B.
WDC | dd=46.6% | prob=0.858 | ENTRADA DESCARTADA: ya hay posición abierta en Cartera A y Cartera B.
APH | dd=56.0% | prob=0.856 | ENTRADA DESCARTADA: ya hay posición abierta en Cartera A y Cartera B.
CIEN | dd=69.8% | prob=0.802 | ENTRADA SOLO EN CARTERA B: ya hay posición abierta en Cartera A.
DECIDIDAS PARA ENTRAR HOY (4): ['COHR', 'CIEN', 'MRVL', 'TER']

===== escaneo postcierre 2026-09-15 18:01:07 ET =====
POST-CIERRE 2026-09-15
entradas ejecutadas: ['COHR', 'MRVL', 'TER']
cambios de objetivo: 18
cierres: []
