
===== escaneo preapertura 2026-10-01 08:46:00 ET =====
RESUMEN: universo=503 drawdown>=30%=184 con_senal=3
AOS | dd=36.2% | prob=0.412 < umbral -> SIN SEÑAL
ACN | dd=52.5% | prob=0.532 < umbral -> SIN SEÑAL
ADBE | dd=65.7% | prob=0.555 < umbral -> SIN SEÑAL
AES | dd=67.2% | prob=0.000 < umbral -> SIN SEÑAL
AKAM | dd=69.2% | prob=0.723 < umbral -> SIN SEÑAL
ALB | dd=66.7% | prob=0.612 < umbral -> SIN SEÑAL
ARE | dd=73.9% | prob=0.558 < umbral -> SIN SEÑAL
ALGN | dd=80.3% | prob=0.532 < umbral -> SIN SEÑAL
AIG | dd=93.8% | prob=0.315 < umbral -> SIN SEÑAL
AMT | dd=37.0% | prob=0.412 < umbral -> SIN SEÑAL
APH | dd=52.8% | prob=0.638 < umbral -> SIN SEÑAL
AON | dd=32.5% | prob=0.438 < umbral -> SIN SEÑAL
APA | dd=60.9% | prob=0.546 < umbral -> SIN SEÑAL
APO | dd=37.4% | prob=0.532 < umbral -> SIN SEÑAL
AMAT | dd=30.9% | prob=0.587 < umbral -> SIN SEÑAL
APP | dd=61.0% | prob=0.718 < umbral -> SIN SEÑAL
APTV | dd=76.2% | prob=0.555 < umbral -> SIN SEÑAL
ARES | dd=39.0% | prob=0.555 < umbral -> SIN SEÑAL
AJG | dd=34.2% | prob=0.438 < umbral -> SIN SEÑAL
ADSK | dd=39.3% | prob=0.566 < umbral -> SIN SEÑAL
AZO | dd=35.5% | prob=0.477 < umbral -> SIN SEÑAL
AXON | dd=52.3% | prob=0.683 < umbral -> SIN SEÑAL
BALL | dd=41.5% | prob=0.412 < umbral -> SIN SEÑAL
BAX | dd=71.7% | prob=0.477 < umbral -> SIN SEÑAL
TECH | dd=45.5% | prob=0.000 < umbral -> SIN SEÑAL
BIIB | dd=53.0% | prob=0.419 < umbral -> SIN SEÑAL
BX | dd=41.3% | prob=0.532 < umbral -> SIN SEÑAL
XYZ | dd=74.6% | prob=0.505 < umbral -> SIN SEÑAL
BA | dd=57.3% | prob=0.555 < umbral -> SIN SEÑAL
BSX | dd=60.1% | prob=0.532 < umbral -> SIN SEÑAL
BR | dd=39.5% | prob=0.412 < umbral -> SIN SEÑAL
BRO | dd=51.0% | prob=0.474 < umbral -> SIN SEÑAL
BF.B | dd=64.6% | prob=0.419 < umbral -> SIN SEÑAL
BXP | dd=42.9% | prob=0.412 < umbral -> SIN SEÑAL
CPT | dd=36.8% | prob=0.313 < umbral -> SIN SEÑAL
CCL | dd=62.9% | prob=0.555 < umbral -> SIN SEÑAL
CARR | dd=32.3% | prob=0.477 < umbral -> SIN SEÑAL
CVNA | dd=35.8% | prob=0.638 < umbral -> SIN SEÑAL
CASY | dd=34.4% | prob=0.555 < umbral -> SIN SEÑAL
CDW | dd=49.6% | prob=0.608 < umbral -> SIN SEÑAL
CNC | dd=37.0% | prob=0.555 < umbral -> SIN SEÑAL
CRL | dd=35.9% | prob=0.477 < umbral -> SIN SEÑAL
CHTR | dd=86.6% | prob=0.651 < umbral -> SIN SEÑAL
CMG | dd=53.9% | prob=0.555 < umbral -> SIN SEÑAL
CIEN | dd=66.7% | prob=0.723 < umbral -> SIN SEÑAL
C | dd=65.8% | prob=0.419 < umbral -> SIN SEÑAL
CLX | dd=59.3% | prob=0.505 < umbral -> SIN SEÑAL
CTSH | dd=34.9% | prob=0.477 < umbral -> SIN SEÑAL
COHR | dd=34.6% | prob=0.798 | ENTRAR | score_fund=53.3 | sent=0.425 | obj_analista=412.52014
COIN | dd=58.1% | prob=0.723 < umbral -> SIN SEÑAL
CMCSA | dd=55.8% | prob=0.474 < umbral -> SIN SEÑAL
STZ | dd=56.4% | prob=0.419 < umbral -> SIN SEÑAL
CEG | dd=38.2% | prob=0.555 < umbral -> SIN SEÑAL
COO | dd=51.2% | prob=0.555 < umbral -> SIN SEÑAL
CPRT | dd=57.6% | prob=0.532 < umbral -> SIN SEÑAL
GLW | dd=43.4% | prob=0.683 < umbral -> SIN SEÑAL
CSGP | dd=72.9% | prob=0.587 < umbral -> SIN SEÑAL
CRH | dd=36.6% | prob=0.505 < umbral -> SIN SEÑAL
CCI | dd=60.2% | prob=0.477 < umbral -> SIN SEÑAL
DECK | dd=65.1% | prob=0.477 < umbral -> SIN SEÑAL
DVN | dd=42.0% | prob=0.477 < umbral -> SIN SEÑAL
DXCM | dd=47.7% | prob=0.412 < umbral -> SIN SEÑAL
DG | dd=50.8% | prob=0.505 < umbral -> SIN SEÑAL
DLTR | dd=35.7% | prob=0.546 < umbral -> SIN SEÑAL
DPZ | dd=43.6% | prob=0.474 < umbral -> SIN SEÑAL
DASH | dd=35.7% | prob=0.587 < umbral -> SIN SEÑAL
DOW | dd=51.4% | prob=0.532 < umbral -> SIN SEÑAL
DHI | dd=30.2% | prob=0.438 < umbral -> SIN SEÑAL
ECHO | dd=39.3% | prob=0.532 < umbral -> SIN SEÑAL
EIX | dd=34.2% | prob=0.566 < umbral -> SIN SEÑAL
EW | dd=34.5% | prob=0.419 < umbral -> SIN SEÑAL
EFX | dd=55.0% | prob=0.587 < umbral -> SIN SEÑAL
ERIE | dd=58.5% | prob=0.555 < umbral -> SIN SEÑAL
EL | dd=73.4% | prob=0.555 < umbral -> SIN SEÑAL
EXE | dd=32.8% | prob=0.419 < umbral -> SIN SEÑAL
EXR | dd=30.7% | prob=0.319 < umbral -> SIN SEÑAL
FDS | dd=44.7% | prob=0.608 < umbral -> SIN SEÑAL
FICO | dd=75.3% | prob=0.886 | ENTRAR | score_fund=78.9 | sent=0.454 | obj_analista=1256.4194
FIS | dd=76.1% | prob=0.555 < umbral -> SIN SEÑAL
FSLR | dd=45.4% | prob=0.651 < umbral -> SIN SEÑAL
FISV | dd=81.1% | prob=0.555 < umbral -> SIN SEÑAL
FLEX | dd=34.1% | prob=0.651 < umbral -> SIN SEÑAL
F | dd=37.4% | prob=0.532 < umbral -> SIN SEÑAL
IT | dd=68.1% | prob=0.560 < umbral -> SIN SEÑAL
GEHC | dd=30.8% | prob=0.412 < umbral -> SIN SEÑAL
GEN | dd=30.4% | prob=0.718 < umbral -> SIN SEÑAL
GNRC | dd=60.5% | prob=0.638 < umbral -> SIN SEÑAL
GIS | dd=59.1% | prob=0.555 < umbral -> SIN SEÑAL
GPN | dd=61.1% | prob=0.419 < umbral -> SIN SEÑAL
GDDY | dd=55.8% | prob=0.651 < umbral -> SIN SEÑAL
HAL | dd=46.3% | prob=0.477 < umbral -> SIN SEÑAL
HSY | dd=37.7% | prob=0.412 < umbral -> SIN SEÑAL
HD | dd=32.3% | prob=0.412 < umbral -> SIN SEÑAL
HRL | dd=57.8% | prob=0.412 < umbral -> SIN SEÑAL
HUM | dd=30.4% | prob=0.555 < umbral -> SIN SEÑAL
HII | dd=41.7% | prob=0.438 < umbral -> SIN SEÑAL
IBM | dd=33.8% | prob=0.555 < umbral -> SIN SEÑAL
IDXX | dd=32.2% | prob=0.419 < umbral -> SIN SEÑAL
PODD | dd=63.2% | prob=0.560 < umbral -> SIN SEÑAL
IFF | dd=39.2% | prob=0.408 < umbral -> SIN SEÑAL
IP | dd=41.4% | prob=0.555 < umbral -> SIN SEÑAL
INTU | dd=65.7% | prob=0.587 < umbral -> SIN SEÑAL
ISRG | dd=34.0% | prob=0.477 < umbral -> SIN SEÑAL
INVH | dd=32.7% | prob=0.257 < umbral -> SIN SEÑAL
JBL | dd=33.1% | prob=0.638 < umbral -> SIN SEÑAL
KMB | dd=31.4% | prob=0.412 < umbral -> SIN SEÑAL
KKR | dd=45.9% | prob=0.532 < umbral -> SIN SEÑAL
KLAC | dd=36.6% | prob=0.587 < umbral -> SIN SEÑAL
KHC | dd=63.7% | prob=0.419 < umbral -> SIN SEÑAL
LHX | dd=37.1% | prob=0.412 < umbral -> SIN SEÑAL
LVS | dd=59.6% | prob=0.419 < umbral -> SIN SEÑAL
LDOS | dd=40.3% | prob=0.419 < umbral -> SIN SEÑAL
LEN | dd=54.9% | prob=0.532 < umbral -> SIN SEÑAL
LII | dd=48.0% | prob=0.555 < umbral -> SIN SEÑAL
LOW | dd=36.8% | prob=0.419 < umbral -> SIN SEÑAL
LULU | dd=81.4% | prob=0.608 < umbral -> SIN SEÑAL
LYB | dd=37.0% | prob=0.505 < umbral -> SIN SEÑAL
MLM | dd=32.3% | prob=0.477 < umbral -> SIN SEÑAL
MKC | dd=52.0% | prob=0.477 < umbral -> SIN SEÑAL
MCD | dd=31.6% | prob=0.386 < umbral -> SIN SEÑAL
MGM | dd=67.3% | prob=0.587 < umbral -> SIN SEÑAL
MAA | dd=39.0% | prob=0.313 < umbral -> SIN SEÑAL
MRNA | dd=61.3% | prob=0.803 | ENTRAR (EXCEPCIONAL: entra pese a deterioro) | score_fund=16.3 | sent=-0.074 | obj_analista=120.66667
MNST | dd=58.5% | prob=0.608 < umbral -> SIN SEÑAL
MOS | dd=81.6% | prob=0.612 < umbral -> SIN SEÑAL
NFLX | dd=48.1% | prob=0.477 < umbral -> SIN SEÑAL
NKE | dd=78.6% | prob=0.474 < umbral -> SIN SEÑAL
NOC | dd=37.3% | prob=0.419 < umbral -> SIN SEÑAL
NCLH | dd=77.2% | prob=0.587 < umbral -> SIN SEÑAL
NRG | dd=49.5% | prob=0.587 < umbral -> SIN SEÑAL
NVR | dd=38.2% | prob=0.412 < umbral -> SIN SEÑAL
ODFL | dd=31.0% | prob=0.532 < umbral -> SIN SEÑAL
ON | dd=43.0% | prob=0.612 < umbral -> SIN SEÑAL
ORCL | dd=59.8% | prob=0.638 < umbral -> SIN SEÑAL
OTIS | dd=38.3% | prob=0.419 < umbral -> SIN SEÑAL
PSKY | dd=88.5% | prob=0.638 < umbral -> SIN SEÑAL
PAYX | dd=36.4% | prob=0.477 < umbral -> SIN SEÑAL
PYPL | dd=82.9% | prob=0.419 < umbral -> SIN SEÑAL
PNR | dd=53.1% | prob=0.505 < umbral -> SIN SEÑAL
PFE | dd=40.3% | prob=0.257 < umbral -> SIN SEÑAL
PCG | dd=82.4% | prob=0.587 < umbral -> SIN SEÑAL
PPG | dd=36.7% | prob=0.412 < umbral -> SIN SEÑAL
PTC | dd=36.1% | prob=0.532 < umbral -> SIN SEÑAL
RDDT | dd=49.7% | prob=0.683 < umbral -> SIN SEÑAL
REGN | dd=36.9% | prob=0.419 < umbral -> SIN SEÑAL
ROL | dd=54.2% | prob=0.555 < umbral -> SIN SEÑAL
ROP | dd=40.6% | prob=0.419 < umbral -> SIN SEÑAL
CRM | dd=37.0% | prob=0.555 < umbral -> SIN SEÑAL
SBAC | dd=55.9% | prob=0.477 < umbral -> SIN SEÑAL
SLB | dd=43.0% | prob=0.532 < umbral -> SIN SEÑAL
NOW | dd=44.1% | prob=0.608 < umbral -> SIN SEÑAL
SWKS | dd=51.5% | prob=0.638 < umbral -> SIN SEÑAL
LUV | dd=30.7% | prob=0.532 < umbral -> SIN SEÑAL
SWK | dd=52.7% | prob=0.477 < umbral -> SIN SEÑAL
SYK | dd=31.3% | prob=0.474 < umbral -> SIN SEÑAL
SMCI | dd=66.6% | prob=0.651 < umbral -> SIN SEÑAL
SNPS | dd=33.3% | prob=0.566 < umbral -> SIN SEÑAL
TMUS | dd=39.7% | prob=0.438 < umbral -> SIN SEÑAL
TROW | dd=42.3% | prob=0.386 < umbral -> SIN SEÑAL
TPR | dd=30.2% | prob=0.474 < umbral -> SIN SEÑAL
TGT | dd=32.4% | prob=0.412 < umbral -> SIN SEÑAL
TPL | dd=44.2% | prob=0.587 < umbral -> SIN SEÑAL
TSCO | dd=50.1% | prob=0.477 < umbral -> SIN SEÑAL
TRMB | dd=40.8% | prob=0.419 < umbral -> SIN SEÑAL
TYL | dd=51.8% | prob=0.566 < umbral -> SIN SEÑAL
TSN | dd=42.0% | prob=0.412 < umbral -> SIN SEÑAL
UBER | dd=32.8% | prob=0.438 < umbral -> SIN SEÑAL
UDR | dd=33.8% | prob=0.313 < umbral -> SIN SEÑAL
UPS | dd=50.4% | prob=0.412 < umbral -> SIN SEÑAL
UNH | dd=39.3% | prob=0.419 < umbral -> SIN SEÑAL
VRSK | dd=47.5% | prob=0.532 < umbral -> SIN SEÑAL
VRT | dd=36.5% | prob=0.651 < umbral -> SIN SEÑAL
VTRS | dd=71.3% | prob=0.419 < umbral -> SIN SEÑAL
VST | dd=36.8% | prob=0.532 < umbral -> SIN SEÑAL
DIS | dd=46.7% | prob=0.257 < umbral -> SIN SEÑAL
WBD | dd=60.4% | prob=0.250 < umbral -> SIN SEÑAL
WDC | dd=43.2% | prob=0.723 < umbral -> SIN SEÑAL
WY | dd=48.6% | prob=0.438 < umbral -> SIN SEÑAL
WDAY | dd=38.8% | prob=0.555 < umbral -> SIN SEÑAL
WYNN | dd=61.7% | prob=0.532 < umbral -> SIN SEÑAL
XYL | dd=33.7% | prob=0.419 < umbral -> SIN SEÑAL
ZBRA | dd=39.3% | prob=0.419 < umbral -> SIN SEÑAL
ZBH | dd=46.9% | prob=0.419 < umbral -> SIN SEÑAL
ZTS | dd=70.4% | prob=0.459 < umbral -> SIN SEÑAL
FICO | dd=75.3% | prob=0.886 | ENTRADA DESCARTADA: ya hay posición abierta en Cartera A y Cartera B.
MRNA | dd=61.3% | prob=0.802 | ENTRADA DESCARTADA: ya hay posición abierta en Cartera A y Cartera B.
COHR | dd=34.6% | prob=0.797 | ENTRADA SOLO EN CARTERA B: ya hay posición abierta en Cartera A.
DECIDIDAS PARA ENTRAR HOY (1): ['COHR']
