
===== escaneo preapertura 2026-09-09 08:45:58 ET =====
RESUMEN: universo=503 drawdown>=30%=159 con_senal=6
AOS | dd=33.4% | prob=0.419 < umbral -> SIN SEÑAL
ACN | dd=53.7% | prob=0.587 < umbral -> SIN SEÑAL
ADBE | dd=63.2% | prob=0.608 < umbral -> SIN SEÑAL
AES | dd=67.3% | prob=0.000 < umbral -> SIN SEÑAL
AKAM | dd=69.4% | prob=0.638 < umbral -> SIN SEÑAL
ALB | dd=59.2% | prob=0.638 < umbral -> SIN SEÑAL
ARE | dd=72.1% | prob=0.555 < umbral -> SIN SEÑAL
ALGN | dd=79.2% | prob=0.555 < umbral -> SIN SEÑAL
AIG | dd=93.8% | prob=0.257 < umbral -> SIN SEÑAL
AMT | dd=32.4% | prob=0.419 < umbral -> SIN SEÑAL
APH | dd=54.2% | prob=0.858 | ENTRAR | score_fund=79.4 | sent=0.514 | obj_analista=99.11765
APA | dd=59.0% | prob=0.555 < umbral -> SIN SEÑAL
AMAT | dd=36.1% | prob=0.638 < umbral -> SIN SEÑAL
APP | dd=58.2% | prob=0.651 < umbral -> SIN SEÑAL
APTV | dd=74.7% | prob=0.566 < umbral -> SIN SEÑAL
ADSK | dd=38.4% | prob=0.651 < umbral -> SIN SEÑAL
AZO | dd=32.7% | prob=0.412 < umbral -> SIN SEÑAL
AXON | dd=42.9% | prob=0.683 < umbral -> SIN SEÑAL
BALL | dd=36.3% | prob=0.313 < umbral -> SIN SEÑAL
BAX | dd=70.7% | prob=0.546 < umbral -> SIN SEÑAL
TECH | dd=45.6% | prob=0.000 < umbral -> SIN SEÑAL
BIIB | dd=55.7% | prob=0.438 < umbral -> SIN SEÑAL
XYZ | dd=72.3% | prob=0.532 < umbral -> SIN SEÑAL
BA | dd=51.6% | prob=0.412 < umbral -> SIN SEÑAL
BSX | dd=58.9% | prob=0.587 < umbral -> SIN SEÑAL
BR | dd=36.7% | prob=0.505 < umbral -> SIN SEÑAL
BRO | dd=45.2% | prob=0.419 < umbral -> SIN SEÑAL
BF.B | dd=64.4% | prob=0.505 < umbral -> SIN SEÑAL
BLDR | dd=70.9% | prob=0.638 < umbral -> SIN SEÑAL
BXP | dd=38.6% | prob=0.419 < umbral -> SIN SEÑAL
CDNS | dd=31.8% | prob=0.638 < umbral -> SIN SEÑAL
CPT | dd=31.6% | prob=0.257 < umbral -> SIN SEÑAL
CCL | dd=65.0% | prob=0.532 < umbral -> SIN SEÑAL
CDW | dd=43.2% | prob=0.612 < umbral -> SIN SEÑAL
CNC | dd=34.5% | prob=0.532 < umbral -> SIN SEÑAL
CRL | dd=39.0% | prob=0.474 < umbral -> SIN SEÑAL
CHTR | dd=82.3% | prob=0.651 < umbral -> SIN SEÑAL
CMG | dd=46.6% | prob=0.477 < umbral -> SIN SEÑAL
CIEN | dd=67.7% | prob=0.858 | ENTRAR | score_fund=63.6 | sent=0.365 | obj_analista=504.12775
C | dd=63.9% | prob=0.315 < umbral -> SIN SEÑAL
CLX | dd=54.0% | prob=0.477 < umbral -> SIN SEÑAL
CTSH | dd=32.1% | prob=0.566 < umbral -> SIN SEÑAL
COHR | dd=31.4% | prob=0.858 | ENTRAR | score_fund=53.3 | sent=0.569 | obj_analista=415.36197
COIN | dd=59.8% | prob=0.723 < umbral -> SIN SEÑAL
CMCSA | dd=46.5% | prob=0.391 < umbral -> SIN SEÑAL
STZ | dd=53.3% | prob=0.477 < umbral -> SIN SEÑAL
COO | dd=41.6% | prob=0.315 < umbral -> SIN SEÑAL
CPRT | dd=49.4% | prob=0.555 < umbral -> SIN SEÑAL
GLW | dd=38.9% | prob=0.683 < umbral -> SIN SEÑAL
CSGP | dd=70.0% | prob=0.612 < umbral -> SIN SEÑAL
CRH | dd=30.6% | prob=0.505 < umbral -> SIN SEÑAL
CCI | dd=54.6% | prob=0.477 < umbral -> SIN SEÑAL
DECK | dd=63.1% | prob=0.555 < umbral -> SIN SEÑAL
DVN | dd=39.0% | prob=0.419 < umbral -> SIN SEÑAL
DXCM | dd=48.7% | prob=0.505 < umbral -> SIN SEÑAL
DG | dd=47.4% | prob=0.505 < umbral -> SIN SEÑAL
DPZ | dd=36.9% | prob=0.532 < umbral -> SIN SEÑAL
DOW | dd=47.8% | prob=0.560 < umbral -> SIN SEÑAL
ECHO | dd=36.6% | prob=0.566 < umbral -> SIN SEÑAL
EW | dd=34.2% | prob=0.412 < umbral -> SIN SEÑAL
EFX | dd=43.7% | prob=0.587 < umbral -> SIN SEÑAL
ERIE | dd=54.0% | prob=0.555 < umbral -> SIN SEÑAL
EL | dd=70.8% | prob=0.555 < umbral -> SIN SEÑAL
FDS | dd=40.8% | prob=0.587 < umbral -> SIN SEÑAL
FICO | dd=61.2% | prob=0.723 < umbral -> SIN SEÑAL
FIS | dd=71.3% | prob=0.555 < umbral -> SIN SEÑAL
FSLR | dd=33.6% | prob=0.612 < umbral -> SIN SEÑAL
FISV | dd=78.7% | prob=0.566 < umbral -> SIN SEÑAL
FLEX | dd=31.5% | prob=0.651 < umbral -> SIN SEÑAL
IT | dd=70.4% | prob=0.651 < umbral -> SIN SEÑAL
GNRC | dd=63.7% | prob=0.608 < umbral -> SIN SEÑAL
GIS | dd=52.0% | prob=0.532 < umbral -> SIN SEÑAL
GPN | dd=57.4% | prob=0.419 < umbral -> SIN SEÑAL
GDDY | dd=57.0% | prob=0.608 < umbral -> SIN SEÑAL
HAL | dd=37.9% | prob=0.532 < umbral -> SIN SEÑAL
HSY | dd=31.5% | prob=0.412 < umbral -> SIN SEÑAL
HRL | dd=55.1% | prob=0.419 < umbral -> SIN SEÑAL
HII | dd=37.2% | prob=0.477 < umbral -> SIN SEÑAL
IBM | dd=30.2% | prob=0.477 < umbral -> SIN SEÑAL
IDXX | dd=32.4% | prob=0.532 < umbral -> SIN SEÑAL
PODD | dd=59.9% | prob=0.587 < umbral -> SIN SEÑAL
IFF | dd=37.7% | prob=0.412 < umbral -> SIN SEÑAL
IP | dd=35.5% | prob=0.532 < umbral -> SIN SEÑAL
INTU | dd=60.4% | prob=0.638 < umbral -> SIN SEÑAL
ISRG | dd=43.2% | prob=0.555 < umbral -> SIN SEÑAL
KKR | dd=37.4% | prob=0.532 < umbral -> SIN SEÑAL
KLAC | dd=38.5% | prob=0.638 < umbral -> SIN SEÑAL
KHC | dd=60.2% | prob=0.419 < umbral -> SIN SEÑAL
LHX | dd=32.1% | prob=0.419 < umbral -> SIN SEÑAL
LVS | dd=53.1% | prob=0.419 < umbral -> SIN SEÑAL
LDOS | dd=36.7% | prob=0.555 < umbral -> SIN SEÑAL
LEN | dd=55.6% | prob=0.532 < umbral -> SIN SEÑAL
LII | dd=43.5% | prob=0.532 < umbral -> SIN SEÑAL
LOW | dd=31.2% | prob=0.419 < umbral -> SIN SEÑAL
LULU | dd=80.0% | prob=0.718 < umbral -> SIN SEÑAL
MRVL | dd=31.7% | prob=0.798 | ENTRAR | score_fund=69.0 | sent=0.175 | obj_analista=284.99802
MKC | dd=46.3% | prob=0.419 < umbral -> SIN SEÑAL
MGM | dd=57.1% | prob=0.412 < umbral -> SIN SEÑAL
MCHP | dd=30.4% | prob=0.587 < umbral -> SIN SEÑAL
MAA | dd=33.7% | prob=0.257 < umbral -> SIN SEÑAL
MRNA | dd=71.8% | prob=0.798 | ENTRAR (EXCEPCIONAL: entra pese a deterioro) | score_fund=16.3 | sent=0.0 | obj_analista=116.5
TAP | dd=55.3% | prob=0.477 < umbral -> SIN SEÑAL
MNST | dd=57.0% | prob=0.798 | ENTRAR | score_fund=82.9 | sent=0.48 | obj_analista=50.23913
MOS | dd=77.4% | prob=0.566 < umbral -> SIN SEÑAL
NFLX | dd=42.8% | prob=0.532 < umbral -> SIN SEÑAL
NKE | dd=76.9% | prob=0.477 < umbral -> SIN SEÑAL
NOC | dd=32.7% | prob=0.419 < umbral -> SIN SEÑAL
NCLH | dd=76.1% | prob=0.566 < umbral -> SIN SEÑAL
NRG | dd=36.8% | prob=0.558 < umbral -> SIN SEÑAL
NVR | dd=38.6% | prob=0.412 < umbral -> SIN SEÑAL
NXPI | dd=33.9% | prob=0.555 < umbral -> SIN SEÑAL
ON | dd=47.3% | prob=0.651 < umbral -> SIN SEÑAL
ORCL | dd=52.5% | prob=0.651 < umbral -> SIN SEÑAL
OTIS | dd=32.8% | prob=0.257 < umbral -> SIN SEÑAL
PSKY | dd=88.0% | prob=0.587 < umbral -> SIN SEÑAL
PYPL | dd=82.7% | prob=0.474 < umbral -> SIN SEÑAL
PNR | dd=48.2% | prob=0.532 < umbral -> SIN SEÑAL
PFE | dd=41.8% | prob=0.412 < umbral -> SIN SEÑAL
PCG | dd=78.8% | prob=0.638 < umbral -> SIN SEÑAL
PPG | dd=33.5% | prob=0.419 < umbral -> SIN SEÑAL
PTC | dd=39.3% | prob=0.587 < umbral -> SIN SEÑAL
QCOM | dd=32.8% | prob=0.608 < umbral -> SIN SEÑAL
RDDT | dd=47.2% | prob=0.718 < umbral -> SIN SEÑAL
REGN | dd=32.5% | prob=0.315 < umbral -> SIN SEÑAL
RVTY | dd=36.7% | prob=0.438 < umbral -> SIN SEÑAL
ROL | dd=46.8% | prob=0.474 < umbral -> SIN SEÑAL
ROP | dd=32.7% | prob=0.438 < umbral -> SIN SEÑAL
CRM | dd=31.6% | prob=0.587 < umbral -> SIN SEÑAL
SBAC | dd=48.0% | prob=0.474 < umbral -> SIN SEÑAL
SLB | dd=33.2% | prob=0.558 < umbral -> SIN SEÑAL
NOW | dd=44.0% | prob=0.651 < umbral -> SIN SEÑAL
SWKS | dd=57.2% | prob=0.587 < umbral -> SIN SEÑAL
LUV | dd=35.6% | prob=0.477 < umbral -> SIN SEÑAL
SWK | dd=49.9% | prob=0.474 < umbral -> SIN SEÑAL
SYK | dd=31.0% | prob=0.566 < umbral -> SIN SEÑAL
SMCI | dd=67.2% | prob=0.703 < umbral -> SIN SEÑAL
SNPS | dd=39.8% | prob=0.612 < umbral -> SIN SEÑAL
TMUS | dd=32.8% | prob=0.419 < umbral -> SIN SEÑAL
TROW | dd=39.4% | prob=0.315 < umbral -> SIN SEÑAL
TPL | dd=34.6% | prob=0.555 < umbral -> SIN SEÑAL
TTD | dd=90.1% | prob=0.660 < umbral -> SIN SEÑAL
TSCO | dd=43.7% | prob=0.438 < umbral -> SIN SEÑAL
TRMB | dd=39.1% | prob=0.477 < umbral -> SIN SEÑAL
TYL | dd=47.4% | prob=0.587 < umbral -> SIN SEÑAL
TSN | dd=40.0% | prob=0.438 < umbral -> SIN SEÑAL
UPS | dd=46.7% | prob=0.381 < umbral -> SIN SEÑAL
UNH | dd=33.7% | prob=0.386 < umbral -> SIN SEÑAL
VRSK | dd=45.1% | prob=0.566 < umbral -> SIN SEÑAL
VTRS | dd=73.1% | prob=0.419 < umbral -> SIN SEÑAL
VST | dd=30.7% | prob=0.532 < umbral -> SIN SEÑAL
DIS | dd=46.6% | prob=0.315 < umbral -> SIN SEÑAL
WBD | dd=64.0% | prob=0.250 < umbral -> SIN SEÑAL
WDC | dd=40.3% | prob=0.723 < umbral -> SIN SEÑAL
WY | dd=38.7% | prob=0.412 < umbral -> SIN SEÑAL
WDAY | dd=40.2% | prob=0.638 < umbral -> SIN SEÑAL
WYNN | dd=55.5% | prob=0.459 < umbral -> SIN SEÑAL
ZBRA | dd=42.7% | prob=0.438 < umbral -> SIN SEÑAL
ZBH | dd=43.7% | prob=0.477 < umbral -> SIN SEÑAL
ZTS | dd=68.8% | prob=0.555 < umbral -> SIN SEÑAL
APH | dd=54.2% | prob=0.858 | ENTRADA DESCARTADA: ya hay posición abierta en Cartera A y Cartera B.
CIEN | dd=67.7% | prob=0.858 | ENTRADA DESCARTADA: ya hay posición abierta en Cartera A y Cartera B.
COHR | dd=31.4% | prob=0.858 | ENTRADA SOLO EN CARTERA A: ya hay posición abierta en Cartera B.
MRVL | dd=31.7% | prob=0.797 | ENTRADA DESCARTADA: ya hay posición abierta en Cartera A y Cartera B.
MRNA | dd=71.8% | prob=0.797 | ENTRADA SOLO EN CARTERA A: ya hay posición abierta en Cartera B.
DECIDIDAS PARA ENTRAR HOY (3): ['COHR', 'MRNA', 'MNST']

===== escaneo postcierre 2026-09-09 18:00:49 ET =====
POST-CIERRE 2026-09-09
entradas ejecutadas: ['COHR', 'MRNA', 'MNST']
cambios de objetivo: 5
cierres: [('INTC', 'A', 'tiempo', 0.2236), ('WDC', 'B', 'tiempo', 0.0712), ('INTC', 'B', 'tiempo', 0.2236)]
